Archive member included to satisfy reference by file (symbol)

C:/Program Files/Microchip/xc32/v5.00/bin/bin/../../lib/gcc/pic32c/13.2.1/../../../../pic32c/lib/thumb/v7e-m+dp/hard\libpic32c.a(data_init.o)
                              build/default/production/_ext/1171490990/startup_xc32.o (__pic32c_data_initialization)
C:/Program Files/Microchip/xc32/v5.00/bin/bin/../../lib/gcc/pic32c/13.2.1/../../../../pic32c/lib/thumb/v7e-m+dp/hard\libc-size-musl.a(memcpy.o)
                              build/default/production/_ext/60167248/plib_efc.o (memcpy)
C:/Program Files/Microchip/xc32/v5.00/bin/bin/../../lib/gcc/pic32c/13.2.1/../../../../pic32c/lib/thumb/v7e-m+dp/hard\libc-size-musl.a(memset.o)
                              build/default/production/_ext/216470852/uart_irq.o (memset)
C:/Program Files/Microchip/xc32/v5.00/bin/bin/../../lib/gcc/pic32c/13.2.1/../../../../pic32c/lib/thumb/v7e-m+dp/hard\libc-size-musl.a(strlen.o)
                              build/default/production/_ext/216470852/uart_irq.o (strlen)
C:/Program Files/Microchip/xc32/v5.00/bin/bin/../../lib/gcc/pic32c/13.2.1/../../../../pic32c/lib/thumb/v7e-m+dp/hard\libc-size-musl.a(strncpy.o)
                              build/default/production/_ext/1260377903/ring_buffer.o (strncpy)
C:/Program Files/Microchip/xc32/v5.00/bin/bin/../../lib/gcc/pic32c/13.2.1/../../../../pic32c/lib/thumb/v7e-m+dp/hard\libc-size-musl.a(stpncpy.o)
                              C:/Program Files/Microchip/xc32/v5.00/bin/bin/../../lib/gcc/pic32c/13.2.1/../../../../pic32c/lib/thumb/v7e-m+dp/hard\libc-size-musl.a(strncpy.o) (__stpncpy)
C:/Program Files/Microchip/xc32/v5.00/bin/bin/../../lib/gcc/pic32c/13.2.1/../../../../pic32c/lib/thumb/v7e-m+dp/hard\libc-musl.a(__libc_start_main.o)
                              build/default/production/_ext/1171490990/startup_xc32.o (__libc_init_array)
C:/Program Files/Microchip/xc32/v5.00/bin/bin/../../lib/gcc/pic32c/13.2.1/../../../../pic32c/lib/thumb/v7e-m+dp/hard\libc-musl.a(libc.o)
                              C:/Program Files/Microchip/xc32/v5.00/bin/bin/../../lib/gcc/pic32c/13.2.1/../../../../pic32c/lib/thumb/v7e-m+dp/hard\libc-musl.a(__libc_start_main.o) (__progname_full)
C:/Program Files/Microchip/xc32/v5.00/bin/bin/../../lib/gcc/pic32c/13.2.1/../../../../pic32c/lib/thumb/v7e-m+dp/hard\libc-musl.a(__sio_sprintf_dn.o)
                              (_sprintf_dn)
C:/Program Files/Microchip/xc32/v5.00/bin/bin/../../lib/gcc/pic32c/13.2.1/../../../../pic32c/lib/thumb/v7e-m+dp/hard\libc-musl.a(__fmt_d.o)
                              C:/Program Files/Microchip/xc32/v5.00/bin/bin/../../lib/gcc/pic32c/13.2.1/../../../../pic32c/lib/thumb/v7e-m+dp/hard\libc-musl.a(__sio_sprintf_dn.o) (__fmt_d_needed)
C:/Program Files/Microchip/xc32/v5.00/bin/bin/../../lib/gcc/pic32c/13.2.1/../../../../pic32c/lib/thumb/v7e-m+dp/hard\libc-musl.a(__pop_int.o)
                              C:/Program Files/Microchip/xc32/v5.00/bin/bin/../../lib/gcc/pic32c/13.2.1/../../../../pic32c/lib/thumb/v7e-m+dp/hard\libc-musl.a(__sio_sprintf_dn.o) (__pop_int_needed)
C:/Program Files/Microchip/xc32/v5.00/bin/bin/../../lib/gcc/pic32c/13.2.1/../../../../pic32c/lib/thumb/v7e-m+dp/hard\libc-musl.a(__pop_ptr.o)
                              C:/Program Files/Microchip/xc32/v5.00/bin/bin/../../lib/gcc/pic32c/13.2.1/../../../../pic32c/lib/thumb/v7e-m+dp/hard\libc-musl.a(__sio_sprintf_dn.o) (__pop_ptr_needed)
C:/Program Files/Microchip/xc32/v5.00/bin/bin/../../lib/gcc/pic32c/13.2.1/../../../../pic32c/lib/thumb/v7e-m+dp/hard\libc-musl.a(__printf_core.o)
                              C:/Program Files/Microchip/xc32/v5.00/bin/bin/../../lib/gcc/pic32c/13.2.1/../../../../pic32c/lib/thumb/v7e-m+dp/hard\libc-musl.a(__fmt_d.o) (__pad)
C:/Program Files/Microchip/xc32/v5.00/bin/bin/../../lib/gcc/pic32c/13.2.1/../../../../pic32c/lib/thumb/v7e-m+dp/hard\libc-musl.a(atoi.o)
                              C:/Program Files/Microchip/xc32/v5.00/bin/bin/../../lib/gcc/pic32c/13.2.1/../../../../pic32c/lib/thumb/v7e-m+dp/hard\libc-musl.a(__printf_core.o) (atoi)
C:/Program Files/Microchip/xc32/v5.00/bin/bin/../../lib/gcc/pic32c/13.2.1/../../../../pic32c/lib/thumb/v7e-m+dp/hard\libc-musl.a(tolower.o)
                              C:/Program Files/Microchip/xc32/v5.00/bin/bin/../../lib/gcc/pic32c/13.2.1/../../../../pic32c/lib/thumb/v7e-m+dp/hard\libc-musl.a(__printf_core.o) (tolower)
C:/Program Files/Microchip/xc32/v5.00/bin/bin/../../lib/gcc/pic32c/13.2.1/../../../../pic32c/lib/thumb/v7e-m+dp/hard\libc-musl.a(__environ.o)
                              C:/Program Files/Microchip/xc32/v5.00/bin/bin/../../lib/gcc/pic32c/13.2.1/../../../../pic32c/lib/thumb/v7e-m+dp/hard\libc-musl.a(__libc_start_main.o) (__environ)
C:/Program Files/Microchip/xc32/v5.00/bin/bin/../../lib/gcc/pic32c/13.2.1/../../../../pic32c/lib/thumb/v7e-m+dp/hard\libc-musl.a(__errno_location.o)
[...]
Memory Configuration

Name             Origin             Length             Attributes
rom              0x00400000         0x0000bf00         xrl
ApplicationFooter 0x0040bf00         0x00000100         xr
JumpSignature    0x20400000         0x00000020         xrw
ram              0x20400020         0x0005ffe0         xrw
itcm             0x00000000         0x00000000         xw
dtcm             0x20000000         0x00000000         xw!r
*default*        0x00000000         0xffffffff

Linker script and memory map

LOAD C:/Program Files/Microchip/xc32/v5.00/bin/bin/../../lib/gcc/pic32c/13.2.1/thumb/v7e-m+dp/hard/crti.o
LOAD C:/Program Files/Microchip/xc32/v5.00/bin/bin/../../lib/gcc/pic32c/13.2.1/thumb/v7e-m+dp/hard/crtbegin.o
LOAD build/default/production/_ext/60165520/plib_clk.o
LOAD build/default/production/_ext/60167248/plib_efc.o
LOAD build/default/production/_ext/1865468468/plib_nvic.o
LOAD build/default/production/_ext/60177924/plib_pio.o
LOAD build/default/production/_ext/1865657120/plib_uart3.o
LOAD build/default/production/_ext/1865657120/plib_uart0.o
LOAD build/default/production/_ext/163028504/xc32_monitor.o
LOAD build/default/production/_ext/1171490990/initialization.o
LOAD build/default/production/_ext/1171490990/interrupts.o
LOAD build/default/production/_ext/1171490990/exceptions.o
LOAD build/default/production/_ext/1171490990/startup_xc32.o
LOAD build/default/production/_ext/1171490990/libc_syscalls.o
LOAD build/default/production/_ext/216470852/uart_dma.o
LOAD build/default/production/_ext/216470852/uart_irq.o
LOAD build/default/production/_ext/1225992677/prnf.o
LOAD build/default/production/_ext/1260377903/ring_buffer.o
LOAD build/default/production/_ext/1360937237/AppAES_ICM.o
LOAD build/default/production/_ext/1360937237/AppFlash.o
LOAD build/default/production/_ext/1360937237/AppUART.o
LOAD build/default/production/_ext/1360937237/main.o
                0x00000001                        __MPLAB_BUILD = 0x1
                0x0040bf00                        __rom_end = (ORIGIN (rom) + LENGTH (rom))
                0x20460000                        __ram_end = (ORIGIN (ram) + LENGTH (ram))

.ApplicationFooter
                0x0040bf00      0x100
 *(.ApplicationFooterData .ApplicationFooterData.*)
 .ApplicationFooterData
                0x0040bf00      0x100 build/default/production/_ext/1360937237/main.o
                0x0040bf00                sBootLoaderFooter

.vectors        0x00400000      0x168
                0x00400000                        . = ALIGN (0x4)
                0x00400000                        _sfixed = .
 *(.vectors .vectors.* .vectors_default .vectors_default.*)
 .vectors       0x00400000      0x168 build/default/production/_ext/1171490990/interrupts.o
                0x00400000                exception_table
 *(.isr_vector)
 *(.reset*)
 *(.after_vectors)

.text           0x00400168       0x20
                0x00400168                        . = ALIGN (0x4)
 *(.glue_7t)
 .glue_7t       0x00400168        0x0 linker stubs
 *(.glue_7)
 .glue_7        0x00400168        0x0 linker stubs
 *(.gnu.linkonce.r.*)
 *(.ARM.extab* .gnu.linkonce.armextab.*)
                0x00400168                        . = ALIGN (0x4)
 *(.init)
 .init          0x00400168        0x4 C:/Program Files/Microchip/xc32/v5.00/bin/bin/../../lib/gcc/pic32c/13.2.1/thumb/v7e-m+dp/hard/crti.o
                0x00400168                _init
 .init          0x0040016c        0x8 C:/Program Files/Microchip/xc32/v5.00/bin/bin/../../lib/gcc/pic32c/13.2.1/thumb/v7e-m+dp/hard/crtn.o
                0x00400174                        . = ALIGN (0x4)
                0x00400174                        __preinit_array_start = .
 *(.preinit_array)
                0x00400174                        __preinit_array_end = .
                0x00400174                        . = ALIGN (0x4)
                0x00400174                        __init_array_start = .
 *(SORT_BY_NAME(.init_array.*))
 *(.init_array)
 .init_array    0x00400174        0x4 C:/Program Files/Microchip/xc32/v5.00/bin/bin/../../lib/gcc/pic32c/13.2.1/thumb/v7e-m+dp/hard/crtbegin.o
                0x00400178                        __init_array_end = .
                0x00400178                        . = ALIGN (0x4)
 *crtbegin.o(.ctors)
 *(EXCLUDE_FILE(*crtend.o) .ctors)
 *(SORT_BY_NAME(.ctors.*))
 *crtend.o(.ctors)
                0x00400178                        . = ALIGN (0x4)
 *(.fini)
 .fini          0x00400178        0x4 C:/Program Files/Microchip/xc32/v5.00/bin/bin/../../lib/gcc/pic32c/13.2.1/thumb/v7e-m+dp/hard/crti.o
                0x00400178                _fini
 .fini          0x0040017c        0x8 C:/Program Files/Microchip/xc32/v5.00/bin/bin/../../lib/gcc/pic32c/13.2.1/thumb/v7e-m+dp/hard/crtn.o
                0x00400184                        . = ALIGN (0x4)
                0x00400184                        __fini_array_start = .
 *(.fini_array)
 .fini_array    0x00400184        0x4 C:/Program Files/Microchip/xc32/v5.00/bin/bin/../../lib/gcc/pic32c/13.2.1/thumb/v7e-m+dp/hard/crtbegin.o
 *(SORT_BY_NAME(.fini_array.*))
                0x00400188                        __fini_array_end = .
 *crtbegin.o(.dtors)
 *(EXCLUDE_FILE(*crtend.o) .dtors)
 *(SORT_BY_NAME(.dtors.*))
 *crtend.o(.dtors)
                0x00400188                        . = ALIGN (0x4)
                0x00400188                        _efixed = .
                [!provide]                        PROVIDE (__exidx_start = .)

.ARM.exidx      0x00400188        0x8
 *(.ARM.exidx* .gnu.linkonce.armexidx.*)
 .ARM.exidx     0x00400188        0x8 C:/Program Files/Microchip/xc32/v5.00/bin/bin/../../lib/gcc/pic32c/13.2.1/thumb/v7e-m+dp/hard\libgcc.a(_udivmoddi4.o)
                [!provide]                        PROVIDE (__exidx_end = .)
                0x00400190                        . = ALIGN (0x4)
                0x00400190                        _etext = .

.JumpSignature
 *(.JumpSignatureData)

.bss            0x20400020        0x0
                0x20400020                        . = ALIGN (0x4)
                0x20400020                        __bss_start__ = .
                0x20400020                        _sbss = .
                0x20400020                        _szero = .
 *(COMMON)
                0x20400020                        . = ALIGN (0x4)
                0x20400020                        __bss_end__ = .
                0x20400020                        _ebss = .
                0x20400020                        _ezero = .
                0x20400020                        . = ALIGN (0x4)
                0x20400020                        _end = .
                0x2045ffff                        _ram_end_ = ((ORIGIN (ram) + LENGTH (ram)) - 0x1)
                0x00000200                        _min_heap_size = 0x200
START GROUP
LOAD C:/Program Files/Microchip/xc32/v5.00/bin/bin/../../lib/gcc/pic32c/13.2.1/../../../../pic32c/lib/thumb/v7e-m+dp/hard\libpic32c.a
LOAD C:/Program Files/Microchip/xc32/v5.00/bin/bin/../../lib/gcc/pic32c/13.2.1/../../../../pic32c/lib/thumb/v7e-m+dp/hard\libc-size-musl.a
LOAD C:/Program Files/Microchip/xc32/v5.00/bin/bin/../../lib/gcc/pic32c/13.2.1/../../../../pic32c/lib/thumb/v7e-m+dp/hard\liblmalloc-musl.a
LOAD C:/Program Files/Microchip/xc32/v5.00/bin/bin/../../lib/gcc/pic32c/13.2.1/../../../../pic32c/lib/thumb/v7e-m+dp/hard\libc-musl.a
LOAD C:/Program Files/Microchip/xc32/v5.00/bin/bin/../../lib/gcc/pic32c/13.2.1/../../../../pic32c/lib/thumb/v7e-m+dp/hard\libm-fast-emfloat.a
LOAD C:/Program Files/Microchip/xc32/v5.00/bin/bin/../../lib/gcc/pic32c/13.2.1/../../../../pic32c/lib/thumb/v7e-m+dp/hard\libm-musl.a
END GROUP
LOAD C:/Program Files/Microchip/xc32/v5.00/bin/bin/../../lib/gcc/pic32c/13.2.1/thumb/v7e-m+dp/hard\libgcc.a
LOAD C:/Program Files/Microchip/xc32/v5.00/bin/bin/../../lib/gcc/pic32c/13.2.1/thumb/v7e-m+dp/hard/crtend.o
LOAD C:/Program Files/Microchip/xc32/v5.00/bin/bin/../../lib/gcc/pic32c/13.2.1/thumb/v7e-m+dp/hard/crtn.o
OUTPUT(dist/default/production/Bootloader.X.production.elf elf32-littlearm)
LOAD linker stubs
LOAD data_init

.note           0x00000000      0x510
 .note          0x00000000       0x18 C:/Program Files/Microchip/xc32/v5.00/bin/bin/../../lib/gcc/pic32c/13.2.1/thumb/v7e-m+dp/hard/crti.o
 .note          0x00000018       0x18 C:/Program Files/Microchip/xc32/v5.00/bin/bin/../../lib/gcc/pic32c/13.2.1/thumb/v7e-m+dp/hard/crtbegin.o
 .note          0x00000030       0x18 build/default/production/_ext/60165520/plib_clk.o
 .note          0x00000048       0x18 build/default/production/_ext/60167248/plib_efc.o
 .note          0x00000060       0x18 build/default/production/_ext/1865468468/plib_nvic.o
 .note          0x00000078       0x18 build/default/production/_ext/60177924/plib_pio.o
 .note          0x00000090       0x18 build/default/production/_ext/1865657120/plib_uart3.o
 .note          0x000000a8       0x18 build/default/production/_ext/1865657120/plib_uart0.o
 .note          0x000000c0       0x18 build/default/production/_ext/163028504/xc32_monitor.o
 .note          0x000000d8       0x48 build/default/production/_ext/1171490990/initialization.o
 .note          0x00000120       0x18 build/default/production/_ext/1171490990/interrupts.o
 .note          0x00000138       0x18 build/default/production/_ext/1171490990/exceptions.o
 .note          0x00000150       0x18 build/default/production/_ext/1171490990/startup_xc32.o
 .note          0x00000168       0x18 build/default/production/_ext/1171490990/libc_syscalls.o
 .note          0x00000180       0x18 build/default/production/_ext/216470852/uart_dma.o
 .note          0x00000198       0x18 build/default/production/_ext/216470852/uart_irq.o
 .note          0x000001b0       0x18 build/default/production/_ext/1225992677/prnf.o
 .note          0x000001c8       0x18 build/default/production/_ext/1260377903/ring_buffer.o
 .note          0x000001e0       0x18 build/default/production/_ext/1360937237/AppAES_ICM.o
 .note          0x000001f8       0x18 build/default/production/_ext/1360937237/AppFlash.o
 .note          0x00000210       0x18 build/default/production/_ext/1360937237/AppUART.o
 .note          0x00000228       0x18 build/default/production/_ext/1360937237/main.o
 .note          0x00000240       0x18 C:/Program Files/Microchip/xc32/v5.00/bin/bin/../../lib/gcc/pic32c/13.2.1/../../../../pic32c/lib/thumb/v7e-m+dp/hard\libpic32c.a(data_init.o)
 .note          0x00000258       0x18 C:/Program Files/Microchip/xc32/v5.00/bin/bin/../../lib/gcc/pic32c/13.2.1/../../../../pic32c/lib/thumb/v7e-m+dp/hard\libc-size-musl.a(memcpy.o)
 .note          0x00000270       0x18 C:/Program Files/Microchip/xc32/v5.00/bin/bin/../../lib/gcc/pic32c/13.2.1/../../../../pic32c/lib/thumb/v7e-m+dp/hard\libc-size-musl.a(memset.o)
 .note          0x00000288       0x18 C:/Program Files/Microchip/xc32/v5.00/bin/bin/../../lib/gcc/pic32c/13.2.1/../../../../pic32c/lib/thumb/v7e-m+dp/hard\libc-size-musl.a(strlen.o)
 .note          0x000002a0       0x18 C:/Program Files/Microchip/xc32/v5.00/bin/bin/../../lib/gcc/pic32c/13.2.1/../../../../pic32c/lib/thumb/v7e-m+dp/hard\libc-size-musl.a(strncpy.o)
 .note          0x000002b8       0x18 C:/Program Files/Microchip/xc32/v5.00/bin/bin/../../lib/gcc/pic32c/13.2.1/../../../../pic32c/lib/thumb/v7e-m+dp/hard\libc-size-musl.a(stpncpy.o)
 .note          0x000002d0       0x18 C:/Program Files/Microchip/xc32/v5.00/bin/bin/../../lib/gcc/pic32c/13.2.1/../../../../pic32c/lib/thumb/v7e-m+dp/hard\libc-musl.a(__libc_start_main.o)
 .note          0x000002e8       0x18 C:/Program Files/Microchip/xc32/v5.00/bin/bin/../../lib/gcc/pic32c/13.2.1/../../../../pic32c/lib/thumb/v7e-m+dp/hard\libc-musl.a(libc.o)
 .note          0x00000300       0x18 C:/Program Files/Microchip/xc32/v5.00/bin/bin/../../lib/gcc/pic32c/13.2.1/../../../../pic32c/lib/thumb/v7e-m+dp/hard\libc-musl.a(__sio_sprintf_dn.o)
 .note          0x00000318       0x18 C:/Program Files/Microchip/xc32/v5.00/bin/bin/../../lib/gcc/pic32c/13.2.1/../../../../pic32c/lib/thumb/v7e-m+dp/hard\libc-musl.a(__fmt_d.o)
 .note          0x00000330       0x18 C:/Program Files/Microchip/xc32/v5.00/bin/bin/../../lib/gcc/pic32c/13.2.1/../../../../pic32c/lib/thumb/v7e-m+dp/hard\libc-musl.a(__pop_int.o)
 .note          0x00000348       0x18 C:/Program Files/Microchip/xc32/v5.00/bin/bin/../../lib/gcc/pic32c/13.2.1/../../../../pic32c/lib/thumb/v7e-m+dp/hard\libc-musl.a(__pop_ptr.o)
 .note          0x00000360       0x18 C:/Program Files/Microchip/xc32/v5.00/bin/bin/../../lib/gcc/pic32c/13.2.1/../../../../pic32c/lib/thumb/v7e-m+dp/hard\libc-musl.a(__printf_core.o)
 .note          0x00000378       0x18 C:/Program Files/Microchip/xc32/v5.00/bin/bin/../../lib/gcc/pic32c/13.2.1/../../../../pic32c/lib/thumb/v7e-m+dp/hard\libc-musl.a(atoi.o)
 .note          0x00000390       0x18 C:/Program Files/Microchip/xc32/v5.00/bin/bin/../../lib/gcc/pic32c/13.2.1/../../../../pic32c/lib/thumb/v7e-m+dp/hard\libc-musl.a(tolower.o)
 .note          0x000003a8       0x18 C:/Program Files/Microchip/xc32/v5.00/bin/bin/../../lib/gcc/pic32c/13.2.1/../../../../pic32c/lib/thumb/v7e-m+dp/hard\libc-musl.a(__environ.o)
 .note          0x000003c0       0x18 C:/Program Files/Microchip/xc32/v5.00/bin/bin/../../lib/gcc/pic32c/13.2.1/../../../../pic32c/lib/thumb/v7e-m+dp/hard\libc-musl.a(__errno_location.o)
 .note          0x000003d8       0x18 C:/Program Files/Microchip/xc32/v5.00/bin/bin/../../lib/gcc/pic32c/13.2.1/../../../../pic32c/lib/thumb/v7e-m+dp/hard\libc-musl.a(__int_vsprintf.o)
 .note          0x000003f0       0x18 C:/Program Files/Microchip/xc32/v5.00/bin/bin/../../lib/gcc/pic32c/13.2.1/../../../../pic32c/lib/thumb/v7e-m+dp/hard\libc-musl.a(__cvt_u.o)
 .note          0x00000408       0x18 C:/Program Files/Microchip/xc32/v5.00/bin/bin/../../lib/gcc/pic32c/13.2.1/../../../../pic32c/lib/thumb/v7e-m+dp/hard\libc-musl.a(__pop_float.o)
 .note          0x00000420       0x18 C:/Program Files/Microchip/xc32/v5.00/bin/bin/../../lib/gcc/pic32c/13.2.1/../../../../pic32c/lib/thumb/v7e-m+dp/hard\libc-musl.a(__int_vsnprintf.o)
 .note          0x00000438       0x18 C:/Program Files/Microchip/xc32/v5.00/bin/bin/../../lib/gcc/pic32c/13.2.1/../../../../pic32c/lib/thumb/v7e-m+dp/hard\libc-musl.a(__int_vfprintf.o)
 .note          0x00000450       0x18 C:/Program Files/Microchip/xc32/v5.00/bin/bin/../../lib/gcc/pic32c/13.2.1/thumb/v7e-m+dp/hard\libgcc.a(_aeabi_uldivmod.o)
 .note          0x00000468       0x18 C:/Program Files/Microchip/xc32/v5.00/bin/bin/../../lib/gcc/pic32c/13.2.1/thumb/v7e-m+dp/hard\libgcc.a(_udivmoddi4.o)
 .note          0x00000480       0x18 C:/Program Files/Microchip/xc32/v5.00/bin/bin/../../lib/gcc/pic32c/13.2.1/thumb/v7e-m+dp/hard\libgcc.a(_dvmd_tls.o)
 .note          0x00000498       0x18 C:/Program Files/Microchip/xc32/v5.00/bin/bin/../../lib/gcc/pic32c/13.2.1/thumb/v7e-m+dp/hard/crtend.o
 .note          0x000004b0       0x18 C:/Program Files/Microchip/xc32/v5.00/bin/bin/../../lib/gcc/pic32c/13.2.1/thumb/v7e-m+dp/hard/crtn.o
 .note          0x000004c8       0x18 C:/Program Files/Microchip/xc32/v5.00/bin/bin/../../lib/gcc/pic32c/13.2.1/../../../../pic32c/lib/thumb/v7e-m+dp/hard\libpic32c.a(pic32_data_init_clear.o)
 .note          0x000004e0       0x18 C:/Program Files/Microchip/xc32/v5.00/bin/bin/../../lib/gcc/pic32c/13.2.1/../../../../pic32c/lib/thumb/v7e-m+dp/hard\libpic32c.a(pic32_data_init_copy.o)
 .note          0x000004f8       0x18 C:/Program Files/Microchip/xc32/v5.00/bin/bin/../../lib/gcc/pic32c/13.2.1/../../../../pic32c/lib/thumb/v7e-m+dp/hard\libpic32c.a(pic32_data_init_decompress.o)

.ARM.attributes
                0x00000000       0x32
 .ARM.attributes
                0x00000000       0x20 C:/Program Files/Microchip/xc32/v5.00/bin/bin/../../lib/gcc/pic32c/13.2.1/thumb/v7e-m+dp/hard/crti.o
 .ARM.attributes
                0x00000020       0x32 C:/Program Files/Microchip/xc32/v5.00/bin/bin/../../lib/gcc/pic32c/13.2.1/thumb/v7e-m+dp/hard/crtbegin.o
 .ARM.attributes
                0x00000052       0x32 build/default/production/_ext/60165520/plib_clk.o
 .ARM.attributes
                0x00000084       0x32 build/default/production/_ext/60167248/plib_efc.o
 .ARM.attributes
                0x000000b6       0x32 build/default/production/_ext/1865468468/plib_nvic.o
 .ARM.attributes
                0x000000e8       0x32 build/default/production/_ext/60177924/plib_pio.o
 .ARM.attributes
                0x0000011a       0x32 build/default/production/_ext/1865657120/plib_uart3.o
 .ARM.attributes
                0x0000014c       0x32 build/default/production/_ext/1865657120/plib_uart0.o
 .ARM.attributes
                0x0000017e       0x32 build/default/production/_ext/1171490990/initialization.o
 .ARM.attributes
                0x000001b0       0x32 build/default/production/_ext/1171490990/interrupts.o
 .ARM.attributes
                0x000001e2       0x32 build/default/production/_ext/1171490990/exceptions.o
 .ARM.attributes
                0x00000214       0x32 build/default/production/_ext/1171490990/startup_xc32.o
 .ARM.attributes
                0x00000246       0x32 build/default/production/_ext/1360937237/main.o
 .ARM.attributes
                0x00000278       0x32 C:/Program Files/Microchip/xc32/v5.00/bin/bin/../../lib/gcc/pic32c/13.2.1/../../../../pic32c/lib/thumb/v7e-m+dp/hard\libpic32c.a(data_init.o)
 .ARM.attributes
                0x000002aa       0x34 C:/Program Files/Microchip/xc32/v5.00/bin/bin/../../lib/gcc/pic32c/13.2.1/../../../../pic32c/lib/thumb/v7e-m+dp/hard\libc-size-musl.a(memcpy.o)
 .ARM.attributes
                0x000002de       0x34 C:/Program Files/Microchip/xc32/v5.00/bin/bin/../../lib/gcc/pic32c/13.2.1/../../../../pic32c/lib/thumb/v7e-m+dp/hard\libc-size-musl.a(memset.o)
 .ARM.attributes
                0x00000312       0x34 C:/Program Files/Microchip/xc32/v5.00/bin/bin/../../lib/gcc/pic32c/13.2.1/../../../../pic32c/lib/thumb/v7e-m+dp/hard\libc-size-musl.a(strlen.o)
 .ARM.attributes
                0x00000346       0x34 C:/Program Files/Microchip/xc32/v5.00/bin/bin/../../lib/gcc/pic32c/13.2.1/../../../../pic32c/lib/thumb/v7e-m+dp/hard\libc-musl.a(__libc_start_main.o)
 .ARM.attributes
                0x0000037a       0x34 C:/Program Files/Microchip/xc32/v5.00/bin/bin/../../lib/gcc/pic32c/13.2.1/../../../../pic32c/lib/thumb/v7e-m+dp/hard\libc-musl.a(libc.o)
 .ARM.attributes
                0x000003ae       0x34 C:/Program Files/Microchip/xc32/v5.00/bin/bin/../../lib/gcc/pic32c/13.2.1/../../../../pic32c/lib/thumb/v7e-m+dp/hard\libc-musl.a(__sio_sprintf_dn.o)
 .ARM.attributes
                0x000003e2       0x34 C:/Program Files/Microchip/xc32/v5.00/bin/bin/../../lib/gcc/pic32c/13.2.1/../../../../pic32c/lib/thumb/v7e-m+dp/hard\libc-musl.a(__fmt_d.o)
 .ARM.attributes
                0x00000416       0x34 C:/Program Files/Microchip/xc32/v5.00/bin/bin/../../lib/gcc/pic32c/13.2.1/../../../../pic32c/lib/thumb/v7e-m+dp/hard\libc-musl.a(__pop_int.o)
 .ARM.attributes
                0x0000044a       0x34 C:/Program Files/Microchip/xc32/v5.00/bin/bin/../../lib/gcc/pic32c/13.2.1/../../../../pic32c/lib/thumb/v7e-m+dp/hard\libc-musl.a(__pop_ptr.o)
 .ARM.attributes
                0x0000047e       0x34 C:/Program Files/Microchip/xc32/v5.00/bin/bin/../../lib/gcc/pic32c/13.2.1/../../../../pic32c/lib/thumb/v7e-m+dp/hard\libc-musl.a(__printf_core.o)
 .ARM.attributes
                0x000004b2       0x34 C:/Program Files/Microchip/xc32/v5.00/bin/bin/../../lib/gcc/pic32c/13.2.1/../../../../pic32c/lib/thumb/v7e-m+dp/hard\libc-musl.a(atoi.o)
 .ARM.attributes
                0x000004e6       0x34 C:/Program Files/Microchip/xc32/v5.00/bin/bin/../../lib/gcc/pic32c/13.2.1/../../../../pic32c/lib/thumb/v7e-m+dp/hard\libc-musl.a(tolower.o)
 .ARM.attributes
                0x0000051a       0x34 C:/Program Files/Microchip/xc32/v5.00/bin/bin/../../lib/gcc/pic32c/13.2.1/../../../../pic32c/lib/thumb/v7e-m+dp/hard\libc-musl.a(__environ.o)
 .ARM.attributes
                0x0000054e       0x34 C:/Program Files/Microchip/xc32/v5.00/bin/bin/../../lib/gcc/pic32c/13.2.1/../../../../pic32c/lib/thumb/v7e-m+dp/hard\libc-musl.a(__errno_location.o)
 .ARM.attributes
                0x00000582       0x34 C:/Program Files/Microchip/xc32/v5.00/bin/bin/../../lib/gcc/pic32c/13.2.1/../../../../pic32c/lib/thumb/v7e-m+dp/hard\libc-musl.a(__int_vsprintf.o)
 .ARM.attributes
                0x000005b6       0x34 C:/Program Files/Microchip/xc32/v5.00/bin/bin/../../lib/gcc/pic32c/13.2.1/../../../../pic32c/lib/thumb/v7e-m+dp/hard\libc-musl.a(__cvt_u.o)
 .ARM.attributes
                0x000005ea       0x34 C:/Program Files/Microchip/xc32/v5.00/bin/bin/../../lib/gcc/pic32c/13.2.1/../../../../pic32c/lib/thumb/v7e-m+dp/hard\libc-musl.a(__pop_float.o)
 .ARM.attributes
                0x0000061e       0x34 C:/Program Files/Microchip/xc32/v5.00/bin/bin/../../lib/gcc/pic32c/13.2.1/../../../../pic32c/lib/thumb/v7e-m+dp/hard\libc-musl.a(__int_vsnprintf.o)
 .ARM.attributes
                0x00000652       0x34 C:/Program Files/Microchip/xc32/v5.00/bin/bin/../../lib/gcc/pic32c/13.2.1/../../../../pic32c/lib/thumb/v7e-m+dp/hard\libc-musl.a(__int_vfprintf.o)
 .ARM.attributes
                0x00000686       0x20 C:/Program Files/Microchip/xc32/v5.00/bin/bin/../../lib/gcc/pic32c/13.2.1/thumb/v7e-m+dp/hard\libgcc.a(_aeabi_uldivmod.o)
 .ARM.attributes
                0x000006a6       0x32 C:/Program Files/Microchip/xc32/v5.00/bin/bin/../../lib/gcc/pic32c/13.2.1/thumb/v7e-m+dp/hard\libgcc.a(_udivmoddi4.o)
 .ARM.attributes
                0x000006d8       0x20 C:/Program Files/Microchip/xc32/v5.00/bin/bin/../../lib/gcc/pic32c/13.2.1/thumb/v7e-m+dp/hard\libgcc.a(_dvmd_tls.o)
 .ARM.attributes
                0x000006f8       0x20 C:/Program Files/Microchip/xc32/v5.00/bin/bin/../../lib/gcc/pic32c/13.2.1/thumb/v7e-m+dp/hard/crtn.o
 .ARM.attributes
                0x00000718       0x32 C:/Program Files/Microchip/xc32/v5.00/bin/bin/../../lib/gcc/pic32c/13.2.1/../../../../pic32c/lib/thumb/v7e-m+dp/hard\libpic32c.a(pic32_data_init_clear.o)
 .ARM.attributes
                0x0000074a       0x32 C:/Program Files/Microchip/xc32/v5.00/bin/bin/../../lib/gcc/pic32c/13.2.1/../../../../pic32c/lib/thumb/v7e-m+dp/hard\libpic32c.a(pic32_data_init_copy.o)
 .ARM.attributes
                0x0000077c       0x32 C:/Program Files/Microchip/xc32/v5.00/bin/bin/../../lib/gcc/pic32c/13.2.1/../../../../pic32c/lib/thumb/v7e-m+dp/hard\libpic32c.a(pic32_data_init_decompress.o)

.comment        0x00000000       0x35
 .comment       0x00000000       0x35 C:/Program Files/Microchip/xc32/v5.00/bin/bin/../../lib/gcc/pic32c/13.2.1/thumb/v7e-m+dp/hard/crtbegin.o
                                 0x36 (size before relaxing)
 .comment       0x00000035       0x36 build/default/production/_ext/60165520/plib_clk.o
 .comment       0x00000035       0x36 build/default/production/_ext/60167248/plib_efc.o
 .comment       0x00000035       0x36 build/default/production/_ext/1865468468/plib_nvic.o
 .comment       0x00000035       0x36 build/default/production/_ext/60177924/plib_pio.o
 .comment       0x00000035       0x36 build/default/production/_ext/1865657120/plib_uart3.o
 .comment       0x00000035       0x36 build/default/production/_ext/1865657120/plib_uart0.o
 .comment       0x00000035       0x36 build/default/production/_ext/1171490990/initialization.o
 .comment       0x00000035       0x36 build/default/production/_ext/1171490990/interrupts.o
 .comment       0x00000035       0x36 build/default/production/_ext/1171490990/exceptions.o
 .comment       0x00000035       0x36 build/default/production/_ext/1171490990/startup_xc32.o
 .comment       0x00000035       0x36 build/default/production/_ext/1360937237/main.o
 .comment       0x00000035       0x36 C:/Program Files/Microchip/xc32/v5.00/bin/bin/../../lib/gcc/pic32c/13.2.1/../../../../pic32c/lib/thumb/v7e-m+dp/hard\libpic32c.a(data_init.o)
 .comment       0x00000035       0x36 C:/Program Files/Microchip/xc32/v5.00/bin/bin/../../lib/gcc/pic32c/13.2.1/../../../../pic32c/lib/thumb/v7e-m+dp/hard\libc-size-musl.a(memcpy.o)
 .comment       0x00000035       0x36 C:/Program Files/Microchip/xc32/v5.00/bin/bin/../../lib/gcc/pic32c/13.2.1/../../../../pic32c/lib/thumb/v7e-m+dp/hard\libc-size-musl.a(memset.o)
 .comment       0x00000035       0x36 C:/Program Files/Microchip/xc32/v5.00/bin/bin/../../lib/gcc/pic32c/13.2.1/../../../../pic32c/lib/thumb/v7e-m+dp/hard\libc-size-musl.a(strlen.o)
 .comment       0x00000035       0x36 C:/Program Files/Microchip/xc32/v5.00/bin/bin/../../lib/gcc/pic32c/13.2.1/../../../../pic32c/lib/thumb/v7e-m+dp/hard\libc-musl.a(__libc_start_main.o)
 .comment       0x00000035       0x36 C:/Program Files/Microchip/xc32/v5.00/bin/bin/../../lib/gcc/pic32c/13.2.1/../../../../pic32c/lib/thumb/v7e-m+dp/hard\libc-musl.a(libc.o)
 .comment       0x00000035       0x36 C:/Program Files/Microchip/xc32/v5.00/bin/bin/../../lib/gcc/pic32c/13.2.1/../../../../pic32c/lib/thumb/v7e-m+dp/hard\libc-musl.a(__sio_sprintf_dn.o)
 .comment       0x00000035       0x36 C:/Program Files/Microchip/xc32/v5.00/bin/bin/../../lib/gcc/pic32c/13.2.1/../../../../pic32c/lib/thumb/v7e-m+dp/hard\libc-musl.a(__fmt_d.o)
 .comment       0x00000035       0x36 C:/Program Files/Microchip/xc32/v5.00/bin/bin/../../lib/gcc/pic32c/13.2.1/../../../../pic32c/lib/thumb/v7e-m+dp/hard\libc-musl.a(__pop_int.o)
 .comment       0x00000035       0x36 C:/Program Files/Microchip/xc32/v5.00/bin/bin/../../lib/gcc/pic32c/13.2.1/../../../../pic32c/lib/thumb/v7e-m+dp/hard\libc-musl.a(__pop_ptr.o)
 .comment       0x00000035       0x36 C:/Program Files/Microchip/xc32/v5.00/bin/bin/../../lib/gcc/pic32c/13.2.1/../../../../pic32c/lib/thumb/v7e-m+dp/hard\libc-musl.a(__printf_core.o)
 .comment       0x00000035       0x36 C:/Program Files/Microchip/xc32/v5.00/bin/bin/../../lib/gcc/pic32c/13.2.1/../../../../pic32c/lib/thumb/v7e-m+dp/hard\libc-musl.a(atoi.o)
 .comment       0x00000035       0x36 C:/Program Files/Microchip/xc32/v5.00/bin/bin/../../lib/gcc/pic32c/13.2.1/../../../../pic32c/lib/thumb/v7e-m+dp/hard\libc-musl.a(tolower.o)
 .comment       0x00000035       0x36 C:/Program Files/Microchip/xc32/v5.00/bin/bin/../../lib/gcc/pic32c/13.2.1/../../../../pic32c/lib/thumb/v7e-m+dp/hard\libc-musl.a(__environ.o)
 .comment       0x00000035       0x36 C:/Program Files/Microchip/xc32/v5.00/bin/bin/../../lib/gcc/pic32c/13.2.1/../../../../pic32c/lib/thumb/v7e-m+dp/hard\libc-musl.a(__errno_location.o)
 .comment       0x00000035       0x36 C:/Program Files/Microchip/xc32/v5.00/bin/bin/../../lib/gcc/pic32c/13.2.1/../../../../pic32c/lib/thumb/v7e-m+dp/hard\libc-musl.a(__int_vsprintf.o)
 .comment       0x00000035       0x36 C:/Program Files/Microchip/xc32/v5.00/bin/bin/../../lib/gcc/pic32c/13.2.1/../../../../pic32c/lib/thumb/v7e-m+dp/hard\libc-musl.a(__cvt_u.o)
 .comment       0x00000035       0x36 C:/Program Files/Microchip/xc32/v5.00/bin/bin/../../lib/gcc/pic32c/13.2.1/../../../../pic32c/lib/thumb/v7e-m+dp/hard\libc-musl.a(__pop_float.o)
 .comment       0x00000035       0x36 C:/Program Files/Microchip/xc32/v5.00/bin/bin/../../lib/gcc/pic32c/13.2.1/../../../../pic32c/lib/thumb/v7e-m+dp/hard\libc-musl.a(__int_vsnprintf.o)
 .comment       0x00000035       0x36 C:/Program Files/Microchip/xc32/v5.00/bin/bin/../../lib/gcc/pic32c/13.2.1/../../../../pic32c/lib/thumb/v7e-m+dp/hard\libc-musl.a(__int_vfprintf.o)
 .comment       0x00000035       0x36 C:/Program Files/Microchip/xc32/v5.00/bin/bin/../../lib/gcc/pic32c/13.2.1/thumb/v7e-m+dp/hard\libgcc.a(_udivmoddi4.o)
 .comment       0x00000035       0x36 C:/Program Files/Microchip/xc32/v5.00/bin/bin/../../lib/gcc/pic32c/13.2.1/../../../../pic32c/lib/thumb/v7e-m+dp/hard\libpic32c.a(pic32_data_init_clear.o)
 .comment       0x00000035       0x36 C:/Program Files/Microchip/xc32/v5.00/bin/bin/../../lib/gcc/pic32c/13.2.1/../../../../pic32c/lib/thumb/v7e-m+dp/hard\libpic32c.a(pic32_data_init_copy.o)
 .comment       0x00000035       0x36 C:/Program Files/Microchip/xc32/v5.00/bin/bin/../../lib/gcc/pic32c/13.2.1/../../../../pic32c/lib/thumb/v7e-m+dp/hard\libpic32c.a(pic32_data_init_decompress.o)

.debug_info     0x00000000     0x8db8
 .debug_info    0x00000000      0x483 build/default/production/_ext/60165520/plib_clk.o
 .debug_info    0x00000483      0xcee build/default/production/_ext/60167248/plib_efc.o
 .debug_info    0x00001171      0xcf1 build/default/production/_ext/1865468468/plib_nvic.o
 .debug_info    0x00001e62      0x9e9 build/default/production/_ext/60177924/plib_pio.o
 .debug_info    0x0000284b      0x7ba build/default/production/_ext/1865657120/plib_uart3.o
 .debug_info    0x00003005      0x7ba build/default/production/_ext/1865657120/plib_uart0.o
 .debug_info    0x000037bf      0x1cf build/default/production/_ext/1171490990/initialization.o
 .debug_info    0x0000398e      0x6f6 build/default/production/_ext/1171490990/interrupts.o
 .debug_info    0x00004084      0x116 build/default/production/_ext/1171490990/exceptions.o
 .debug_info    0x0000419a      0x97c build/default/production/_ext/1171490990/startup_xc32.o
 .debug_info    0x00004b16      0xe31 build/default/production/_ext/1360937237/main.o
 .debug_info    0x00005947      0x212 C:/Program Files/Microchip/xc32/v5.00/bin/bin/../../lib/gcc/pic32c/13.2.1/../../../../pic32c/lib/thumb/v7e-m+dp/hard\libpic32c.a(data_init.o)
 .debug_info    0x00005b59       0xff C:/Program Files/Microchip/xc32/v5.00/bin/bin/../../lib/gcc/pic32c/13.2.1/../../../../pic32c/lib/thumb/v7e-m+dp/hard\libc-size-musl.a(memcpy.o)
 .debug_info    0x00005c58       0xc2 C:/Program Files/Microchip/xc32/v5.00/bin/bin/../../lib/gcc/pic32c/13.2.1/../../../../pic32c/lib/thumb/v7e-m+dp/hard\libc-size-musl.a(memset.o)
 .debug_info    0x00005d1a       0xab C:/Program Files/Microchip/xc32/v5.00/bin/bin/../../lib/gcc/pic32c/13.2.1/../../../../pic32c/lib/thumb/v7e-m+dp/hard\libc-size-musl.a(strlen.o)
 .debug_info    0x00005dc5      0x2fb C:/Program Files/Microchip/xc32/v5.00/bin/bin/../../lib/gcc/pic32c/13.2.1/../../../../pic32c/lib/thumb/v7e-m+dp/hard\libc-musl.a(__libc_start_main.o)
 .debug_info    0x000060c0      0x276 C:/Program Files/Microchip/xc32/v5.00/bin/bin/../../lib/gcc/pic32c/13.2.1/../../../../pic32c/lib/thumb/v7e-m+dp/hard\libc-musl.a(libc.o)
 .debug_info    0x00006336      0x1c2 C:/Program Files/Microchip/xc32/v5.00/bin/bin/../../lib/gcc/pic32c/13.2.1/../../../../pic32c/lib/thumb/v7e-m+dp/hard\libc-musl.a(__sio_sprintf_dn.o)
 .debug_info    0x000064f8      0x36e C:/Program Files/Microchip/xc32/v5.00/bin/bin/../../lib/gcc/pic32c/13.2.1/../../../../pic32c/lib/thumb/v7e-m+dp/hard\libc-musl.a(__fmt_d.o)
 .debug_info    0x00006866      0x183 C:/Program Files/Microchip/xc32/v5.00/bin/bin/../../lib/gcc/pic32c/13.2.1/../../../../pic32c/lib/thumb/v7e-m+dp/hard\libc-musl.a(__pop_int.o)
 .debug_info    0x000069e9      0x187 C:/Program Files/Microchip/xc32/v5.00/bin/bin/../../lib/gcc/pic32c/13.2.1/../../../../pic32c/lib/thumb/v7e-m+dp/hard\libc-musl.a(__pop_ptr.o)
 .debug_info    0x00006b70      0xaff C:/Program Files/Microchip/xc32/v5.00/bin/bin/../../lib/gcc/pic32c/13.2.1/../../../../pic32c/lib/thumb/v7e-m+dp/hard\libc-musl.a(__printf_core.o)
 .debug_info    0x0000766f       0xef C:/Program Files/Microchip/xc32/v5.00/bin/bin/../../lib/gcc/pic32c/13.2.1/../../../../pic32c/lib/thumb/v7e-m+dp/hard\libc-musl.a(atoi.o)
 .debug_info    0x0000775e      0x138 C:/Program Files/Microchip/xc32/v5.00/bin/bin/../../lib/gcc/pic32c/13.2.1/../../../../pic32c/lib/thumb/v7e-m+dp/hard\libc-musl.a(tolower.o)
 .debug_info    0x00007896       0x97 C:/Program Files/Microchip/xc32/v5.00/bin/bin/../../lib/gcc/pic32c/13.2.1/../../../../pic32c/lib/thumb/v7e-m+dp/hard\libc-musl.a(__environ.o)
 .debug_info    0x0000792d       0x5b C:/Program Files/Microchip/xc32/v5.00/bin/bin/../../lib/gcc/pic32c/13.2.1/../../../../pic32c/lib/thumb/v7e-m+dp/hard\libc-musl.a(__errno_location.o)
 .debug_info    0x00007988      0x179 C:/Program Files/Microchip/xc32/v5.00/bin/bin/../../lib/gcc/pic32c/13.2.1/../../../../pic32c/lib/thumb/v7e-m+dp/hard\libc-musl.a(__int_vsprintf.o)
 .debug_info    0x00007b01      0x1ed C:/Program Files/Microchip/xc32/v5.00/bin/bin/../../lib/gcc/pic32c/13.2.1/../../../../pic32c/lib/thumb/v7e-m+dp/hard\libc-musl.a(__cvt_u.o)
 .debug_info    0x00007cee      0x162 C:/Program Files/Microchip/xc32/v5.00/bin/bin/../../lib/gcc/pic32c/13.2.1/../../../../pic32c/lib/thumb/v7e-m+dp/hard\libc-musl.a(__pop_float.o)
 .debug_info    0x00007e50      0x237 C:/Program Files/Microchip/xc32/v5.00/bin/bin/../../lib/gcc/pic32c/13.2.1/../../../../pic32c/lib/thumb/v7e-m+dp/hard\libc-musl.a(__int_vsnprintf.o)
 .debug_info    0x00008087      0x21c C:/Program Files/Microchip/xc32/v5.00/bin/bin/../../lib/gcc/pic32c/13.2.1/../../../../pic32c/lib/thumb/v7e-m+dp/hard\libc-musl.a(__int_vfprintf.o)
 .debug_info    0x000082a3       0x35 C:/Program Files/Microchip/xc32/v5.00/bin/bin/../../lib/gcc/pic32c/13.2.1/thumb/v7e-m+dp/hard\libgcc.a(_aeabi_uldivmod.o)
 .debug_info    0x000082d8      0x73c C:/Program Files/Microchip/xc32/v5.00/bin/bin/../../lib/gcc/pic32c/13.2.1/thumb/v7e-m+dp/hard\libgcc.a(_udivmoddi4.o)
 .debug_info    0x00008a14       0x41 C:/Program Files/Microchip/xc32/v5.00/bin/bin/../../lib/gcc/pic32c/13.2.1/thumb/v7e-m+dp/hard\libgcc.a(_dvmd_tls.o)
 .debug_info    0x00008a55      0x110 C:/Program Files/Microchip/xc32/v5.00/bin/bin/../../lib/gcc/pic32c/13.2.1/../../../../pic32c/lib/thumb/v7e-m+dp/hard\libpic32c.a(pic32_data_init_clear.o)
 .debug_info    0x00008b65      0x126 C:/Program Files/Microchip/xc32/v5.00/bin/bin/../../lib/gcc/pic32c/13.2.1/../../../../pic32c/lib/thumb/v7e-m+dp/hard\libpic32c.a(pic32_data_init_copy.o)
 .debug_info    0x00008c8b      0x12d C:/Program Files/Microchip/xc32/v5.00/bin/bin/../../lib/gcc/pic32c/13.2.1/../../../../pic32c/lib/thumb/v7e-m+dp/hard\libpic32c.a(pic32_data_init_decompress.o)

.debug_abbrev   0x00000000     0x2c3c
 .debug_abbrev  0x00000000       0xcd build/default/production/_ext/60165520/plib_clk.o
 .debug_abbrev  0x000000cd      0x2cf build/default/production/_ext/60167248/plib_efc.o
 .debug_abbrev  0x0000039c      0x24d build/default/production/_ext/1865468468/plib_nvic.o
 .debug_abbrev  0x000005e9      0x13f build/default/production/_ext/60177924/plib_pio.o
 .debug_abbrev  0x00000728      0x2c6 build/default/production/_ext/1865657120/plib_uart3.o
 .debug_abbrev  0x000009ee      0x2c6 build/default/production/_ext/1865657120/plib_uart0.o
 .debug_abbrev  0x00000cb4       0xcb build/default/production/_ext/1171490990/initialization.o
 .debug_abbrev  0x00000d7f       0xd3 build/default/production/_ext/1171490990/interrupts.o
 .debug_abbrev  0x00000e52       0x49 build/default/production/_ext/1171490990/exceptions.o
 .debug_abbrev  0x00000e9b      0x21a build/default/production/_ext/1171490990/startup_xc32.o
 .debug_abbrev  0x000010b5      0x314 build/default/production/_ext/1360937237/main.o
 .debug_abbrev  0x000013c9      0x156 C:/Program Files/Microchip/xc32/v5.00/bin/bin/../../lib/gcc/pic32c/13.2.1/../../../../pic32c/lib/thumb/v7e-m+dp/hard\libpic32c.a(data_init.o)
 .debug_abbrev  0x0000151f       0xaa C:/Program Files/Microchip/xc32/v5.00/bin/bin/../../lib/gcc/pic32c/13.2.1/../../../../pic32c/lib/thumb/v7e-m+dp/hard\libc-size-musl.a(memcpy.o)
 .debug_abbrev  0x000015c9       0xa2 C:/Program Files/Microchip/xc32/v5.00/bin/bin/../../lib/gcc/pic32c/13.2.1/../../../../pic32c/lib/thumb/v7e-m+dp/hard\libc-size-musl.a(memset.o)
 .debug_abbrev  0x0000166b       0x91 C:/Program Files/Microchip/xc32/v5.00/bin/bin/../../lib/gcc/pic32c/13.2.1/../../../../pic32c/lib/thumb/v7e-m+dp/hard\libc-size-musl.a(strlen.o)
 .debug_abbrev  0x000016fc      0x133 C:/Program Files/Microchip/xc32/v5.00/bin/bin/../../lib/gcc/pic32c/13.2.1/../../../../pic32c/lib/thumb/v7e-m+dp/hard\libc-musl.a(__libc_start_main.o)
 .debug_abbrev  0x0000182f       0xd4 C:/Program Files/Microchip/xc32/v5.00/bin/bin/../../lib/gcc/pic32c/13.2.1/../../../../pic32c/lib/thumb/v7e-m+dp/hard\libc-musl.a(libc.o)
 .debug_abbrev  0x00001903      0x154 C:/Program Files/Microchip/xc32/v5.00/bin/bin/../../lib/gcc/pic32c/13.2.1/../../../../pic32c/lib/thumb/v7e-m+dp/hard\libc-musl.a(__sio_sprintf_dn.o)
 .debug_abbrev  0x00001a57      0x17c C:/Program Files/Microchip/xc32/v5.00/bin/bin/../../lib/gcc/pic32c/13.2.1/../../../../pic32c/lib/thumb/v7e-m+dp/hard\libc-musl.a(__fmt_d.o)
 .debug_abbrev  0x00001bd3       0xdc C:/Program Files/Microchip/xc32/v5.00/bin/bin/../../lib/gcc/pic32c/13.2.1/../../../../pic32c/lib/thumb/v7e-m+dp/hard\libc-musl.a(__pop_int.o)
 .debug_abbrev  0x00001caf       0xed C:/Program Files/Microchip/xc32/v5.00/bin/bin/../../lib/gcc/pic32c/13.2.1/../../../../pic32c/lib/thumb/v7e-m+dp/hard\libc-musl.a(__pop_ptr.o)
 .debug_abbrev  0x00001d9c      0x33f C:/Program Files/Microchip/xc32/v5.00/bin/bin/../../lib/gcc/pic32c/13.2.1/../../../../pic32c/lib/thumb/v7e-m+dp/hard\libc-musl.a(__printf_core.o)
 .debug_abbrev  0x000020db       0xc4 C:/Program Files/Microchip/xc32/v5.00/bin/bin/../../lib/gcc/pic32c/13.2.1/../../../../pic32c/lib/thumb/v7e-m+dp/hard\libc-musl.a(atoi.o)
 .debug_abbrev  0x0000219f      0x108 C:/Program Files/Microchip/xc32/v5.00/bin/bin/../../lib/gcc/pic32c/13.2.1/../../../../pic32c/lib/thumb/v7e-m+dp/hard\libc-musl.a(tolower.o)
 .debug_abbrev  0x000022a7       0x62 C:/Program Files/Microchip/xc32/v5.00/bin/bin/../../lib/gcc/pic32c/13.2.1/../../../../pic32c/lib/thumb/v7e-m+dp/hard\libc-musl.a(__environ.o)
 .debug_abbrev  0x00002309       0x39 C:/Program Files/Microchip/xc32/v5.00/bin/bin/../../lib/gcc/pic32c/13.2.1/../../../../pic32c/lib/thumb/v7e-m+dp/hard\libc-musl.a(__errno_location.o)
 .debug_abbrev  0x00002342       0xd6 C:/Program Files/Microchip/xc32/v5.00/bin/bin/../../lib/gcc/pic32c/13.2.1/../../../../pic32c/lib/thumb/v7e-m+dp/hard\libc-musl.a(__int_vsprintf.o)
 .debug_abbrev  0x00002418       0xfe C:/Program Files/Microchip/xc32/v5.00/bin/bin/../../lib/gcc/pic32c/13.2.1/../../../../pic32c/lib/thumb/v7e-m+dp/hard\libc-musl.a(__cvt_u.o)
 .debug_abbrev  0x00002516       0xdc C:/Program Files/Microchip/xc32/v5.00/bin/bin/../../lib/gcc/pic32c/13.2.1/../../../../pic32c/lib/thumb/v7e-m+dp/hard\libc-musl.a(__pop_float.o)
 .debug_abbrev  0x000025f2      0x15c C:/Program Files/Microchip/xc32/v5.00/bin/bin/../../lib/gcc/pic32c/13.2.1/../../../../pic32c/lib/thumb/v7e-m+dp/hard\libc-musl.a(__int_vsnprintf.o)
 .debug_abbrev  0x0000274e      0x13a C:/Program Files/Microchip/xc32/v5.00/bin/bin/../../lib/gcc/pic32c/13.2.1/../../../../pic32c/lib/thumb/v7e-m+dp/hard\libc-musl.a(__int_vfprintf.o)
 .debug_abbrev  0x00002888       0x21 C:/Program Files/Microchip/xc32/v5.00/bin/bin/../../lib/gcc/pic32c/13.2.1/thumb/v7e-m+dp/hard\libgcc.a(_aeabi_uldivmod.o)
 .debug_abbrev  0x000028a9      0x163 C:/Program Files/Microchip/xc32/v5.00/bin/bin/../../lib/gcc/pic32c/13.2.1/thumb/v7e-m+dp/hard\libgcc.a(_udivmoddi4.o)
 .debug_abbrev  0x00002a0c       0x1f C:/Program Files/Microchip/xc32/v5.00/bin/bin/../../lib/gcc/pic32c/13.2.1/thumb/v7e-m+dp/hard\libgcc.a(_dvmd_tls.o)
 .debug_abbrev  0x00002a2b       0xa2 C:/Program Files/Microchip/xc32/v5.00/bin/bin/../../lib/gcc/pic32c/13.2.1/../../../../pic32c/lib/thumb/v7e-m+dp/hard\libpic32c.a(pic32_data_init_clear.o)
 .debug_abbrev  0x00002acd       0xca C:/Program Files/Microchip/xc32/v5.00/bin/bin/../../lib/gcc/pic32c/13.2.1/../../../../pic32c/lib/thumb/v7e-m+dp/hard\libpic32c.a(pic32_data_init_copy.o)
 .debug_abbrev  0x00002b97       0xa5 C:/Program Files/Microchip/xc32/v5.00/bin/bin/../../lib/gcc/pic32c/13.2.1/../../../../pic32c/lib/thumb/v7e-m+dp/hard\libpic32c.a(pic32_data_init_decompress.o)

.debug_aranges  0x00000000      0x6d0
 .debug_aranges
                0x00000000       0x20 build/default/production/_ext/60165520/plib_clk.o
 .debug_aranges
                0x00000020       0x70 build/default/production/_ext/60167248/plib_efc.o
 .debug_aranges
                0x00000090       0x48 build/default/production/_ext/1865468468/plib_nvic.o
 .debug_aranges
                0x000000d8       0x60 build/default/production/_ext/60177924/plib_pio.o
 .debug_aranges
                0x00000138       0x98 build/default/production/_ext/1865657120/plib_uart3.o
 .debug_aranges
                0x000001d0       0x98 build/default/production/_ext/1865657120/plib_uart0.o
 .debug_aranges
                0x00000268       0x20 build/default/production/_ext/1171490990/initialization.o
 .debug_aranges
                0x00000288       0x20 build/default/production/_ext/1171490990/interrupts.o
 .debug_aranges
                0x000002a8       0x48 build/default/production/_ext/1171490990/exceptions.o
 .debug_aranges
                0x000002f0       0x28 build/default/production/_ext/1171490990/startup_xc32.o
 .debug_aranges
                0x00000318       0x38 build/default/production/_ext/1360937237/main.o
 .debug_aranges
                0x00000350       0x30 C:/Program Files/Microchip/xc32/v5.00/bin/bin/../../lib/gcc/pic32c/13.2.1/../../../../pic32c/lib/thumb/v7e-m+dp/hard\libpic32c.a(data_init.o)
 .debug_aranges
                0x00000380       0x20 C:/Program Files/Microchip/xc32/v5.00/bin/bin/../../lib/gcc/pic32c/13.2.1/../../../../pic32c/lib/thumb/v7e-m+dp/hard\libc-size-musl.a(memcpy.o)
 .debug_aranges
                0x000003a0       0x20 C:/Program Files/Microchip/xc32/v5.00/bin/bin/../../lib/gcc/pic32c/13.2.1/../../../../pic32c/lib/thumb/v7e-m+dp/hard\libc-size-musl.a(memset.o)
 .debug_aranges
                0x000003c0       0x20 C:/Program Files/Microchip/xc32/v5.00/bin/bin/../../lib/gcc/pic32c/13.2.1/../../../../pic32c/lib/thumb/v7e-m+dp/hard\libc-size-musl.a(strlen.o)
 .debug_aranges
                0x000003e0       0x28 C:/Program Files/Microchip/xc32/v5.00/bin/bin/../../lib/gcc/pic32c/13.2.1/../../../../pic32c/lib/thumb/v7e-m+dp/hard\libc-musl.a(__libc_start_main.o)
 .debug_aranges
                0x00000408       0x18 C:/Program Files/Microchip/xc32/v5.00/bin/bin/../../lib/gcc/pic32c/13.2.1/../../../../pic32c/lib/thumb/v7e-m+dp/hard\libc-musl.a(libc.o)
 .debug_aranges
                0x00000420       0x28 C:/Program Files/Microchip/xc32/v5.00/bin/bin/../../lib/gcc/pic32c/13.2.1/../../../../pic32c/lib/thumb/v7e-m+dp/hard\libc-musl.a(__sio_sprintf_dn.o)
 .debug_aranges
                0x00000448       0x20 C:/Program Files/Microchip/xc32/v5.00/bin/bin/../../lib/gcc/pic32c/13.2.1/../../../../pic32c/lib/thumb/v7e-m+dp/hard\libc-musl.a(__fmt_d.o)
 .debug_aranges
                0x00000468       0x20 C:/Program Files/Microchip/xc32/v5.00/bin/bin/../../lib/gcc/pic32c/13.2.1/../../../../pic32c/lib/thumb/v7e-m+dp/hard\libc-musl.a(__pop_int.o)
 .debug_aranges
                0x00000488       0x20 C:/Program Files/Microchip/xc32/v5.00/bin/bin/../../lib/gcc/pic32c/13.2.1/../../../../pic32c/lib/thumb/v7e-m+dp/hard\libc-musl.a(__pop_ptr.o)
 .debug_aranges
                0x000004a8       0x50 C:/Program Files/Microchip/xc32/v5.00/bin/bin/../../lib/gcc/pic32c/13.2.1/../../../../pic32c/lib/thumb/v7e-m+dp/hard\libc-musl.a(__printf_core.o)
 .debug_aranges
                0x000004f8       0x20 C:/Program Files/Microchip/xc32/v5.00/bin/bin/../../lib/gcc/pic32c/13.2.1/../../../../pic32c/lib/thumb/v7e-m+dp/hard\libc-musl.a(atoi.o)
 .debug_aranges
                0x00000518       0x28 C:/Program Files/Microchip/xc32/v5.00/bin/bin/../../lib/gcc/pic32c/13.2.1/../../../../pic32c/lib/thumb/v7e-m+dp/hard\libc-musl.a(tolower.o)
 .debug_aranges
                0x00000540       0x18 C:/Program Files/Microchip/xc32/v5.00/bin/bin/../../lib/gcc/pic32c/13.2.1/../../../../pic32c/lib/thumb/v7e-m+dp/hard\libc-musl.a(__environ.o)
 .debug_aranges
                0x00000558       0x18 C:/Program Files/Microchip/xc32/v5.00/bin/bin/../../lib/gcc/pic32c/13.2.1/../../../../pic32c/lib/thumb/v7e-m+dp/hard\libc-musl.a(__errno_location.o)
 .debug_aranges
                0x00000570       0x20 C:/Program Files/Microchip/xc32/v5.00/bin/bin/../../lib/gcc/pic32c/13.2.1/../../../../pic32c/lib/thumb/v7e-m+dp/hard\libc-musl.a(__int_vsprintf.o)
 .debug_aranges
                0x00000590       0x20 C:/Program Files/Microchip/xc32/v5.00/bin/bin/../../lib/gcc/pic32c/13.2.1/../../../../pic32c/lib/thumb/v7e-m+dp/hard\libc-musl.a(__cvt_u.o)
 .debug_aranges
                0x000005b0       0x20 C:/Program Files/Microchip/xc32/v5.00/bin/bin/../../lib/gcc/pic32c/13.2.1/../../../../pic32c/lib/thumb/v7e-m+dp/hard\libc-musl.a(__pop_float.o)
 .debug_aranges
                0x000005d0       0x20 C:/Program Files/Microchip/xc32/v5.00/bin/bin/../../lib/gcc/pic32c/13.2.1/../../../../pic32c/lib/thumb/v7e-m+dp/hard\libc-musl.a(__int_vsnprintf.o)
 .debug_aranges
                0x000005f0       0x20 C:/Program Files/Microchip/xc32/v5.00/bin/bin/../../lib/gcc/pic32c/13.2.1/../../../../pic32c/lib/thumb/v7e-m+dp/hard\libc-musl.a(__int_vfprintf.o)
 .debug_aranges
                0x00000610       0x20 C:/Program Files/Microchip/xc32/v5.00/bin/bin/../../lib/gcc/pic32c/13.2.1/thumb/v7e-m+dp/hard\libgcc.a(_aeabi_uldivmod.o)
 .debug_aranges
                0x00000630       0x20 C:/Program Files/Microchip/xc32/v5.00/bin/bin/../../lib/gcc/pic32c/13.2.1/thumb/v7e-m+dp/hard\libgcc.a(_udivmoddi4.o)
 .debug_aranges
                0x00000650       0x20 C:/Program Files/Microchip/xc32/v5.00/bin/bin/../../lib/gcc/pic32c/13.2.1/thumb/v7e-m+dp/hard\libgcc.a(_dvmd_tls.o)
 .debug_aranges
                0x00000670       0x20 C:/Program Files/Microchip/xc32/v5.00/bin/bin/../../lib/gcc/pic32c/13.2.1/../../../../pic32c/lib/thumb/v7e-m+dp/hard\libpic32c.a(pic32_data_init_clear.o)
 .debug_aranges
                0x00000690       0x20 C:/Program Files/Microchip/xc32/v5.00/bin/bin/../../lib/gcc/pic32c/13.2.1/../../../../pic32c/lib/thumb/v7e-m+dp/hard\libpic32c.a(pic32_data_init_copy.o)
 .debug_aranges
                0x000006b0       0x20 C:/Program Files/Microchip/xc32/v5.00/bin/bin/../../lib/gcc/pic32c/13.2.1/../../../../pic32c/lib/thumb/v7e-m+dp/hard\libpic32c.a(pic32_data_init_decompress.o)

.debug_ranges   0x00000000      0x5b8
 .debug_ranges  0x00000000       0x10 build/default/production/_ext/60165520/plib_clk.o
 .debug_ranges  0x00000010       0x90 build/default/production/_ext/60167248/plib_efc.o
 .debug_ranges  0x000000a0       0x50 build/default/production/_ext/1865468468/plib_nvic.o
 .debug_ranges  0x000000f0       0x50 build/default/production/_ext/60177924/plib_pio.o
 .debug_ranges  0x00000140       0x88 build/default/production/_ext/1865657120/plib_uart3.o
 .debug_ranges  0x000001c8       0x88 build/default/production/_ext/1865657120/plib_uart0.o
 .debug_ranges  0x00000250       0x10 build/default/production/_ext/1171490990/initialization.o
 .debug_ranges  0x00000260       0x10 build/default/production/_ext/1171490990/interrupts.o
 .debug_ranges  0x00000270       0x38 build/default/production/_ext/1171490990/exceptions.o
 .debug_ranges  0x000002a8       0x18 build/default/production/_ext/1171490990/startup_xc32.o
 .debug_ranges  0x000002c0       0x58 build/default/production/_ext/1360937237/main.o
 .debug_ranges  0x00000318       0x20 C:/Program Files/Microchip/xc32/v5.00/bin/bin/../../lib/gcc/pic32c/13.2.1/../../../../pic32c/lib/thumb/v7e-m+dp/hard\libpic32c.a(data_init.o)
 .debug_ranges  0x00000338       0x10 C:/Program Files/Microchip/xc32/v5.00/bin/bin/../../lib/gcc/pic32c/13.2.1/../../../../pic32c/lib/thumb/v7e-m+dp/hard\libc-size-musl.a(memcpy.o)
 .debug_ranges  0x00000348       0x10 C:/Program Files/Microchip/xc32/v5.00/bin/bin/../../lib/gcc/pic32c/13.2.1/../../../../pic32c/lib/thumb/v7e-m+dp/hard\libc-size-musl.a(memset.o)
 .debug_ranges  0x00000358       0x10 C:/Program Files/Microchip/xc32/v5.00/bin/bin/../../lib/gcc/pic32c/13.2.1/../../../../pic32c/lib/thumb/v7e-m+dp/hard\libc-size-musl.a(strlen.o)
 .debug_ranges  0x00000368       0x40 C:/Program Files/Microchip/xc32/v5.00/bin/bin/../../lib/gcc/pic32c/13.2.1/../../../../pic32c/lib/thumb/v7e-m+dp/hard\libc-musl.a(__libc_start_main.o)
 .debug_ranges  0x000003a8       0x18 C:/Program Files/Microchip/xc32/v5.00/bin/bin/../../lib/gcc/pic32c/13.2.1/../../../../pic32c/lib/thumb/v7e-m+dp/hard\libc-musl.a(__sio_sprintf_dn.o)
 .debug_ranges  0x000003c0       0x10 C:/Program Files/Microchip/xc32/v5.00/bin/bin/../../lib/gcc/pic32c/13.2.1/../../../../pic32c/lib/thumb/v7e-m+dp/hard\libc-musl.a(__fmt_d.o)
 .debug_ranges  0x000003d0       0x10 C:/Program Files/Microchip/xc32/v5.00/bin/bin/../../lib/gcc/pic32c/13.2.1/../../../../pic32c/lib/thumb/v7e-m+dp/hard\libc-musl.a(__pop_int.o)
 .debug_ranges  0x000003e0       0x10 C:/Program Files/Microchip/xc32/v5.00/bin/bin/../../lib/gcc/pic32c/13.2.1/../../../../pic32c/lib/thumb/v7e-m+dp/hard\libc-musl.a(__pop_ptr.o)
 .debug_ranges  0x000003f0       0x58 C:/Program Files/Microchip/xc32/v5.00/bin/bin/../../lib/gcc/pic32c/13.2.1/../../../../pic32c/lib/thumb/v7e-m+dp/hard\libc-musl.a(__printf_core.o)
 .debug_ranges  0x00000448       0x28 C:/Program Files/Microchip/xc32/v5.00/bin/bin/../../lib/gcc/pic32c/13.2.1/../../../../pic32c/lib/thumb/v7e-m+dp/hard\libc-musl.a(atoi.o)
 .debug_ranges  0x00000470       0x18 C:/Program Files/Microchip/xc32/v5.00/bin/bin/../../lib/gcc/pic32c/13.2.1/../../../../pic32c/lib/thumb/v7e-m+dp/hard\libc-musl.a(tolower.o)
 .debug_ranges  0x00000488       0x10 C:/Program Files/Microchip/xc32/v5.00/bin/bin/../../lib/gcc/pic32c/13.2.1/../../../../pic32c/lib/thumb/v7e-m+dp/hard\libc-musl.a(__int_vsprintf.o)
 .debug_ranges  0x00000498       0x10 C:/Program Files/Microchip/xc32/v5.00/bin/bin/../../lib/gcc/pic32c/13.2.1/../../../../pic32c/lib/thumb/v7e-m+dp/hard\libc-musl.a(__cvt_u.o)
 .debug_ranges  0x000004a8       0x10 C:/Program Files/Microchip/xc32/v5.00/bin/bin/../../lib/gcc/pic32c/13.2.1/../../../../pic32c/lib/thumb/v7e-m+dp/hard\libc-musl.a(__pop_float.o)
 .debug_ranges  0x000004b8       0x10 C:/Program Files/Microchip/xc32/v5.00/bin/bin/../../lib/gcc/pic32c/13.2.1/../../../../pic32c/lib/thumb/v7e-m+dp/hard\libc-musl.a(__int_vsnprintf.o)
 .debug_ranges  0x000004c8       0x10 C:/Program Files/Microchip/xc32/v5.00/bin/bin/../../lib/gcc/pic32c/13.2.1/../../../../pic32c/lib/thumb/v7e-m+dp/hard\libc-musl.a(__int_vfprintf.o)
 .debug_ranges  0x000004d8       0xb0 C:/Program Files/Microchip/xc32/v5.00/bin/bin/../../lib/gcc/pic32c/13.2.1/thumb/v7e-m+dp/hard\libgcc.a(_udivmoddi4.o)
 .debug_ranges  0x00000588       0x10 C:/Program Files/Microchip/xc32/v5.00/bin/bin/../../lib/gcc/pic32c/13.2.1/../../../../pic32c/lib/thumb/v7e-m+dp/hard\libpic32c.a(pic32_data_init_clear.o)
 .debug_ranges  0x00000598       0x10 C:/Program Files/Microchip/xc32/v5.00/bin/bin/../../lib/gcc/pic32c/13.2.1/../../../../pic32c/lib/thumb/v7e-m+dp/hard\libpic32c.a(pic32_data_init_copy.o)
 .debug_ranges  0x000005a8       0x10 C:/Program Files/Microchip/xc32/v5.00/bin/bin/../../lib/gcc/pic32c/13.2.1/../../../../pic32c/lib/thumb/v7e-m+dp/hard\libpic32c.a(pic32_data_init_decompress.o)

.debug_line     0x00000000     0x58e1
 .debug_line    0x00000000      0x1b5 build/default/production/_ext/60165520/plib_clk.o
 .debug_line    0x000001b5      0x6d4 build/default/production/_ext/60167248/plib_efc.o
 .debug_line    0x00000889      0x41b build/default/production/_ext/1865468468/plib_nvic.o
 .debug_line    0x00000ca4      0x365 build/default/production/_ext/60177924/plib_pio.o
 .debug_line    0x00001009      0x66d build/default/production/_ext/1865657120/plib_uart3.o
 .debug_line    0x00001676      0x66d build/default/production/_ext/1865657120/plib_uart0.o
 .debug_line    0x00001ce3      0x217 build/default/production/_ext/1171490990/initialization.o
 .debug_line    0x00001efa       0xcd build/default/production/_ext/1171490990/interrupts.o
 .debug_line    0x00001fc7       0xd9 build/default/production/_ext/1171490990/exceptions.o
 .debug_line    0x000020a0      0x4c5 build/default/production/_ext/1171490990/startup_xc32.o
 .debug_line    0x00002565      0x619 build/default/production/_ext/1360937237/main.o
 .debug_line    0x00002b7e      0x163 C:/Program Files/Microchip/xc32/v5.00/bin/bin/../../lib/gcc/pic32c/13.2.1/../../../../pic32c/lib/thumb/v7e-m+dp/hard\libpic32c.a(data_init.o)
 .debug_line    0x00002ce1      0x165 C:/Program Files/Microchip/xc32/v5.00/bin/bin/../../lib/gcc/pic32c/13.2.1/../../../../pic32c/lib/thumb/v7e-m+dp/hard\libc-size-musl.a(memcpy.o)
 .debug_line    0x00002e46      0x162 C:/Program Files/Microchip/xc32/v5.00/bin/bin/../../lib/gcc/pic32c/13.2.1/../../../../pic32c/lib/thumb/v7e-m+dp/hard\libc-size-musl.a(memset.o)
 .debug_line    0x00002fa8      0x161 C:/Program Files/Microchip/xc32/v5.00/bin/bin/../../lib/gcc/pic32c/13.2.1/../../../../pic32c/lib/thumb/v7e-m+dp/hard\libc-size-musl.a(strlen.o)
 .debug_line    0x00003109      0x1da C:/Program Files/Microchip/xc32/v5.00/bin/bin/../../lib/gcc/pic32c/13.2.1/../../../../pic32c/lib/thumb/v7e-m+dp/hard\libc-musl.a(__libc_start_main.o)
 .debug_line    0x000032e3       0xb5 C:/Program Files/Microchip/xc32/v5.00/bin/bin/../../lib/gcc/pic32c/13.2.1/../../../../pic32c/lib/thumb/v7e-m+dp/hard\libc-musl.a(libc.o)
 .debug_line    0x00003398      0x19b C:/Program Files/Microchip/xc32/v5.00/bin/bin/../../lib/gcc/pic32c/13.2.1/../../../../pic32c/lib/thumb/v7e-m+dp/hard\libc-musl.a(__sio_sprintf_dn.o)
 .debug_line    0x00003533      0x217 C:/Program Files/Microchip/xc32/v5.00/bin/bin/../../lib/gcc/pic32c/13.2.1/../../../../pic32c/lib/thumb/v7e-m+dp/hard\libc-musl.a(__fmt_d.o)
 .debug_line    0x0000374a      0x23f C:/Program Files/Microchip/xc32/v5.00/bin/bin/../../lib/gcc/pic32c/13.2.1/../../../../pic32c/lib/thumb/v7e-m+dp/hard\libc-musl.a(__pop_int.o)
 .debug_line    0x00003989      0x1c4 C:/Program Files/Microchip/xc32/v5.00/bin/bin/../../lib/gcc/pic32c/13.2.1/../../../../pic32c/lib/thumb/v7e-m+dp/hard\libc-musl.a(__pop_ptr.o)
 .debug_line    0x00003b4d      0x76a C:/Program Files/Microchip/xc32/v5.00/bin/bin/../../lib/gcc/pic32c/13.2.1/../../../../pic32c/lib/thumb/v7e-m+dp/hard\libc-musl.a(__printf_core.o)
 .debug_line    0x000042b7      0x17d C:/Program Files/Microchip/xc32/v5.00/bin/bin/../../lib/gcc/pic32c/13.2.1/../../../../pic32c/lib/thumb/v7e-m+dp/hard\libc-musl.a(atoi.o)
 .debug_line    0x00004434      0x15d C:/Program Files/Microchip/xc32/v5.00/bin/bin/../../lib/gcc/pic32c/13.2.1/../../../../pic32c/lib/thumb/v7e-m+dp/hard\libc-musl.a(tolower.o)
 .debug_line    0x00004591       0xfb C:/Program Files/Microchip/xc32/v5.00/bin/bin/../../lib/gcc/pic32c/13.2.1/../../../../pic32c/lib/thumb/v7e-m+dp/hard\libc-musl.a(__environ.o)
 .debug_line    0x0000468c       0x9a C:/Program Files/Microchip/xc32/v5.00/bin/bin/../../lib/gcc/pic32c/13.2.1/../../../../pic32c/lib/thumb/v7e-m+dp/hard\libc-musl.a(__errno_location.o)
 .debug_line    0x00004726      0x14e C:/Program Files/Microchip/xc32/v5.00/bin/bin/../../lib/gcc/pic32c/13.2.1/../../../../pic32c/lib/thumb/v7e-m+dp/hard\libc-musl.a(__int_vsprintf.o)
 .debug_line    0x00004874      0x1de C:/Program Files/Microchip/xc32/v5.00/bin/bin/../../lib/gcc/pic32c/13.2.1/../../../../pic32c/lib/thumb/v7e-m+dp/hard\libc-musl.a(__cvt_u.o)
 .debug_line    0x00004a52      0x16c C:/Program Files/Microchip/xc32/v5.00/bin/bin/../../lib/gcc/pic32c/13.2.1/../../../../pic32c/lib/thumb/v7e-m+dp/hard\libc-musl.a(__pop_float.o)
 .debug_line    0x00004bbe      0x1c7 C:/Program Files/Microchip/xc32/v5.00/bin/bin/../../lib/gcc/pic32c/13.2.1/../../../../pic32c/lib/thumb/v7e-m+dp/hard\libc-musl.a(__int_vsnprintf.o)
 .debug_line    0x00004d85      0x16b C:/Program Files/Microchip/xc32/v5.00/bin/bin/../../lib/gcc/pic32c/13.2.1/../../../../pic32c/lib/thumb/v7e-m+dp/hard\libc-musl.a(__int_vfprintf.o)
 .debug_line    0x00004ef0       0x85 C:/Program Files/Microchip/xc32/v5.00/bin/bin/../../lib/gcc/pic32c/13.2.1/thumb/v7e-m+dp/hard\libgcc.a(_aeabi_uldivmod.o)
 .debug_line    0x00004f75      0x522 C:/Program Files/Microchip/xc32/v5.00/bin/bin/../../lib/gcc/pic32c/13.2.1/thumb/v7e-m+dp/hard\libgcc.a(_udivmoddi4.o)
 .debug_line    0x00005497       0x85 C:/Program Files/Microchip/xc32/v5.00/bin/bin/../../lib/gcc/pic32c/13.2.1/thumb/v7e-m+dp/hard\libgcc.a(_dvmd_tls.o)
 .debug_line    0x0000551c      0x11c C:/Program Files/Microchip/xc32/v5.00/bin/bin/../../lib/gcc/pic32c/13.2.1/../../../../pic32c/lib/thumb/v7e-m+dp/hard\libpic32c.a(pic32_data_init_clear.o)
 .debug_line    0x00005638      0x126 C:/Program Files/Microchip/xc32/v5.00/bin/bin/../../lib/gcc/pic32c/13.2.1/../../../../pic32c/lib/thumb/v7e-m+dp/hard\libpic32c.a(pic32_data_init_copy.o)
 .debug_line    0x0000575e      0x183 C:/Program Files/Microchip/xc32/v5.00/bin/bin/../../lib/gcc/pic32c/13.2.1/../../../../pic32c/lib/thumb/v7e-m+dp/hard\libpic32c.a(pic32_data_init_decompress.o)

.debug_str      0x00000000     0x39bb
 .debug_str     0x00000000     0x39bb build/default/production/_ext/60165520/plib_clk.o
                                0x4f6 (size before relaxing)
 .debug_str     0x000039bb      0x601 build/default/production/_ext/60167248/plib_efc.o
 .debug_str     0x000039bb      0x9c4 build/default/production/_ext/1865468468/plib_nvic.o
 .debug_str     0x000039bb      0x6e5 build/default/production/_ext/60177924/plib_pio.o
 .debug_str     0x000039bb      0x619 build/default/production/_ext/1865657120/plib_uart3.o
 .debug_str     0x000039bb      0x619 build/default/production/_ext/1865657120/plib_uart0.o
 .debug_str     0x000039bb      0x3a0 build/default/production/_ext/1171490990/initialization.o
 .debug_str     0x000039bb      0x9f1 build/default/production/_ext/1171490990/interrupts.o
 .debug_str     0x000039bb      0x347 build/default/production/_ext/1171490990/exceptions.o
 .debug_str     0x000039bb      0x5b7 build/default/production/_ext/1171490990/startup_xc32.o
 .debug_str     0x000039bb      0x732 build/default/production/_ext/1360937237/main.o
 .debug_str     0x000039bb      0x2f9 C:/Program Files/Microchip/xc32/v5.00/bin/bin/../../lib/gcc/pic32c/13.2.1/../../../../pic32c/lib/thumb/v7e-m+dp/hard\libpic32c.a(data_init.o)
 .debug_str     0x000039bb      0x259 C:/Program Files/Microchip/xc32/v5.00/bin/bin/../../lib/gcc/pic32c/13.2.1/../../../../pic32c/lib/thumb/v7e-m+dp/hard\libc-size-musl.a(memcpy.o)
 .debug_str     0x000039bb      0x245 C:/Program Files/Microchip/xc32/v5.00/bin/bin/../../lib/gcc/pic32c/13.2.1/../../../../pic32c/lib/thumb/v7e-m+dp/hard\libc-size-musl.a(memset.o)
 .debug_str     0x000039bb      0x24b C:/Program Files/Microchip/xc32/v5.00/bin/bin/../../lib/gcc/pic32c/13.2.1/../../../../pic32c/lib/thumb/v7e-m+dp/hard\libc-size-musl.a(strlen.o)
 .debug_str     0x000039bb      0x3e7 C:/Program Files/Microchip/xc32/v5.00/bin/bin/../../lib/gcc/pic32c/13.2.1/../../../../pic32c/lib/thumb/v7e-m+dp/hard\libc-musl.a(__libc_start_main.o)
 .debug_str     0x000039bb      0x352 C:/Program Files/Microchip/xc32/v5.00/bin/bin/../../lib/gcc/pic32c/13.2.1/../../../../pic32c/lib/thumb/v7e-m+dp/hard\libc-musl.a(libc.o)
 .debug_str     0x000039bb      0x319 C:/Program Files/Microchip/xc32/v5.00/bin/bin/../../lib/gcc/pic32c/13.2.1/../../../../pic32c/lib/thumb/v7e-m+dp/hard\libc-musl.a(__sio_sprintf_dn.o)
 .debug_str     0x000039bb      0x312 C:/Program Files/Microchip/xc32/v5.00/bin/bin/../../lib/gcc/pic32c/13.2.1/../../../../pic32c/lib/thumb/v7e-m+dp/hard\libc-musl.a(__fmt_d.o)
 .debug_str     0x000039bb      0x2e8 C:/Program Files/Microchip/xc32/v5.00/bin/bin/../../lib/gcc/pic32c/13.2.1/../../../../pic32c/lib/thumb/v7e-m+dp/hard\libc-musl.a(__pop_int.o)
 .debug_str     0x000039bb      0x2ea C:/Program Files/Microchip/xc32/v5.00/bin/bin/../../lib/gcc/pic32c/13.2.1/../../../../pic32c/lib/thumb/v7e-m+dp/hard\libc-musl.a(__pop_ptr.o)
 .debug_str     0x000039bb      0x404 C:/Program Files/Microchip/xc32/v5.00/bin/bin/../../lib/gcc/pic32c/13.2.1/../../../../pic32c/lib/thumb/v7e-m+dp/hard\libc-musl.a(__printf_core.o)
 .debug_str     0x000039bb      0x239 C:/Program Files/Microchip/xc32/v5.00/bin/bin/../../lib/gcc/pic32c/13.2.1/../../../../pic32c/lib/thumb/v7e-m+dp/hard\libc-musl.a(atoi.o)
 .debug_str     0x000039bb      0x27d C:/Program Files/Microchip/xc32/v5.00/bin/bin/../../lib/gcc/pic32c/13.2.1/../../../../pic32c/lib/thumb/v7e-m+dp/hard\libc-musl.a(tolower.o)
 .debug_str     0x000039bb      0x252 C:/Program Files/Microchip/xc32/v5.00/bin/bin/../../lib/gcc/pic32c/13.2.1/../../../../pic32c/lib/thumb/v7e-m+dp/hard\libc-musl.a(__environ.o)
 .debug_str     0x000039bb      0x246 C:/Program Files/Microchip/xc32/v5.00/bin/bin/../../lib/gcc/pic32c/13.2.1/../../../../pic32c/lib/thumb/v7e-m+dp/hard\libc-musl.a(__errno_location.o)
 .debug_str     0x000039bb      0x2d9 C:/Program Files/Microchip/xc32/v5.00/bin/bin/../../lib/gcc/pic32c/13.2.1/../../../../pic32c/lib/thumb/v7e-m+dp/hard\libc-musl.a(__int_vsprintf.o)
 .debug_str     0x000039bb      0x2df C:/Program Files/Microchip/xc32/v5.00/bin/bin/../../lib/gcc/pic32c/13.2.1/../../../../pic32c/lib/thumb/v7e-m+dp/hard\libc-musl.a(__cvt_u.o)
 .debug_str     0x000039bb      0x2dd C:/Program Files/Microchip/xc32/v5.00/bin/bin/../../lib/gcc/pic32c/13.2.1/../../../../pic32c/lib/thumb/v7e-m+dp/hard\libc-musl.a(__pop_float.o)
 .debug_str     0x000039bb      0x320 C:/Program Files/Microchip/xc32/v5.00/bin/bin/../../lib/gcc/pic32c/13.2.1/../../../../pic32c/lib/thumb/v7e-m+dp/hard\libc-musl.a(__int_vsnprintf.o)
 .debug_str     0x000039bb      0x306 C:/Program Files/Microchip/xc32/v5.00/bin/bin/../../lib/gcc/pic32c/13.2.1/../../../../pic32c/lib/thumb/v7e-m+dp/hard\libc-musl.a(__int_vfprintf.o)
 .debug_str     0x000039bb       0xde C:/Program Files/Microchip/xc32/v5.00/bin/bin/../../lib/gcc/pic32c/13.2.1/thumb/v7e-m+dp/hard\libgcc.a(_aeabi_uldivmod.o)
 .debug_str     0x000039bb      0x718 C:/Program Files/Microchip/xc32/v5.00/bin/bin/../../lib/gcc/pic32c/13.2.1/thumb/v7e-m+dp/hard\libgcc.a(_udivmoddi4.o)
 .debug_str     0x000039bb       0xed C:/Program Files/Microchip/xc32/v5.00/bin/bin/../../lib/gcc/pic32c/13.2.1/thumb/v7e-m+dp/hard\libgcc.a(_dvmd_tls.o)
 .debug_str     0x000039bb      0x28a C:/Program Files/Microchip/xc32/v5.00/bin/bin/../../lib/gcc/pic32c/13.2.1/../../../../pic32c/lib/thumb/v7e-m+dp/hard\libpic32c.a(pic32_data_init_clear.o)
 .debug_str     0x000039bb      0x291 C:/Program Files/Microchip/xc32/v5.00/bin/bin/../../lib/gcc/pic32c/13.2.1/../../../../pic32c/lib/thumb/v7e-m+dp/hard\libpic32c.a(pic32_data_init_copy.o)
 .debug_str     0x000039bb      0x28d C:/Program Files/Microchip/xc32/v5.00/bin/bin/../../lib/gcc/pic32c/13.2.1/../../../../pic32c/lib/thumb/v7e-m+dp/hard\libpic32c.a(pic32_data_init_decompress.o)

.debug_frame    0x00000000      0xacc
 .debug_frame   0x00000000       0x20 build/default/production/_ext/60165520/plib_clk.o
 .debug_frame   0x00000020       0xec build/default/production/_ext/60167248/plib_efc.o
 .debug_frame   0x0000010c       0x7c build/default/production/_ext/1865468468/plib_nvic.o
 .debug_frame   0x00000188       0xa0 build/default/production/_ext/60177924/plib_pio.o
 .debug_frame   0x00000228      0x15c build/default/production/_ext/1865657120/plib_uart3.o
 .debug_frame   0x00000384      0x15c build/default/production/_ext/1865657120/plib_uart0.o
 .debug_frame   0x000004e0       0x28 build/default/production/_ext/1171490990/initialization.o
 .debug_frame   0x00000508       0x20 build/default/production/_ext/1171490990/interrupts.o
 .debug_frame   0x00000528       0x70 build/default/production/_ext/1171490990/exceptions.o
 .debug_frame   0x00000598       0x38 build/default/production/_ext/1171490990/startup_xc32.o
 .debug_frame   0x000005d0       0x64 build/default/production/_ext/1360937237/main.o
 .debug_frame   0x00000634       0x4c C:/Program Files/Microchip/xc32/v5.00/bin/bin/../../lib/gcc/pic32c/13.2.1/../../../../pic32c/lib/thumb/v7e-m+dp/hard\libpic32c.a(data_init.o)
 .debug_frame   0x00000680       0x20 C:/Program Files/Microchip/xc32/v5.00/bin/bin/../../lib/gcc/pic32c/13.2.1/../../../../pic32c/lib/thumb/v7e-m+dp/hard\libc-size-musl.a(memcpy.o)
 .debug_frame   0x000006a0       0x20 C:/Program Files/Microchip/xc32/v5.00/bin/bin/../../lib/gcc/pic32c/13.2.1/../../../../pic32c/lib/thumb/v7e-m+dp/hard\libc-size-musl.a(memset.o)
 .debug_frame   0x000006c0       0x20 C:/Program Files/Microchip/xc32/v5.00/bin/bin/../../lib/gcc/pic32c/13.2.1/../../../../pic32c/lib/thumb/v7e-m+dp/hard\libc-size-musl.a(strlen.o)
 .debug_frame   0x000006e0       0x3c C:/Program Files/Microchip/xc32/v5.00/bin/bin/../../lib/gcc/pic32c/13.2.1/../../../../pic32c/lib/thumb/v7e-m+dp/hard\libc-musl.a(__libc_start_main.o)
 .debug_frame   0x0000071c       0x58 C:/Program Files/Microchip/xc32/v5.00/bin/bin/../../lib/gcc/pic32c/13.2.1/../../../../pic32c/lib/thumb/v7e-m+dp/hard\libc-musl.a(__sio_sprintf_dn.o)
 .debug_frame   0x00000774       0x38 C:/Program Files/Microchip/xc32/v5.00/bin/bin/../../lib/gcc/pic32c/13.2.1/../../../../pic32c/lib/thumb/v7e-m+dp/hard\libc-musl.a(__fmt_d.o)
 .debug_frame   0x000007ac       0x28 C:/Program Files/Microchip/xc32/v5.00/bin/bin/../../lib/gcc/pic32c/13.2.1/../../../../pic32c/lib/thumb/v7e-m+dp/hard\libc-musl.a(__pop_int.o)
 .debug_frame   0x000007d4       0x28 C:/Program Files/Microchip/xc32/v5.00/bin/bin/../../lib/gcc/pic32c/13.2.1/../../../../pic32c/lib/thumb/v7e-m+dp/hard\libc-musl.a(__pop_ptr.o)
 .debug_frame   0x000007fc       0xd4 C:/Program Files/Microchip/xc32/v5.00/bin/bin/../../lib/gcc/pic32c/13.2.1/../../../../pic32c/lib/thumb/v7e-m+dp/hard\libc-musl.a(__printf_core.o)
 .debug_frame   0x000008d0       0x20 C:/Program Files/Microchip/xc32/v5.00/bin/bin/../../lib/gcc/pic32c/13.2.1/../../../../pic32c/lib/thumb/v7e-m+dp/hard\libc-musl.a(atoi.o)
 .debug_frame   0x000008f0       0x30 C:/Program Files/Microchip/xc32/v5.00/bin/bin/../../lib/gcc/pic32c/13.2.1/../../../../pic32c/lib/thumb/v7e-m+dp/hard\libc-musl.a(tolower.o)
 .debug_frame   0x00000920       0x20 C:/Program Files/Microchip/xc32/v5.00/bin/bin/../../lib/gcc/pic32c/13.2.1/../../../../pic32c/lib/thumb/v7e-m+dp/hard\libc-musl.a(__int_vsprintf.o)
 .debug_frame   0x00000940       0x38 C:/Program Files/Microchip/xc32/v5.00/bin/bin/../../lib/gcc/pic32c/13.2.1/../../../../pic32c/lib/thumb/v7e-m+dp/hard\libc-musl.a(__cvt_u.o)
 .debug_frame   0x00000978       0x20 C:/Program Files/Microchip/xc32/v5.00/bin/bin/../../lib/gcc/pic32c/13.2.1/../../../../pic32c/lib/thumb/v7e-m+dp/hard\libc-musl.a(__pop_float.o)
 .debug_frame   0x00000998       0x30 C:/Program Files/Microchip/xc32/v5.00/bin/bin/../../lib/gcc/pic32c/13.2.1/../../../../pic32c/lib/thumb/v7e-m+dp/hard\libc-musl.a(__int_vsnprintf.o)
 .debug_frame   0x000009c8       0x2c C:/Program Files/Microchip/xc32/v5.00/bin/bin/../../lib/gcc/pic32c/13.2.1/../../../../pic32c/lib/thumb/v7e-m+dp/hard\libc-musl.a(__int_vfprintf.o)
 .debug_frame   0x000009f4       0x2c C:/Program Files/Microchip/xc32/v5.00/bin/bin/../../lib/gcc/pic32c/13.2.1/thumb/v7e-m+dp/hard\libgcc.a(_aeabi_uldivmod.o)
 .debug_frame   0x00000a20       0x34 C:/Program Files/Microchip/xc32/v5.00/bin/bin/../../lib/gcc/pic32c/13.2.1/thumb/v7e-m+dp/hard\libgcc.a(_udivmoddi4.o)
 .debug_frame   0x00000a54       0x20 C:/Program Files/Microchip/xc32/v5.00/bin/bin/../../lib/gcc/pic32c/13.2.1/../../../../pic32c/lib/thumb/v7e-m+dp/hard\libpic32c.a(pic32_data_init_clear.o)
 .debug_frame   0x00000a74       0x28 C:/Program Files/Microchip/xc32/v5.00/bin/bin/../../lib/gcc/pic32c/13.2.1/../../../../pic32c/lib/thumb/v7e-m+dp/hard\libpic32c.a(pic32_data_init_copy.o)
 .debug_frame   0x00000a9c       0x30 C:/Program Files/Microchip/xc32/v5.00/bin/bin/../../lib/gcc/pic32c/13.2.1/../../../../pic32c/lib/thumb/v7e-m+dp/hard\libpic32c.a(pic32_data_init_decompress.o)

.debug_loc      0x00000000     0x3d75
 .debug_loc     0x00000000      0x679 build/default/production/_ext/60167248/plib_efc.o
 .debug_loc     0x00000679      0x256 build/default/production/_ext/1865468468/plib_nvic.o
 .debug_loc     0x000008cf       0x81 build/default/production/_ext/60177924/plib_pio.o
 .debug_loc     0x00000950      0x686 build/default/production/_ext/1865657120/plib_uart3.o
 .debug_loc     0x00000fd6      0x686 build/default/production/_ext/1865657120/plib_uart0.o
 .debug_loc     0x0000165c       0x4b build/default/production/_ext/1171490990/initialization.o
 .debug_loc     0x000016a7       0xa7 build/default/production/_ext/1171490990/startup_xc32.o
 .debug_loc     0x0000174e      0x19b build/default/production/_ext/1360937237/main.o
 .debug_loc     0x000018e9      0x113 C:/Program Files/Microchip/xc32/v5.00/bin/bin/../../lib/gcc/pic32c/13.2.1/../../../../pic32c/lib/thumb/v7e-m+dp/hard\libpic32c.a(data_init.o)
 .debug_loc     0x000019fc      0x10b C:/Program Files/Microchip/xc32/v5.00/bin/bin/../../lib/gcc/pic32c/13.2.1/../../../../pic32c/lib/thumb/v7e-m+dp/hard\libc-size-musl.a(memcpy.o)
 .debug_loc     0x00001b07       0xa5 C:/Program Files/Microchip/xc32/v5.00/bin/bin/../../lib/gcc/pic32c/13.2.1/../../../../pic32c/lib/thumb/v7e-m+dp/hard\libc-size-musl.a(memset.o)
 .debug_loc     0x00001bac       0xaf C:/Program Files/Microchip/xc32/v5.00/bin/bin/../../lib/gcc/pic32c/13.2.1/../../../../pic32c/lib/thumb/v7e-m+dp/hard\libc-size-musl.a(strlen.o)
 .debug_loc     0x00001c5b       0x51 C:/Program Files/Microchip/xc32/v5.00/bin/bin/../../lib/gcc/pic32c/13.2.1/../../../../pic32c/lib/thumb/v7e-m+dp/hard\libc-musl.a(__libc_start_main.o)
 .debug_loc     0x00001cac       0xbc C:/Program Files/Microchip/xc32/v5.00/bin/bin/../../lib/gcc/pic32c/13.2.1/../../../../pic32c/lib/thumb/v7e-m+dp/hard\libc-musl.a(__sio_sprintf_dn.o)
 .debug_loc     0x00001d68      0x196 C:/Program Files/Microchip/xc32/v5.00/bin/bin/../../lib/gcc/pic32c/13.2.1/../../../../pic32c/lib/thumb/v7e-m+dp/hard\libc-musl.a(__fmt_d.o)
 .debug_loc     0x00001efe      0x36f C:/Program Files/Microchip/xc32/v5.00/bin/bin/../../lib/gcc/pic32c/13.2.1/../../../../pic32c/lib/thumb/v7e-m+dp/hard\libc-musl.a(__pop_int.o)
 .debug_loc     0x0000226d      0x157 C:/Program Files/Microchip/xc32/v5.00/bin/bin/../../lib/gcc/pic32c/13.2.1/../../../../pic32c/lib/thumb/v7e-m+dp/hard\libc-musl.a(__pop_ptr.o)
 .debug_loc     0x000023c4      0x5f4 C:/Program Files/Microchip/xc32/v5.00/bin/bin/../../lib/gcc/pic32c/13.2.1/../../../../pic32c/lib/thumb/v7e-m+dp/hard\libc-musl.a(__printf_core.o)
 .debug_loc     0x000029b8       0x9e C:/Program Files/Microchip/xc32/v5.00/bin/bin/../../lib/gcc/pic32c/13.2.1/../../../../pic32c/lib/thumb/v7e-m+dp/hard\libc-musl.a(atoi.o)
 .debug_loc     0x00002a56       0x50 C:/Program Files/Microchip/xc32/v5.00/bin/bin/../../lib/gcc/pic32c/13.2.1/../../../../pic32c/lib/thumb/v7e-m+dp/hard\libc-musl.a(tolower.o)
 .debug_loc     0x00002aa6       0x78 C:/Program Files/Microchip/xc32/v5.00/bin/bin/../../lib/gcc/pic32c/13.2.1/../../../../pic32c/lib/thumb/v7e-m+dp/hard\libc-musl.a(__int_vsprintf.o)
 .debug_loc     0x00002b1e      0x18a C:/Program Files/Microchip/xc32/v5.00/bin/bin/../../lib/gcc/pic32c/13.2.1/../../../../pic32c/lib/thumb/v7e-m+dp/hard\libc-musl.a(__cvt_u.o)
 .debug_loc     0x00002ca8       0xa4 C:/Program Files/Microchip/xc32/v5.00/bin/bin/../../lib/gcc/pic32c/13.2.1/../../../../pic32c/lib/thumb/v7e-m+dp/hard\libc-musl.a(__pop_float.o)
 .debug_loc     0x00002d4c      0x101 C:/Program Files/Microchip/xc32/v5.00/bin/bin/../../lib/gcc/pic32c/13.2.1/../../../../pic32c/lib/thumb/v7e-m+dp/hard\libc-musl.a(__int_vsnprintf.o)
 .debug_loc     0x00002e4d       0xa3 C:/Program Files/Microchip/xc32/v5.00/bin/bin/../../lib/gcc/pic32c/13.2.1/../../../../pic32c/lib/thumb/v7e-m+dp/hard\libc-musl.a(__int_vfprintf.o)
 .debug_loc     0x00002ef0      0xba8 C:/Program Files/Microchip/xc32/v5.00/bin/bin/../../lib/gcc/pic32c/13.2.1/thumb/v7e-m+dp/hard\libgcc.a(_udivmoddi4.o)
 .debug_loc     0x00003a98       0x94 C:/Program Files/Microchip/xc32/v5.00/bin/bin/../../lib/gcc/pic32c/13.2.1/../../../../pic32c/lib/thumb/v7e-m+dp/hard\libpic32c.a(pic32_data_init_clear.o)
 .debug_loc     0x00003b2c       0xf1 C:/Program Files/Microchip/xc32/v5.00/bin/bin/../../lib/gcc/pic32c/13.2.1/../../../../pic32c/lib/thumb/v7e-m+dp/hard\libpic32c.a(pic32_data_init_copy.o)
 .debug_loc     0x00003c1d      0x158 C:/Program Files/Microchip/xc32/v5.00/bin/bin/../../lib/gcc/pic32c/13.2.1/../../../../pic32c/lib/thumb/v7e-m+dp/hard\libpic32c.a(pic32_data_init_decompress.o)

.note.GNU-stack
                0x00000000        0x0
 .note.GNU-stack
                0x00000000        0x0 C:/Program Files/Microchip/xc32/v5.00/bin/bin/../../lib/gcc/pic32c/13.2.1/../../../../pic32c/lib/thumb/v7e-m+dp/hard\libc-size-musl.a(memcpy.o)
 .note.GNU-stack
                0x00000000        0x0 C:/Program Files/Microchip/xc32/v5.00/bin/bin/../../lib/gcc/pic32c/13.2.1/../../../../pic32c/lib/thumb/v7e-m+dp/hard\libc-size-musl.a(memset.o)
 .note.GNU-stack
                0x00000000        0x0 C:/Program Files/Microchip/xc32/v5.00/bin/bin/../../lib/gcc/pic32c/13.2.1/../../../../pic32c/lib/thumb/v7e-m+dp/hard\libc-size-musl.a(strlen.o)
 .note.GNU-stack
                0x00000000        0x0 C:/Program Files/Microchip/xc32/v5.00/bin/bin/../../lib/gcc/pic32c/13.2.1/../../../../pic32c/lib/thumb/v7e-m+dp/hard\libc-musl.a(__libc_start_main.o)
 .note.GNU-stack
                0x00000000        0x0 C:/Program Files/Microchip/xc32/v5.00/bin/bin/../../lib/gcc/pic32c/13.2.1/../../../../pic32c/lib/thumb/v7e-m+dp/hard\libc-musl.a(libc.o)
 .note.GNU-stack
                0x00000000        0x0 C:/Program Files/Microchip/xc32/v5.00/bin/bin/../../lib/gcc/pic32c/13.2.1/../../../../pic32c/lib/thumb/v7e-m+dp/hard\libc-musl.a(__sio_sprintf_dn.o)
 .note.GNU-stack
                0x00000000        0x0 C:/Program Files/Microchip/xc32/v5.00/bin/bin/../../lib/gcc/pic32c/13.2.1/../../../../pic32c/lib/thumb/v7e-m+dp/hard\libc-musl.a(__fmt_d.o)
 .note.GNU-stack
                0x00000000        0x0 C:/Program Files/Microchip/xc32/v5.00/bin/bin/../../lib/gcc/pic32c/13.2.1/../../../../pic32c/lib/thumb/v7e-m+dp/hard\libc-musl.a(__pop_int.o)
 .note.GNU-stack
                0x00000000        0x0 C:/Program Files/Microchip/xc32/v5.00/bin/bin/../../lib/gcc/pic32c/13.2.1/../../../../pic32c/lib/thumb/v7e-m+dp/hard\libc-musl.a(__pop_ptr.o)
 .note.GNU-stack
                0x00000000        0x0 C:/Program Files/Microchip/xc32/v5.00/bin/bin/../../lib/gcc/pic32c/13.2.1/../../../../pic32c/lib/thumb/v7e-m+dp/hard\libc-musl.a(__printf_core.o)
 .note.GNU-stack
                0x00000000        0x0 C:/Program Files/Microchip/xc32/v5.00/bin/bin/../../lib/gcc/pic32c/13.2.1/../../../../pic32c/lib/thumb/v7e-m+dp/hard\libc-musl.a(atoi.o)
 .note.GNU-stack
                0x00000000        0x0 C:/Program Files/Microchip/xc32/v5.00/bin/bin/../../lib/gcc/pic32c/13.2.1/../../../../pic32c/lib/thumb/v7e-m+dp/hard\libc-musl.a(tolower.o)
 .note.GNU-stack
                0x00000000        0x0 C:/Program Files/Microchip/xc32/v5.00/bin/bin/../../lib/gcc/pic32c/13.2.1/../../../../pic32c/lib/thumb/v7e-m+dp/hard\libc-musl.a(__environ.o)
 .note.GNU-stack
                0x00000000        0x0 C:/Program Files/Microchip/xc32/v5.00/bin/bin/../../lib/gcc/pic32c/13.2.1/../../../../pic32c/lib/thumb/v7e-m+dp/hard\libc-musl.a(__errno_location.o)
 .note.GNU-stack
                0x00000000        0x0 C:/Program Files/Microchip/xc32/v5.00/bin/bin/../../lib/gcc/pic32c/13.2.1/../../../../pic32c/lib/thumb/v7e-m+dp/hard\libc-musl.a(__int_vsprintf.o)
 .note.GNU-stack
                0x00000000        0x0 C:/Program Files/Microchip/xc32/v5.00/bin/bin/../../lib/gcc/pic32c/13.2.1/../../../../pic32c/lib/thumb/v7e-m+dp/hard\libc-musl.a(__cvt_u.o)
 .note.GNU-stack
                0x00000000        0x0 C:/Program Files/Microchip/xc32/v5.00/bin/bin/../../lib/gcc/pic32c/13.2.1/../../../../pic32c/lib/thumb/v7e-m+dp/hard\libc-musl.a(__pop_float.o)
 .note.GNU-stack
                0x00000000        0x0 C:/Program Files/Microchip/xc32/v5.00/bin/bin/../../lib/gcc/pic32c/13.2.1/../../../../pic32c/lib/thumb/v7e-m+dp/hard\libc-musl.a(__int_vsnprintf.o)
 .note.GNU-stack
                0x00000000        0x0 C:/Program Files/Microchip/xc32/v5.00/bin/bin/../../lib/gcc/pic32c/13.2.1/../../../../pic32c/lib/thumb/v7e-m+dp/hard\libc-musl.a(__int_vfprintf.o)

.vfp11_veneer%z1

.v4_bx%z2

.iplt%z3

.rel.iplt%z4

.igot.plt%z5

.bss%1          0x20400020       0x50
 .bss           0x20400020       0x50 C:/Program Files/Microchip/xc32/v5.00/bin/bin/../../lib/gcc/pic32c/13.2.1/../../../../pic32c/lib/thumb/v7e-m+dp/hard\libc-musl.a(libc.o)
                0x20400020                __progname_full
                0x20400020                program_invocation_name
                0x20400024                program_invocation_short_name
                0x20400024                __progname
                0x20400028                __sysinfo
                0x2040002c                __hwcap
                0x20400030                __libc

.bss.str%2      0x20400070       0x40
 .bss.str       0x20400070       0x40 build/default/production/_ext/1360937237/main.o
                0x20400070                str

.bss.uart3Obj%3
                0x204000b0       0x30
 .bss.uart3Obj  0x204000b0       0x30 build/default/production/_ext/1865657120/plib_uart3.o

.bss.uart0Obj%4
                0x204000e0       0x30
 .bss.uart0Obj  0x204000e0       0x30 build/default/production/_ext/1865657120/plib_uart0.o

.bss%5          0x20400110       0x1c
 .bss           0x20400110       0x1c C:/Program Files/Microchip/xc32/v5.00/bin/bin/../../lib/gcc/pic32c/13.2.1/thumb/v7e-m+dp/hard/crtbegin.o

.bss.efc_status%6
                0x2040012c        0x4
 .bss.efc_status
                0x2040012c        0x4 build/default/production/_ext/60167248/plib_efc.o

.bss.cmd.1%7    0x20400130        0x4
 .bss.cmd.1     0x20400130        0x4 build/default/production/_ext/1171490990/startup_xc32.o

.bss%8          0x20400134        0x4
 .bss           0x20400134        0x4 C:/Program Files/Microchip/xc32/v5.00/bin/bin/../../lib/gcc/pic32c/13.2.1/../../../../pic32c/lib/thumb/v7e-m+dp/hard\libpic32c.a(data_init.o)

.bss%9          0x20400138        0x4
 .bss           0x20400138        0x4 C:/Program Files/Microchip/xc32/v5.00/bin/bin/../../lib/gcc/pic32c/13.2.1/../../../../pic32c/lib/thumb/v7e-m+dp/hard\libc-musl.a(__environ.o)
                0x20400138                __environ
                0x20400138                environ
                0x20400138                ___environ
                0x20400138                _environ

.bss%10         0x2040013c        0x4
 .bss           0x2040013c        0x4 C:/Program Files/Microchip/xc32/v5.00/bin/bin/../../lib/gcc/pic32c/13.2.1/../../../../pic32c/lib/thumb/v7e-m+dp/hard\libc-musl.a(__errno_location.o)
                0x2040013c                __errno_val

.data.arr%11    0x20400140      0x200
 .data.arr      0x20400140      0x200 build/default/production/_ext/1360937237/main.o
                0x20400140                arr

.eh_frame%z6    0x00000000        0x0
 .eh_frame      0x00000000        0x0 C:/Program Files/Microchip/xc32/v5.00/bin/bin/../../lib/gcc/pic32c/13.2.1/thumb/v7e-m+dp/hard/crtbegin.o

.config_D0000000%12
                0xd0000000        0x4
 .config_D0000000
                0xd0000000        0x4 build/default/production/_ext/1171490990/initialization.o
                0xd0000000                __config_D0000000

.text.__printf_core%13
                0x00400190      0x330
 .text.__printf_core
                0x00400190      0x330 C:/Program Files/Microchip/xc32/v5.00/bin/bin/../../lib/gcc/pic32c/13.2.1/../../../../pic32c/lib/thumb/v7e-m+dp/hard\libc-musl.a(__printf_core.o)
                0x00400190                __printf_core

.text%14        0x004004c0      0x2a0
 .text          0x004004c0      0x2a0 C:/Program Files/Microchip/xc32/v5.00/bin/bin/../../lib/gcc/pic32c/13.2.1/thumb/v7e-m+dp/hard\libgcc.a(_udivmoddi4.o)
                0x004004c0                __udivmoddi4

.text.main%15   0x00400760      0x228
 .text.main     0x00400760      0x228 build/default/production/_ext/1360937237/main.o
                0x00400760                main

.text.Reset_Handler%16
                0x00400988      0x180
 .text.Reset_Handler
                0x00400988      0x180 build/default/production/_ext/1171490990/startup_xc32.o
                0x00400988                Reset_Handler

.text.__pop_int%17
                0x00400b08       0xc4
 .text.__pop_int
                0x00400b08       0xc4 C:/Program Files/Microchip/xc32/v5.00/bin/bin/../../lib/gcc/pic32c/13.2.1/../../../../pic32c/lib/thumb/v7e-m+dp/hard\libc-musl.a(__pop_int.o)
                0x00400b08                __pop_int_needed
                0x00400b08                __pop_int

.text.PIO_Initialize%18
                0x00400bcc       0xbc
 .text.PIO_Initialize
                0x00400bcc       0xbc build/default/production/_ext/60177924/plib_pio.o
                0x00400bcc                PIO_Initialize

.text.__fmt_d%19
                0x00400c88       0xa4
 .text.__fmt_d  0x00400c88       0xa4 C:/Program Files/Microchip/xc32/v5.00/bin/bin/../../lib/gcc/pic32c/13.2.1/../../../../pic32c/lib/thumb/v7e-m+dp/hard\libc-musl.a(__fmt_d.o)
                0x00400c88                __fmt_d
                0x00400c88                __fmt_d_needed

.text.EFC_PageWrite%20
                0x00400d2c       0x90
 .text.EFC_PageWrite
                0x00400d2c       0x90 build/default/production/_ext/60167248/plib_efc.o
                0x00400d2c                EFC_PageWrite

.dinit%21       0x00400dbc       0x80
 .dinit         0x00400dbc       0x80 data_init

.text.__pad%22  0x00400e3c       0x7c
 .text.__pad    0x00400e3c       0x7c C:/Program Files/Microchip/xc32/v5.00/bin/bin/../../lib/gcc/pic32c/13.2.1/../../../../pic32c/lib/thumb/v7e-m+dp/hard\libc-musl.a(__printf_core.o)
                0x00400e3c                __pad

.text.__cvt_u%23
                0x00400eb8       0x78
 .text.__cvt_u  0x00400eb8       0x78 C:/Program Files/Microchip/xc32/v5.00/bin/bin/../../lib/gcc/pic32c/13.2.1/../../../../pic32c/lib/thumb/v7e-m+dp/hard\libc-musl.a(__cvt_u.o)
                0x00400eb8                __cvt_u

.text.__pop_ptr%24
                0x00400f30       0x70
 .text.__pop_ptr
                0x00400f30       0x70 C:/Program Files/Microchip/xc32/v5.00/bin/bin/../../lib/gcc/pic32c/13.2.1/../../../../pic32c/lib/thumb/v7e-m+dp/hard\libc-musl.a(__pop_ptr.o)
                0x00400f30                __pop_ptr
                0x00400f30                __pop_ptr_needed

.text.CLOCK_Initialize%25
                0x00400fa0       0x6c
 .text.CLOCK_Initialize
                0x00400fa0       0x6c build/default/production/_ext/60165520/plib_clk.o
                0x00400fa0                CLOCK_Initialize

.text.UART3_ISR_TX_Handler%26
                0x0040100c       0x68
 .text.UART3_ISR_TX_Handler
                0x0040100c       0x68 build/default/production/_ext/1865657120/plib_uart3.o

.text.UART0_ISR_TX_Handler%27
                0x00401074       0x68
 .text.UART0_ISR_TX_Handler
                0x00401074       0x68 build/default/production/_ext/1865657120/plib_uart0.o

.text.EFC_SectorErase%28
                0x004010dc       0x64
 .text.EFC_SectorErase
                0x004010dc       0x64 build/default/production/_ext/60167248/plib_efc.o
                0x004010dc                EFC_SectorErase

.text.UART3_ISR_RX_Handler%29
                0x00401140       0x64
 .text.UART3_ISR_RX_Handler
                0x00401140       0x64 build/default/production/_ext/1865657120/plib_uart3.o

.text.UART0_ISR_RX_Handler%30
                0x004011a4       0x64
 .text.UART0_ISR_RX_Handler
                0x004011a4       0x64 build/default/production/_ext/1865657120/plib_uart0.o

.text.NVIC_Initialize%31
                0x00401208       0x5c
 .text.NVIC_Initialize
                0x00401208       0x5c build/default/production/_ext/1865468468/plib_nvic.o
                0x00401208                NVIC_Initialize

.text.__libc_start_init%32
                0x00401264       0x5c
 .text.__libc_start_init
                0x00401264       0x5c C:/Program Files/Microchip/xc32/v5.00/bin/bin/../../lib/gcc/pic32c/13.2.1/../../../../pic32c/lib/thumb/v7e-m+dp/hard\libc-musl.a(__libc_start_main.o)
                0x00401264                __libc_init_array

.text.UART3_InterruptHandler%33
                0x004012c0       0x50
 .text.UART3_InterruptHandler
                0x004012c0       0x50 build/default/production/_ext/1865657120/plib_uart3.o
                0x004012c0                UART3_InterruptHandler

.text.UART0_InterruptHandler%34
                0x00401310       0x50
 .text.UART0_InterruptHandler
                0x00401310       0x50 build/default/production/_ext/1865657120/plib_uart0.o
                0x00401310                UART0_InterruptHandler

.text.__vsnprintf%35
                0x00401360       0x50
 .text.__vsnprintf
                0x00401360       0x50 C:/Program Files/Microchip/xc32/v5.00/bin/bin/../../lib/gcc/pic32c/13.2.1/../../../../pic32c/lib/thumb/v7e-m+dp/hard\libc-musl.a(__int_vsnprintf.o)
                0x00401360                __vsnprintf

.text.UART3_Write%36
                0x004013b0       0x4c
 .text.UART3_Write
                0x004013b0       0x4c build/default/production/_ext/1865657120/plib_uart3.o
                0x004013b0                UART3_Write

.text.atoi%37   0x004013fc       0x48
 .text.atoi     0x004013fc       0x48 C:/Program Files/Microchip/xc32/v5.00/bin/bin/../../lib/gcc/pic32c/13.2.1/../../../../pic32c/lib/thumb/v7e-m+dp/hard\libc-musl.a(atoi.o)
                0x004013fc                atoi

.text%38        0x00401444       0x40
 .text          0x00401444       0x40 C:/Program Files/Microchip/xc32/v5.00/bin/bin/../../lib/gcc/pic32c/13.2.1/thumb/v7e-m+dp/hard/crtbegin.o

.text.UART3_Initialize%39
                0x00401484       0x3c
 .text.UART3_Initialize
                0x00401484       0x3c build/default/production/_ext/1865657120/plib_uart3.o
                0x00401484                UART3_Initialize

.text.UART0_Initialize%40
                0x004014c0       0x3c
 .text.UART0_Initialize
                0x004014c0       0x3c build/default/production/_ext/1865657120/plib_uart0.o
                0x004014c0                UART0_Initialize

.text.__dinit_decompress%41
                0x004014fc       0x3c
 .text.__dinit_decompress
                0x004014fc       0x3c C:/Program Files/Microchip/xc32/v5.00/bin/bin/../../lib/gcc/pic32c/13.2.1/../../../../pic32c/lib/thumb/v7e-m+dp/hard\libpic32c.a(pic32_data_init_decompress.o)
                0x004014fc                __dinit_decompress
                0x004014fc                __dinit_decompress_needed

.text.__fmt_state%42
                0x00401538       0x38
 .text.__fmt_state
                0x00401538       0x38 C:/Program Files/Microchip/xc32/v5.00/bin/bin/../../lib/gcc/pic32c/13.2.1/../../../../pic32c/lib/thumb/v7e-m+dp/hard\libc-musl.a(__printf_core.o)
                0x00401538                __fmt_state

.text.__pic32c_data_initialization%43
                0x00401570       0x34
 .text.__pic32c_data_initialization
                0x00401570       0x34 C:/Program Files/Microchip/xc32/v5.00/bin/bin/../../lib/gcc/pic32c/13.2.1/../../../../pic32c/lib/thumb/v7e-m+dp/hard\libpic32c.a(data_init.o)
                0x00401570                __pic32c_data_initialization

.text.SYS_Initialize%44
                0x004015a4       0x30
 .text.SYS_Initialize
                0x004015a4       0x30 build/default/production/_ext/1171490990/initialization.o
                0x004015a4                SYS_Initialize

.text%45        0x004015d4       0x30
 .text          0x004015d4       0x30 C:/Program Files/Microchip/xc32/v5.00/bin/bin/../../lib/gcc/pic32c/13.2.1/thumb/v7e-m+dp/hard\libgcc.a(_aeabi_uldivmod.o)
                0x004015d4                __aeabi_uldivmod

.text.EFC_RegionUnlock%46
                0x00401604       0x2c
 .text.EFC_RegionUnlock
                0x00401604       0x2c build/default/production/_ext/60167248/plib_efc.o
                0x00401604                EFC_RegionUnlock

.text.__pop_float%47
                0x00401630       0x2a
 .text.__pop_float
                0x00401630       0x2a C:/Program Files/Microchip/xc32/v5.00/bin/bin/../../lib/gcc/pic32c/13.2.1/../../../../pic32c/lib/thumb/v7e-m+dp/hard\libc-musl.a(__pop_float.o)
                0x00401630                __pop_float_needed
                0x00401630                __pop_float

.text.__string_out%48
                0x0040165a       0x28
 .text.__string_out
                0x0040165a       0x28 C:/Program Files/Microchip/xc32/v5.00/bin/bin/../../lib/gcc/pic32c/13.2.1/../../../../pic32c/lib/thumb/v7e-m+dp/hard\libc-musl.a(__printf_core.o)
                0x0040165a                __out

.text.EFC_IsBusy%49
                0x00401684       0x20
 .text.EFC_IsBusy
                0x00401684       0x20 build/default/production/_ext/60167248/plib_efc.o
                0x00401684                EFC_IsBusy

.text.__dinit_copy%50
                0x004016a4       0x1e
 .text.__dinit_copy
                0x004016a4       0x1e C:/Program Files/Microchip/xc32/v5.00/bin/bin/../../lib/gcc/pic32c/13.2.1/../../../../pic32c/lib/thumb/v7e-m+dp/hard\libpic32c.a(pic32_data_init_copy.o)
                0x004016a4                __dinit_copy_needed
                0x004016a4                __dinit_copy

.text.__vfprintf%51
                0x004016c2       0x1c
 .text.__vfprintf
                0x004016c2       0x1c C:/Program Files/Microchip/xc32/v5.00/bin/bin/../../lib/gcc/pic32c/13.2.1/../../../../pic32c/lib/thumb/v7e-m+dp/hard\libc-musl.a(__int_vfprintf.o)
                0x004016c2                __vfprintf

.text.__wrap_sprintf%52
                0x004016de       0x1a
 .text.__wrap_sprintf
                0x004016de       0x1a C:/Program Files/Microchip/xc32/v5.00/bin/bin/../../lib/gcc/pic32c/13.2.1/../../../../pic32c/lib/thumb/v7e-m+dp/hard\libc-musl.a(__sio_sprintf_dn.o)
                0x004016de                _dsprintf_dn
                0x004016de                _sprintf_dn

.text.delay%53  0x004016f8       0x18
 .text.delay    0x004016f8       0x18 build/default/production/_ext/1360937237/main.o
                0x004016f8                delay

.text.memcpy%54
                0x00401710       0x18
 .text.memcpy   0x00401710       0x18 C:/Program Files/Microchip/xc32/v5.00/bin/bin/../../lib/gcc/pic32c/13.2.1/../../../../pic32c/lib/thumb/v7e-m+dp/hard\libc-size-musl.a(memcpy.o)
                0x00401710                memcpy

.text.strlen%55
                0x00401728       0x18
 .text.strlen   0x00401728       0x18 C:/Program Files/Microchip/xc32/v5.00/bin/bin/../../lib/gcc/pic32c/13.2.1/../../../../pic32c/lib/thumb/v7e-m+dp/hard\libc-size-musl.a(strlen.o)
                0x00401728                strlen

.rodata%56      0x00401740       0x16
 .rodata        0x00401740       0x16 C:/Program Files/Microchip/xc32/v5.00/bin/bin/../../lib/gcc/pic32c/13.2.1/../../../../pic32c/lib/thumb/v7e-m+dp/hard\libc-musl.a(__printf_core.o)

.rodata.main.str1.4%57
                0x00401758       0x14
 .rodata.main.str1.4
                0x00401758       0x14 build/default/production/_ext/1360937237/main.o

.rodata%58      0x0040176c       0x14
 .rodata        0x0040176c       0x14 C:/Program Files/Microchip/xc32/v5.00/bin/bin/../../lib/gcc/pic32c/13.2.1/../../../../pic32c/lib/thumb/v7e-m+dp/hard\libpic32c.a(data_init.o)

.text.memset%59
                0x00401780       0x14
 .text.memset   0x00401780       0x14 C:/Program Files/Microchip/xc32/v5.00/bin/bin/../../lib/gcc/pic32c/13.2.1/../../../../pic32c/lib/thumb/v7e-m+dp/hard\libc-size-musl.a(memset.o)
                0x00401780                memset

.text.__dinit_clear%60
                0x00401794       0x12
 .text.__dinit_clear
                0x00401794       0x12 C:/Program Files/Microchip/xc32/v5.00/bin/bin/../../lib/gcc/pic32c/13.2.1/../../../../pic32c/lib/thumb/v7e-m+dp/hard\libpic32c.a(pic32_data_init_clear.o)
                0x00401794                __dinit_clear
                0x00401794                __dinit_clear_needed

.text.EFC_Initialize%61
                0x004017a8       0x10
 .text.EFC_Initialize
                0x004017a8       0x10 build/default/production/_ext/60167248/plib_efc.o
                0x004017a8                EFC_Initialize

.text.tolower%62
                0x004017b8        0xe
 .text.tolower  0x004017b8        0xe C:/Program Files/Microchip/xc32/v5.00/bin/bin/../../lib/gcc/pic32c/13.2.1/../../../../pic32c/lib/thumb/v7e-m+dp/hard\libc-musl.a(tolower.o)
                0x004017b8                tolower

.text.__vsprintf%63
                0x004017c6        0xc
 .text.__vsprintf
                0x004017c6        0xc C:/Program Files/Microchip/xc32/v5.00/bin/bin/../../lib/gcc/pic32c/13.2.1/../../../../pic32c/lib/thumb/v7e-m+dp/hard\libc-musl.a(__int_vsprintf.o)
                0x004017c6                __vsprintf

.rodata.str1.1%64
                0x004017d2        0x8
 .rodata.str1.1
                0x004017d2        0x8 C:/Program Files/Microchip/xc32/v5.00/bin/bin/../../lib/gcc/pic32c/13.2.1/../../../../pic32c/lib/thumb/v7e-m+dp/hard\libc-musl.a(__printf_core.o)

.text.__dummy_decompress%65
                0x004017da        0x4
 .text.__dummy_decompress
                0x004017da        0x4 C:/Program Files/Microchip/xc32/v5.00/bin/bin/../../lib/gcc/pic32c/13.2.1/../../../../pic32c/lib/thumb/v7e-m+dp/hard\libpic32c.a(data_init.o)
                0x004017da                __dinit_copy_val_data
                0x004017da                __dinit_copy_emb

.text.__dummy_fmt3%66
                0x004017de        0x4
 .text.__dummy_fmt3
                0x004017de        0x4 C:/Program Files/Microchip/xc32/v5.00/bin/bin/../../lib/gcc/pic32c/13.2.1/../../../../pic32c/lib/thumb/v7e-m+dp/hard\libc-musl.a(__printf_core.o)
                0x004017de                __fmt_o
                0x004017de                __fmt_u

.text.__dummy_fmt4%67
                0x004017e2        0x4
 .text.__dummy_fmt4
                0x004017e2        0x4 C:/Program Files/Microchip/xc32/v5.00/bin/bin/../../lib/gcc/pic32c/13.2.1/../../../../pic32c/lib/thumb/v7e-m+dp/hard\libc-musl.a(__printf_core.o)
                0x004017e2                __fmt_fp
                0x004017e2                __fmt_x
                0x004017e2                __fmt_a

.text.__dummy_fmts%68
                0x004017e6        0x4
 .text.__dummy_fmts
                0x004017e6        0x4 C:/Program Files/Microchip/xc32/v5.00/bin/bin/../../lib/gcc/pic32c/13.2.1/../../../../pic32c/lib/thumb/v7e-m+dp/hard\libc-musl.a(__printf_core.o)
                0x004017e6                __fmt_s

.text%69        0x004017ec        0x4
 .text          0x004017ec        0x4 C:/Program Files/Microchip/xc32/v5.00/bin/bin/../../lib/gcc/pic32c/13.2.1/thumb/v7e-m+dp/hard\libgcc.a(_dvmd_tls.o)
                0x004017ec                __aeabi_idiv0
                0x004017ec                __aeabi_ldiv0

.text.Dummy_Handler%70
                0x00401682        0x2
 .text.Dummy_Handler
                0x00401682        0x2 build/default/production/_ext/1171490990/interrupts.o
                0x00401682                DACC_Handler
                0x00401682                SVCall_Handler
                0x00401682                TC0_CH2_Handler
                0x00401682                TC3_CH1_Handler
                0x00401682                UART2_Handler
                0x00401682                TRNG_Handler
                0x00401682                SysTick_Handler