Archive member included to satisfy reference by file (symbol)

C:/Program Files/Microchip/xc32/v5.00/bin/bin/../../lib/gcc/pic32c/13.2.1/../../../../pic32c/lib/thumb/v7e-m+dp/hard\libpic32c.a(data_init.o)
                              build/default/debug/_ext/1171490990/startup_xc32.o (__pic32c_data_initialization)
C:/Program Files/Microchip/xc32/v5.00/bin/bin/../../lib/gcc/pic32c/13.2.1/../../../../pic32c/lib/thumb/v7e-m+dp/hard\libc-size-musl.a(memcpy.o)
                              build/default/debug/_ext/60167248/plib_efc.o (memcpy)
C:/Program Files/Microchip/xc32/v5.00/bin/bin/../../lib/gcc/pic32c/13.2.1/../../../../pic32c/lib/thumb/v7e-m+dp/hard\libc-size-musl.a(memset.o)
                              build/default/debug/_ext/216470852/uart_irq.o (memset)
C:/Program Files/Microchip/xc32/v5.00/bin/bin/../../lib/gcc/pic32c/13.2.1/../../../../pic32c/lib/thumb/v7e-m+dp/hard\libc-size-musl.a(strlen.o)
                              build/default/debug/_ext/216470852/uart_irq.o (strlen)
C:/Program Files/Microchip/xc32/v5.00/bin/bin/../../lib/gcc/pic32c/13.2.1/../../../../pic32c/lib/thumb/v7e-m+dp/hard\libc-size-musl.a(strncpy.o)
                              build/default/debug/_ext/1260377903/ring_buffer.o (strncpy)
C:/Program Files/Microchip/xc32/v5.00/bin/bin/../../lib/gcc/pic32c/13.2.1/../../../../pic32c/lib/thumb/v7e-m+dp/hard\libc-size-musl.a(stpncpy.o)
                              C:/Program Files/Microchip/xc32/v5.00/bin/bin/../../lib/gcc/pic32c/13.2.1/../../../../pic32c/lib/thumb/v7e-m+dp/hard\libc-size-musl.a(strncpy.o) (__stpncpy)
C:/Program Files/Microchip/xc32/v5.00/bin/bin/../../lib/gcc/pic32c/13.2.1/../../../../pic32c/lib/thumb/v7e-m+dp/hard\libg-musl.a(__libc_start_main.o)
                              build/default/debug/_ext/1171490990/startup_xc32.o (__libc_init_array)
C:/Program Files/Microchip/xc32/v5.00/bin/bin/../../lib/gcc/pic32c/13.2.1/../../../../pic32c/lib/thumb/v7e-m+dp/hard\libg-musl.a(libc.o)
                              C:/Program Files/Microchip/xc32/v5.00/bin/bin/../../lib/gcc/pic32c/13.2.1/../../../../pic32c/lib/thumb/v7e-m+dp/hard\libg-musl.a(__libc_start_main.o) (__progname_full)
C:/Program Files/Microchip/xc32/v5.00/bin/bin/../../lib/gcc/pic32c/13.2.1/../../../../pic32c/lib/thumb/v7e-m+dp/hard\libg-musl.a(__environ.o)
                              C:/Program Files/Microchip/xc32/v5.00/bin/bin/../../lib/gcc/pic32c/13.2.1/../../../../pic32c/lib/thumb/v7e-m+dp/hard\libg-musl.a(__libc_start_main.o) (__environ)
C:/Program Files/Microchip/xc32/v5.00/bin/bin/../../lib/gcc/pic32c/13.2.1/../../../../pic32c/lib/thumb/v7e-m+dp/hard\libpic32c.a(pic32_data_init_clear.o)
                              (__dinit_clear_needed)
C:/Program Files/Microchip/xc32/v5.00/bin/bin/../../lib/gcc/pic32c/13.2.1/../../../../pic32c/lib/thumb/v7e-m+dp/hard\libpic32c.a(pic32_data_init_copy.o)
                              (__dinit_copy_needed)
C:/Program Files/Microchip/xc32/v5.00/bin/bin/../../lib/gcc/pic32c/13.2.1/../../../../pic32c/lib/thumb/v7e-m+dp/hard\libpic32c.a(pic32_data_init_decompress.o)
                              (__dinit_decompress_needed)

Microchip PIC32 Memory-Usage Report

ROM Program-Memory Usage
section                    address  length [bytes]      (dec)  Description
-------                 ----------  -------------------------  -----------
.vectors                  0x400000          0x168         360   
.text                     0x400168           0x20          32  App's exec code 
.text.Reset_Handler       0x400188          0x184         388   
.dinit                    0x40030c           0xf0         240   
.text.PIO_Initialize      0x4003fc           0xbc         188   
.text.BlProtocol_Proces   0x4004b8           0xb6         182   
.text.UART_RX_Callback    0x40056e           0x78         120   
.text.Dummy_App_Func      0x4005e6            0x2           2   
.text.UART_Driver_Init    0x4005e8           0x70         112   
.text.CLOCK_Initialize    0x400658           0x6c         108   
.text.UART3_ISR_TX_Hand   0x4006c4           0x68         104   
.text.UART0_ISR_TX_Hand   0x40072c           0x68         104   
.text.UART3_ISR_RX_Hand   0x400794           0x64         100   
.text.UART0_ISR_RX_Hand   0x4007f8           0x64         100   
.text.UART3_InterruptHa   0x40085c           0x60          96   
.text.NVIC_Initialize     0x4008bc           0x5c          92   
.text.__libc_start_init   0x400918           0x5c          92   
.text.BlCommand_Execute   0x400974           0x5a          90   
.text.BootloaderJumpHan   0x4009ce            0x2           2   
.text.UART0_InterruptHa   0x4009d0           0x50          80   
.text.Bootloader_Run      0x400a20           0x42          66   
.text.__dummy_init_tls    0x400a62            0x2           2   
.text                     0x400a64           0x40          64  App's exec code 
.text.stpncpy             0x400aa4           0x40          64   
.text.UART3_Initialize    0x400ae4           0x3c          60   
[...]
Memory Configuration

Name             Origin             Length             Attributes
rom              0x00400000         0x0000bf00         xrl
ApplicationFooter 0x0040bf00         0x00000100         xr
JumpSignature    0x20400000         0x00000020         xrw
ram              0x20400020         0x0005ffe0         xrw
itcm             0x00000000         0x00000000         xw
dtcm             0x20000000         0x00000000         xw!r
*default*        0x00000000         0xffffffff

Linker script and memory map

LOAD C:/Program Files/Microchip/xc32/v5.00/bin/bin/../../lib/gcc/pic32c/13.2.1/thumb/v7e-m+dp/hard/crti.o
LOAD C:/Program Files/Microchip/xc32/v5.00/bin/bin/../../lib/gcc/pic32c/13.2.1/thumb/v7e-m+dp/hard/crtbegin.o
LOAD build/default/debug/_ext/60165520/plib_clk.o
LOAD build/default/debug/_ext/60167248/plib_efc.o
LOAD build/default/debug/_ext/1865468468/plib_nvic.o
LOAD build/default/debug/_ext/60177924/plib_pio.o
LOAD build/default/debug/_ext/1865657120/plib_uart3.o
LOAD build/default/debug/_ext/1865657120/plib_uart0.o
LOAD build/default/debug/_ext/163028504/xc32_monitor.o
LOAD build/default/debug/_ext/1171490990/initialization.o
LOAD build/default/debug/_ext/1171490990/interrupts.o
LOAD build/default/debug/_ext/1171490990/exceptions.o
LOAD build/default/debug/_ext/1171490990/startup_xc32.o
LOAD build/default/debug/_ext/1171490990/libc_syscalls.o
LOAD build/default/debug/_ext/216470852/uart_dma.o
LOAD build/default/debug/_ext/216470852/uart_irq.o
LOAD build/default/debug/_ext/1225992677/prnf.o
LOAD build/default/debug/_ext/1260377903/ring_buffer.o
LOAD build/default/debug/_ext/1360937237/bl_command.o
LOAD build/default/debug/_ext/1360937237/bl_flash.o
LOAD build/default/debug/_ext/1360937237/bl_protocol.o
LOAD build/default/debug/_ext/1360937237/bl_transport.o
LOAD build/default/debug/_ext/1360937237/bootloader.o
LOAD build/default/debug/_ext/1360937237/main.o
                0x00000001                        __MPLAB_BUILD = 0x1
                0x0040bf00                        __rom_end = (ORIGIN (rom) + LENGTH (rom))
                0x20460000                        __ram_end = (ORIGIN (ram) + LENGTH (ram))

.ApplicationFooter
                0x0040bf00      0x100
 *(.ApplicationFooterData .ApplicationFooterData.*)
 .ApplicationFooterData
                0x0040bf00      0x100 build/default/debug/_ext/1360937237/main.o
                0x0040bf00                sBootLoaderFooter

.vectors        0x00400000      0x168
                0x00400000                        . = ALIGN (0x4)
                0x00400000                        _sfixed = .
 *(.vectors .vectors.* .vectors_default .vectors_default.*)
 .vectors       0x00400000      0x168 build/default/debug/_ext/1171490990/interrupts.o
                0x00400000                exception_table
 *(.isr_vector)
 *(.reset*)
 *(.after_vectors)

.text           0x00400168       0x20
                0x00400168                        . = ALIGN (0x4)
 *(.glue_7t)
 .glue_7t       0x00400168        0x0 linker stubs
 *(.glue_7)
 .glue_7        0x00400168        0x0 linker stubs
 *(.gnu.linkonce.r.*)
 *(.ARM.extab* .gnu.linkonce.armextab.*)
                0x00400168                        . = ALIGN (0x4)
 *(.init)
 .init          0x00400168        0x4 C:/Program Files/Microchip/xc32/v5.00/bin/bin/../../lib/gcc/pic32c/13.2.1/thumb/v7e-m+dp/hard/crti.o
                0x00400168                _init
 .init          0x0040016c        0x8 C:/Program Files/Microchip/xc32/v5.00/bin/bin/../../lib/gcc/pic32c/13.2.1/thumb/v7e-m+dp/hard/crtn.o
                0x00400174                        . = ALIGN (0x4)
                0x00400174                        __preinit_array_start = .
 *(.preinit_array)
                0x00400174                        __preinit_array_end = .
                0x00400174                        . = ALIGN (0x4)
                0x00400174                        __init_array_start = .
 *(SORT_BY_NAME(.init_array.*))
 *(.init_array)
 .init_array    0x00400174        0x4 C:/Program Files/Microchip/xc32/v5.00/bin/bin/../../lib/gcc/pic32c/13.2.1/thumb/v7e-m+dp/hard/crtbegin.o
                0x00400178                        __init_array_end = .
                0x00400178                        . = ALIGN (0x4)
 *crtbegin.o(.ctors)
 *(EXCLUDE_FILE(*crtend.o) .ctors)
 *(SORT_BY_NAME(.ctors.*))
 *crtend.o(.ctors)
                0x00400178                        . = ALIGN (0x4)
 *(.fini)
 .fini          0x00400178        0x4 C:/Program Files/Microchip/xc32/v5.00/bin/bin/../../lib/gcc/pic32c/13.2.1/thumb/v7e-m+dp/hard/crti.o
                0x00400178                _fini
 .fini          0x0040017c        0x8 C:/Program Files/Microchip/xc32/v5.00/bin/bin/../../lib/gcc/pic32c/13.2.1/thumb/v7e-m+dp/hard/crtn.o
                0x00400184                        . = ALIGN (0x4)
                0x00400184                        __fini_array_start = .
 *(.fini_array)
 .fini_array    0x00400184        0x4 C:/Program Files/Microchip/xc32/v5.00/bin/bin/../../lib/gcc/pic32c/13.2.1/thumb/v7e-m+dp/hard/crtbegin.o
 *(SORT_BY_NAME(.fini_array.*))
                0x00400188                        __fini_array_end = .
 *crtbegin.o(.dtors)
 *(EXCLUDE_FILE(*crtend.o) .dtors)
 *(SORT_BY_NAME(.dtors.*))
 *crtend.o(.dtors)
                0x00400188                        . = ALIGN (0x4)
                0x00400188                        _efixed = .
                [!provide]                        PROVIDE (__exidx_start = .)

.ARM.exidx
 *(.ARM.exidx* .gnu.linkonce.armexidx.*)
                [!provide]                        PROVIDE (__exidx_end = .)
                0x00400188                        . = ALIGN (0x4)
                0x00400188                        _etext = .

.JumpSignature
 *(.JumpSignatureData)

.bss            0x20400020        0x0
                0x20400020                        . = ALIGN (0x4)
                0x20400020                        __bss_start__ = .
                0x20400020                        _sbss = .
                0x20400020                        _szero = .
 *(COMMON)
                0x20400020                        . = ALIGN (0x4)
                0x20400020                        __bss_end__ = .
                0x20400020                        _ebss = .
                0x20400020                        _ezero = .
                0x20400020                        . = ALIGN (0x4)
                0x20400020                        _end = .
                0x2045ffff                        _ram_end_ = ((ORIGIN (ram) + LENGTH (ram)) - 0x1)
                0x00000001                        __ICD2RAM = 0x1
                0x00000001                        __MPLAB_DEBUG = 0x1
                0x00000001                        __DEBUG = 0x1
                0x00000200                        _min_heap_size = 0x200
START GROUP
LOAD C:/Program Files/Microchip/xc32/v5.00/bin/bin/../../lib/gcc/pic32c/13.2.1/../../../../pic32c/lib/thumb/v7e-m+dp/hard\libpic32c.a
LOAD C:/Program Files/Microchip/xc32/v5.00/bin/bin/../../lib/gcc/pic32c/13.2.1/../../../../pic32c/lib/thumb/v7e-m+dp/hard\libc-size-musl.a
LOAD C:/Program Files/Microchip/xc32/v5.00/bin/bin/../../lib/gcc/pic32c/13.2.1/../../../../pic32c/lib/thumb/v7e-m+dp/hard\liblmalloc-musl.a
LOAD C:/Program Files/Microchip/xc32/v5.00/bin/bin/../../lib/gcc/pic32c/13.2.1/../../../../pic32c/lib/thumb/v7e-m+dp/hard\libg-musl.a
LOAD C:/Program Files/Microchip/xc32/v5.00/bin/bin/../../lib/gcc/pic32c/13.2.1/../../../../pic32c/lib/thumb/v7e-m+dp/hard\libc-musl.a
LOAD C:/Program Files/Microchip/xc32/v5.00/bin/bin/../../lib/gcc/pic32c/13.2.1/../../../../pic32c/lib/thumb/v7e-m+dp/hard\libm-fast-emfloat.a
LOAD C:/Program Files/Microchip/xc32/v5.00/bin/bin/../../lib/gcc/pic32c/13.2.1/../../../../pic32c/lib/thumb/v7e-m+dp/hard\libm-musl.a
END GROUP
LOAD C:/Program Files/Microchip/xc32/v5.00/bin/bin/../../lib/gcc/pic32c/13.2.1/thumb/v7e-m+dp/hard\libgcc.a
LOAD C:/Program Files/Microchip/xc32/v5.00/bin/bin/../../lib/gcc/pic32c/13.2.1/thumb/v7e-m+dp/hard/crtend.o
LOAD C:/Program Files/Microchip/xc32/v5.00/bin/bin/../../lib/gcc/pic32c/13.2.1/thumb/v7e-m+dp/hard/crtn.o
OUTPUT(dist/default/debug/Bootloader.X.debug.elf elf32-littlearm)
LOAD linker stubs
LOAD data_init

.note           0x00000000      0x3c0
 .note          0x00000000       0x18 C:/Program Files/Microchip/xc32/v5.00/bin/bin/../../lib/gcc/pic32c/13.2.1/thumb/v7e-m+dp/hard/crti.o
 .note          0x00000018       0x18 C:/Program Files/Microchip/xc32/v5.00/bin/bin/../../lib/gcc/pic32c/13.2.1/thumb/v7e-m+dp/hard/crtbegin.o
 .note          0x00000030       0x18 build/default/debug/_ext/60165520/plib_clk.o
 .note          0x00000048       0x18 build/default/debug/_ext/60167248/plib_efc.o
 .note          0x00000060       0x18 build/default/debug/_ext/1865468468/plib_nvic.o
 .note          0x00000078       0x18 build/default/debug/_ext/60177924/plib_pio.o
 .note          0x00000090       0x18 build/default/debug/_ext/1865657120/plib_uart3.o
 .note          0x000000a8       0x18 build/default/debug/_ext/1865657120/plib_uart0.o
 .note          0x000000c0       0x18 build/default/debug/_ext/163028504/xc32_monitor.o
 .note          0x000000d8       0x48 build/default/debug/_ext/1171490990/initialization.o
 .note          0x00000120       0x18 build/default/debug/_ext/1171490990/interrupts.o
 .note          0x00000138       0x18 build/default/debug/_ext/1171490990/exceptions.o
 .note          0x00000150       0x18 build/default/debug/_ext/1171490990/startup_xc32.o
 .note          0x00000168       0x18 build/default/debug/_ext/1171490990/libc_syscalls.o
 .note          0x00000180       0x18 build/default/debug/_ext/216470852/uart_dma.o
 .note          0x00000198       0x18 build/default/debug/_ext/216470852/uart_irq.o
 .note          0x000001b0       0x18 build/default/debug/_ext/1225992677/prnf.o
 .note          0x000001c8       0x18 build/default/debug/_ext/1260377903/ring_buffer.o
 .note          0x000001e0       0x18 build/default/debug/_ext/1360937237/bl_command.o
 .note          0x000001f8       0x18 build/default/debug/_ext/1360937237/bl_flash.o
 .note          0x00000210       0x18 build/default/debug/_ext/1360937237/bl_protocol.o
 .note          0x00000228       0x18 build/default/debug/_ext/1360937237/bl_transport.o
 .note          0x00000240       0x18 build/default/debug/_ext/1360937237/bootloader.o
 .note          0x00000258       0x18 build/default/debug/_ext/1360937237/main.o
 .note          0x00000270       0x18 C:/Program Files/Microchip/xc32/v5.00/bin/bin/../../lib/gcc/pic32c/13.2.1/../../../../pic32c/lib/thumb/v7e-m+dp/hard\libpic32c.a(data_init.o)
 .note          0x00000288       0x18 C:/Program Files/Microchip/xc32/v5.00/bin/bin/../../lib/gcc/pic32c/13.2.1/../../../../pic32c/lib/thumb/v7e-m+dp/hard\libc-size-musl.a(memcpy.o)
 .note          0x000002a0       0x18 C:/Program Files/Microchip/xc32/v5.00/bin/bin/../../lib/gcc/pic32c/13.2.1/../../../../pic32c/lib/thumb/v7e-m+dp/hard\libc-size-musl.a(memset.o)
 .note          0x000002b8       0x18 C:/Program Files/Microchip/xc32/v5.00/bin/bin/../../lib/gcc/pic32c/13.2.1/../../../../pic32c/lib/thumb/v7e-m+dp/hard\libc-size-musl.a(strlen.o)
 .note          0x000002d0       0x18 C:/Program Files/Microchip/xc32/v5.00/bin/bin/../../lib/gcc/pic32c/13.2.1/../../../../pic32c/lib/thumb/v7e-m+dp/hard\libc-size-musl.a(strncpy.o)
 .note          0x000002e8       0x18 C:/Program Files/Microchip/xc32/v5.00/bin/bin/../../lib/gcc/pic32c/13.2.1/../../../../pic32c/lib/thumb/v7e-m+dp/hard\libc-size-musl.a(stpncpy.o)
 .note          0x00000300       0x18 C:/Program Files/Microchip/xc32/v5.00/bin/bin/../../lib/gcc/pic32c/13.2.1/../../../../pic32c/lib/thumb/v7e-m+dp/hard\libg-musl.a(__libc_start_main.o)
 .note          0x00000318       0x18 C:/Program Files/Microchip/xc32/v5.00/bin/bin/../../lib/gcc/pic32c/13.2.1/../../../../pic32c/lib/thumb/v7e-m+dp/hard\libg-musl.a(libc.o)
 .note          0x00000330       0x18 C:/Program Files/Microchip/xc32/v5.00/bin/bin/../../lib/gcc/pic32c/13.2.1/../../../../pic32c/lib/thumb/v7e-m+dp/hard\libg-musl.a(__environ.o)
 .note          0x00000348       0x18 C:/Program Files/Microchip/xc32/v5.00/bin/bin/../../lib/gcc/pic32c/13.2.1/thumb/v7e-m+dp/hard/crtend.o
 .note          0x00000360       0x18 C:/Program Files/Microchip/xc32/v5.00/bin/bin/../../lib/gcc/pic32c/13.2.1/thumb/v7e-m+dp/hard/crtn.o
 .note          0x00000378       0x18 C:/Program Files/Microchip/xc32/v5.00/bin/bin/../../lib/gcc/pic32c/13.2.1/../../../../pic32c/lib/thumb/v7e-m+dp/hard\libpic32c.a(pic32_data_init_clear.o)
 .note          0x00000390       0x18 C:/Program Files/Microchip/xc32/v5.00/bin/bin/../../lib/gcc/pic32c/13.2.1/../../../../pic32c/lib/thumb/v7e-m+dp/hard\libpic32c.a(pic32_data_init_copy.o)
 .note          0x000003a8       0x18 C:/Program Files/Microchip/xc32/v5.00/bin/bin/../../lib/gcc/pic32c/13.2.1/../../../../pic32c/lib/thumb/v7e-m+dp/hard\libpic32c.a(pic32_data_init_decompress.o)

.ARM.attributes
                0x00000000       0x32
 .ARM.attributes
                0x00000000       0x20 C:/Program Files/Microchip/xc32/v5.00/bin/bin/../../lib/gcc/pic32c/13.2.1/thumb/v7e-m+dp/hard/crti.o
 .ARM.attributes
                0x00000020       0x32 C:/Program Files/Microchip/xc32/v5.00/bin/bin/../../lib/gcc/pic32c/13.2.1/thumb/v7e-m+dp/hard/crtbegin.o
 .ARM.attributes
                0x00000052       0x32 build/default/debug/_ext/60165520/plib_clk.o
 .ARM.attributes
                0x00000084       0x32 build/default/debug/_ext/60167248/plib_efc.o
 .ARM.attributes
                0x000000b6       0x32 build/default/debug/_ext/1865468468/plib_nvic.o
 .ARM.attributes
                0x000000e8       0x32 build/default/debug/_ext/60177924/plib_pio.o
 .ARM.attributes
                0x0000011a       0x32 build/default/debug/_ext/1865657120/plib_uart3.o
 .ARM.attributes
                0x0000014c       0x32 build/default/debug/_ext/1865657120/plib_uart0.o
 .ARM.attributes
                0x0000017e       0x32 build/default/debug/_ext/1171490990/initialization.o
 .ARM.attributes
                0x000001b0       0x32 build/default/debug/_ext/1171490990/interrupts.o
 .ARM.attributes
                0x000001e2       0x32 build/default/debug/_ext/1171490990/exceptions.o
 .ARM.attributes
                0x00000214       0x32 build/default/debug/_ext/1171490990/startup_xc32.o
 .ARM.attributes
                0x00000246       0x32 build/default/debug/_ext/216470852/uart_irq.o
 .ARM.attributes
                0x00000278       0x32 build/default/debug/_ext/1260377903/ring_buffer.o
 .ARM.attributes
                0x000002aa       0x32 build/default/debug/_ext/1360937237/bl_command.o
 .ARM.attributes
                0x000002dc       0x32 build/default/debug/_ext/1360937237/bl_protocol.o
 .ARM.attributes
                0x0000030e       0x32 build/default/debug/_ext/1360937237/bl_transport.o
 .ARM.attributes
                0x00000340       0x32 build/default/debug/_ext/1360937237/bootloader.o
 .ARM.attributes
                0x00000372       0x32 build/default/debug/_ext/1360937237/main.o
 .ARM.attributes
                0x000003a4       0x32 C:/Program Files/Microchip/xc32/v5.00/bin/bin/../../lib/gcc/pic32c/13.2.1/../../../../pic32c/lib/thumb/v7e-m+dp/hard\libpic32c.a(data_init.o)
 .ARM.attributes
                0x000003d6       0x34 C:/Program Files/Microchip/xc32/v5.00/bin/bin/../../lib/gcc/pic32c/13.2.1/../../../../pic32c/lib/thumb/v7e-m+dp/hard\libc-size-musl.a(memset.o)
 .ARM.attributes
                0x0000040a       0x34 C:/Program Files/Microchip/xc32/v5.00/bin/bin/../../lib/gcc/pic32c/13.2.1/../../../../pic32c/lib/thumb/v7e-m+dp/hard\libc-size-musl.a(strncpy.o)
 .ARM.attributes
                0x0000043e       0x34 C:/Program Files/Microchip/xc32/v5.00/bin/bin/../../lib/gcc/pic32c/13.2.1/../../../../pic32c/lib/thumb/v7e-m+dp/hard\libc-size-musl.a(stpncpy.o)
 .ARM.attributes
                0x00000472       0x34 C:/Program Files/Microchip/xc32/v5.00/bin/bin/../../lib/gcc/pic32c/13.2.1/../../../../pic32c/lib/thumb/v7e-m+dp/hard\libg-musl.a(__libc_start_main.o)
 .ARM.attributes
                0x000004a6       0x34 C:/Program Files/Microchip/xc32/v5.00/bin/bin/../../lib/gcc/pic32c/13.2.1/../../../../pic32c/lib/thumb/v7e-m+dp/hard\libg-musl.a(libc.o)
 .ARM.attributes
                0x000004da       0x34 C:/Program Files/Microchip/xc32/v5.00/bin/bin/../../lib/gcc/pic32c/13.2.1/../../../../pic32c/lib/thumb/v7e-m+dp/hard\libg-musl.a(__environ.o)
 .ARM.attributes
                0x0000050e       0x20 C:/Program Files/Microchip/xc32/v5.00/bin/bin/../../lib/gcc/pic32c/13.2.1/thumb/v7e-m+dp/hard/crtn.o
 .ARM.attributes
                0x0000052e       0x32 C:/Program Files/Microchip/xc32/v5.00/bin/bin/../../lib/gcc/pic32c/13.2.1/../../../../pic32c/lib/thumb/v7e-m+dp/hard\libpic32c.a(pic32_data_init_clear.o)
 .ARM.attributes
                0x00000560       0x32 C:/Program Files/Microchip/xc32/v5.00/bin/bin/../../lib/gcc/pic32c/13.2.1/../../../../pic32c/lib/thumb/v7e-m+dp/hard\libpic32c.a(pic32_data_init_copy.o)
 .ARM.attributes
                0x00000592       0x32 C:/Program Files/Microchip/xc32/v5.00/bin/bin/../../lib/gcc/pic32c/13.2.1/../../../../pic32c/lib/thumb/v7e-m+dp/hard\libpic32c.a(pic32_data_init_decompress.o)

.comment        0x00000000       0x35
 .comment       0x00000000       0x35 C:/Program Files/Microchip/xc32/v5.00/bin/bin/../../lib/gcc/pic32c/13.2.1/thumb/v7e-m+dp/hard/crtbegin.o
                                 0x36 (size before relaxing)
 .comment       0x00000035       0x36 build/default/debug/_ext/60165520/plib_clk.o
 .comment       0x00000035       0x36 build/default/debug/_ext/60167248/plib_efc.o
 .comment       0x00000035       0x36 build/default/debug/_ext/1865468468/plib_nvic.o
 .comment       0x00000035       0x36 build/default/debug/_ext/60177924/plib_pio.o
 .comment       0x00000035       0x36 build/default/debug/_ext/1865657120/plib_uart3.o
 .comment       0x00000035       0x36 build/default/debug/_ext/1865657120/plib_uart0.o
 .comment       0x00000035       0x36 build/default/debug/_ext/1171490990/initialization.o
 .comment       0x00000035       0x36 build/default/debug/_ext/1171490990/interrupts.o
 .comment       0x00000035       0x36 build/default/debug/_ext/1171490990/exceptions.o
 .comment       0x00000035       0x36 build/default/debug/_ext/1171490990/startup_xc32.o
 .comment       0x00000035       0x36 build/default/debug/_ext/216470852/uart_irq.o
 .comment       0x00000035       0x36 build/default/debug/_ext/1260377903/ring_buffer.o
 .comment       0x00000035       0x36 build/default/debug/_ext/1360937237/bl_command.o
 .comment       0x00000035       0x36 build/default/debug/_ext/1360937237/bl_protocol.o
 .comment       0x00000035       0x36 build/default/debug/_ext/1360937237/bl_transport.o
 .comment       0x00000035       0x36 build/default/debug/_ext/1360937237/bootloader.o
 .comment       0x00000035       0x36 build/default/debug/_ext/1360937237/main.o
 .comment       0x00000035       0x36 C:/Program Files/Microchip/xc32/v5.00/bin/bin/../../lib/gcc/pic32c/13.2.1/../../../../pic32c/lib/thumb/v7e-m+dp/hard\libpic32c.a(data_init.o)
 .comment       0x00000035       0x36 C:/Program Files/Microchip/xc32/v5.00/bin/bin/../../lib/gcc/pic32c/13.2.1/../../../../pic32c/lib/thumb/v7e-m+dp/hard\libc-size-musl.a(memset.o)
 .comment       0x00000035       0x36 C:/Program Files/Microchip/xc32/v5.00/bin/bin/../../lib/gcc/pic32c/13.2.1/../../../../pic32c/lib/thumb/v7e-m+dp/hard\libc-size-musl.a(strncpy.o)
 .comment       0x00000035       0x36 C:/Program Files/Microchip/xc32/v5.00/bin/bin/../../lib/gcc/pic32c/13.2.1/../../../../pic32c/lib/thumb/v7e-m+dp/hard\libc-size-musl.a(stpncpy.o)
 .comment       0x00000035       0x36 C:/Program Files/Microchip/xc32/v5.00/bin/bin/../../lib/gcc/pic32c/13.2.1/../../../../pic32c/lib/thumb/v7e-m+dp/hard\libg-musl.a(__libc_start_main.o)
 .comment       0x00000035       0x36 C:/Program Files/Microchip/xc32/v5.00/bin/bin/../../lib/gcc/pic32c/13.2.1/../../../../pic32c/lib/thumb/v7e-m+dp/hard\libg-musl.a(libc.o)
 .comment       0x00000035       0x36 C:/Program Files/Microchip/xc32/v5.00/bin/bin/../../lib/gcc/pic32c/13.2.1/../../../../pic32c/lib/thumb/v7e-m+dp/hard\libg-musl.a(__environ.o)
 .comment       0x00000035       0x36 C:/Program Files/Microchip/xc32/v5.00/bin/bin/../../lib/gcc/pic32c/13.2.1/../../../../pic32c/lib/thumb/v7e-m+dp/hard\libpic32c.a(pic32_data_init_clear.o)
 .comment       0x00000035       0x36 C:/Program Files/Microchip/xc32/v5.00/bin/bin/../../lib/gcc/pic32c/13.2.1/../../../../pic32c/lib/thumb/v7e-m+dp/hard\libpic32c.a(pic32_data_init_copy.o)
 .comment       0x00000035       0x36 C:/Program Files/Microchip/xc32/v5.00/bin/bin/../../lib/gcc/pic32c/13.2.1/../../../../pic32c/lib/thumb/v7e-m+dp/hard\libpic32c.a(pic32_data_init_decompress.o)

.debug_info     0x00000000     0x88e1
 .debug_info    0x00000000      0x483 build/default/debug/_ext/60165520/plib_clk.o
 .debug_info    0x00000483      0xcee build/default/debug/_ext/60167248/plib_efc.o
 .debug_info    0x00001171      0xcf1 build/default/debug/_ext/1865468468/plib_nvic.o
 .debug_info    0x00001e62      0x9e9 build/default/debug/_ext/60177924/plib_pio.o
 .debug_info    0x0000284b      0x7fa build/default/debug/_ext/1865657120/plib_uart3.o
 .debug_info    0x00003045      0x7ba build/default/debug/_ext/1865657120/plib_uart0.o
 .debug_info    0x000037ff      0x1cf build/default/debug/_ext/1171490990/initialization.o
 .debug_info    0x000039ce      0x6f6 build/default/debug/_ext/1171490990/interrupts.o
 .debug_info    0x000040c4      0x116 build/default/debug/_ext/1171490990/exceptions.o
 .debug_info    0x000041da      0x97c build/default/debug/_ext/1171490990/startup_xc32.o
 .debug_info    0x00004b56     0x1073 build/default/debug/_ext/216470852/uart_irq.o
 .debug_info    0x00005bc9      0xa19 build/default/debug/_ext/1260377903/ring_buffer.o
 .debug_info    0x000065e2      0x261 build/default/debug/_ext/1360937237/bl_command.o
 .debug_info    0x00006843      0x362 build/default/debug/_ext/1360937237/bl_protocol.o
 .debug_info    0x00006ba5      0x392 build/default/debug/_ext/1360937237/bl_transport.o
 .debug_info    0x00006f37      0x4e3 build/default/debug/_ext/1360937237/bootloader.o
 .debug_info    0x0000741a      0x697 build/default/debug/_ext/1360937237/main.o
 .debug_info    0x00007ab1      0x212 C:/Program Files/Microchip/xc32/v5.00/bin/bin/../../lib/gcc/pic32c/13.2.1/../../../../pic32c/lib/thumb/v7e-m+dp/hard\libpic32c.a(data_init.o)
 .debug_info    0x00007cc3       0xc2 C:/Program Files/Microchip/xc32/v5.00/bin/bin/../../lib/gcc/pic32c/13.2.1/../../../../pic32c/lib/thumb/v7e-m+dp/hard\libc-size-musl.a(memset.o)
 .debug_info    0x00007d85      0x109 C:/Program Files/Microchip/xc32/v5.00/bin/bin/../../lib/gcc/pic32c/13.2.1/../../../../pic32c/lib/thumb/v7e-m+dp/hard\libc-size-musl.a(strncpy.o)
 .debug_info    0x00007e8e       0xe8 C:/Program Files/Microchip/xc32/v5.00/bin/bin/../../lib/gcc/pic32c/13.2.1/../../../../pic32c/lib/thumb/v7e-m+dp/hard\libc-size-musl.a(stpncpy.o)
 .debug_info    0x00007f76      0x2fb C:/Program Files/Microchip/xc32/v5.00/bin/bin/../../lib/gcc/pic32c/13.2.1/../../../../pic32c/lib/thumb/v7e-m+dp/hard\libg-musl.a(__libc_start_main.o)
 .debug_info    0x00008271      0x276 C:/Program Files/Microchip/xc32/v5.00/bin/bin/../../lib/gcc/pic32c/13.2.1/../../../../pic32c/lib/thumb/v7e-m+dp/hard\libg-musl.a(libc.o)
 .debug_info    0x000084e7       0x97 C:/Program Files/Microchip/xc32/v5.00/bin/bin/../../lib/gcc/pic32c/13.2.1/../../../../pic32c/lib/thumb/v7e-m+dp/hard\libg-musl.a(__environ.o)
 .debug_info    0x0000857e      0x110 C:/Program Files/Microchip/xc32/v5.00/bin/bin/../../lib/gcc/pic32c/13.2.1/../../../../pic32c/lib/thumb/v7e-m+dp/hard\libpic32c.a(pic32_data_init_clear.o)
 .debug_info    0x0000868e      0x126 C:/Program Files/Microchip/xc32/v5.00/bin/bin/../../lib/gcc/pic32c/13.2.1/../../../../pic32c/lib/thumb/v7e-m+dp/hard\libpic32c.a(pic32_data_init_copy.o)
 .debug_info    0x000087b4      0x12d C:/Program Files/Microchip/xc32/v5.00/bin/bin/../../lib/gcc/pic32c/13.2.1/../../../../pic32c/lib/thumb/v7e-m+dp/hard\libpic32c.a(pic32_data_init_decompress.o)

.debug_abbrev   0x00000000     0x25a8
 .debug_abbrev  0x00000000       0xcd build/default/debug/_ext/60165520/plib_clk.o
 .debug_abbrev  0x000000cd      0x2cf build/default/debug/_ext/60167248/plib_efc.o
 .debug_abbrev  0x0000039c      0x24d build/default/debug/_ext/1865468468/plib_nvic.o
 .debug_abbrev  0x000005e9      0x13f build/default/debug/_ext/60177924/plib_pio.o
 .debug_abbrev  0x00000728      0x2c6 build/default/debug/_ext/1865657120/plib_uart3.o
 .debug_abbrev  0x000009ee      0x2c6 build/default/debug/_ext/1865657120/plib_uart0.o
 .debug_abbrev  0x00000cb4       0xcb build/default/debug/_ext/1171490990/initialization.o
 .debug_abbrev  0x00000d7f       0xd3 build/default/debug/_ext/1171490990/interrupts.o
 .debug_abbrev  0x00000e52       0x49 build/default/debug/_ext/1171490990/exceptions.o
 .debug_abbrev  0x00000e9b      0x21a build/default/debug/_ext/1171490990/startup_xc32.o
 .debug_abbrev  0x000010b5      0x302 build/default/debug/_ext/216470852/uart_irq.o
 .debug_abbrev  0x000013b7      0x1db build/default/debug/_ext/1260377903/ring_buffer.o
 .debug_abbrev  0x00001592      0x13a build/default/debug/_ext/1360937237/bl_command.o
 .debug_abbrev  0x000016cc      0x1d4 build/default/debug/_ext/1360937237/bl_protocol.o
 .debug_abbrev  0x000018a0      0x178 build/default/debug/_ext/1360937237/bl_transport.o
 .debug_abbrev  0x00001a18      0x17e build/default/debug/_ext/1360937237/bootloader.o
 .debug_abbrev  0x00001b96      0x24b build/default/debug/_ext/1360937237/main.o
 .debug_abbrev  0x00001de1      0x156 C:/Program Files/Microchip/xc32/v5.00/bin/bin/../../lib/gcc/pic32c/13.2.1/../../../../pic32c/lib/thumb/v7e-m+dp/hard\libpic32c.a(data_init.o)
 .debug_abbrev  0x00001f37       0xa2 C:/Program Files/Microchip/xc32/v5.00/bin/bin/../../lib/gcc/pic32c/13.2.1/../../../../pic32c/lib/thumb/v7e-m+dp/hard\libc-size-musl.a(memset.o)
 .debug_abbrev  0x00001fd9       0xb0 C:/Program Files/Microchip/xc32/v5.00/bin/bin/../../lib/gcc/pic32c/13.2.1/../../../../pic32c/lib/thumb/v7e-m+dp/hard\libc-size-musl.a(strncpy.o)
 .debug_abbrev  0x00002089       0xa5 C:/Program Files/Microchip/xc32/v5.00/bin/bin/../../lib/gcc/pic32c/13.2.1/../../../../pic32c/lib/thumb/v7e-m+dp/hard\libc-size-musl.a(stpncpy.o)
 .debug_abbrev  0x0000212e      0x133 C:/Program Files/Microchip/xc32/v5.00/bin/bin/../../lib/gcc/pic32c/13.2.1/../../../../pic32c/lib/thumb/v7e-m+dp/hard\libg-musl.a(__libc_start_main.o)
 .debug_abbrev  0x00002261       0xd4 C:/Program Files/Microchip/xc32/v5.00/bin/bin/../../lib/gcc/pic32c/13.2.1/../../../../pic32c/lib/thumb/v7e-m+dp/hard\libg-musl.a(libc.o)
 .debug_abbrev  0x00002335       0x62 C:/Program Files/Microchip/xc32/v5.00/bin/bin/../../lib/gcc/pic32c/13.2.1/../../../../pic32c/lib/thumb/v7e-m+dp/hard\libg-musl.a(__environ.o)
 .debug_abbrev  0x00002397       0xa2 C:/Program Files/Microchip/xc32/v5.00/bin/bin/../../lib/gcc/pic32c/13.2.1/../../../../pic32c/lib/thumb/v7e-m+dp/hard\libpic32c.a(pic32_data_init_clear.o)
 .debug_abbrev  0x00002439       0xca C:/Program Files/Microchip/xc32/v5.00/bin/bin/../../lib/gcc/pic32c/13.2.1/../../../../pic32c/lib/thumb/v7e-m+dp/hard\libpic32c.a(pic32_data_init_copy.o)
 .debug_abbrev  0x00002503       0xa5 C:/Program Files/Microchip/xc32/v5.00/bin/bin/../../lib/gcc/pic32c/13.2.1/../../../../pic32c/lib/thumb/v7e-m+dp/hard\libpic32c.a(pic32_data_init_decompress.o)

.debug_aranges  0x00000000      0x6a8
 .debug_aranges
                0x00000000       0x20 build/default/debug/_ext/60165520/plib_clk.o
 .debug_aranges
                0x00000020       0x70 build/default/debug/_ext/60167248/plib_efc.o
 .debug_aranges
                0x00000090       0x48 build/default/debug/_ext/1865468468/plib_nvic.o
 .debug_aranges
                0x000000d8       0x60 build/default/debug/_ext/60177924/plib_pio.o
 .debug_aranges
                0x00000138       0x98 build/default/debug/_ext/1865657120/plib_uart3.o
 .debug_aranges
                0x000001d0       0x98 build/default/debug/_ext/1865657120/plib_uart0.o
 .debug_aranges
                0x00000268       0x20 build/default/debug/_ext/1171490990/initialization.o
 .debug_aranges
                0x00000288       0x20 build/default/debug/_ext/1171490990/interrupts.o
 .debug_aranges
                0x000002a8       0x48 build/default/debug/_ext/1171490990/exceptions.o
 .debug_aranges
                0x000002f0       0x28 build/default/debug/_ext/1171490990/startup_xc32.o
 .debug_aranges
                0x00000318       0xd8 build/default/debug/_ext/216470852/uart_irq.o
 .debug_aranges
                0x000003f0       0x68 build/default/debug/_ext/1260377903/ring_buffer.o
 .debug_aranges
                0x00000458       0x30 build/default/debug/_ext/1360937237/bl_command.o
 .debug_aranges
                0x00000488       0x40 build/default/debug/_ext/1360937237/bl_protocol.o
 .debug_aranges
                0x000004c8       0x30 build/default/debug/_ext/1360937237/bl_transport.o
 .debug_aranges
                0x000004f8       0x30 build/default/debug/_ext/1360937237/bootloader.o
 .debug_aranges
                0x00000528       0x38 build/default/debug/_ext/1360937237/main.o
 .debug_aranges
                0x00000560       0x30 C:/Program Files/Microchip/xc32/v5.00/bin/bin/../../lib/gcc/pic32c/13.2.1/../../../../pic32c/lib/thumb/v7e-m+dp/hard\libpic32c.a(data_init.o)
 .debug_aranges
                0x00000590       0x20 C:/Program Files/Microchip/xc32/v5.00/bin/bin/../../lib/gcc/pic32c/13.2.1/../../../../pic32c/lib/thumb/v7e-m+dp/hard\libc-size-musl.a(memset.o)
 .debug_aranges
                0x000005b0       0x20 C:/Program Files/Microchip/xc32/v5.00/bin/bin/../../lib/gcc/pic32c/13.2.1/../../../../pic32c/lib/thumb/v7e-m+dp/hard\libc-size-musl.a(strncpy.o)
 .debug_aranges
                0x000005d0       0x20 C:/Program Files/Microchip/xc32/v5.00/bin/bin/../../lib/gcc/pic32c/13.2.1/../../../../pic32c/lib/thumb/v7e-m+dp/hard\libc-size-musl.a(stpncpy.o)
 .debug_aranges
                0x000005f0       0x28 C:/Program Files/Microchip/xc32/v5.00/bin/bin/../../lib/gcc/pic32c/13.2.1/../../../../pic32c/lib/thumb/v7e-m+dp/hard\libg-musl.a(__libc_start_main.o)
 .debug_aranges
                0x00000618       0x18 C:/Program Files/Microchip/xc32/v5.00/bin/bin/../../lib/gcc/pic32c/13.2.1/../../../../pic32c/lib/thumb/v7e-m+dp/hard\libg-musl.a(libc.o)
 .debug_aranges
                0x00000630       0x18 C:/Program Files/Microchip/xc32/v5.00/bin/bin/../../lib/gcc/pic32c/13.2.1/../../../../pic32c/lib/thumb/v7e-m+dp/hard\libg-musl.a(__environ.o)
 .debug_aranges
                0x00000648       0x20 C:/Program Files/Microchip/xc32/v5.00/bin/bin/../../lib/gcc/pic32c/13.2.1/../../../../pic32c/lib/thumb/v7e-m+dp/hard\libpic32c.a(pic32_data_init_clear.o)
 .debug_aranges
                0x00000668       0x20 C:/Program Files/Microchip/xc32/v5.00/bin/bin/../../lib/gcc/pic32c/13.2.1/../../../../pic32c/lib/thumb/v7e-m+dp/hard\libpic32c.a(pic32_data_init_copy.o)
 .debug_aranges
                0x00000688       0x20 C:/Program Files/Microchip/xc32/v5.00/bin/bin/../../lib/gcc/pic32c/13.2.1/../../../../pic32c/lib/thumb/v7e-m+dp/hard\libpic32c.a(pic32_data_init_decompress.o)

.debug_ranges   0x00000000      0x5a8
 .debug_ranges  0x00000000       0x10 build/default/debug/_ext/60165520/plib_clk.o
 .debug_ranges  0x00000010       0x90 build/default/debug/_ext/60167248/plib_efc.o
 .debug_ranges  0x000000a0       0x50 build/default/debug/_ext/1865468468/plib_nvic.o
 .debug_ranges  0x000000f0       0x50 build/default/debug/_ext/60177924/plib_pio.o
 .debug_ranges  0x00000140       0x88 build/default/debug/_ext/1865657120/plib_uart3.o
 .debug_ranges  0x000001c8       0x88 build/default/debug/_ext/1865657120/plib_uart0.o
 .debug_ranges  0x00000250       0x10 build/default/debug/_ext/1171490990/initialization.o
 .debug_ranges  0x00000260       0x10 build/default/debug/_ext/1171490990/interrupts.o
 .debug_ranges  0x00000270       0x38 build/default/debug/_ext/1171490990/exceptions.o
 .debug_ranges  0x000002a8       0x18 build/default/debug/_ext/1171490990/startup_xc32.o
 .debug_ranges  0x000002c0      0x100 build/default/debug/_ext/216470852/uart_irq.o
 .debug_ranges  0x000003c0       0x58 build/default/debug/_ext/1260377903/ring_buffer.o
 .debug_ranges  0x00000418       0x20 build/default/debug/_ext/1360937237/bl_command.o
 .debug_ranges  0x00000438       0x48 build/default/debug/_ext/1360937237/bl_protocol.o
 .debug_ranges  0x00000480       0x20 build/default/debug/_ext/1360937237/bl_transport.o
 .debug_ranges  0x000004a0       0x20 build/default/debug/_ext/1360937237/bootloader.o
 .debug_ranges  0x000004c0       0x28 build/default/debug/_ext/1360937237/main.o
 .debug_ranges  0x000004e8       0x20 C:/Program Files/Microchip/xc32/v5.00/bin/bin/../../lib/gcc/pic32c/13.2.1/../../../../pic32c/lib/thumb/v7e-m+dp/hard\libpic32c.a(data_init.o)
 .debug_ranges  0x00000508       0x10 C:/Program Files/Microchip/xc32/v5.00/bin/bin/../../lib/gcc/pic32c/13.2.1/../../../../pic32c/lib/thumb/v7e-m+dp/hard\libc-size-musl.a(memset.o)
 .debug_ranges  0x00000518       0x10 C:/Program Files/Microchip/xc32/v5.00/bin/bin/../../lib/gcc/pic32c/13.2.1/../../../../pic32c/lib/thumb/v7e-m+dp/hard\libc-size-musl.a(strncpy.o)
 .debug_ranges  0x00000528       0x10 C:/Program Files/Microchip/xc32/v5.00/bin/bin/../../lib/gcc/pic32c/13.2.1/../../../../pic32c/lib/thumb/v7e-m+dp/hard\libc-size-musl.a(stpncpy.o)
 .debug_ranges  0x00000538       0x40 C:/Program Files/Microchip/xc32/v5.00/bin/bin/../../lib/gcc/pic32c/13.2.1/../../../../pic32c/lib/thumb/v7e-m+dp/hard\libg-musl.a(__libc_start_main.o)
 .debug_ranges  0x00000578       0x10 C:/Program Files/Microchip/xc32/v5.00/bin/bin/../../lib/gcc/pic32c/13.2.1/../../../../pic32c/lib/thumb/v7e-m+dp/hard\libpic32c.a(pic32_data_init_clear.o)
 .debug_ranges  0x00000588       0x10 C:/Program Files/Microchip/xc32/v5.00/bin/bin/../../lib/gcc/pic32c/13.2.1/../../../../pic32c/lib/thumb/v7e-m+dp/hard\libpic32c.a(pic32_data_init_copy.o)
 .debug_ranges  0x00000598       0x10 C:/Program Files/Microchip/xc32/v5.00/bin/bin/../../lib/gcc/pic32c/13.2.1/../../../../pic32c/lib/thumb/v7e-m+dp/hard\libpic32c.a(pic32_data_init_decompress.o)

.debug_line     0x00000000     0x485d
 .debug_line    0x00000000      0x1b5 build/default/debug/_ext/60165520/plib_clk.o
 .debug_line    0x000001b5      0x6d4 build/default/debug/_ext/60167248/plib_efc.o
 .debug_line    0x00000889      0x41b build/default/debug/_ext/1865468468/plib_nvic.o
 .debug_line    0x00000ca4      0x365 build/default/debug/_ext/60177924/plib_pio.o
 .debug_line    0x00001009      0x692 build/default/debug/_ext/1865657120/plib_uart3.o
 .debug_line    0x0000169b      0x66d build/default/debug/_ext/1865657120/plib_uart0.o
 .debug_line    0x00001d08      0x217 build/default/debug/_ext/1171490990/initialization.o
 .debug_line    0x00001f1f       0xce build/default/debug/_ext/1171490990/interrupts.o
 .debug_line    0x00001fed       0xdf build/default/debug/_ext/1171490990/exceptions.o
 .debug_line    0x000020cc      0x4c6 build/default/debug/_ext/1171490990/startup_xc32.o
 .debug_line    0x00002592      0x90a build/default/debug/_ext/216470852/uart_irq.o
 .debug_line    0x00002e9c      0x49b build/default/debug/_ext/1260377903/ring_buffer.o
 .debug_line    0x00003337      0x193 build/default/debug/_ext/1360937237/bl_command.o
 .debug_line    0x000034ca      0x248 build/default/debug/_ext/1360937237/bl_protocol.o
 .debug_line    0x00003712      0x180 build/default/debug/_ext/1360937237/bl_transport.o
 .debug_line    0x00003892      0x16c build/default/debug/_ext/1360937237/bootloader.o
 .debug_line    0x000039fe      0x1d5 build/default/debug/_ext/1360937237/main.o
 .debug_line    0x00003bd3      0x163 C:/Program Files/Microchip/xc32/v5.00/bin/bin/../../lib/gcc/pic32c/13.2.1/../../../../pic32c/lib/thumb/v7e-m+dp/hard\libpic32c.a(data_init.o)
 .debug_line    0x00003d36      0x162 C:/Program Files/Microchip/xc32/v5.00/bin/bin/../../lib/gcc/pic32c/13.2.1/../../../../pic32c/lib/thumb/v7e-m+dp/hard\libc-size-musl.a(memset.o)
 .debug_line    0x00003e98       0xcb C:/Program Files/Microchip/xc32/v5.00/bin/bin/../../lib/gcc/pic32c/13.2.1/../../../../pic32c/lib/thumb/v7e-m+dp/hard\libc-size-musl.a(strncpy.o)
 .debug_line    0x00003f63      0x1ab C:/Program Files/Microchip/xc32/v5.00/bin/bin/../../lib/gcc/pic32c/13.2.1/../../../../pic32c/lib/thumb/v7e-m+dp/hard\libc-size-musl.a(stpncpy.o)
 .debug_line    0x0000410e      0x1da C:/Program Files/Microchip/xc32/v5.00/bin/bin/../../lib/gcc/pic32c/13.2.1/../../../../pic32c/lib/thumb/v7e-m+dp/hard\libg-musl.a(__libc_start_main.o)
 .debug_line    0x000042e8       0xb5 C:/Program Files/Microchip/xc32/v5.00/bin/bin/../../lib/gcc/pic32c/13.2.1/../../../../pic32c/lib/thumb/v7e-m+dp/hard\libg-musl.a(libc.o)
 .debug_line    0x0000439d       0xfb C:/Program Files/Microchip/xc32/v5.00/bin/bin/../../lib/gcc/pic32c/13.2.1/../../../../pic32c/lib/thumb/v7e-m+dp/hard\libg-musl.a(__environ.o)
 .debug_line    0x00004498      0x11c C:/Program Files/Microchip/xc32/v5.00/bin/bin/../../lib/gcc/pic32c/13.2.1/../../../../pic32c/lib/thumb/v7e-m+dp/hard\libpic32c.a(pic32_data_init_clear.o)
 .debug_line    0x000045b4      0x126 C:/Program Files/Microchip/xc32/v5.00/bin/bin/../../lib/gcc/pic32c/13.2.1/../../../../pic32c/lib/thumb/v7e-m+dp/hard\libpic32c.a(pic32_data_init_copy.o)
 .debug_line    0x000046da      0x183 C:/Program Files/Microchip/xc32/v5.00/bin/bin/../../lib/gcc/pic32c/13.2.1/../../../../pic32c/lib/thumb/v7e-m+dp/hard\libpic32c.a(pic32_data_init_decompress.o)

.debug_str      0x00000000     0x32f7
 .debug_str     0x00000000     0x32f7 build/default/debug/_ext/60165520/plib_clk.o
                                0x501 (size before relaxing)
 .debug_str     0x000032f7      0x60c build/default/debug/_ext/60167248/plib_efc.o
 .debug_str     0x000032f7      0x9cf build/default/debug/_ext/1865468468/plib_nvic.o
 .debug_str     0x000032f7      0x6f0 build/default/debug/_ext/60177924/plib_pio.o
 .debug_str     0x000032f7      0x624 build/default/debug/_ext/1865657120/plib_uart3.o
 .debug_str     0x000032f7      0x624 build/default/debug/_ext/1865657120/plib_uart0.o
 .debug_str     0x000032f7      0x3ab build/default/debug/_ext/1171490990/initialization.o
 .debug_str     0x000032f7      0x9fc build/default/debug/_ext/1171490990/interrupts.o
 .debug_str     0x000032f7      0x352 build/default/debug/_ext/1171490990/exceptions.o
 .debug_str     0x000032f7      0x5c2 build/default/debug/_ext/1171490990/startup_xc32.o
 .debug_str     0x000032f7      0x7cc build/default/debug/_ext/216470852/uart_irq.o
 .debug_str     0x000032f7      0x4ff build/default/debug/_ext/1260377903/ring_buffer.o
 .debug_str     0x000032f7      0x404 build/default/debug/_ext/1360937237/bl_command.o
 .debug_str     0x000032f7      0x46b build/default/debug/_ext/1360937237/bl_protocol.o
 .debug_str     0x000032f7      0x479 build/default/debug/_ext/1360937237/bl_transport.o
 .debug_str     0x000032f7      0x598 build/default/debug/_ext/1360937237/bootloader.o
 .debug_str     0x000032f7      0x733 build/default/debug/_ext/1360937237/main.o
 .debug_str     0x000032f7      0x2f9 C:/Program Files/Microchip/xc32/v5.00/bin/bin/../../lib/gcc/pic32c/13.2.1/../../../../pic32c/lib/thumb/v7e-m+dp/hard\libpic32c.a(data_init.o)
 .debug_str     0x000032f7      0x245 C:/Program Files/Microchip/xc32/v5.00/bin/bin/../../lib/gcc/pic32c/13.2.1/../../../../pic32c/lib/thumb/v7e-m+dp/hard\libc-size-musl.a(memset.o)
 .debug_str     0x000032f7      0x246 C:/Program Files/Microchip/xc32/v5.00/bin/bin/../../lib/gcc/pic32c/13.2.1/../../../../pic32c/lib/thumb/v7e-m+dp/hard\libc-size-musl.a(strncpy.o)
 .debug_str     0x000032f7      0x264 C:/Program Files/Microchip/xc32/v5.00/bin/bin/../../lib/gcc/pic32c/13.2.1/../../../../pic32c/lib/thumb/v7e-m+dp/hard\libc-size-musl.a(stpncpy.o)
 .debug_str     0x000032f7      0x3e7 C:/Program Files/Microchip/xc32/v5.00/bin/bin/../../lib/gcc/pic32c/13.2.1/../../../../pic32c/lib/thumb/v7e-m+dp/hard\libg-musl.a(__libc_start_main.o)
 .debug_str     0x000032f7      0x352 C:/Program Files/Microchip/xc32/v5.00/bin/bin/../../lib/gcc/pic32c/13.2.1/../../../../pic32c/lib/thumb/v7e-m+dp/hard\libg-musl.a(libc.o)
 .debug_str     0x000032f7      0x252 C:/Program Files/Microchip/xc32/v5.00/bin/bin/../../lib/gcc/pic32c/13.2.1/../../../../pic32c/lib/thumb/v7e-m+dp/hard\libg-musl.a(__environ.o)
 .debug_str     0x000032f7      0x28a C:/Program Files/Microchip/xc32/v5.00/bin/bin/../../lib/gcc/pic32c/13.2.1/../../../../pic32c/lib/thumb/v7e-m+dp/hard\libpic32c.a(pic32_data_init_clear.o)
 .debug_str     0x000032f7      0x291 C:/Program Files/Microchip/xc32/v5.00/bin/bin/../../lib/gcc/pic32c/13.2.1/../../../../pic32c/lib/thumb/v7e-m+dp/hard\libpic32c.a(pic32_data_init_copy.o)
 .debug_str     0x000032f7      0x28d C:/Program Files/Microchip/xc32/v5.00/bin/bin/../../lib/gcc/pic32c/13.2.1/../../../../pic32c/lib/thumb/v7e-m+dp/hard\libpic32c.a(pic32_data_init_decompress.o)

.debug_frame    0x00000000      0xc98
 .debug_frame   0x00000000       0x20 build/default/debug/_ext/60165520/plib_clk.o
 .debug_frame   0x00000020       0xec build/default/debug/_ext/60167248/plib_efc.o
 .debug_frame   0x0000010c       0x7c build/default/debug/_ext/1865468468/plib_nvic.o
 .debug_frame   0x00000188       0xa0 build/default/debug/_ext/60177924/plib_pio.o
 .debug_frame   0x00000228      0x15c build/default/debug/_ext/1865657120/plib_uart3.o
 .debug_frame   0x00000384      0x15c build/default/debug/_ext/1865657120/plib_uart0.o
 .debug_frame   0x000004e0       0x28 build/default/debug/_ext/1171490990/initialization.o
 .debug_frame   0x00000508       0x20 build/default/debug/_ext/1171490990/interrupts.o
 .debug_frame   0x00000528       0x70 build/default/debug/_ext/1171490990/exceptions.o
 .debug_frame   0x00000598       0x38 build/default/debug/_ext/1171490990/startup_xc32.o
 .debug_frame   0x000005d0      0x2b0 build/default/debug/_ext/216470852/uart_irq.o
 .debug_frame   0x00000880       0xd8 build/default/debug/_ext/1260377903/ring_buffer.o
 .debug_frame   0x00000958       0x40 build/default/debug/_ext/1360937237/bl_command.o
 .debug_frame   0x00000998       0x70 build/default/debug/_ext/1360937237/bl_protocol.o
 .debug_frame   0x00000a08       0x58 build/default/debug/_ext/1360937237/bl_transport.o
 .debug_frame   0x00000a60       0x5c build/default/debug/_ext/1360937237/bootloader.o
 .debug_frame   0x00000abc       0x5c build/default/debug/_ext/1360937237/main.o
 .debug_frame   0x00000b18       0x4c C:/Program Files/Microchip/xc32/v5.00/bin/bin/../../lib/gcc/pic32c/13.2.1/../../../../pic32c/lib/thumb/v7e-m+dp/hard\libpic32c.a(data_init.o)
 .debug_frame   0x00000b64       0x20 C:/Program Files/Microchip/xc32/v5.00/bin/bin/../../lib/gcc/pic32c/13.2.1/../../../../pic32c/lib/thumb/v7e-m+dp/hard\libc-size-musl.a(memset.o)
 .debug_frame   0x00000b84       0x28 C:/Program Files/Microchip/xc32/v5.00/bin/bin/../../lib/gcc/pic32c/13.2.1/../../../../pic32c/lib/thumb/v7e-m+dp/hard\libc-size-musl.a(strncpy.o)
 .debug_frame   0x00000bac       0x38 C:/Program Files/Microchip/xc32/v5.00/bin/bin/../../lib/gcc/pic32c/13.2.1/../../../../pic32c/lib/thumb/v7e-m+dp/hard\libc-size-musl.a(stpncpy.o)
 .debug_frame   0x00000be4       0x3c C:/Program Files/Microchip/xc32/v5.00/bin/bin/../../lib/gcc/pic32c/13.2.1/../../../../pic32c/lib/thumb/v7e-m+dp/hard\libg-musl.a(__libc_start_main.o)
 .debug_frame   0x00000c20       0x20 C:/Program Files/Microchip/xc32/v5.00/bin/bin/../../lib/gcc/pic32c/13.2.1/../../../../pic32c/lib/thumb/v7e-m+dp/hard\libpic32c.a(pic32_data_init_clear.o)
 .debug_frame   0x00000c40       0x28 C:/Program Files/Microchip/xc32/v5.00/bin/bin/../../lib/gcc/pic32c/13.2.1/../../../../pic32c/lib/thumb/v7e-m+dp/hard\libpic32c.a(pic32_data_init_copy.o)
 .debug_frame   0x00000c68       0x30 C:/Program Files/Microchip/xc32/v5.00/bin/bin/../../lib/gcc/pic32c/13.2.1/../../../../pic32c/lib/thumb/v7e-m+dp/hard\libpic32c.a(pic32_data_init_decompress.o)

.debug_loc      0x00000000     0x3d1c
 .debug_loc     0x00000000      0x679 build/default/debug/_ext/60167248/plib_efc.o
 .debug_loc     0x00000679      0x256 build/default/debug/_ext/1865468468/plib_nvic.o
 .debug_loc     0x000008cf       0x81 build/default/debug/_ext/60177924/plib_pio.o
 .debug_loc     0x00000950      0x6b0 build/default/debug/_ext/1865657120/plib_uart3.o
 .debug_loc     0x00001000      0x686 build/default/debug/_ext/1865657120/plib_uart0.o
 .debug_loc     0x00001686       0x4b build/default/debug/_ext/1171490990/initialization.o
 .debug_loc     0x000016d1       0xa7 build/default/debug/_ext/1171490990/startup_xc32.o
 .debug_loc     0x00001778      0xda5 build/default/debug/_ext/216470852/uart_irq.o
 .debug_loc     0x0000251d      0xce1 build/default/debug/_ext/1260377903/ring_buffer.o
 .debug_loc     0x000031fe       0x74 build/default/debug/_ext/1360937237/bl_command.o
 .debug_loc     0x00003272       0xf3 build/default/debug/_ext/1360937237/bl_protocol.o
 .debug_loc     0x00003365      0x114 build/default/debug/_ext/1360937237/bl_transport.o
 .debug_loc     0x00003479       0xd3 build/default/debug/_ext/1360937237/bootloader.o
 .debug_loc     0x0000354c       0x7b build/default/debug/_ext/1360937237/main.o
 .debug_loc     0x000035c7      0x113 C:/Program Files/Microchip/xc32/v5.00/bin/bin/../../lib/gcc/pic32c/13.2.1/../../../../pic32c/lib/thumb/v7e-m+dp/hard\libpic32c.a(data_init.o)
 .debug_loc     0x000036da       0xa5 C:/Program Files/Microchip/xc32/v5.00/bin/bin/../../lib/gcc/pic32c/13.2.1/../../../../pic32c/lib/thumb/v7e-m+dp/hard\libc-size-musl.a(memset.o)
 .debug_loc     0x0000377f       0x98 C:/Program Files/Microchip/xc32/v5.00/bin/bin/../../lib/gcc/pic32c/13.2.1/../../../../pic32c/lib/thumb/v7e-m+dp/hard\libc-size-musl.a(strncpy.o)
 .debug_loc     0x00003817      0x1d7 C:/Program Files/Microchip/xc32/v5.00/bin/bin/../../lib/gcc/pic32c/13.2.1/../../../../pic32c/lib/thumb/v7e-m+dp/hard\libc-size-musl.a(stpncpy.o)
 .debug_loc     0x000039ee       0x51 C:/Program Files/Microchip/xc32/v5.00/bin/bin/../../lib/gcc/pic32c/13.2.1/../../../../pic32c/lib/thumb/v7e-m+dp/hard\libg-musl.a(__libc_start_main.o)
 .debug_loc     0x00003a3f       0x94 C:/Program Files/Microchip/xc32/v5.00/bin/bin/../../lib/gcc/pic32c/13.2.1/../../../../pic32c/lib/thumb/v7e-m+dp/hard\libpic32c.a(pic32_data_init_clear.o)
 .debug_loc     0x00003ad3       0xf1 C:/Program Files/Microchip/xc32/v5.00/bin/bin/../../lib/gcc/pic32c/13.2.1/../../../../pic32c/lib/thumb/v7e-m+dp/hard\libpic32c.a(pic32_data_init_copy.o)
 .debug_loc     0x00003bc4      0x158 C:/Program Files/Microchip/xc32/v5.00/bin/bin/../../lib/gcc/pic32c/13.2.1/../../../../pic32c/lib/thumb/v7e-m+dp/hard\libpic32c.a(pic32_data_init_decompress.o)

.note.GNU-stack
                0x00000000        0x0
 .note.GNU-stack
                0x00000000        0x0 C:/Program Files/Microchip/xc32/v5.00/bin/bin/../../lib/gcc/pic32c/13.2.1/../../../../pic32c/lib/thumb/v7e-m+dp/hard\libc-size-musl.a(memset.o)
 .note.GNU-stack
                0x00000000        0x0 C:/Program Files/Microchip/xc32/v5.00/bin/bin/../../lib/gcc/pic32c/13.2.1/../../../../pic32c/lib/thumb/v7e-m+dp/hard\libc-size-musl.a(strncpy.o)
 .note.GNU-stack
                0x00000000        0x0 C:/Program Files/Microchip/xc32/v5.00/bin/bin/../../lib/gcc/pic32c/13.2.1/../../../../pic32c/lib/thumb/v7e-m+dp/hard\libc-size-musl.a(stpncpy.o)
 .note.GNU-stack
                0x00000000        0x0 C:/Program Files/Microchip/xc32/v5.00/bin/bin/../../lib/gcc/pic32c/13.2.1/../../../../pic32c/lib/thumb/v7e-m+dp/hard\libg-musl.a(__libc_start_main.o)
 .note.GNU-stack
                0x00000000        0x0 C:/Program Files/Microchip/xc32/v5.00/bin/bin/../../lib/gcc/pic32c/13.2.1/../../../../pic32c/lib/thumb/v7e-m+dp/hard\libg-musl.a(libc.o)
 .note.GNU-stack
                0x00000000        0x0 C:/Program Files/Microchip/xc32/v5.00/bin/bin/../../lib/gcc/pic32c/13.2.1/../../../../pic32c/lib/thumb/v7e-m+dp/hard\libg-musl.a(__environ.o)

.vfp11_veneer%z1

.v4_bx%z2

.iplt%z3

.rel.iplt%z4

.igot.plt%z5

.bss.uart3_tx_data%1
                0x20400020      0x400
 .bss.uart3_tx_data
                0x20400020      0x400 build/default/debug/_ext/216470852/uart_irq.o

.bss.uart3_rx_data%2
                0x20400420      0x400
 .bss.uart3_rx_data
                0x20400420      0x400 build/default/debug/_ext/216470852/uart_irq.o

.bss%3          0x20400820       0x50
 .bss           0x20400820       0x50 C:/Program Files/Microchip/xc32/v5.00/bin/bin/../../lib/gcc/pic32c/13.2.1/../../../../pic32c/lib/thumb/v7e-m+dp/hard\libg-musl.a(libc.o)
                0x20400820                __progname_full
                0x20400820                program_invocation_name
                0x20400824                program_invocation_short_name
                0x20400824                __progname
                0x20400828                __sysinfo
                0x2040082c                __hwcap
                0x20400830                __libc

.bss.uart3Obj%4
                0x20400870       0x30
 .bss.uart3Obj  0x20400870       0x30 build/default/debug/_ext/1865657120/plib_uart3.o

.bss.uart0Obj%5
                0x204008a0       0x30
 .bss.uart0Obj  0x204008a0       0x30 build/default/debug/_ext/1865657120/plib_uart0.o

.bss%6          0x204008d0       0x1c
 .bss           0x204008d0       0x1c C:/Program Files/Microchip/xc32/v5.00/bin/bin/../../lib/gcc/pic32c/13.2.1/thumb/v7e-m+dp/hard/crtbegin.o

.bss.cmd.1%7    0x204008ec        0x4
 .bss.cmd.1     0x204008ec        0x4 build/default/debug/_ext/1171490990/startup_xc32.o

.bss%8          0x204008f0        0x4
 .bss           0x204008f0        0x4 C:/Program Files/Microchip/xc32/v5.00/bin/bin/../../lib/gcc/pic32c/13.2.1/../../../../pic32c/lib/thumb/v7e-m+dp/hard\libpic32c.a(data_init.o)

.bss%9          0x204008f4        0x4
 .bss           0x204008f4        0x4 C:/Program Files/Microchip/xc32/v5.00/bin/bin/../../lib/gcc/pic32c/13.2.1/../../../../pic32c/lib/thumb/v7e-m+dp/hard\libg-musl.a(__environ.o)
                0x204008f4                __environ
                0x204008f4                environ
                0x204008f4                ___environ
                0x204008f4                _environ

.data.uart_drivers%10
                0x204008f8       0x80
 .data.uart_drivers
                0x204008f8       0x80 build/default/debug/_ext/216470852/uart_irq.o

.eh_frame%z6    0x00000000        0x0
 .eh_frame      0x00000000        0x0 C:/Program Files/Microchip/xc32/v5.00/bin/bin/../../lib/gcc/pic32c/13.2.1/thumb/v7e-m+dp/hard/crtbegin.o

.config_D0000000%11
                0xd0000000        0x4
 .config_D0000000
                0xd0000000        0x4 build/default/debug/_ext/1171490990/initialization.o
                0xd0000000                __config_D0000000

.text.Reset_Handler%12
                0x00400188      0x184
 .text.Reset_Handler
                0x00400188      0x184 build/default/debug/_ext/1171490990/startup_xc32.o
                0x00400188                Reset_Handler

.dinit%13       0x0040030c       0xf0
 .dinit         0x0040030c       0xf0 data_init

.text.PIO_Initialize%14
                0x004003fc       0xbc
 .text.PIO_Initialize
                0x004003fc       0xbc build/default/debug/_ext/60177924/plib_pio.o
                0x004003fc                PIO_Initialize

.text.BlProtocol_Process%15
                0x004004b8       0xb6
 .text.BlProtocol_Process
                0x004004b8       0xb6 build/default/debug/_ext/1360937237/bl_protocol.o
                0x004004b8                BlProtocol_Process

.text.UART_RX_Callback%16
                0x0040056e       0x78
 .text.UART_RX_Callback
                0x0040056e       0x78 build/default/debug/_ext/216470852/uart_irq.o

.text.UART_Driver_Init%17
                0x004005e8       0x70
 .text.UART_Driver_Init
                0x004005e8       0x70 build/default/debug/_ext/216470852/uart_irq.o
                0x004005e8                UART_Driver_Init

.text.CLOCK_Initialize%18
                0x00400658       0x6c
 .text.CLOCK_Initialize
                0x00400658       0x6c build/default/debug/_ext/60165520/plib_clk.o
                0x00400658                CLOCK_Initialize

.text.UART3_ISR_TX_Handler%19
                0x004006c4       0x68
 .text.UART3_ISR_TX_Handler
                0x004006c4       0x68 build/default/debug/_ext/1865657120/plib_uart3.o

.text.UART0_ISR_TX_Handler%20
                0x0040072c       0x68
 .text.UART0_ISR_TX_Handler
                0x0040072c       0x68 build/default/debug/_ext/1865657120/plib_uart0.o

.text.UART3_ISR_RX_Handler%21
                0x00400794       0x64
 .text.UART3_ISR_RX_Handler
                0x00400794       0x64 build/default/debug/_ext/1865657120/plib_uart3.o

.text.UART0_ISR_RX_Handler%22
                0x004007f8       0x64
 .text.UART0_ISR_RX_Handler
                0x004007f8       0x64 build/default/debug/_ext/1865657120/plib_uart0.o

.text.UART3_InterruptHandler%23
                0x0040085c       0x60
 .text.UART3_InterruptHandler
                0x0040085c       0x60 build/default/debug/_ext/1865657120/plib_uart3.o
                0x0040085c                UART3_InterruptHandler

.text.NVIC_Initialize%24
                0x004008bc       0x5c
 .text.NVIC_Initialize
                0x004008bc       0x5c build/default/debug/_ext/1865468468/plib_nvic.o
                0x004008bc                NVIC_Initialize

.text.__libc_start_init%25
                0x00400918       0x5c
 .text.__libc_start_init
                0x00400918       0x5c C:/Program Files/Microchip/xc32/v5.00/bin/bin/../../lib/gcc/pic32c/13.2.1/../../../../pic32c/lib/thumb/v7e-m+dp/hard\libg-musl.a(__libc_start_main.o)
                0x00400918                __libc_init_array

.text.BlCommand_Execute%26
                0x00400974       0x5a
 .text.BlCommand_Execute
                0x00400974       0x5a build/default/debug/_ext/1360937237/bl_command.o
                0x00400974                BlCommand_Execute

.text.UART0_InterruptHandler%27
                0x004009d0       0x50
 .text.UART0_InterruptHandler
                0x004009d0       0x50 build/default/debug/_ext/1865657120/plib_uart0.o
                0x004009d0                UART0_InterruptHandler

.text.Bootloader_Run%28
                0x00400a20       0x42
 .text.Bootloader_Run
                0x00400a20       0x42 build/default/debug/_ext/1360937237/bootloader.o
                0x00400a20                Bootloader_Run

.text%29        0x00400a64       0x40
 .text          0x00400a64       0x40 C:/Program Files/Microchip/xc32/v5.00/bin/bin/../../lib/gcc/pic32c/13.2.1/thumb/v7e-m+dp/hard/crtbegin.o

.text.stpncpy%30
                0x00400aa4       0x40
 .text.stpncpy  0x00400aa4       0x40 C:/Program Files/Microchip/xc32/v5.00/bin/bin/../../lib/gcc/pic32c/13.2.1/../../../../pic32c/lib/thumb/v7e-m+dp/hard\libc-size-musl.a(stpncpy.o)
                0x00400aa4                __stpncpy
                0x00400aa4                stpncpy

.text.UART3_Initialize%31
                0x00400ae4       0x3c
 .text.UART3_Initialize
                0x00400ae4       0x3c build/default/debug/_ext/1865657120/plib_uart3.o
                0x00400ae4                UART3_Initialize

.text.UART0_Initialize%32
                0x00400b20       0x3c
 .text.UART0_Initialize
                0x00400b20       0x3c build/default/debug/_ext/1865657120/plib_uart0.o
                0x00400b20                UART0_Initialize

.text.__dinit_decompress%33
                0x00400b5c       0x3c
 .text.__dinit_decompress
                0x00400b5c       0x3c C:/Program Files/Microchip/xc32/v5.00/bin/bin/../../lib/gcc/pic32c/13.2.1/../../../../pic32c/lib/thumb/v7e-m+dp/hard\libpic32c.a(pic32_data_init_decompress.o)
                0x00400b5c                __dinit_decompress
                0x00400b5c                __dinit_decompress_needed

.text.UART_TX_Callback%34
                0x00400b98       0x38
 .text.UART_TX_Callback
                0x00400b98       0x38 build/default/debug/_ext/216470852/uart_irq.o

.text.RingBuffer_Put%35
                0x00400bd0       0x36
 .text.RingBuffer_Put
                0x00400bd0       0x36 build/default/debug/_ext/1260377903/ring_buffer.o
                0x00400bd0                RingBuffer_Put

.text.main%36   0x00400c06       0x36
 .text.main     0x00400c06       0x36 build/default/debug/_ext/1360937237/main.o
                0x00400c06                main

.text.__pic32c_data_initialization%37
                0x00400c3c       0x34
 .text.__pic32c_data_initialization
                0x00400c3c       0x34 C:/Program Files/Microchip/xc32/v5.00/bin/bin/../../lib/gcc/pic32c/13.2.1/../../../../pic32c/lib/thumb/v7e-m+dp/hard\libpic32c.a(data_init.o)
                0x00400c3c                __pic32c_data_initialization

.text.SYS_Initialize%38
                0x00400c70       0x30
 .text.SYS_Initialize
                0x00400c70       0x30 build/default/debug/_ext/1171490990/initialization.o
                0x00400c70                SYS_Initialize

.text.RingBuffer_Create%39
                0x00400ca0       0x30
 .text.RingBuffer_Create
                0x00400ca0       0x30 build/default/debug/_ext/1260377903/ring_buffer.o
                0x00400ca0                RingBuffer_Create

.text.RingBuffer_Get%40
                0x00400cd0       0x30
 .text.RingBuffer_Get
                0x00400cd0       0x30 build/default/debug/_ext/1260377903/ring_buffer.o
                0x00400cd0                RingBuffer_Get

.text.UART_Driver_ReadByte%41
                0x00400d00       0x2c
 .text.UART_Driver_ReadByte
                0x00400d00       0x2c build/default/debug/_ext/216470852/uart_irq.o
                0x00400d00                UART_Driver_ReadByte

.text.Bootloader_Init%42
                0x00400d2c       0x22
 .text.Bootloader_Init
                0x00400d2c       0x22 build/default/debug/_ext/1360937237/bootloader.o
                0x00400d2c                Bootloader_Init

.text.BlTransport_ReadByte%43
                0x00400d50       0x20
 .text.BlTransport_ReadByte
                0x00400d50       0x20 build/default/debug/_ext/1360937237/bl_transport.o
                0x00400d50                BlTransport_ReadByte

.text.__dinit_copy%44
                0x00400d70       0x1e
 .text.__dinit_copy
                0x00400d70       0x1e C:/Program Files/Microchip/xc32/v5.00/bin/bin/../../lib/gcc/pic32c/13.2.1/../../../../pic32c/lib/thumb/v7e-m+dp/hard\libpic32c.a(pic32_data_init_copy.o)
                0x00400d70                __dinit_copy_needed
                0x00400d70                __dinit_copy

.text.delay%45  0x00400d90       0x18
 .text.delay    0x00400d90       0x18 build/default/debug/_ext/1360937237/main.o
                0x00400d90                delay

.rodata.UART_Driver_Init.str1.4%46
                0x00400da8       0x15
 .rodata.UART_Driver_Init.str1.4
                0x00400da8       0x15 build/default/debug/_ext/216470852/uart_irq.o

.text.UART_Driver_Get%47
                0x00400dc0       0x14
 .text.UART_Driver_Get
                0x00400dc0       0x14 build/default/debug/_ext/216470852/uart_irq.o

.rodata%48      0x00400dd4       0x14
 .rodata        0x00400dd4       0x14 C:/Program Files/Microchip/xc32/v5.00/bin/bin/../../lib/gcc/pic32c/13.2.1/../../../../pic32c/lib/thumb/v7e-m+dp/hard\libpic32c.a(data_init.o)

.text.memset%49
                0x00400de8       0x14
 .text.memset   0x00400de8       0x14 C:/Program Files/Microchip/xc32/v5.00/bin/bin/../../lib/gcc/pic32c/13.2.1/../../../../pic32c/lib/thumb/v7e-m+dp/hard\libc-size-musl.a(memset.o)
                0x00400de8                memset

.text.BlProtocol_GetPacket%50
                0x00400dfc       0x12
 .text.BlProtocol_GetPacket
                0x00400dfc       0x12 build/default/debug/_ext/1360937237/bl_protocol.o
                0x00400dfc                BlProtocol_GetPacket

.text.__dinit_clear%51
                0x00400e0e       0x12
 .text.__dinit_clear
                0x00400e0e       0x12 C:/Program Files/Microchip/xc32/v5.00/bin/bin/../../lib/gcc/pic32c/13.2.1/../../../../pic32c/lib/thumb/v7e-m+dp/hard\libpic32c.a(pic32_data_init_clear.o)
                0x00400e0e                __dinit_clear
                0x00400e0e                __dinit_clear_needed

.text.EFC_Initialize%52
                0x00400e20       0x10
 .text.EFC_Initialize
                0x00400e20       0x10 build/default/debug/_ext/60167248/plib_efc.o
                0x00400e20                EFC_Initialize

.text.BlProtocol_Init%53
                0x00400e30        0xe
 .text.BlProtocol_Init
                0x00400e30        0xe build/default/debug/_ext/1360937237/bl_protocol.o
                0x00400e30                BlProtocol_Init

.text.BlProtocol_Reset%54
                0x00400e3e        0xe
 .text.BlProtocol_Reset
                0x00400e3e        0xe build/default/debug/_ext/1360937237/bl_protocol.o
                0x00400e3e                BlProtocol_Reset

.text.UART3_WriteCallbackRegister%55
                0x00400e4c        0xc
 .text.UART3_WriteCallbackRegister
                0x00400e4c        0xc build/default/debug/_ext/1865657120/plib_uart3.o
                0x00400e4c                UART3_WriteCallbackRegister

.text.UART3_ReadCallbackRegister%56
                0x00400e58        0xc
 .text.UART3_ReadCallbackRegister
                0x00400e58        0xc build/default/debug/_ext/1865657120/plib_uart3.o
                0x00400e58                UART3_ReadCallbackRegister

.text.strncpy%57
                0x00400e64        0xc
 .text.strncpy  0x00400e64        0xc C:/Program Files/Microchip/xc32/v5.00/bin/bin/../../lib/gcc/pic32c/13.2.1/../../../../pic32c/lib/thumb/v7e-m+dp/hard\libc-size-musl.a(strncpy.o)
                0x00400e64                strncpy

.text.BlCommand_Init%58
                0x00400e70        0xa
 .text.BlCommand_Init
                0x00400e70        0xa build/default/debug/_ext/1360937237/bl_command.o
                0x00400e70                BlCommand_Init

.text.Dummy_Handler%59
                0x00400e7a        0x4
 .text.Dummy_Handler
                0x00400e7a        0x4 build/default/debug/_ext/1171490990/interrupts.o
                0x00400e7a                DACC_Handler
                0x00400e7a                SVCall_Handler
                0x00400e7a                TC0_CH2_Handler
                0x00400e7a                TC3_CH1_Handler
                0x00400e7a                UART2_Handler
                0x00400e7a                TRNG_Handler
                0x00400e7a                SysTick_Handler
                0x00400e7a                AFEC1_Handler
                0x00400e7a                PendSV_Handler
                0x00400e7a                TC0_CH1_Handler
                0x00400e7a                QSPI_Handler
                0x00400e7a                ISI_Handler
                0x00400e7a                MCAN0_INT0_Handler
                0x00400e7a                RSWDT_Handler
                0x00400e7a                USART0_Handler
                0x00400e7a                TC1_CH2_Handler
                0x00400e7a                RTT_Handler
                0x00400e7a                USBHS_Handler
                0x00400e7a                IXC_Handler
                0x00400e7a                CCF_Handler
                0x00400e7a                PIOB_Handler
                0x00400e7a                RTC_Handler
                0x00400e7a                WDT_Handler
                0x00400e7a                MCAN1_INT1_Handler
                0x00400e7a                HSMCI_Handler
                0x00400e7a                UART1_Handler
                0x00400e7a                Dummy_Handler
                0x00400e7a                TWIHS1_Handler
                0x00400e7a                TC3_CH2_Handler
                0x00400e7a                XDMAC_Handler
                0x00400e7a                UART4_Handler
                0x00400e7a                TC2_CH0_Handler
                0x00400e7a                PWM1_Handler
                0x00400e7a                USART1_Handler
                0x00400e7a                PWM0_Handler
                0x00400e7a                PIOA_Handler
                0x00400e7a                AFEC0_Handler
                0x00400e7a                CCW_Handler
                0x00400e7a                TC3_CH0_Handler
                0x00400e7a                SSC_Handler
                0x00400e7a                TC1_CH0_Handler
                0x00400e7a                ACC_Handler
                0x00400e7a                PMC_Handler
                0x00400e7a                GMAC_Handler
                0x00400e7a                TC2_CH2_Handler
                0x00400e7a                MCAN0_INT1_Handler
                0x00400e7a                GMAC_Q5_Handler
                0x00400e7a                SUPC_Handler
                0x00400e7a                TC2_CH1_Handler
                0x00400e7a                MCAN1_INT0_Handler
                0x00400e7a                EFC_Handler
                0x00400e7a                GMAC_Q1_Handler
                0x00400e7a                USART2_Handler
                0x00400e7a                GMAC_Q2_Handler
                0x00400e7a                PIOE_Handler
                0x00400e7a                SPI1_Handler
                0x00400e7a                TC1_CH1_Handler
                0x00400e7a                GMAC_Q3_Handler
                0x00400e7a                PIOD_Handler
                0x00400e7a                TWIHS2_Handler
                0x00400e7a                MLB_Handler
                0x00400e7a                I2SC0_Handler
                0x00400e7a                I2SC1_Handler
                0x00400e7a                TC0_CH0_Handler
                0x00400e7a                PIOC_Handler
                0x00400e7a                GMAC_Q4_Handler
                0x00400e7a                FPU_Handler
                0x00400e7a                RSTC_Handler
                0x00400e7a                ICM_Handler
                0x00400e7a                AES_Handler
                0x00400e7a                TWIHS0_Handler
                0x00400e7a                SPI0_Handler

.text.NonMaskableInt_Handler%60
                0x00400e7e        0x4
 .text.NonMaskableInt_Handler
                0x00400e7e        0x4 build/default/debug/_ext/1171490990/exceptions.o
                0x00400e7e                NonMaskableInt_Handler

.text.HardFault_Handler%61
                0x00400e82        0x4
 .text.HardFault_Handler
                0x00400e82        0x4 build/default/debug/_ext/1171490990/exceptions.o
                0x00400e82                HardFault_Handler

.text.DebugMonitor_Handler%62
                0x00400e86        0x4
 .text.DebugMonitor_Handler
                0x00400e86        0x4 build/default/debug/_ext/1171490990/exceptions.o
                0x00400e86                DebugMonitor_Handler

.text.MemoryManagement_Handler%63
                0x00400e8a        0x4
 .text.MemoryManagement_Handler
                0x00400e8a        0x4 build/default/debug/_ext/1171490990/exceptions.o
                0x00400e8a                MemoryManagement_Handler

.text.BusFault_Handler%64
                0x00400e8e        0x4
 .text.BusFault_Handler
                0x00400e8e        0x4 build/default/debug/_ext/1171490990/exceptions.o
                0x00400e8e                BusFault_Handler

.text.UsageFault_Handler%65
                0x00400e92        0x4
 .text.UsageFault_Handler
                0x00400e92        0x4 build/default/debug/_ext/1171490990/exceptions.o
                0x00400e92                UsageFault_Handler

.text.BlProtocol_VerifyCrc%66
                0x00400e96        0x4
 .text.BlProtocol_VerifyCrc
                0x00400e96        0x4 build/default/debug/_ext/1360937237/bl_protocol.o
                0x00400e96                BlProtocol_VerifyCrc

.text.__dummy_decompress%67
                0x00400e9a        0x4
 .text.__dummy_decompress
                0x00400e9a        0x4 C:/Program Files/Microchip/xc32/v5.00/bin/bin/../../lib/gcc/pic32c/13.2.1/../../../../pic32c/lib/thumb/v7e-m+dp/hard\libpic32c.a(data_init.o)
                0x00400e9a                __dinit_copy_val_data
                0x00400e9a                __dinit_copy_emb

.text.Dummy_App_Func%68
                0x004005e6        0x2
 .text.Dummy_App_Func
                0x004005e6        0x2 build/default/debug/_ext/1171490990/startup_xc32.o
                0x004005e6                _on_reset
                0x004005e6                _on_bootstrap
                0x004005e6                __xc32_on_reset
                0x004005e6                Dummy_App_Func
                0x004005e6                __xc32_on_bootstrap

.text.BootloaderJumpHandler%69
                0x004009ce        0x2
 .text.BootloaderJumpHandler
                0x004009ce        0x2 build/default/debug/_ext/1360937237/main.o

.text.__dummy_init_tls%70
                0x00400a62        0x2
 .text.__dummy_init_tls
                0x00400a62        0x2 C:/Program Files/Microchip/xc32/v5.00/bin/bin/../../lib/gcc/pic32c/13.2.1/../../../../pic32c/lib/thumb/v7e-m+dp/hard\libpic32c.a(data_init.o)
                0x00400a62                xc32_init_tls

.text.__dummy%71
                0x00400d4e        0x2
 .text.__dummy  0x00400d4e        0x2 C:/Program Files/Microchip/xc32/v5.00/bin/bin/../../lib/gcc/pic32c/13.2.1/../../../../pic32c/lib/thumb/v7e-m+dp/hard\libg-musl.a(__libc_start_main.o)
                0x00400d4e                __init_stdio
                0x00400d4e                __init_host
