Archive member included to satisfy reference by file (symbol)

C:/Program Files/Microchip/xc32/v5.00/bin/bin/../../lib/gcc/pic32c/13.2.1/../../../../pic32c/lib/thumb/v7e-m+dp/hard\libpic32c.a(data_init.o)
                              build/default/debug/_ext/1171490990/startup_xc32.o (__pic32c_data_initialization)
C:/Program Files/Microchip/xc32/v5.00/bin/bin/../../lib/gcc/pic32c/13.2.1/../../../../pic32c/lib/thumb/v7e-m+dp/hard\libc-size-musl.a(memcpy.o)
                              build/default/debug/_ext/60167248/plib_efc.o (memcpy)
C:/Program Files/Microchip/xc32/v5.00/bin/bin/../../lib/gcc/pic32c/13.2.1/../../../../pic32c/lib/thumb/v7e-m+dp/hard\libc-size-musl.a(memset.o)
                              build/default/debug/_ext/216470852/uart_irq.o (memset)
C:/Program Files/Microchip/xc32/v5.00/bin/bin/../../lib/gcc/pic32c/13.2.1/../../../../pic32c/lib/thumb/v7e-m+dp/hard\libc-size-musl.a(strlen.o)
                              build/default/debug/_ext/216470852/uart_irq.o (strlen)
C:/Program Files/Microchip/xc32/v5.00/bin/bin/../../lib/gcc/pic32c/13.2.1/../../../../pic32c/lib/thumb/v7e-m+dp/hard\libc-size-musl.a(strncpy.o)
                              build/default/debug/_ext/1260377903/ring_buffer.o (strncpy)
C:/Program Files/Microchip/xc32/v5.00/bin/bin/../../lib/gcc/pic32c/13.2.1/../../../../pic32c/lib/thumb/v7e-m+dp/hard\libc-size-musl.a(stpncpy.o)
                              C:/Program Files/Microchip/xc32/v5.00/bin/bin/../../lib/gcc/pic32c/13.2.1/../../../../pic32c/lib/thumb/v7e-m+dp/hard\libc-size-musl.a(strncpy.o) (__stpncpy)
C:/Program Files/Microchip/xc32/v5.00/bin/bin/../../lib/gcc/pic32c/13.2.1/../../../../pic32c/lib/thumb/v7e-m+dp/hard\libg-musl.a(__libc_start_main.o)
                              build/default/debug/_ext/1171490990/startup_xc32.o (__libc_init_array)
C:/Program Files/Microchip/xc32/v5.00/bin/bin/../../lib/gcc/pic32c/13.2.1/../../../../pic32c/lib/thumb/v7e-m+dp/hard\libg-musl.a(libc.o)
                              C:/Program Files/Microchip/xc32/v5.00/bin/bin/../../lib/gcc/pic32c/13.2.1/../../../../pic32c/lib/thumb/v7e-m+dp/hard\libg-musl.a(__libc_start_main.o) (__progname_full)
C:/Program Files/Microchip/xc32/v5.00/bin/bin/../../lib/gcc/pic32c/13.2.1/../../../../pic32c/lib/thumb/v7e-m+dp/hard\libg-musl.a(__sio_sprintf_npxX.o)
                              (_sprintf_npxX)
C:/Program Files/Microchip/xc32/v5.00/bin/bin/../../lib/gcc/pic32c/13.2.1/../../../../pic32c/lib/thumb/v7e-m+dp/hard\libg-musl.a(__fmt_x.o)
                              C:/Program Files/Microchip/xc32/v5.00/bin/bin/../../lib/gcc/pic32c/13.2.1/../../../../pic32c/lib/thumb/v7e-m+dp/hard\libg-musl.a(__sio_sprintf_npxX.o) (__fmt_x_needed)
C:/Program Files/Microchip/xc32/v5.00/bin/bin/../../lib/gcc/pic32c/13.2.1/../../../../pic32c/lib/thumb/v7e-m+dp/hard\libg-musl.a(__pop_int.o)
                              C:/Program Files/Microchip/xc32/v5.00/bin/bin/../../lib/gcc/pic32c/13.2.1/../../../../pic32c/lib/thumb/v7e-m+dp/hard\libg-musl.a(__sio_sprintf_npxX.o) (__pop_int_needed)
C:/Program Files/Microchip/xc32/v5.00/bin/bin/../../lib/gcc/pic32c/13.2.1/../../../../pic32c/lib/thumb/v7e-m+dp/hard\libg-musl.a(__pop_ptr.o)
                              C:/Program Files/Microchip/xc32/v5.00/bin/bin/../../lib/gcc/pic32c/13.2.1/../../../../pic32c/lib/thumb/v7e-m+dp/hard\libg-musl.a(__sio_sprintf_npxX.o) (__pop_ptr_needed)
C:/Program Files/Microchip/xc32/v5.00/bin/bin/../../lib/gcc/pic32c/13.2.1/../../../../pic32c/lib/thumb/v7e-m+dp/hard\libg-musl.a(__printf_core.o)
                              C:/Program Files/Microchip/xc32/v5.00/bin/bin/../../lib/gcc/pic32c/13.2.1/../../../../pic32c/lib/thumb/v7e-m+dp/hard\libg-musl.a(__fmt_x.o) (__pad)
C:/Program Files/Microchip/xc32/v5.00/bin/bin/../../lib/gcc/pic32c/13.2.1/../../../../pic32c/lib/thumb/v7e-m+dp/hard\libg-musl.a(atoi.o)
                              C:/Program Files/Microchip/xc32/v5.00/bin/bin/../../lib/gcc/pic32c/13.2.1/../../../../pic32c/lib/thumb/v7e-m+dp/hard\libg-musl.a(__printf_core.o) (atoi)
C:/Program Files/Microchip/xc32/v5.00/bin/bin/../../lib/gcc/pic32c/13.2.1/../../../../pic32c/lib/thumb/v7e-m+dp/hard\libg-musl.a(tolower.o)
                              C:/Program Files/Microchip/xc32/v5.00/bin/bin/../../lib/gcc/pic32c/13.2.1/../../../../pic32c/lib/thumb/v7e-m+dp/hard\libg-musl.a(__printf_core.o) (tolower)
C:/Program Files/Microchip/xc32/v5.00/bin/bin/../../lib/gcc/pic32c/13.2.1/../../../../pic32c/lib/thumb/v7e-m+dp/hard\libg-musl.a(toupper.o)
                              C:/Program Files/Microchip/xc32/v5.00/bin/bin/../../lib/gcc/pic32c/13.2.1/../../../../pic32c/lib/thumb/v7e-m+dp/hard\libg-musl.a(__fmt_x.o) (toupper)
C:/Program Files/Microchip/xc32/v5.00/bin/bin/../../lib/gcc/pic32c/13.2.1/../../../../pic32c/lib/thumb/v7e-m+dp/hard\libg-musl.a(__environ.o)
                              C:/Program Files/Microchip/xc32/v5.00/bin/bin/../../lib/gcc/pic32c/13.2.1/../../../../pic32c/lib/thumb/v7e-m+dp/hard\libg-musl.a(__libc_start_main.o) (__environ)
[...]
Memory Configuration

Name             Origin             Length             Attributes
rom              0x00400000         0x0000bf00         xrl
ApplicationFooter 0x0040bf00         0x00000100         xr
JumpSignature    0x20400000         0x00000020         xrw
ram              0x20400020         0x0005ffe0         xrw
itcm             0x00000000         0x00000000         xw
dtcm             0x20000000         0x00000000         xw!r
*default*        0x00000000         0xffffffff

Linker script and memory map

LOAD C:/Program Files/Microchip/xc32/v5.00/bin/bin/../../lib/gcc/pic32c/13.2.1/thumb/v7e-m+dp/hard/crti.o
LOAD C:/Program Files/Microchip/xc32/v5.00/bin/bin/../../lib/gcc/pic32c/13.2.1/thumb/v7e-m+dp/hard/crtbegin.o
LOAD build/default/debug/_ext/60165520/plib_clk.o
LOAD build/default/debug/_ext/60167248/plib_efc.o
LOAD build/default/debug/_ext/1865468468/plib_nvic.o
LOAD build/default/debug/_ext/60177924/plib_pio.o
LOAD build/default/debug/_ext/1865657120/plib_uart3.o
LOAD build/default/debug/_ext/1865657120/plib_uart0.o
LOAD build/default/debug/_ext/163028504/xc32_monitor.o
LOAD build/default/debug/_ext/1171490990/initialization.o
LOAD build/default/debug/_ext/1171490990/interrupts.o
LOAD build/default/debug/_ext/1171490990/exceptions.o
LOAD build/default/debug/_ext/1171490990/startup_xc32.o
LOAD build/default/debug/_ext/1171490990/libc_syscalls.o
LOAD build/default/debug/_ext/216470852/uart_dma.o
LOAD build/default/debug/_ext/216470852/uart_irq.o
LOAD build/default/debug/_ext/1225992677/prnf.o
LOAD build/default/debug/_ext/1260377903/ring_buffer.o
LOAD build/default/debug/_ext/1360937237/bl_command.o
LOAD build/default/debug/_ext/1360937237/bl_flash.o
LOAD build/default/debug/_ext/1360937237/bl_protocol.o
LOAD build/default/debug/_ext/1360937237/bl_transport.o
LOAD build/default/debug/_ext/1360937237/bootloader.o
LOAD build/default/debug/_ext/1360937237/main.o
                0x00000001                        __MPLAB_BUILD = 0x1
                0x0040bf00                        __rom_end = (ORIGIN (rom) + LENGTH (rom))
                0x20460000                        __ram_end = (ORIGIN (ram) + LENGTH (ram))

.ApplicationFooter
 *(.ApplicationFooterData .ApplicationFooterData.*)

.vectors        0x00400000      0x168
                0x00400000                        . = ALIGN (0x4)
                0x00400000                        _sfixed = .
 *(.vectors .vectors.* .vectors_default .vectors_default.*)
 .vectors       0x00400000      0x168 build/default/debug/_ext/1171490990/interrupts.o
                0x00400000                exception_table
 *(.isr_vector)
 *(.reset*)
 *(.after_vectors)

.text           0x00400168       0x20
                0x00400168                        . = ALIGN (0x4)
 *(.glue_7t)
 .glue_7t       0x00400168        0x0 linker stubs
 *(.glue_7)
 .glue_7        0x00400168        0x0 linker stubs
 *(.gnu.linkonce.r.*)
 *(.ARM.extab* .gnu.linkonce.armextab.*)
                0x00400168                        . = ALIGN (0x4)
 *(.init)
 .init          0x00400168        0x4 C:/Program Files/Microchip/xc32/v5.00/bin/bin/../../lib/gcc/pic32c/13.2.1/thumb/v7e-m+dp/hard/crti.o
                0x00400168                _init
 .init          0x0040016c        0x8 C:/Program Files/Microchip/xc32/v5.00/bin/bin/../../lib/gcc/pic32c/13.2.1/thumb/v7e-m+dp/hard/crtn.o
                0x00400174                        . = ALIGN (0x4)
                0x00400174                        __preinit_array_start = .
 *(.preinit_array)
                0x00400174                        __preinit_array_end = .
                0x00400174                        . = ALIGN (0x4)
                0x00400174                        __init_array_start = .
 *(SORT_BY_NAME(.init_array.*))
 *(.init_array)
 .init_array    0x00400174        0x4 C:/Program Files/Microchip/xc32/v5.00/bin/bin/../../lib/gcc/pic32c/13.2.1/thumb/v7e-m+dp/hard/crtbegin.o
                0x00400178                        __init_array_end = .
                0x00400178                        . = ALIGN (0x4)
 *crtbegin.o(.ctors)
 *(EXCLUDE_FILE(*crtend.o) .ctors)
 *(SORT_BY_NAME(.ctors.*))
 *crtend.o(.ctors)
                0x00400178                        . = ALIGN (0x4)
 *(.fini)
 .fini          0x00400178        0x4 C:/Program Files/Microchip/xc32/v5.00/bin/bin/../../lib/gcc/pic32c/13.2.1/thumb/v7e-m+dp/hard/crti.o
                0x00400178                _fini
 .fini          0x0040017c        0x8 C:/Program Files/Microchip/xc32/v5.00/bin/bin/../../lib/gcc/pic32c/13.2.1/thumb/v7e-m+dp/hard/crtn.o
                0x00400184                        . = ALIGN (0x4)
                0x00400184                        __fini_array_start = .
 *(.fini_array)
 .fini_array    0x00400184        0x4 C:/Program Files/Microchip/xc32/v5.00/bin/bin/../../lib/gcc/pic32c/13.2.1/thumb/v7e-m+dp/hard/crtbegin.o
 *(SORT_BY_NAME(.fini_array.*))
                0x00400188                        __fini_array_end = .
 *crtbegin.o(.dtors)
 *(EXCLUDE_FILE(*crtend.o) .dtors)
 *(SORT_BY_NAME(.dtors.*))
 *crtend.o(.dtors)
                0x00400188                        . = ALIGN (0x4)
                0x00400188                        _efixed = .
                [!provide]                        PROVIDE (__exidx_start = .)

.ARM.exidx
 *(.ARM.exidx* .gnu.linkonce.armexidx.*)
                [!provide]                        PROVIDE (__exidx_end = .)
                0x00400188                        . = ALIGN (0x4)
                0x00400188                        _etext = .

.JumpSignature
 *(.JumpSignatureData)

.bss            0x20400020        0x0
                0x20400020                        . = ALIGN (0x4)
                0x20400020                        __bss_start__ = .
                0x20400020                        _sbss = .
                0x20400020                        _szero = .
 *(COMMON)
                0x20400020                        . = ALIGN (0x4)
                0x20400020                        __bss_end__ = .
                0x20400020                        _ebss = .
                0x20400020                        _ezero = .
                0x20400020                        . = ALIGN (0x4)
                0x20400020                        _end = .
                0x2045ffff                        _ram_end_ = ((ORIGIN (ram) + LENGTH (ram)) - 0x1)
                0x00000001                        __ICD2RAM = 0x1
                0x00000001                        __MPLAB_DEBUG = 0x1
                0x00000001                        __DEBUG = 0x1
                0x00000200                        _min_heap_size = 0x200
START GROUP
LOAD C:/Program Files/Microchip/xc32/v5.00/bin/bin/../../lib/gcc/pic32c/13.2.1/../../../../pic32c/lib/thumb/v7e-m+dp/hard\libpic32c.a
LOAD C:/Program Files/Microchip/xc32/v5.00/bin/bin/../../lib/gcc/pic32c/13.2.1/../../../../pic32c/lib/thumb/v7e-m+dp/hard\libc-size-musl.a
LOAD C:/Program Files/Microchip/xc32/v5.00/bin/bin/../../lib/gcc/pic32c/13.2.1/../../../../pic32c/lib/thumb/v7e-m+dp/hard\liblmalloc-musl.a
LOAD C:/Program Files/Microchip/xc32/v5.00/bin/bin/../../lib/gcc/pic32c/13.2.1/../../../../pic32c/lib/thumb/v7e-m+dp/hard\libg-musl.a
LOAD C:/Program Files/Microchip/xc32/v5.00/bin/bin/../../lib/gcc/pic32c/13.2.1/../../../../pic32c/lib/thumb/v7e-m+dp/hard\libc-musl.a
LOAD C:/Program Files/Microchip/xc32/v5.00/bin/bin/../../lib/gcc/pic32c/13.2.1/../../../../pic32c/lib/thumb/v7e-m+dp/hard\libm-fast-emfloat.a
LOAD C:/Program Files/Microchip/xc32/v5.00/bin/bin/../../lib/gcc/pic32c/13.2.1/../../../../pic32c/lib/thumb/v7e-m+dp/hard\libm-musl.a
END GROUP
LOAD C:/Program Files/Microchip/xc32/v5.00/bin/bin/../../lib/gcc/pic32c/13.2.1/thumb/v7e-m+dp/hard\libgcc.a
LOAD C:/Program Files/Microchip/xc32/v5.00/bin/bin/../../lib/gcc/pic32c/13.2.1/thumb/v7e-m+dp/hard/crtend.o
LOAD C:/Program Files/Microchip/xc32/v5.00/bin/bin/../../lib/gcc/pic32c/13.2.1/thumb/v7e-m+dp/hard/crtn.o
OUTPUT(dist/default/debug/Bootloader.X.debug.elf elf32-littlearm)
LOAD linker stubs
LOAD data_init

.note           0x00000000      0x4f8
 .note          0x00000000       0x18 C:/Program Files/Microchip/xc32/v5.00/bin/bin/../../lib/gcc/pic32c/13.2.1/thumb/v7e-m+dp/hard/crti.o
 .note          0x00000018       0x18 C:/Program Files/Microchip/xc32/v5.00/bin/bin/../../lib/gcc/pic32c/13.2.1/thumb/v7e-m+dp/hard/crtbegin.o
 .note          0x00000030       0x18 build/default/debug/_ext/60165520/plib_clk.o
 .note          0x00000048       0x18 build/default/debug/_ext/60167248/plib_efc.o
 .note          0x00000060       0x18 build/default/debug/_ext/1865468468/plib_nvic.o
 .note          0x00000078       0x18 build/default/debug/_ext/60177924/plib_pio.o
 .note          0x00000090       0x18 build/default/debug/_ext/1865657120/plib_uart3.o
 .note          0x000000a8       0x18 build/default/debug/_ext/1865657120/plib_uart0.o
 .note          0x000000c0       0x18 build/default/debug/_ext/163028504/xc32_monitor.o
 .note          0x000000d8       0x48 build/default/debug/_ext/1171490990/initialization.o
 .note          0x00000120       0x18 build/default/debug/_ext/1171490990/interrupts.o
 .note          0x00000138       0x18 build/default/debug/_ext/1171490990/exceptions.o
 .note          0x00000150       0x18 build/default/debug/_ext/1171490990/startup_xc32.o
 .note          0x00000168       0x18 build/default/debug/_ext/1171490990/libc_syscalls.o
 .note          0x00000180       0x18 build/default/debug/_ext/216470852/uart_dma.o
 .note          0x00000198       0x18 build/default/debug/_ext/216470852/uart_irq.o
 .note          0x000001b0       0x18 build/default/debug/_ext/1225992677/prnf.o
 .note          0x000001c8       0x18 build/default/debug/_ext/1260377903/ring_buffer.o
 .note          0x000001e0       0x18 build/default/debug/_ext/1360937237/bl_command.o
 .note          0x000001f8       0x18 build/default/debug/_ext/1360937237/bl_flash.o
 .note          0x00000210       0x18 build/default/debug/_ext/1360937237/bl_protocol.o
 .note          0x00000228       0x18 build/default/debug/_ext/1360937237/bl_transport.o
 .note          0x00000240       0x18 build/default/debug/_ext/1360937237/bootloader.o
 .note          0x00000258       0x18 build/default/debug/_ext/1360937237/main.o
 .note          0x00000270       0x18 C:/Program Files/Microchip/xc32/v5.00/bin/bin/../../lib/gcc/pic32c/13.2.1/../../../../pic32c/lib/thumb/v7e-m+dp/hard\libpic32c.a(data_init.o)
 .note          0x00000288       0x18 C:/Program Files/Microchip/xc32/v5.00/bin/bin/../../lib/gcc/pic32c/13.2.1/../../../../pic32c/lib/thumb/v7e-m+dp/hard\libc-size-musl.a(memcpy.o)
 .note          0x000002a0       0x18 C:/Program Files/Microchip/xc32/v5.00/bin/bin/../../lib/gcc/pic32c/13.2.1/../../../../pic32c/lib/thumb/v7e-m+dp/hard\libc-size-musl.a(memset.o)
 .note          0x000002b8       0x18 C:/Program Files/Microchip/xc32/v5.00/bin/bin/../../lib/gcc/pic32c/13.2.1/../../../../pic32c/lib/thumb/v7e-m+dp/hard\libc-size-musl.a(strlen.o)
 .note          0x000002d0       0x18 C:/Program Files/Microchip/xc32/v5.00/bin/bin/../../lib/gcc/pic32c/13.2.1/../../../../pic32c/lib/thumb/v7e-m+dp/hard\libc-size-musl.a(strncpy.o)
 .note          0x000002e8       0x18 C:/Program Files/Microchip/xc32/v5.00/bin/bin/../../lib/gcc/pic32c/13.2.1/../../../../pic32c/lib/thumb/v7e-m+dp/hard\libc-size-musl.a(stpncpy.o)
 .note          0x00000300       0x18 C:/Program Files/Microchip/xc32/v5.00/bin/bin/../../lib/gcc/pic32c/13.2.1/../../../../pic32c/lib/thumb/v7e-m+dp/hard\libg-musl.a(__libc_start_main.o)
 .note          0x00000318       0x18 C:/Program Files/Microchip/xc32/v5.00/bin/bin/../../lib/gcc/pic32c/13.2.1/../../../../pic32c/lib/thumb/v7e-m+dp/hard\libg-musl.a(libc.o)
 .note          0x00000330       0x18 C:/Program Files/Microchip/xc32/v5.00/bin/bin/../../lib/gcc/pic32c/13.2.1/../../../../pic32c/lib/thumb/v7e-m+dp/hard\libg-musl.a(__sio_sprintf_npxX.o)
 .note          0x00000348       0x18 C:/Program Files/Microchip/xc32/v5.00/bin/bin/../../lib/gcc/pic32c/13.2.1/../../../../pic32c/lib/thumb/v7e-m+dp/hard\libg-musl.a(__fmt_x.o)
 .note          0x00000360       0x18 C:/Program Files/Microchip/xc32/v5.00/bin/bin/../../lib/gcc/pic32c/13.2.1/../../../../pic32c/lib/thumb/v7e-m+dp/hard\libg-musl.a(__pop_int.o)
 .note          0x00000378       0x18 C:/Program Files/Microchip/xc32/v5.00/bin/bin/../../lib/gcc/pic32c/13.2.1/../../../../pic32c/lib/thumb/v7e-m+dp/hard\libg-musl.a(__pop_ptr.o)
 .note          0x00000390       0x18 C:/Program Files/Microchip/xc32/v5.00/bin/bin/../../lib/gcc/pic32c/13.2.1/../../../../pic32c/lib/thumb/v7e-m+dp/hard\libg-musl.a(__printf_core.o)
 .note          0x000003a8       0x18 C:/Program Files/Microchip/xc32/v5.00/bin/bin/../../lib/gcc/pic32c/13.2.1/../../../../pic32c/lib/thumb/v7e-m+dp/hard\libg-musl.a(atoi.o)
 .note          0x000003c0       0x18 C:/Program Files/Microchip/xc32/v5.00/bin/bin/../../lib/gcc/pic32c/13.2.1/../../../../pic32c/lib/thumb/v7e-m+dp/hard\libg-musl.a(tolower.o)
 .note          0x000003d8       0x18 C:/Program Files/Microchip/xc32/v5.00/bin/bin/../../lib/gcc/pic32c/13.2.1/../../../../pic32c/lib/thumb/v7e-m+dp/hard\libg-musl.a(toupper.o)
 .note          0x000003f0       0x18 C:/Program Files/Microchip/xc32/v5.00/bin/bin/../../lib/gcc/pic32c/13.2.1/../../../../pic32c/lib/thumb/v7e-m+dp/hard\libg-musl.a(__environ.o)
 .note          0x00000408       0x18 C:/Program Files/Microchip/xc32/v5.00/bin/bin/../../lib/gcc/pic32c/13.2.1/../../../../pic32c/lib/thumb/v7e-m+dp/hard\libg-musl.a(__errno_location.o)
 .note          0x00000420       0x18 C:/Program Files/Microchip/xc32/v5.00/bin/bin/../../lib/gcc/pic32c/13.2.1/../../../../pic32c/lib/thumb/v7e-m+dp/hard\libg-musl.a(__int_vsprintf.o)
 .note          0x00000438       0x18 C:/Program Files/Microchip/xc32/v5.00/bin/bin/../../lib/gcc/pic32c/13.2.1/../../../../pic32c/lib/thumb/v7e-m+dp/hard\libg-musl.a(__pop_float.o)
 .note          0x00000450       0x18 C:/Program Files/Microchip/xc32/v5.00/bin/bin/../../lib/gcc/pic32c/13.2.1/../../../../pic32c/lib/thumb/v7e-m+dp/hard\libg-musl.a(__int_vsnprintf.o)
 .note          0x00000468       0x18 C:/Program Files/Microchip/xc32/v5.00/bin/bin/../../lib/gcc/pic32c/13.2.1/../../../../pic32c/lib/thumb/v7e-m+dp/hard\libg-musl.a(__int_vfprintf.o)
 .note          0x00000480       0x18 C:/Program Files/Microchip/xc32/v5.00/bin/bin/../../lib/gcc/pic32c/13.2.1/thumb/v7e-m+dp/hard/crtend.o
 .note          0x00000498       0x18 C:/Program Files/Microchip/xc32/v5.00/bin/bin/../../lib/gcc/pic32c/13.2.1/thumb/v7e-m+dp/hard/crtn.o
 .note          0x000004b0       0x18 C:/Program Files/Microchip/xc32/v5.00/bin/bin/../../lib/gcc/pic32c/13.2.1/../../../../pic32c/lib/thumb/v7e-m+dp/hard\libpic32c.a(pic32_data_init_clear.o)
 .note          0x000004c8       0x18 C:/Program Files/Microchip/xc32/v5.00/bin/bin/../../lib/gcc/pic32c/13.2.1/../../../../pic32c/lib/thumb/v7e-m+dp/hard\libpic32c.a(pic32_data_init_copy.o)
 .note          0x000004e0       0x18 C:/Program Files/Microchip/xc32/v5.00/bin/bin/../../lib/gcc/pic32c/13.2.1/../../../../pic32c/lib/thumb/v7e-m+dp/hard\libpic32c.a(pic32_data_init_decompress.o)

.ARM.attributes
                0x00000000       0x32
 .ARM.attributes
                0x00000000       0x20 C:/Program Files/Microchip/xc32/v5.00/bin/bin/../../lib/gcc/pic32c/13.2.1/thumb/v7e-m+dp/hard/crti.o
 .ARM.attributes
                0x00000020       0x32 C:/Program Files/Microchip/xc32/v5.00/bin/bin/../../lib/gcc/pic32c/13.2.1/thumb/v7e-m+dp/hard/crtbegin.o
 .ARM.attributes
                0x00000052       0x32 build/default/debug/_ext/60165520/plib_clk.o
 .ARM.attributes
                0x00000084       0x32 build/default/debug/_ext/60167248/plib_efc.o
 .ARM.attributes
                0x000000b6       0x32 build/default/debug/_ext/1865468468/plib_nvic.o
 .ARM.attributes
                0x000000e8       0x32 build/default/debug/_ext/60177924/plib_pio.o
 .ARM.attributes
                0x0000011a       0x32 build/default/debug/_ext/1865657120/plib_uart3.o
 .ARM.attributes
                0x0000014c       0x32 build/default/debug/_ext/1865657120/plib_uart0.o
 .ARM.attributes
                0x0000017e       0x32 build/default/debug/_ext/1171490990/initialization.o
 .ARM.attributes
                0x000001b0       0x32 build/default/debug/_ext/1171490990/interrupts.o
 .ARM.attributes
                0x000001e2       0x32 build/default/debug/_ext/1171490990/exceptions.o
 .ARM.attributes
                0x00000214       0x32 build/default/debug/_ext/1171490990/startup_xc32.o
 .ARM.attributes
                0x00000246       0x32 build/default/debug/_ext/216470852/uart_irq.o
 .ARM.attributes
                0x00000278       0x32 build/default/debug/_ext/1260377903/ring_buffer.o
 .ARM.attributes
                0x000002aa       0x32 build/default/debug/_ext/1360937237/bl_command.o
 .ARM.attributes
                0x000002dc       0x32 build/default/debug/_ext/1360937237/bl_flash.o
 .ARM.attributes
                0x0000030e       0x32 build/default/debug/_ext/1360937237/bl_protocol.o
 .ARM.attributes
                0x00000340       0x32 build/default/debug/_ext/1360937237/bl_transport.o
 .ARM.attributes
                0x00000372       0x32 build/default/debug/_ext/1360937237/bootloader.o
 .ARM.attributes
                0x000003a4       0x32 build/default/debug/_ext/1360937237/main.o
 .ARM.attributes
                0x000003d6       0x32 C:/Program Files/Microchip/xc32/v5.00/bin/bin/../../lib/gcc/pic32c/13.2.1/../../../../pic32c/lib/thumb/v7e-m+dp/hard\libpic32c.a(data_init.o)
 .ARM.attributes
                0x00000408       0x34 C:/Program Files/Microchip/xc32/v5.00/bin/bin/../../lib/gcc/pic32c/13.2.1/../../../../pic32c/lib/thumb/v7e-m+dp/hard\libc-size-musl.a(memcpy.o)
 .ARM.attributes
                0x0000043c       0x34 C:/Program Files/Microchip/xc32/v5.00/bin/bin/../../lib/gcc/pic32c/13.2.1/../../../../pic32c/lib/thumb/v7e-m+dp/hard\libc-size-musl.a(memset.o)
 .ARM.attributes
                0x00000470       0x34 C:/Program Files/Microchip/xc32/v5.00/bin/bin/../../lib/gcc/pic32c/13.2.1/../../../../pic32c/lib/thumb/v7e-m+dp/hard\libc-size-musl.a(strlen.o)
 .ARM.attributes
                0x000004a4       0x34 C:/Program Files/Microchip/xc32/v5.00/bin/bin/../../lib/gcc/pic32c/13.2.1/../../../../pic32c/lib/thumb/v7e-m+dp/hard\libc-size-musl.a(strncpy.o)
 .ARM.attributes
                0x000004d8       0x34 C:/Program Files/Microchip/xc32/v5.00/bin/bin/../../lib/gcc/pic32c/13.2.1/../../../../pic32c/lib/thumb/v7e-m+dp/hard\libc-size-musl.a(stpncpy.o)
 .ARM.attributes
                0x0000050c       0x34 C:/Program Files/Microchip/xc32/v5.00/bin/bin/../../lib/gcc/pic32c/13.2.1/../../../../pic32c/lib/thumb/v7e-m+dp/hard\libg-musl.a(__libc_start_main.o)
 .ARM.attributes
                0x00000540       0x34 C:/Program Files/Microchip/xc32/v5.00/bin/bin/../../lib/gcc/pic32c/13.2.1/../../../../pic32c/lib/thumb/v7e-m+dp/hard\libg-musl.a(libc.o)
 .ARM.attributes
                0x00000574       0x34 C:/Program Files/Microchip/xc32/v5.00/bin/bin/../../lib/gcc/pic32c/13.2.1/../../../../pic32c/lib/thumb/v7e-m+dp/hard\libg-musl.a(__sio_sprintf_npxX.o)
 .ARM.attributes
                0x000005a8       0x34 C:/Program Files/Microchip/xc32/v5.00/bin/bin/../../lib/gcc/pic32c/13.2.1/../../../../pic32c/lib/thumb/v7e-m+dp/hard\libg-musl.a(__fmt_x.o)
 .ARM.attributes
                0x000005dc       0x34 C:/Program Files/Microchip/xc32/v5.00/bin/bin/../../lib/gcc/pic32c/13.2.1/../../../../pic32c/lib/thumb/v7e-m+dp/hard\libg-musl.a(__pop_int.o)
 .ARM.attributes
                0x00000610       0x34 C:/Program Files/Microchip/xc32/v5.00/bin/bin/../../lib/gcc/pic32c/13.2.1/../../../../pic32c/lib/thumb/v7e-m+dp/hard\libg-musl.a(__pop_ptr.o)
 .ARM.attributes
                0x00000644       0x34 C:/Program Files/Microchip/xc32/v5.00/bin/bin/../../lib/gcc/pic32c/13.2.1/../../../../pic32c/lib/thumb/v7e-m+dp/hard\libg-musl.a(__printf_core.o)
 .ARM.attributes
                0x00000678       0x34 C:/Program Files/Microchip/xc32/v5.00/bin/bin/../../lib/gcc/pic32c/13.2.1/../../../../pic32c/lib/thumb/v7e-m+dp/hard\libg-musl.a(atoi.o)
 .ARM.attributes
                0x000006ac       0x34 C:/Program Files/Microchip/xc32/v5.00/bin/bin/../../lib/gcc/pic32c/13.2.1/../../../../pic32c/lib/thumb/v7e-m+dp/hard\libg-musl.a(tolower.o)
 .ARM.attributes
                0x000006e0       0x34 C:/Program Files/Microchip/xc32/v5.00/bin/bin/../../lib/gcc/pic32c/13.2.1/../../../../pic32c/lib/thumb/v7e-m+dp/hard\libg-musl.a(toupper.o)
 .ARM.attributes
                0x00000714       0x34 C:/Program Files/Microchip/xc32/v5.00/bin/bin/../../lib/gcc/pic32c/13.2.1/../../../../pic32c/lib/thumb/v7e-m+dp/hard\libg-musl.a(__environ.o)
 .ARM.attributes
                0x00000748       0x34 C:/Program Files/Microchip/xc32/v5.00/bin/bin/../../lib/gcc/pic32c/13.2.1/../../../../pic32c/lib/thumb/v7e-m+dp/hard\libg-musl.a(__errno_location.o)
 .ARM.attributes
                0x0000077c       0x34 C:/Program Files/Microchip/xc32/v5.00/bin/bin/../../lib/gcc/pic32c/13.2.1/../../../../pic32c/lib/thumb/v7e-m+dp/hard\libg-musl.a(__int_vsprintf.o)
 .ARM.attributes
                0x000007b0       0x34 C:/Program Files/Microchip/xc32/v5.00/bin/bin/../../lib/gcc/pic32c/13.2.1/../../../../pic32c/lib/thumb/v7e-m+dp/hard\libg-musl.a(__pop_float.o)
 .ARM.attributes
                0x000007e4       0x34 C:/Program Files/Microchip/xc32/v5.00/bin/bin/../../lib/gcc/pic32c/13.2.1/../../../../pic32c/lib/thumb/v7e-m+dp/hard\libg-musl.a(__int_vsnprintf.o)
 .ARM.attributes
                0x00000818       0x34 C:/Program Files/Microchip/xc32/v5.00/bin/bin/../../lib/gcc/pic32c/13.2.1/../../../../pic32c/lib/thumb/v7e-m+dp/hard\libg-musl.a(__int_vfprintf.o)
 .ARM.attributes
                0x0000084c       0x20 C:/Program Files/Microchip/xc32/v5.00/bin/bin/../../lib/gcc/pic32c/13.2.1/thumb/v7e-m+dp/hard/crtn.o
 .ARM.attributes
                0x0000086c       0x32 C:/Program Files/Microchip/xc32/v5.00/bin/bin/../../lib/gcc/pic32c/13.2.1/../../../../pic32c/lib/thumb/v7e-m+dp/hard\libpic32c.a(pic32_data_init_clear.o)
 .ARM.attributes
                0x0000089e       0x32 C:/Program Files/Microchip/xc32/v5.00/bin/bin/../../lib/gcc/pic32c/13.2.1/../../../../pic32c/lib/thumb/v7e-m+dp/hard\libpic32c.a(pic32_data_init_copy.o)
 .ARM.attributes
                0x000008d0       0x32 C:/Program Files/Microchip/xc32/v5.00/bin/bin/../../lib/gcc/pic32c/13.2.1/../../../../pic32c/lib/thumb/v7e-m+dp/hard\libpic32c.a(pic32_data_init_decompress.o)

.comment        0x00000000       0x35
 .comment       0x00000000       0x35 C:/Program Files/Microchip/xc32/v5.00/bin/bin/../../lib/gcc/pic32c/13.2.1/thumb/v7e-m+dp/hard/crtbegin.o
                                 0x36 (size before relaxing)
 .comment       0x00000035       0x36 build/default/debug/_ext/60165520/plib_clk.o
 .comment       0x00000035       0x36 build/default/debug/_ext/60167248/plib_efc.o
 .comment       0x00000035       0x36 build/default/debug/_ext/1865468468/plib_nvic.o
 .comment       0x00000035       0x36 build/default/debug/_ext/60177924/plib_pio.o
 .comment       0x00000035       0x36 build/default/debug/_ext/1865657120/plib_uart3.o
 .comment       0x00000035       0x36 build/default/debug/_ext/1865657120/plib_uart0.o
 .comment       0x00000035       0x36 build/default/debug/_ext/1171490990/initialization.o
 .comment       0x00000035       0x36 build/default/debug/_ext/1171490990/interrupts.o
 .comment       0x00000035       0x36 build/default/debug/_ext/1171490990/exceptions.o
 .comment       0x00000035       0x36 build/default/debug/_ext/1171490990/startup_xc32.o
 .comment       0x00000035       0x36 build/default/debug/_ext/216470852/uart_irq.o
 .comment       0x00000035       0x36 build/default/debug/_ext/1260377903/ring_buffer.o
 .comment       0x00000035       0x36 build/default/debug/_ext/1360937237/bl_command.o
 .comment       0x00000035       0x36 build/default/debug/_ext/1360937237/bl_flash.o
 .comment       0x00000035       0x36 build/default/debug/_ext/1360937237/bl_protocol.o
 .comment       0x00000035       0x36 build/default/debug/_ext/1360937237/bl_transport.o
 .comment       0x00000035       0x36 build/default/debug/_ext/1360937237/bootloader.o
 .comment       0x00000035       0x36 build/default/debug/_ext/1360937237/main.o
 .comment       0x00000035       0x36 C:/Program Files/Microchip/xc32/v5.00/bin/bin/../../lib/gcc/pic32c/13.2.1/../../../../pic32c/lib/thumb/v7e-m+dp/hard\libpic32c.a(data_init.o)
 .comment       0x00000035       0x36 C:/Program Files/Microchip/xc32/v5.00/bin/bin/../../lib/gcc/pic32c/13.2.1/../../../../pic32c/lib/thumb/v7e-m+dp/hard\libc-size-musl.a(memcpy.o)
 .comment       0x00000035       0x36 C:/Program Files/Microchip/xc32/v5.00/bin/bin/../../lib/gcc/pic32c/13.2.1/../../../../pic32c/lib/thumb/v7e-m+dp/hard\libc-size-musl.a(memset.o)
 .comment       0x00000035       0x36 C:/Program Files/Microchip/xc32/v5.00/bin/bin/../../lib/gcc/pic32c/13.2.1/../../../../pic32c/lib/thumb/v7e-m+dp/hard\libc-size-musl.a(strlen.o)
 .comment       0x00000035       0x36 C:/Program Files/Microchip/xc32/v5.00/bin/bin/../../lib/gcc/pic32c/13.2.1/../../../../pic32c/lib/thumb/v7e-m+dp/hard\libc-size-musl.a(strncpy.o)
 .comment       0x00000035       0x36 C:/Program Files/Microchip/xc32/v5.00/bin/bin/../../lib/gcc/pic32c/13.2.1/../../../../pic32c/lib/thumb/v7e-m+dp/hard\libc-size-musl.a(stpncpy.o)
 .comment       0x00000035       0x36 C:/Program Files/Microchip/xc32/v5.00/bin/bin/../../lib/gcc/pic32c/13.2.1/../../../../pic32c/lib/thumb/v7e-m+dp/hard\libg-musl.a(__libc_start_main.o)
 .comment       0x00000035       0x36 C:/Program Files/Microchip/xc32/v5.00/bin/bin/../../lib/gcc/pic32c/13.2.1/../../../../pic32c/lib/thumb/v7e-m+dp/hard\libg-musl.a(libc.o)
 .comment       0x00000035       0x36 C:/Program Files/Microchip/xc32/v5.00/bin/bin/../../lib/gcc/pic32c/13.2.1/../../../../pic32c/lib/thumb/v7e-m+dp/hard\libg-musl.a(__sio_sprintf_npxX.o)
 .comment       0x00000035       0x36 C:/Program Files/Microchip/xc32/v5.00/bin/bin/../../lib/gcc/pic32c/13.2.1/../../../../pic32c/lib/thumb/v7e-m+dp/hard\libg-musl.a(__fmt_x.o)
 .comment       0x00000035       0x36 C:/Program Files/Microchip/xc32/v5.00/bin/bin/../../lib/gcc/pic32c/13.2.1/../../../../pic32c/lib/thumb/v7e-m+dp/hard\libg-musl.a(__pop_int.o)
 .comment       0x00000035       0x36 C:/Program Files/Microchip/xc32/v5.00/bin/bin/../../lib/gcc/pic32c/13.2.1/../../../../pic32c/lib/thumb/v7e-m+dp/hard\libg-musl.a(__pop_ptr.o)
 .comment       0x00000035       0x36 C:/Program Files/Microchip/xc32/v5.00/bin/bin/../../lib/gcc/pic32c/13.2.1/../../../../pic32c/lib/thumb/v7e-m+dp/hard\libg-musl.a(__printf_core.o)
 .comment       0x00000035       0x36 C:/Program Files/Microchip/xc32/v5.00/bin/bin/../../lib/gcc/pic32c/13.2.1/../../../../pic32c/lib/thumb/v7e-m+dp/hard\libg-musl.a(atoi.o)
 .comment       0x00000035       0x36 C:/Program Files/Microchip/xc32/v5.00/bin/bin/../../lib/gcc/pic32c/13.2.1/../../../../pic32c/lib/thumb/v7e-m+dp/hard\libg-musl.a(tolower.o)
 .comment       0x00000035       0x36 C:/Program Files/Microchip/xc32/v5.00/bin/bin/../../lib/gcc/pic32c/13.2.1/../../../../pic32c/lib/thumb/v7e-m+dp/hard\libg-musl.a(toupper.o)
 .comment       0x00000035       0x36 C:/Program Files/Microchip/xc32/v5.00/bin/bin/../../lib/gcc/pic32c/13.2.1/../../../../pic32c/lib/thumb/v7e-m+dp/hard\libg-musl.a(__environ.o)
 .comment       0x00000035       0x36 C:/Program Files/Microchip/xc32/v5.00/bin/bin/../../lib/gcc/pic32c/13.2.1/../../../../pic32c/lib/thumb/v7e-m+dp/hard\libg-musl.a(__errno_location.o)
 .comment       0x00000035       0x36 C:/Program Files/Microchip/xc32/v5.00/bin/bin/../../lib/gcc/pic32c/13.2.1/../../../../pic32c/lib/thumb/v7e-m+dp/hard\libg-musl.a(__int_vsprintf.o)
 .comment       0x00000035       0x36 C:/Program Files/Microchip/xc32/v5.00/bin/bin/../../lib/gcc/pic32c/13.2.1/../../../../pic32c/lib/thumb/v7e-m+dp/hard\libg-musl.a(__pop_float.o)
 .comment       0x00000035       0x36 C:/Program Files/Microchip/xc32/v5.00/bin/bin/../../lib/gcc/pic32c/13.2.1/../../../../pic32c/lib/thumb/v7e-m+dp/hard\libg-musl.a(__int_vsnprintf.o)
 .comment       0x00000035       0x36 C:/Program Files/Microchip/xc32/v5.00/bin/bin/../../lib/gcc/pic32c/13.2.1/../../../../pic32c/lib/thumb/v7e-m+dp/hard\libg-musl.a(__int_vfprintf.o)
 .comment       0x00000035       0x36 C:/Program Files/Microchip/xc32/v5.00/bin/bin/../../lib/gcc/pic32c/13.2.1/../../../../pic32c/lib/thumb/v7e-m+dp/hard\libpic32c.a(pic32_data_init_clear.o)
 .comment       0x00000035       0x36 C:/Program Files/Microchip/xc32/v5.00/bin/bin/../../lib/gcc/pic32c/13.2.1/../../../../pic32c/lib/thumb/v7e-m+dp/hard\libpic32c.a(pic32_data_init_copy.o)
 .comment       0x00000035       0x36 C:/Program Files/Microchip/xc32/v5.00/bin/bin/../../lib/gcc/pic32c/13.2.1/../../../../pic32c/lib/thumb/v7e-m+dp/hard\libpic32c.a(pic32_data_init_decompress.o)

.debug_info     0x00000000     0xb57e
 .debug_info    0x00000000      0x483 build/default/debug/_ext/60165520/plib_clk.o
 .debug_info    0x00000483      0xcee build/default/debug/_ext/60167248/plib_efc.o
 .debug_info    0x00001171      0xcf1 build/default/debug/_ext/1865468468/plib_nvic.o
 .debug_info    0x00001e62      0x9e9 build/default/debug/_ext/60177924/plib_pio.o
 .debug_info    0x0000284b      0x7fa build/default/debug/_ext/1865657120/plib_uart3.o
 .debug_info    0x00003045      0x7ba build/default/debug/_ext/1865657120/plib_uart0.o
 .debug_info    0x000037ff      0x1cf build/default/debug/_ext/1171490990/initialization.o
 .debug_info    0x000039ce      0x6f6 build/default/debug/_ext/1171490990/interrupts.o
 .debug_info    0x000040c4      0x116 build/default/debug/_ext/1171490990/exceptions.o
 .debug_info    0x000041da      0x97c build/default/debug/_ext/1171490990/startup_xc32.o
 .debug_info    0x00004b56     0x1073 build/default/debug/_ext/216470852/uart_irq.o
 .debug_info    0x00005bc9      0xa19 build/default/debug/_ext/1260377903/ring_buffer.o
 .debug_info    0x000065e2      0x346 build/default/debug/_ext/1360937237/bl_command.o
 .debug_info    0x00006928      0x450 build/default/debug/_ext/1360937237/bl_flash.o
 .debug_info    0x00006d78      0x4d9 build/default/debug/_ext/1360937237/bl_protocol.o
 .debug_info    0x00007251      0x392 build/default/debug/_ext/1360937237/bl_transport.o
 .debug_info    0x000075e3      0xc28 build/default/debug/_ext/1360937237/bootloader.o
 .debug_info    0x0000820b      0x545 build/default/debug/_ext/1360937237/main.o
 .debug_info    0x00008750      0x212 C:/Program Files/Microchip/xc32/v5.00/bin/bin/../../lib/gcc/pic32c/13.2.1/../../../../pic32c/lib/thumb/v7e-m+dp/hard\libpic32c.a(data_init.o)
 .debug_info    0x00008962       0xff C:/Program Files/Microchip/xc32/v5.00/bin/bin/../../lib/gcc/pic32c/13.2.1/../../../../pic32c/lib/thumb/v7e-m+dp/hard\libc-size-musl.a(memcpy.o)
 .debug_info    0x00008a61       0xc2 C:/Program Files/Microchip/xc32/v5.00/bin/bin/../../lib/gcc/pic32c/13.2.1/../../../../pic32c/lib/thumb/v7e-m+dp/hard\libc-size-musl.a(memset.o)
 .debug_info    0x00008b23       0xab C:/Program Files/Microchip/xc32/v5.00/bin/bin/../../lib/gcc/pic32c/13.2.1/../../../../pic32c/lib/thumb/v7e-m+dp/hard\libc-size-musl.a(strlen.o)
 .debug_info    0x00008bce      0x109 C:/Program Files/Microchip/xc32/v5.00/bin/bin/../../lib/gcc/pic32c/13.2.1/../../../../pic32c/lib/thumb/v7e-m+dp/hard\libc-size-musl.a(strncpy.o)
 .debug_info    0x00008cd7       0xe8 C:/Program Files/Microchip/xc32/v5.00/bin/bin/../../lib/gcc/pic32c/13.2.1/../../../../pic32c/lib/thumb/v7e-m+dp/hard\libc-size-musl.a(stpncpy.o)
 .debug_info    0x00008dbf      0x2fb C:/Program Files/Microchip/xc32/v5.00/bin/bin/../../lib/gcc/pic32c/13.2.1/../../../../pic32c/lib/thumb/v7e-m+dp/hard\libg-musl.a(__libc_start_main.o)
 .debug_info    0x000090ba      0x276 C:/Program Files/Microchip/xc32/v5.00/bin/bin/../../lib/gcc/pic32c/13.2.1/../../../../pic32c/lib/thumb/v7e-m+dp/hard\libg-musl.a(libc.o)
 .debug_info    0x00009330      0x1c2 C:/Program Files/Microchip/xc32/v5.00/bin/bin/../../lib/gcc/pic32c/13.2.1/../../../../pic32c/lib/thumb/v7e-m+dp/hard\libg-musl.a(__sio_sprintf_npxX.o)
 .debug_info    0x000094f2      0x3a1 C:/Program Files/Microchip/xc32/v5.00/bin/bin/../../lib/gcc/pic32c/13.2.1/../../../../pic32c/lib/thumb/v7e-m+dp/hard\libg-musl.a(__fmt_x.o)
 .debug_info    0x00009893      0x183 C:/Program Files/Microchip/xc32/v5.00/bin/bin/../../lib/gcc/pic32c/13.2.1/../../../../pic32c/lib/thumb/v7e-m+dp/hard\libg-musl.a(__pop_int.o)
 .debug_info    0x00009a16      0x187 C:/Program Files/Microchip/xc32/v5.00/bin/bin/../../lib/gcc/pic32c/13.2.1/../../../../pic32c/lib/thumb/v7e-m+dp/hard\libg-musl.a(__pop_ptr.o)
 .debug_info    0x00009b9d      0xaff C:/Program Files/Microchip/xc32/v5.00/bin/bin/../../lib/gcc/pic32c/13.2.1/../../../../pic32c/lib/thumb/v7e-m+dp/hard\libg-musl.a(__printf_core.o)
 .debug_info    0x0000a69c       0xef C:/Program Files/Microchip/xc32/v5.00/bin/bin/../../lib/gcc/pic32c/13.2.1/../../../../pic32c/lib/thumb/v7e-m+dp/hard\libg-musl.a(atoi.o)
 .debug_info    0x0000a78b      0x138 C:/Program Files/Microchip/xc32/v5.00/bin/bin/../../lib/gcc/pic32c/13.2.1/../../../../pic32c/lib/thumb/v7e-m+dp/hard\libg-musl.a(tolower.o)
 .debug_info    0x0000a8c3      0x138 C:/Program Files/Microchip/xc32/v5.00/bin/bin/../../lib/gcc/pic32c/13.2.1/../../../../pic32c/lib/thumb/v7e-m+dp/hard\libg-musl.a(toupper.o)
 .debug_info    0x0000a9fb       0x97 C:/Program Files/Microchip/xc32/v5.00/bin/bin/../../lib/gcc/pic32c/13.2.1/../../../../pic32c/lib/thumb/v7e-m+dp/hard\libg-musl.a(__environ.o)
 .debug_info    0x0000aa92       0x5b C:/Program Files/Microchip/xc32/v5.00/bin/bin/../../lib/gcc/pic32c/13.2.1/../../../../pic32c/lib/thumb/v7e-m+dp/hard\libg-musl.a(__errno_location.o)
 .debug_info    0x0000aaed      0x179 C:/Program Files/Microchip/xc32/v5.00/bin/bin/../../lib/gcc/pic32c/13.2.1/../../../../pic32c/lib/thumb/v7e-m+dp/hard\libg-musl.a(__int_vsprintf.o)
 .debug_info    0x0000ac66      0x162 C:/Program Files/Microchip/xc32/v5.00/bin/bin/../../lib/gcc/pic32c/13.2.1/../../../../pic32c/lib/thumb/v7e-m+dp/hard\libg-musl.a(__pop_float.o)
 .debug_info    0x0000adc8      0x237 C:/Program Files/Microchip/xc32/v5.00/bin/bin/../../lib/gcc/pic32c/13.2.1/../../../../pic32c/lib/thumb/v7e-m+dp/hard\libg-musl.a(__int_vsnprintf.o)
 .debug_info    0x0000afff      0x21c C:/Program Files/Microchip/xc32/v5.00/bin/bin/../../lib/gcc/pic32c/13.2.1/../../../../pic32c/lib/thumb/v7e-m+dp/hard\libg-musl.a(__int_vfprintf.o)
 .debug_info    0x0000b21b      0x110 C:/Program Files/Microchip/xc32/v5.00/bin/bin/../../lib/gcc/pic32c/13.2.1/../../../../pic32c/lib/thumb/v7e-m+dp/hard\libpic32c.a(pic32_data_init_clear.o)
 .debug_info    0x0000b32b      0x126 C:/Program Files/Microchip/xc32/v5.00/bin/bin/../../lib/gcc/pic32c/13.2.1/../../../../pic32c/lib/thumb/v7e-m+dp/hard\libpic32c.a(pic32_data_init_copy.o)
 .debug_info    0x0000b451      0x12d C:/Program Files/Microchip/xc32/v5.00/bin/bin/../../lib/gcc/pic32c/13.2.1/../../../../pic32c/lib/thumb/v7e-m+dp/hard\libpic32c.a(pic32_data_init_decompress.o)

.debug_abbrev   0x00000000     0x3990
 .debug_abbrev  0x00000000       0xcd build/default/debug/_ext/60165520/plib_clk.o
 .debug_abbrev  0x000000cd      0x2cf build/default/debug/_ext/60167248/plib_efc.o
 .debug_abbrev  0x0000039c      0x24d build/default/debug/_ext/1865468468/plib_nvic.o
 .debug_abbrev  0x000005e9      0x13f build/default/debug/_ext/60177924/plib_pio.o
 .debug_abbrev  0x00000728      0x2c6 build/default/debug/_ext/1865657120/plib_uart3.o
 .debug_abbrev  0x000009ee      0x2c6 build/default/debug/_ext/1865657120/plib_uart0.o
 .debug_abbrev  0x00000cb4       0xcb build/default/debug/_ext/1171490990/initialization.o
 .debug_abbrev  0x00000d7f       0xd3 build/default/debug/_ext/1171490990/interrupts.o
 .debug_abbrev  0x00000e52       0x49 build/default/debug/_ext/1171490990/exceptions.o
 .debug_abbrev  0x00000e9b      0x21a build/default/debug/_ext/1171490990/startup_xc32.o
 .debug_abbrev  0x000010b5      0x302 build/default/debug/_ext/216470852/uart_irq.o
 .debug_abbrev  0x000013b7      0x1db build/default/debug/_ext/1260377903/ring_buffer.o
 .debug_abbrev  0x00001592      0x196 build/default/debug/_ext/1360937237/bl_command.o
 .debug_abbrev  0x00001728      0x1ec build/default/debug/_ext/1360937237/bl_flash.o
 .debug_abbrev  0x00001914      0x26f build/default/debug/_ext/1360937237/bl_protocol.o
 .debug_abbrev  0x00001b83      0x178 build/default/debug/_ext/1360937237/bl_transport.o
 .debug_abbrev  0x00001cfb      0x294 build/default/debug/_ext/1360937237/bootloader.o
 .debug_abbrev  0x00001f8f      0x1f4 build/default/debug/_ext/1360937237/main.o
 .debug_abbrev  0x00002183      0x156 C:/Program Files/Microchip/xc32/v5.00/bin/bin/../../lib/gcc/pic32c/13.2.1/../../../../pic32c/lib/thumb/v7e-m+dp/hard\libpic32c.a(data_init.o)
 .debug_abbrev  0x000022d9       0xaa C:/Program Files/Microchip/xc32/v5.00/bin/bin/../../lib/gcc/pic32c/13.2.1/../../../../pic32c/lib/thumb/v7e-m+dp/hard\libc-size-musl.a(memcpy.o)
 .debug_abbrev  0x00002383       0xa2 C:/Program Files/Microchip/xc32/v5.00/bin/bin/../../lib/gcc/pic32c/13.2.1/../../../../pic32c/lib/thumb/v7e-m+dp/hard\libc-size-musl.a(memset.o)
 .debug_abbrev  0x00002425       0x91 C:/Program Files/Microchip/xc32/v5.00/bin/bin/../../lib/gcc/pic32c/13.2.1/../../../../pic32c/lib/thumb/v7e-m+dp/hard\libc-size-musl.a(strlen.o)
 .debug_abbrev  0x000024b6       0xb0 C:/Program Files/Microchip/xc32/v5.00/bin/bin/../../lib/gcc/pic32c/13.2.1/../../../../pic32c/lib/thumb/v7e-m+dp/hard\libc-size-musl.a(strncpy.o)
 .debug_abbrev  0x00002566       0xa5 C:/Program Files/Microchip/xc32/v5.00/bin/bin/../../lib/gcc/pic32c/13.2.1/../../../../pic32c/lib/thumb/v7e-m+dp/hard\libc-size-musl.a(stpncpy.o)
 .debug_abbrev  0x0000260b      0x133 C:/Program Files/Microchip/xc32/v5.00/bin/bin/../../lib/gcc/pic32c/13.2.1/../../../../pic32c/lib/thumb/v7e-m+dp/hard\libg-musl.a(__libc_start_main.o)
 .debug_abbrev  0x0000273e       0xd4 C:/Program Files/Microchip/xc32/v5.00/bin/bin/../../lib/gcc/pic32c/13.2.1/../../../../pic32c/lib/thumb/v7e-m+dp/hard\libg-musl.a(libc.o)
 .debug_abbrev  0x00002812      0x154 C:/Program Files/Microchip/xc32/v5.00/bin/bin/../../lib/gcc/pic32c/13.2.1/../../../../pic32c/lib/thumb/v7e-m+dp/hard\libg-musl.a(__sio_sprintf_npxX.o)
 .debug_abbrev  0x00002966      0x15a C:/Program Files/Microchip/xc32/v5.00/bin/bin/../../lib/gcc/pic32c/13.2.1/../../../../pic32c/lib/thumb/v7e-m+dp/hard\libg-musl.a(__fmt_x.o)
 .debug_abbrev  0x00002ac0       0xdc C:/Program Files/Microchip/xc32/v5.00/bin/bin/../../lib/gcc/pic32c/13.2.1/../../../../pic32c/lib/thumb/v7e-m+dp/hard\libg-musl.a(__pop_int.o)
 .debug_abbrev  0x00002b9c       0xed C:/Program Files/Microchip/xc32/v5.00/bin/bin/../../lib/gcc/pic32c/13.2.1/../../../../pic32c/lib/thumb/v7e-m+dp/hard\libg-musl.a(__pop_ptr.o)
 .debug_abbrev  0x00002c89      0x33f C:/Program Files/Microchip/xc32/v5.00/bin/bin/../../lib/gcc/pic32c/13.2.1/../../../../pic32c/lib/thumb/v7e-m+dp/hard\libg-musl.a(__printf_core.o)
 .debug_abbrev  0x00002fc8       0xc4 C:/Program Files/Microchip/xc32/v5.00/bin/bin/../../lib/gcc/pic32c/13.2.1/../../../../pic32c/lib/thumb/v7e-m+dp/hard\libg-musl.a(atoi.o)
 .debug_abbrev  0x0000308c      0x108 C:/Program Files/Microchip/xc32/v5.00/bin/bin/../../lib/gcc/pic32c/13.2.1/../../../../pic32c/lib/thumb/v7e-m+dp/hard\libg-musl.a(tolower.o)
 .debug_abbrev  0x00003194      0x108 C:/Program Files/Microchip/xc32/v5.00/bin/bin/../../lib/gcc/pic32c/13.2.1/../../../../pic32c/lib/thumb/v7e-m+dp/hard\libg-musl.a(toupper.o)
 .debug_abbrev  0x0000329c       0x62 C:/Program Files/Microchip/xc32/v5.00/bin/bin/../../lib/gcc/pic32c/13.2.1/../../../../pic32c/lib/thumb/v7e-m+dp/hard\libg-musl.a(__environ.o)
 .debug_abbrev  0x000032fe       0x39 C:/Program Files/Microchip/xc32/v5.00/bin/bin/../../lib/gcc/pic32c/13.2.1/../../../../pic32c/lib/thumb/v7e-m+dp/hard\libg-musl.a(__errno_location.o)
 .debug_abbrev  0x00003337       0xd6 C:/Program Files/Microchip/xc32/v5.00/bin/bin/../../lib/gcc/pic32c/13.2.1/../../../../pic32c/lib/thumb/v7e-m+dp/hard\libg-musl.a(__int_vsprintf.o)
 .debug_abbrev  0x0000340d       0xdc C:/Program Files/Microchip/xc32/v5.00/bin/bin/../../lib/gcc/pic32c/13.2.1/../../../../pic32c/lib/thumb/v7e-m+dp/hard\libg-musl.a(__pop_float.o)
 .debug_abbrev  0x000034e9      0x15c C:/Program Files/Microchip/xc32/v5.00/bin/bin/../../lib/gcc/pic32c/13.2.1/../../../../pic32c/lib/thumb/v7e-m+dp/hard\libg-musl.a(__int_vsnprintf.o)
 .debug_abbrev  0x00003645      0x13a C:/Program Files/Microchip/xc32/v5.00/bin/bin/../../lib/gcc/pic32c/13.2.1/../../../../pic32c/lib/thumb/v7e-m+dp/hard\libg-musl.a(__int_vfprintf.o)
 .debug_abbrev  0x0000377f       0xa2 C:/Program Files/Microchip/xc32/v5.00/bin/bin/../../lib/gcc/pic32c/13.2.1/../../../../pic32c/lib/thumb/v7e-m+dp/hard\libpic32c.a(pic32_data_init_clear.o)
 .debug_abbrev  0x00003821       0xca C:/Program Files/Microchip/xc32/v5.00/bin/bin/../../lib/gcc/pic32c/13.2.1/../../../../pic32c/lib/thumb/v7e-m+dp/hard\libpic32c.a(pic32_data_init_copy.o)
 .debug_abbrev  0x000038eb       0xa5 C:/Program Files/Microchip/xc32/v5.00/bin/bin/../../lib/gcc/pic32c/13.2.1/../../../../pic32c/lib/thumb/v7e-m+dp/hard\libpic32c.a(pic32_data_init_decompress.o)

.debug_aranges  0x00000000      0x908
 .debug_aranges
                0x00000000       0x20 build/default/debug/_ext/60165520/plib_clk.o
 .debug_aranges
                0x00000020       0x70 build/default/debug/_ext/60167248/plib_efc.o
 .debug_aranges
                0x00000090       0x48 build/default/debug/_ext/1865468468/plib_nvic.o
 .debug_aranges
                0x000000d8       0x60 build/default/debug/_ext/60177924/plib_pio.o
 .debug_aranges
                0x00000138       0x98 build/default/debug/_ext/1865657120/plib_uart3.o
 .debug_aranges
                0x000001d0       0x98 build/default/debug/_ext/1865657120/plib_uart0.o
 .debug_aranges
                0x00000268       0x20 build/default/debug/_ext/1171490990/initialization.o
 .debug_aranges
                0x00000288       0x20 build/default/debug/_ext/1171490990/interrupts.o
 .debug_aranges
                0x000002a8       0x48 build/default/debug/_ext/1171490990/exceptions.o
 .debug_aranges
                0x000002f0       0x28 build/default/debug/_ext/1171490990/startup_xc32.o
 .debug_aranges
                0x00000318       0xd8 build/default/debug/_ext/216470852/uart_irq.o
 .debug_aranges
                0x000003f0       0x68 build/default/debug/_ext/1260377903/ring_buffer.o
 .debug_aranges
                0x00000458       0x30 build/default/debug/_ext/1360937237/bl_command.o
 .debug_aranges
                0x00000488       0x48 build/default/debug/_ext/1360937237/bl_flash.o
 .debug_aranges
                0x000004d0       0x40 build/default/debug/_ext/1360937237/bl_protocol.o
 .debug_aranges
                0x00000510       0x30 build/default/debug/_ext/1360937237/bl_transport.o
 .debug_aranges
                0x00000540       0x30 build/default/debug/_ext/1360937237/bootloader.o
 .debug_aranges
                0x00000570       0x30 build/default/debug/_ext/1360937237/main.o
 .debug_aranges
                0x000005a0       0x30 C:/Program Files/Microchip/xc32/v5.00/bin/bin/../../lib/gcc/pic32c/13.2.1/../../../../pic32c/lib/thumb/v7e-m+dp/hard\libpic32c.a(data_init.o)
 .debug_aranges
                0x000005d0       0x20 C:/Program Files/Microchip/xc32/v5.00/bin/bin/../../lib/gcc/pic32c/13.2.1/../../../../pic32c/lib/thumb/v7e-m+dp/hard\libc-size-musl.a(memcpy.o)
 .debug_aranges
                0x000005f0       0x20 C:/Program Files/Microchip/xc32/v5.00/bin/bin/../../lib/gcc/pic32c/13.2.1/../../../../pic32c/lib/thumb/v7e-m+dp/hard\libc-size-musl.a(memset.o)
 .debug_aranges
                0x00000610       0x20 C:/Program Files/Microchip/xc32/v5.00/bin/bin/../../lib/gcc/pic32c/13.2.1/../../../../pic32c/lib/thumb/v7e-m+dp/hard\libc-size-musl.a(strlen.o)
 .debug_aranges
                0x00000630       0x20 C:/Program Files/Microchip/xc32/v5.00/bin/bin/../../lib/gcc/pic32c/13.2.1/../../../../pic32c/lib/thumb/v7e-m+dp/hard\libc-size-musl.a(strncpy.o)
 .debug_aranges
                0x00000650       0x20 C:/Program Files/Microchip/xc32/v5.00/bin/bin/../../lib/gcc/pic32c/13.2.1/../../../../pic32c/lib/thumb/v7e-m+dp/hard\libc-size-musl.a(stpncpy.o)
 .debug_aranges
                0x00000670       0x28 C:/Program Files/Microchip/xc32/v5.00/bin/bin/../../lib/gcc/pic32c/13.2.1/../../../../pic32c/lib/thumb/v7e-m+dp/hard\libg-musl.a(__libc_start_main.o)
 .debug_aranges
                0x00000698       0x18 C:/Program Files/Microchip/xc32/v5.00/bin/bin/../../lib/gcc/pic32c/13.2.1/../../../../pic32c/lib/thumb/v7e-m+dp/hard\libg-musl.a(libc.o)
 .debug_aranges
                0x000006b0       0x28 C:/Program Files/Microchip/xc32/v5.00/bin/bin/../../lib/gcc/pic32c/13.2.1/../../../../pic32c/lib/thumb/v7e-m+dp/hard\libg-musl.a(__sio_sprintf_npxX.o)
 .debug_aranges
                0x000006d8       0x20 C:/Program Files/Microchip/xc32/v5.00/bin/bin/../../lib/gcc/pic32c/13.2.1/../../../../pic32c/lib/thumb/v7e-m+dp/hard\libg-musl.a(__fmt_x.o)
 .debug_aranges
                0x000006f8       0x20 C:/Program Files/Microchip/xc32/v5.00/bin/bin/../../lib/gcc/pic32c/13.2.1/../../../../pic32c/lib/thumb/v7e-m+dp/hard\libg-musl.a(__pop_int.o)
 .debug_aranges
                0x00000718       0x20 C:/Program Files/Microchip/xc32/v5.00/bin/bin/../../lib/gcc/pic32c/13.2.1/../../../../pic32c/lib/thumb/v7e-m+dp/hard\libg-musl.a(__pop_ptr.o)
 .debug_aranges
                0x00000738       0x50 C:/Program Files/Microchip/xc32/v5.00/bin/bin/../../lib/gcc/pic32c/13.2.1/../../../../pic32c/lib/thumb/v7e-m+dp/hard\libg-musl.a(__printf_core.o)
 .debug_aranges
                0x00000788       0x20 C:/Program Files/Microchip/xc32/v5.00/bin/bin/../../lib/gcc/pic32c/13.2.1/../../../../pic32c/lib/thumb/v7e-m+dp/hard\libg-musl.a(atoi.o)
 .debug_aranges
                0x000007a8       0x28 C:/Program Files/Microchip/xc32/v5.00/bin/bin/../../lib/gcc/pic32c/13.2.1/../../../../pic32c/lib/thumb/v7e-m+dp/hard\libg-musl.a(tolower.o)
 .debug_aranges
                0x000007d0       0x28 C:/Program Files/Microchip/xc32/v5.00/bin/bin/../../lib/gcc/pic32c/13.2.1/../../../../pic32c/lib/thumb/v7e-m+dp/hard\libg-musl.a(toupper.o)
 .debug_aranges
                0x000007f8       0x18 C:/Program Files/Microchip/xc32/v5.00/bin/bin/../../lib/gcc/pic32c/13.2.1/../../../../pic32c/lib/thumb/v7e-m+dp/hard\libg-musl.a(__environ.o)
 .debug_aranges
                0x00000810       0x18 C:/Program Files/Microchip/xc32/v5.00/bin/bin/../../lib/gcc/pic32c/13.2.1/../../../../pic32c/lib/thumb/v7e-m+dp/hard\libg-musl.a(__errno_location.o)
 .debug_aranges
                0x00000828       0x20 C:/Program Files/Microchip/xc32/v5.00/bin/bin/../../lib/gcc/pic32c/13.2.1/../../../../pic32c/lib/thumb/v7e-m+dp/hard\libg-musl.a(__int_vsprintf.o)
 .debug_aranges
                0x00000848       0x20 C:/Program Files/Microchip/xc32/v5.00/bin/bin/../../lib/gcc/pic32c/13.2.1/../../../../pic32c/lib/thumb/v7e-m+dp/hard\libg-musl.a(__pop_float.o)
 .debug_aranges
                0x00000868       0x20 C:/Program Files/Microchip/xc32/v5.00/bin/bin/../../lib/gcc/pic32c/13.2.1/../../../../pic32c/lib/thumb/v7e-m+dp/hard\libg-musl.a(__int_vsnprintf.o)
 .debug_aranges
                0x00000888       0x20 C:/Program Files/Microchip/xc32/v5.00/bin/bin/../../lib/gcc/pic32c/13.2.1/../../../../pic32c/lib/thumb/v7e-m+dp/hard\libg-musl.a(__int_vfprintf.o)
 .debug_aranges
                0x000008a8       0x20 C:/Program Files/Microchip/xc32/v5.00/bin/bin/../../lib/gcc/pic32c/13.2.1/../../../../pic32c/lib/thumb/v7e-m+dp/hard\libpic32c.a(pic32_data_init_clear.o)
 .debug_aranges
                0x000008c8       0x20 C:/Program Files/Microchip/xc32/v5.00/bin/bin/../../lib/gcc/pic32c/13.2.1/../../../../pic32c/lib/thumb/v7e-m+dp/hard\libpic32c.a(pic32_data_init_copy.o)
 .debug_aranges
                0x000008e8       0x20 C:/Program Files/Microchip/xc32/v5.00/bin/bin/../../lib/gcc/pic32c/13.2.1/../../../../pic32c/lib/thumb/v7e-m+dp/hard\libpic32c.a(pic32_data_init_decompress.o)

.debug_ranges   0x00000000      0x7e0
 .debug_ranges  0x00000000       0x10 build/default/debug/_ext/60165520/plib_clk.o
 .debug_ranges  0x00000010       0x90 build/default/debug/_ext/60167248/plib_efc.o
 .debug_ranges  0x000000a0       0x50 build/default/debug/_ext/1865468468/plib_nvic.o
 .debug_ranges  0x000000f0       0x50 build/default/debug/_ext/60177924/plib_pio.o
 .debug_ranges  0x00000140       0x88 build/default/debug/_ext/1865657120/plib_uart3.o
 .debug_ranges  0x000001c8       0x88 build/default/debug/_ext/1865657120/plib_uart0.o
 .debug_ranges  0x00000250       0x10 build/default/debug/_ext/1171490990/initialization.o
 .debug_ranges  0x00000260       0x10 build/default/debug/_ext/1171490990/interrupts.o
 .debug_ranges  0x00000270       0x38 build/default/debug/_ext/1171490990/exceptions.o
 .debug_ranges  0x000002a8       0x18 build/default/debug/_ext/1171490990/startup_xc32.o
 .debug_ranges  0x000002c0      0x100 build/default/debug/_ext/216470852/uart_irq.o
 .debug_ranges  0x000003c0       0x58 build/default/debug/_ext/1260377903/ring_buffer.o
 .debug_ranges  0x00000418       0x20 build/default/debug/_ext/1360937237/bl_command.o
 .debug_ranges  0x00000438       0x70 build/default/debug/_ext/1360937237/bl_flash.o
 .debug_ranges  0x000004a8       0xc0 build/default/debug/_ext/1360937237/bl_protocol.o
 .debug_ranges  0x00000568       0x20 build/default/debug/_ext/1360937237/bl_transport.o
 .debug_ranges  0x00000588       0x20 build/default/debug/_ext/1360937237/bootloader.o
 .debug_ranges  0x000005a8       0x20 build/default/debug/_ext/1360937237/main.o
 .debug_ranges  0x000005c8       0x20 C:/Program Files/Microchip/xc32/v5.00/bin/bin/../../lib/gcc/pic32c/13.2.1/../../../../pic32c/lib/thumb/v7e-m+dp/hard\libpic32c.a(data_init.o)
 .debug_ranges  0x000005e8       0x10 C:/Program Files/Microchip/xc32/v5.00/bin/bin/../../lib/gcc/pic32c/13.2.1/../../../../pic32c/lib/thumb/v7e-m+dp/hard\libc-size-musl.a(memcpy.o)
 .debug_ranges  0x000005f8       0x10 C:/Program Files/Microchip/xc32/v5.00/bin/bin/../../lib/gcc/pic32c/13.2.1/../../../../pic32c/lib/thumb/v7e-m+dp/hard\libc-size-musl.a(memset.o)
 .debug_ranges  0x00000608       0x10 C:/Program Files/Microchip/xc32/v5.00/bin/bin/../../lib/gcc/pic32c/13.2.1/../../../../pic32c/lib/thumb/v7e-m+dp/hard\libc-size-musl.a(strlen.o)
 .debug_ranges  0x00000618       0x10 C:/Program Files/Microchip/xc32/v5.00/bin/bin/../../lib/gcc/pic32c/13.2.1/../../../../pic32c/lib/thumb/v7e-m+dp/hard\libc-size-musl.a(strncpy.o)
 .debug_ranges  0x00000628       0x10 C:/Program Files/Microchip/xc32/v5.00/bin/bin/../../lib/gcc/pic32c/13.2.1/../../../../pic32c/lib/thumb/v7e-m+dp/hard\libc-size-musl.a(stpncpy.o)
 .debug_ranges  0x00000638       0x40 C:/Program Files/Microchip/xc32/v5.00/bin/bin/../../lib/gcc/pic32c/13.2.1/../../../../pic32c/lib/thumb/v7e-m+dp/hard\libg-musl.a(__libc_start_main.o)
 .debug_ranges  0x00000678       0x18 C:/Program Files/Microchip/xc32/v5.00/bin/bin/../../lib/gcc/pic32c/13.2.1/../../../../pic32c/lib/thumb/v7e-m+dp/hard\libg-musl.a(__sio_sprintf_npxX.o)
 .debug_ranges  0x00000690       0x10 C:/Program Files/Microchip/xc32/v5.00/bin/bin/../../lib/gcc/pic32c/13.2.1/../../../../pic32c/lib/thumb/v7e-m+dp/hard\libg-musl.a(__fmt_x.o)
 .debug_ranges  0x000006a0       0x10 C:/Program Files/Microchip/xc32/v5.00/bin/bin/../../lib/gcc/pic32c/13.2.1/../../../../pic32c/lib/thumb/v7e-m+dp/hard\libg-musl.a(__pop_int.o)
 .debug_ranges  0x000006b0       0x10 C:/Program Files/Microchip/xc32/v5.00/bin/bin/../../lib/gcc/pic32c/13.2.1/../../../../pic32c/lib/thumb/v7e-m+dp/hard\libg-musl.a(__pop_ptr.o)
 .debug_ranges  0x000006c0       0x58 C:/Program Files/Microchip/xc32/v5.00/bin/bin/../../lib/gcc/pic32c/13.2.1/../../../../pic32c/lib/thumb/v7e-m+dp/hard\libg-musl.a(__printf_core.o)
 .debug_ranges  0x00000718       0x28 C:/Program Files/Microchip/xc32/v5.00/bin/bin/../../lib/gcc/pic32c/13.2.1/../../../../pic32c/lib/thumb/v7e-m+dp/hard\libg-musl.a(atoi.o)
 .debug_ranges  0x00000740       0x18 C:/Program Files/Microchip/xc32/v5.00/bin/bin/../../lib/gcc/pic32c/13.2.1/../../../../pic32c/lib/thumb/v7e-m+dp/hard\libg-musl.a(tolower.o)
 .debug_ranges  0x00000758       0x18 C:/Program Files/Microchip/xc32/v5.00/bin/bin/../../lib/gcc/pic32c/13.2.1/../../../../pic32c/lib/thumb/v7e-m+dp/hard\libg-musl.a(toupper.o)
 .debug_ranges  0x00000770       0x10 C:/Program Files/Microchip/xc32/v5.00/bin/bin/../../lib/gcc/pic32c/13.2.1/../../../../pic32c/lib/thumb/v7e-m+dp/hard\libg-musl.a(__int_vsprintf.o)
 .debug_ranges  0x00000780       0x10 C:/Program Files/Microchip/xc32/v5.00/bin/bin/../../lib/gcc/pic32c/13.2.1/../../../../pic32c/lib/thumb/v7e-m+dp/hard\libg-musl.a(__pop_float.o)
 .debug_ranges  0x00000790       0x10 C:/Program Files/Microchip/xc32/v5.00/bin/bin/../../lib/gcc/pic32c/13.2.1/../../../../pic32c/lib/thumb/v7e-m+dp/hard\libg-musl.a(__int_vsnprintf.o)
 .debug_ranges  0x000007a0       0x10 C:/Program Files/Microchip/xc32/v5.00/bin/bin/../../lib/gcc/pic32c/13.2.1/../../../../pic32c/lib/thumb/v7e-m+dp/hard\libg-musl.a(__int_vfprintf.o)
 .debug_ranges  0x000007b0       0x10 C:/Program Files/Microchip/xc32/v5.00/bin/bin/../../lib/gcc/pic32c/13.2.1/../../../../pic32c/lib/thumb/v7e-m+dp/hard\libpic32c.a(pic32_data_init_clear.o)
 .debug_ranges  0x000007c0       0x10 C:/Program Files/Microchip/xc32/v5.00/bin/bin/../../lib/gcc/pic32c/13.2.1/../../../../pic32c/lib/thumb/v7e-m+dp/hard\libpic32c.a(pic32_data_init_copy.o)
 .debug_ranges  0x000007d0       0x10 C:/Program Files/Microchip/xc32/v5.00/bin/bin/../../lib/gcc/pic32c/13.2.1/../../../../pic32c/lib/thumb/v7e-m+dp/hard\libpic32c.a(pic32_data_init_decompress.o)

.debug_line     0x00000000     0x6ae3
 .debug_line    0x00000000      0x1b5 build/default/debug/_ext/60165520/plib_clk.o
 .debug_line    0x000001b5      0x6d4 build/default/debug/_ext/60167248/plib_efc.o
 .debug_line    0x00000889      0x41b build/default/debug/_ext/1865468468/plib_nvic.o
 .debug_line    0x00000ca4      0x365 build/default/debug/_ext/60177924/plib_pio.o
 .debug_line    0x00001009      0x692 build/default/debug/_ext/1865657120/plib_uart3.o
 .debug_line    0x0000169b      0x66d build/default/debug/_ext/1865657120/plib_uart0.o
 .debug_line    0x00001d08      0x217 build/default/debug/_ext/1171490990/initialization.o
 .debug_line    0x00001f1f       0xce build/default/debug/_ext/1171490990/interrupts.o
 .debug_line    0x00001fed       0xdf build/default/debug/_ext/1171490990/exceptions.o
 .debug_line    0x000020cc      0x4c6 build/default/debug/_ext/1171490990/startup_xc32.o
 .debug_line    0x00002592      0x90a build/default/debug/_ext/216470852/uart_irq.o
 .debug_line    0x00002e9c      0x49b build/default/debug/_ext/1260377903/ring_buffer.o
 .debug_line    0x00003337      0x211 build/default/debug/_ext/1360937237/bl_command.o
 .debug_line    0x00003548      0x25c build/default/debug/_ext/1360937237/bl_flash.o
 .debug_line    0x000037a4      0x2e9 build/default/debug/_ext/1360937237/bl_protocol.o
 .debug_line    0x00003a8d      0x180 build/default/debug/_ext/1360937237/bl_transport.o
 .debug_line    0x00003c0d      0x2ff build/default/debug/_ext/1360937237/bootloader.o
 .debug_line    0x00003f0c      0x1bc build/default/debug/_ext/1360937237/main.o
 .debug_line    0x000040c8      0x163 C:/Program Files/Microchip/xc32/v5.00/bin/bin/../../lib/gcc/pic32c/13.2.1/../../../../pic32c/lib/thumb/v7e-m+dp/hard\libpic32c.a(data_init.o)
 .debug_line    0x0000422b      0x165 C:/Program Files/Microchip/xc32/v5.00/bin/bin/../../lib/gcc/pic32c/13.2.1/../../../../pic32c/lib/thumb/v7e-m+dp/hard\libc-size-musl.a(memcpy.o)
 .debug_line    0x00004390      0x162 C:/Program Files/Microchip/xc32/v5.00/bin/bin/../../lib/gcc/pic32c/13.2.1/../../../../pic32c/lib/thumb/v7e-m+dp/hard\libc-size-musl.a(memset.o)
 .debug_line    0x000044f2      0x161 C:/Program Files/Microchip/xc32/v5.00/bin/bin/../../lib/gcc/pic32c/13.2.1/../../../../pic32c/lib/thumb/v7e-m+dp/hard\libc-size-musl.a(strlen.o)
 .debug_line    0x00004653       0xcb C:/Program Files/Microchip/xc32/v5.00/bin/bin/../../lib/gcc/pic32c/13.2.1/../../../../pic32c/lib/thumb/v7e-m+dp/hard\libc-size-musl.a(strncpy.o)
 .debug_line    0x0000471e      0x1ab C:/Program Files/Microchip/xc32/v5.00/bin/bin/../../lib/gcc/pic32c/13.2.1/../../../../pic32c/lib/thumb/v7e-m+dp/hard\libc-size-musl.a(stpncpy.o)
 .debug_line    0x000048c9      0x1da C:/Program Files/Microchip/xc32/v5.00/bin/bin/../../lib/gcc/pic32c/13.2.1/../../../../pic32c/lib/thumb/v7e-m+dp/hard\libg-musl.a(__libc_start_main.o)
 .debug_line    0x00004aa3       0xb5 C:/Program Files/Microchip/xc32/v5.00/bin/bin/../../lib/gcc/pic32c/13.2.1/../../../../pic32c/lib/thumb/v7e-m+dp/hard\libg-musl.a(libc.o)
 .debug_line    0x00004b58      0x19d C:/Program Files/Microchip/xc32/v5.00/bin/bin/../../lib/gcc/pic32c/13.2.1/../../../../pic32c/lib/thumb/v7e-m+dp/hard\libg-musl.a(__sio_sprintf_npxX.o)
 .debug_line    0x00004cf5      0x304 C:/Program Files/Microchip/xc32/v5.00/bin/bin/../../lib/gcc/pic32c/13.2.1/../../../../pic32c/lib/thumb/v7e-m+dp/hard\libg-musl.a(__fmt_x.o)
 .debug_line    0x00004ff9      0x23f C:/Program Files/Microchip/xc32/v5.00/bin/bin/../../lib/gcc/pic32c/13.2.1/../../../../pic32c/lib/thumb/v7e-m+dp/hard\libg-musl.a(__pop_int.o)
 .debug_line    0x00005238      0x1c4 C:/Program Files/Microchip/xc32/v5.00/bin/bin/../../lib/gcc/pic32c/13.2.1/../../../../pic32c/lib/thumb/v7e-m+dp/hard\libg-musl.a(__pop_ptr.o)
 .debug_line    0x000053fc      0x76a C:/Program Files/Microchip/xc32/v5.00/bin/bin/../../lib/gcc/pic32c/13.2.1/../../../../pic32c/lib/thumb/v7e-m+dp/hard\libg-musl.a(__printf_core.o)
 .debug_line    0x00005b66      0x17d C:/Program Files/Microchip/xc32/v5.00/bin/bin/../../lib/gcc/pic32c/13.2.1/../../../../pic32c/lib/thumb/v7e-m+dp/hard\libg-musl.a(atoi.o)
 .debug_line    0x00005ce3      0x15d C:/Program Files/Microchip/xc32/v5.00/bin/bin/../../lib/gcc/pic32c/13.2.1/../../../../pic32c/lib/thumb/v7e-m+dp/hard\libg-musl.a(tolower.o)
 .debug_line    0x00005e40      0x15d C:/Program Files/Microchip/xc32/v5.00/bin/bin/../../lib/gcc/pic32c/13.2.1/../../../../pic32c/lib/thumb/v7e-m+dp/hard\libg-musl.a(toupper.o)
 .debug_line    0x00005f9d       0xfb C:/Program Files/Microchip/xc32/v5.00/bin/bin/../../lib/gcc/pic32c/13.2.1/../../../../pic32c/lib/thumb/v7e-m+dp/hard\libg-musl.a(__environ.o)
 .debug_line    0x00006098       0x9a C:/Program Files/Microchip/xc32/v5.00/bin/bin/../../lib/gcc/pic32c/13.2.1/../../../../pic32c/lib/thumb/v7e-m+dp/hard\libg-musl.a(__errno_location.o)
 .debug_line    0x00006132      0x14e C:/Program Files/Microchip/xc32/v5.00/bin/bin/../../lib/gcc/pic32c/13.2.1/../../../../pic32c/lib/thumb/v7e-m+dp/hard\libg-musl.a(__int_vsprintf.o)
 .debug_line    0x00006280      0x16c C:/Program Files/Microchip/xc32/v5.00/bin/bin/../../lib/gcc/pic32c/13.2.1/../../../../pic32c/lib/thumb/v7e-m+dp/hard\libg-musl.a(__pop_float.o)
 .debug_line    0x000063ec      0x1c7 C:/Program Files/Microchip/xc32/v5.00/bin/bin/../../lib/gcc/pic32c/13.2.1/../../../../pic32c/lib/thumb/v7e-m+dp/hard\libg-musl.a(__int_vsnprintf.o)
 .debug_line    0x000065b3      0x16b C:/Program Files/Microchip/xc32/v5.00/bin/bin/../../lib/gcc/pic32c/13.2.1/../../../../pic32c/lib/thumb/v7e-m+dp/hard\libg-musl.a(__int_vfprintf.o)
 .debug_line    0x0000671e      0x11c C:/Program Files/Microchip/xc32/v5.00/bin/bin/../../lib/gcc/pic32c/13.2.1/../../../../pic32c/lib/thumb/v7e-m+dp/hard\libpic32c.a(pic32_data_init_clear.o)
 .debug_line    0x0000683a      0x126 C:/Program Files/Microchip/xc32/v5.00/bin/bin/../../lib/gcc/pic32c/13.2.1/../../../../pic32c/lib/thumb/v7e-m+dp/hard\libpic32c.a(pic32_data_init_copy.o)
 .debug_line    0x00006960      0x183 C:/Program Files/Microchip/xc32/v5.00/bin/bin/../../lib/gcc/pic32c/13.2.1/../../../../pic32c/lib/thumb/v7e-m+dp/hard\libpic32c.a(pic32_data_init_decompress.o)

.debug_str      0x00000000     0x3bc1
 .debug_str     0x00000000     0x3bc1 build/default/debug/_ext/60165520/plib_clk.o
                                0x501 (size before relaxing)
 .debug_str     0x00003bc1      0x60c build/default/debug/_ext/60167248/plib_efc.o
 .debug_str     0x00003bc1      0x9cf build/default/debug/_ext/1865468468/plib_nvic.o
 .debug_str     0x00003bc1      0x6f0 build/default/debug/_ext/60177924/plib_pio.o
 .debug_str     0x00003bc1      0x624 build/default/debug/_ext/1865657120/plib_uart3.o
 .debug_str     0x00003bc1      0x624 build/default/debug/_ext/1865657120/plib_uart0.o
 .debug_str     0x00003bc1      0x3ab build/default/debug/_ext/1171490990/initialization.o
 .debug_str     0x00003bc1      0x9fc build/default/debug/_ext/1171490990/interrupts.o
 .debug_str     0x00003bc1      0x352 build/default/debug/_ext/1171490990/exceptions.o
 .debug_str     0x00003bc1      0x5c2 build/default/debug/_ext/1171490990/startup_xc32.o
 .debug_str     0x00003bc1      0x7cc build/default/debug/_ext/216470852/uart_irq.o
 .debug_str     0x00003bc1      0x4ff build/default/debug/_ext/1260377903/ring_buffer.o
 .debug_str     0x00003bc1      0x44b build/default/debug/_ext/1360937237/bl_command.o
 .debug_str     0x00003bc1      0x421 build/default/debug/_ext/1360937237/bl_flash.o
 .debug_str     0x00003bc1      0x49d build/default/debug/_ext/1360937237/bl_protocol.o
 .debug_str     0x00003bc1      0x479 build/default/debug/_ext/1360937237/bl_transport.o
 .debug_str     0x00003bc1      0x7b4 build/default/debug/_ext/1360937237/bootloader.o
 .debug_str     0x00003bc1      0x624 build/default/debug/_ext/1360937237/main.o
 .debug_str     0x00003bc1      0x2f9 C:/Program Files/Microchip/xc32/v5.00/bin/bin/../../lib/gcc/pic32c/13.2.1/../../../../pic32c/lib/thumb/v7e-m+dp/hard\libpic32c.a(data_init.o)
 .debug_str     0x00003bc1      0x259 C:/Program Files/Microchip/xc32/v5.00/bin/bin/../../lib/gcc/pic32c/13.2.1/../../../../pic32c/lib/thumb/v7e-m+dp/hard\libc-size-musl.a(memcpy.o)
 .debug_str     0x00003bc1      0x245 C:/Program Files/Microchip/xc32/v5.00/bin/bin/../../lib/gcc/pic32c/13.2.1/../../../../pic32c/lib/thumb/v7e-m+dp/hard\libc-size-musl.a(memset.o)
 .debug_str     0x00003bc1      0x24b C:/Program Files/Microchip/xc32/v5.00/bin/bin/../../lib/gcc/pic32c/13.2.1/../../../../pic32c/lib/thumb/v7e-m+dp/hard\libc-size-musl.a(strlen.o)
 .debug_str     0x00003bc1      0x246 C:/Program Files/Microchip/xc32/v5.00/bin/bin/../../lib/gcc/pic32c/13.2.1/../../../../pic32c/lib/thumb/v7e-m+dp/hard\libc-size-musl.a(strncpy.o)
 .debug_str     0x00003bc1      0x264 C:/Program Files/Microchip/xc32/v5.00/bin/bin/../../lib/gcc/pic32c/13.2.1/../../../../pic32c/lib/thumb/v7e-m+dp/hard\libc-size-musl.a(stpncpy.o)
 .debug_str     0x00003bc1      0x3e7 C:/Program Files/Microchip/xc32/v5.00/bin/bin/../../lib/gcc/pic32c/13.2.1/../../../../pic32c/lib/thumb/v7e-m+dp/hard\libg-musl.a(__libc_start_main.o)
 .debug_str     0x00003bc1      0x352 C:/Program Files/Microchip/xc32/v5.00/bin/bin/../../lib/gcc/pic32c/13.2.1/../../../../pic32c/lib/thumb/v7e-m+dp/hard\libg-musl.a(libc.o)
 .debug_str     0x00003bc1      0x31d C:/Program Files/Microchip/xc32/v5.00/bin/bin/../../lib/gcc/pic32c/13.2.1/../../../../pic32c/lib/thumb/v7e-m+dp/hard\libg-musl.a(__sio_sprintf_npxX.o)
 .debug_str     0x00003bc1      0x312 C:/Program Files/Microchip/xc32/v5.00/bin/bin/../../lib/gcc/pic32c/13.2.1/../../../../pic32c/lib/thumb/v7e-m+dp/hard\libg-musl.a(__fmt_x.o)
 .debug_str     0x00003bc1      0x2e8 C:/Program Files/Microchip/xc32/v5.00/bin/bin/../../lib/gcc/pic32c/13.2.1/../../../../pic32c/lib/thumb/v7e-m+dp/hard\libg-musl.a(__pop_int.o)
 .debug_str     0x00003bc1      0x2ea C:/Program Files/Microchip/xc32/v5.00/bin/bin/../../lib/gcc/pic32c/13.2.1/../../../../pic32c/lib/thumb/v7e-m+dp/hard\libg-musl.a(__pop_ptr.o)
 .debug_str     0x00003bc1      0x404 C:/Program Files/Microchip/xc32/v5.00/bin/bin/../../lib/gcc/pic32c/13.2.1/../../../../pic32c/lib/thumb/v7e-m+dp/hard\libg-musl.a(__printf_core.o)
 .debug_str     0x00003bc1      0x239 C:/Program Files/Microchip/xc32/v5.00/bin/bin/../../lib/gcc/pic32c/13.2.1/../../../../pic32c/lib/thumb/v7e-m+dp/hard\libg-musl.a(atoi.o)
 .debug_str     0x00003bc1      0x27d C:/Program Files/Microchip/xc32/v5.00/bin/bin/../../lib/gcc/pic32c/13.2.1/../../../../pic32c/lib/thumb/v7e-m+dp/hard\libg-musl.a(tolower.o)
 .debug_str     0x00003bc1      0x27d C:/Program Files/Microchip/xc32/v5.00/bin/bin/../../lib/gcc/pic32c/13.2.1/../../../../pic32c/lib/thumb/v7e-m+dp/hard\libg-musl.a(toupper.o)
 .debug_str     0x00003bc1      0x252 C:/Program Files/Microchip/xc32/v5.00/bin/bin/../../lib/gcc/pic32c/13.2.1/../../../../pic32c/lib/thumb/v7e-m+dp/hard\libg-musl.a(__environ.o)
 .debug_str     0x00003bc1      0x246 C:/Program Files/Microchip/xc32/v5.00/bin/bin/../../lib/gcc/pic32c/13.2.1/../../../../pic32c/lib/thumb/v7e-m+dp/hard\libg-musl.a(__errno_location.o)
 .debug_str     0x00003bc1      0x2d9 C:/Program Files/Microchip/xc32/v5.00/bin/bin/../../lib/gcc/pic32c/13.2.1/../../../../pic32c/lib/thumb/v7e-m+dp/hard\libg-musl.a(__int_vsprintf.o)
 .debug_str     0x00003bc1      0x2dd C:/Program Files/Microchip/xc32/v5.00/bin/bin/../../lib/gcc/pic32c/13.2.1/../../../../pic32c/lib/thumb/v7e-m+dp/hard\libg-musl.a(__pop_float.o)
 .debug_str     0x00003bc1      0x320 C:/Program Files/Microchip/xc32/v5.00/bin/bin/../../lib/gcc/pic32c/13.2.1/../../../../pic32c/lib/thumb/v7e-m+dp/hard\libg-musl.a(__int_vsnprintf.o)
 .debug_str     0x00003bc1      0x306 C:/Program Files/Microchip/xc32/v5.00/bin/bin/../../lib/gcc/pic32c/13.2.1/../../../../pic32c/lib/thumb/v7e-m+dp/hard\libg-musl.a(__int_vfprintf.o)
 .debug_str     0x00003bc1      0x28a C:/Program Files/Microchip/xc32/v5.00/bin/bin/../../lib/gcc/pic32c/13.2.1/../../../../pic32c/lib/thumb/v7e-m+dp/hard\libpic32c.a(pic32_data_init_clear.o)
 .debug_str     0x00003bc1      0x291 C:/Program Files/Microchip/xc32/v5.00/bin/bin/../../lib/gcc/pic32c/13.2.1/../../../../pic32c/lib/thumb/v7e-m+dp/hard\libpic32c.a(pic32_data_init_copy.o)
 .debug_str     0x00003bc1      0x28d C:/Program Files/Microchip/xc32/v5.00/bin/bin/../../lib/gcc/pic32c/13.2.1/../../../../pic32c/lib/thumb/v7e-m+dp/hard\libpic32c.a(pic32_data_init_decompress.o)

.debug_frame    0x00000000     0x108c
 .debug_frame   0x00000000       0x20 build/default/debug/_ext/60165520/plib_clk.o
 .debug_frame   0x00000020       0xec build/default/debug/_ext/60167248/plib_efc.o
 .debug_frame   0x0000010c       0x7c build/default/debug/_ext/1865468468/plib_nvic.o
 .debug_frame   0x00000188       0xa0 build/default/debug/_ext/60177924/plib_pio.o
 .debug_frame   0x00000228      0x15c build/default/debug/_ext/1865657120/plib_uart3.o
 .debug_frame   0x00000384      0x15c build/default/debug/_ext/1865657120/plib_uart0.o
 .debug_frame   0x000004e0       0x28 build/default/debug/_ext/1171490990/initialization.o
 .debug_frame   0x00000508       0x20 build/default/debug/_ext/1171490990/interrupts.o
 .debug_frame   0x00000528       0x70 build/default/debug/_ext/1171490990/exceptions.o
 .debug_frame   0x00000598       0x38 build/default/debug/_ext/1171490990/startup_xc32.o
 .debug_frame   0x000005d0      0x2b0 build/default/debug/_ext/216470852/uart_irq.o
 .debug_frame   0x00000880       0xd8 build/default/debug/_ext/1260377903/ring_buffer.o
 .debug_frame   0x00000958       0x54 build/default/debug/_ext/1360937237/bl_command.o
 .debug_frame   0x000009ac       0xb4 build/default/debug/_ext/1360937237/bl_flash.o
 .debug_frame   0x00000a60       0x84 build/default/debug/_ext/1360937237/bl_protocol.o
 .debug_frame   0x00000ae4       0x58 build/default/debug/_ext/1360937237/bl_transport.o
 .debug_frame   0x00000b3c       0x6c build/default/debug/_ext/1360937237/bootloader.o
 .debug_frame   0x00000ba8       0x4c build/default/debug/_ext/1360937237/main.o
 .debug_frame   0x00000bf4       0x4c C:/Program Files/Microchip/xc32/v5.00/bin/bin/../../lib/gcc/pic32c/13.2.1/../../../../pic32c/lib/thumb/v7e-m+dp/hard\libpic32c.a(data_init.o)
 .debug_frame   0x00000c40       0x20 C:/Program Files/Microchip/xc32/v5.00/bin/bin/../../lib/gcc/pic32c/13.2.1/../../../../pic32c/lib/thumb/v7e-m+dp/hard\libc-size-musl.a(memcpy.o)
 .debug_frame   0x00000c60       0x20 C:/Program Files/Microchip/xc32/v5.00/bin/bin/../../lib/gcc/pic32c/13.2.1/../../../../pic32c/lib/thumb/v7e-m+dp/hard\libc-size-musl.a(memset.o)
 .debug_frame   0x00000c80       0x20 C:/Program Files/Microchip/xc32/v5.00/bin/bin/../../lib/gcc/pic32c/13.2.1/../../../../pic32c/lib/thumb/v7e-m+dp/hard\libc-size-musl.a(strlen.o)
 .debug_frame   0x00000ca0       0x28 C:/Program Files/Microchip/xc32/v5.00/bin/bin/../../lib/gcc/pic32c/13.2.1/../../../../pic32c/lib/thumb/v7e-m+dp/hard\libc-size-musl.a(strncpy.o)
 .debug_frame   0x00000cc8       0x38 C:/Program Files/Microchip/xc32/v5.00/bin/bin/../../lib/gcc/pic32c/13.2.1/../../../../pic32c/lib/thumb/v7e-m+dp/hard\libc-size-musl.a(stpncpy.o)
 .debug_frame   0x00000d00       0x3c C:/Program Files/Microchip/xc32/v5.00/bin/bin/../../lib/gcc/pic32c/13.2.1/../../../../pic32c/lib/thumb/v7e-m+dp/hard\libg-musl.a(__libc_start_main.o)
 .debug_frame   0x00000d3c       0x58 C:/Program Files/Microchip/xc32/v5.00/bin/bin/../../lib/gcc/pic32c/13.2.1/../../../../pic32c/lib/thumb/v7e-m+dp/hard\libg-musl.a(__sio_sprintf_npxX.o)
 .debug_frame   0x00000d94       0x40 C:/Program Files/Microchip/xc32/v5.00/bin/bin/../../lib/gcc/pic32c/13.2.1/../../../../pic32c/lib/thumb/v7e-m+dp/hard\libg-musl.a(__fmt_x.o)
 .debug_frame   0x00000dd4       0x28 C:/Program Files/Microchip/xc32/v5.00/bin/bin/../../lib/gcc/pic32c/13.2.1/../../../../pic32c/lib/thumb/v7e-m+dp/hard\libg-musl.a(__pop_int.o)
 .debug_frame   0x00000dfc       0x28 C:/Program Files/Microchip/xc32/v5.00/bin/bin/../../lib/gcc/pic32c/13.2.1/../../../../pic32c/lib/thumb/v7e-m+dp/hard\libg-musl.a(__pop_ptr.o)
 .debug_frame   0x00000e24       0xd4 C:/Program Files/Microchip/xc32/v5.00/bin/bin/../../lib/gcc/pic32c/13.2.1/../../../../pic32c/lib/thumb/v7e-m+dp/hard\libg-musl.a(__printf_core.o)
 .debug_frame   0x00000ef8       0x20 C:/Program Files/Microchip/xc32/v5.00/bin/bin/../../lib/gcc/pic32c/13.2.1/../../../../pic32c/lib/thumb/v7e-m+dp/hard\libg-musl.a(atoi.o)
 .debug_frame   0x00000f18       0x30 C:/Program Files/Microchip/xc32/v5.00/bin/bin/../../lib/gcc/pic32c/13.2.1/../../../../pic32c/lib/thumb/v7e-m+dp/hard\libg-musl.a(tolower.o)
 .debug_frame   0x00000f48       0x30 C:/Program Files/Microchip/xc32/v5.00/bin/bin/../../lib/gcc/pic32c/13.2.1/../../../../pic32c/lib/thumb/v7e-m+dp/hard\libg-musl.a(toupper.o)
 .debug_frame   0x00000f78       0x20 C:/Program Files/Microchip/xc32/v5.00/bin/bin/../../lib/gcc/pic32c/13.2.1/../../../../pic32c/lib/thumb/v7e-m+dp/hard\libg-musl.a(__int_vsprintf.o)
 .debug_frame   0x00000f98       0x20 C:/Program Files/Microchip/xc32/v5.00/bin/bin/../../lib/gcc/pic32c/13.2.1/../../../../pic32c/lib/thumb/v7e-m+dp/hard\libg-musl.a(__pop_float.o)
 .debug_frame   0x00000fb8       0x30 C:/Program Files/Microchip/xc32/v5.00/bin/bin/../../lib/gcc/pic32c/13.2.1/../../../../pic32c/lib/thumb/v7e-m+dp/hard\libg-musl.a(__int_vsnprintf.o)
 .debug_frame   0x00000fe8       0x2c C:/Program Files/Microchip/xc32/v5.00/bin/bin/../../lib/gcc/pic32c/13.2.1/../../../../pic32c/lib/thumb/v7e-m+dp/hard\libg-musl.a(__int_vfprintf.o)
 .debug_frame   0x00001014       0x20 C:/Program Files/Microchip/xc32/v5.00/bin/bin/../../lib/gcc/pic32c/13.2.1/../../../../pic32c/lib/thumb/v7e-m+dp/hard\libpic32c.a(pic32_data_init_clear.o)
 .debug_frame   0x00001034       0x28 C:/Program Files/Microchip/xc32/v5.00/bin/bin/../../lib/gcc/pic32c/13.2.1/../../../../pic32c/lib/thumb/v7e-m+dp/hard\libpic32c.a(pic32_data_init_copy.o)
 .debug_frame   0x0000105c       0x30 C:/Program Files/Microchip/xc32/v5.00/bin/bin/../../lib/gcc/pic32c/13.2.1/../../../../pic32c/lib/thumb/v7e-m+dp/hard\libpic32c.a(pic32_data_init_decompress.o)

.debug_loc      0x00000000     0x57e1
 .debug_loc     0x00000000      0x679 build/default/debug/_ext/60167248/plib_efc.o
 .debug_loc     0x00000679      0x256 build/default/debug/_ext/1865468468/plib_nvic.o
 .debug_loc     0x000008cf       0x81 build/default/debug/_ext/60177924/plib_pio.o
 .debug_loc     0x00000950      0x6b0 build/default/debug/_ext/1865657120/plib_uart3.o
 .debug_loc     0x00001000      0x686 build/default/debug/_ext/1865657120/plib_uart0.o
 .debug_loc     0x00001686       0x4b build/default/debug/_ext/1171490990/initialization.o
 .debug_loc     0x000016d1       0xa7 build/default/debug/_ext/1171490990/startup_xc32.o
 .debug_loc     0x00001778      0xda5 build/default/debug/_ext/216470852/uart_irq.o
 .debug_loc     0x0000251d      0xce1 build/default/debug/_ext/1260377903/ring_buffer.o
 .debug_loc     0x000031fe      0x1be build/default/debug/_ext/1360937237/bl_command.o
 .debug_loc     0x000033bc      0x319 build/default/debug/_ext/1360937237/bl_flash.o
 .debug_loc     0x000036d5      0x2b3 build/default/debug/_ext/1360937237/bl_protocol.o
 .debug_loc     0x00003988      0x114 build/default/debug/_ext/1360937237/bl_transport.o
 .debug_loc     0x00003a9c      0x181 build/default/debug/_ext/1360937237/bootloader.o
 .debug_loc     0x00003c1d       0x7b build/default/debug/_ext/1360937237/main.o
 .debug_loc     0x00003c98      0x113 C:/Program Files/Microchip/xc32/v5.00/bin/bin/../../lib/gcc/pic32c/13.2.1/../../../../pic32c/lib/thumb/v7e-m+dp/hard\libpic32c.a(data_init.o)
 .debug_loc     0x00003dab      0x10b C:/Program Files/Microchip/xc32/v5.00/bin/bin/../../lib/gcc/pic32c/13.2.1/../../../../pic32c/lib/thumb/v7e-m+dp/hard\libc-size-musl.a(memcpy.o)
 .debug_loc     0x00003eb6       0xa5 C:/Program Files/Microchip/xc32/v5.00/bin/bin/../../lib/gcc/pic32c/13.2.1/../../../../pic32c/lib/thumb/v7e-m+dp/hard\libc-size-musl.a(memset.o)
 .debug_loc     0x00003f5b       0xaf C:/Program Files/Microchip/xc32/v5.00/bin/bin/../../lib/gcc/pic32c/13.2.1/../../../../pic32c/lib/thumb/v7e-m+dp/hard\libc-size-musl.a(strlen.o)
 .debug_loc     0x0000400a       0x98 C:/Program Files/Microchip/xc32/v5.00/bin/bin/../../lib/gcc/pic32c/13.2.1/../../../../pic32c/lib/thumb/v7e-m+dp/hard\libc-size-musl.a(strncpy.o)
 .debug_loc     0x000040a2      0x1d7 C:/Program Files/Microchip/xc32/v5.00/bin/bin/../../lib/gcc/pic32c/13.2.1/../../../../pic32c/lib/thumb/v7e-m+dp/hard\libc-size-musl.a(stpncpy.o)
 .debug_loc     0x00004279       0x51 C:/Program Files/Microchip/xc32/v5.00/bin/bin/../../lib/gcc/pic32c/13.2.1/../../../../pic32c/lib/thumb/v7e-m+dp/hard\libg-musl.a(__libc_start_main.o)
 .debug_loc     0x000042ca       0xbc C:/Program Files/Microchip/xc32/v5.00/bin/bin/../../lib/gcc/pic32c/13.2.1/../../../../pic32c/lib/thumb/v7e-m+dp/hard\libg-musl.a(__sio_sprintf_npxX.o)
 .debug_loc     0x00004386      0x2c6 C:/Program Files/Microchip/xc32/v5.00/bin/bin/../../lib/gcc/pic32c/13.2.1/../../../../pic32c/lib/thumb/v7e-m+dp/hard\libg-musl.a(__fmt_x.o)
 .debug_loc     0x0000464c      0x36f C:/Program Files/Microchip/xc32/v5.00/bin/bin/../../lib/gcc/pic32c/13.2.1/../../../../pic32c/lib/thumb/v7e-m+dp/hard\libg-musl.a(__pop_int.o)
 .debug_loc     0x000049bb      0x157 C:/Program Files/Microchip/xc32/v5.00/bin/bin/../../lib/gcc/pic32c/13.2.1/../../../../pic32c/lib/thumb/v7e-m+dp/hard\libg-musl.a(__pop_ptr.o)
 .debug_loc     0x00004b12      0x5f4 C:/Program Files/Microchip/xc32/v5.00/bin/bin/../../lib/gcc/pic32c/13.2.1/../../../../pic32c/lib/thumb/v7e-m+dp/hard\libg-musl.a(__printf_core.o)
 .debug_loc     0x00005106       0x9e C:/Program Files/Microchip/xc32/v5.00/bin/bin/../../lib/gcc/pic32c/13.2.1/../../../../pic32c/lib/thumb/v7e-m+dp/hard\libg-musl.a(atoi.o)
 .debug_loc     0x000051a4       0x50 C:/Program Files/Microchip/xc32/v5.00/bin/bin/../../lib/gcc/pic32c/13.2.1/../../../../pic32c/lib/thumb/v7e-m+dp/hard\libg-musl.a(tolower.o)
 .debug_loc     0x000051f4       0x50 C:/Program Files/Microchip/xc32/v5.00/bin/bin/../../lib/gcc/pic32c/13.2.1/../../../../pic32c/lib/thumb/v7e-m+dp/hard\libg-musl.a(toupper.o)
 .debug_loc     0x00005244       0x78 C:/Program Files/Microchip/xc32/v5.00/bin/bin/../../lib/gcc/pic32c/13.2.1/../../../../pic32c/lib/thumb/v7e-m+dp/hard\libg-musl.a(__int_vsprintf.o)
 .debug_loc     0x000052bc       0xa4 C:/Program Files/Microchip/xc32/v5.00/bin/bin/../../lib/gcc/pic32c/13.2.1/../../../../pic32c/lib/thumb/v7e-m+dp/hard\libg-musl.a(__pop_float.o)
 .debug_loc     0x00005360      0x101 C:/Program Files/Microchip/xc32/v5.00/bin/bin/../../lib/gcc/pic32c/13.2.1/../../../../pic32c/lib/thumb/v7e-m+dp/hard\libg-musl.a(__int_vsnprintf.o)
 .debug_loc     0x00005461       0xa3 C:/Program Files/Microchip/xc32/v5.00/bin/bin/../../lib/gcc/pic32c/13.2.1/../../../../pic32c/lib/thumb/v7e-m+dp/hard\libg-musl.a(__int_vfprintf.o)
 .debug_loc     0x00005504       0x94 C:/Program Files/Microchip/xc32/v5.00/bin/bin/../../lib/gcc/pic32c/13.2.1/../../../../pic32c/lib/thumb/v7e-m+dp/hard\libpic32c.a(pic32_data_init_clear.o)
 .debug_loc     0x00005598       0xf1 C:/Program Files/Microchip/xc32/v5.00/bin/bin/../../lib/gcc/pic32c/13.2.1/../../../../pic32c/lib/thumb/v7e-m+dp/hard\libpic32c.a(pic32_data_init_copy.o)
 .debug_loc     0x00005689      0x158 C:/Program Files/Microchip/xc32/v5.00/bin/bin/../../lib/gcc/pic32c/13.2.1/../../../../pic32c/lib/thumb/v7e-m+dp/hard\libpic32c.a(pic32_data_init_decompress.o)

.note.GNU-stack
                0x00000000        0x0
 .note.GNU-stack
                0x00000000        0x0 C:/Program Files/Microchip/xc32/v5.00/bin/bin/../../lib/gcc/pic32c/13.2.1/../../../../pic32c/lib/thumb/v7e-m+dp/hard\libc-size-musl.a(memcpy.o)
 .note.GNU-stack
                0x00000000        0x0 C:/Program Files/Microchip/xc32/v5.00/bin/bin/../../lib/gcc/pic32c/13.2.1/../../../../pic32c/lib/thumb/v7e-m+dp/hard\libc-size-musl.a(memset.o)
 .note.GNU-stack
                0x00000000        0x0 C:/Program Files/Microchip/xc32/v5.00/bin/bin/../../lib/gcc/pic32c/13.2.1/../../../../pic32c/lib/thumb/v7e-m+dp/hard\libc-size-musl.a(strlen.o)
 .note.GNU-stack
                0x00000000        0x0 C:/Program Files/Microchip/xc32/v5.00/bin/bin/../../lib/gcc/pic32c/13.2.1/../../../../pic32c/lib/thumb/v7e-m+dp/hard\libc-size-musl.a(strncpy.o)
 .note.GNU-stack
                0x00000000        0x0 C:/Program Files/Microchip/xc32/v5.00/bin/bin/../../lib/gcc/pic32c/13.2.1/../../../../pic32c/lib/thumb/v7e-m+dp/hard\libc-size-musl.a(stpncpy.o)
 .note.GNU-stack
                0x00000000        0x0 C:/Program Files/Microchip/xc32/v5.00/bin/bin/../../lib/gcc/pic32c/13.2.1/../../../../pic32c/lib/thumb/v7e-m+dp/hard\libg-musl.a(__libc_start_main.o)
 .note.GNU-stack
                0x00000000        0x0 C:/Program Files/Microchip/xc32/v5.00/bin/bin/../../lib/gcc/pic32c/13.2.1/../../../../pic32c/lib/thumb/v7e-m+dp/hard\libg-musl.a(libc.o)
 .note.GNU-stack
                0x00000000        0x0 C:/Program Files/Microchip/xc32/v5.00/bin/bin/../../lib/gcc/pic32c/13.2.1/../../../../pic32c/lib/thumb/v7e-m+dp/hard\libg-musl.a(__sio_sprintf_npxX.o)
 .note.GNU-stack
                0x00000000        0x0 C:/Program Files/Microchip/xc32/v5.00/bin/bin/../../lib/gcc/pic32c/13.2.1/../../../../pic32c/lib/thumb/v7e-m+dp/hard\libg-musl.a(__fmt_x.o)
 .note.GNU-stack
                0x00000000        0x0 C:/Program Files/Microchip/xc32/v5.00/bin/bin/../../lib/gcc/pic32c/13.2.1/../../../../pic32c/lib/thumb/v7e-m+dp/hard\libg-musl.a(__pop_int.o)
 .note.GNU-stack
                0x00000000        0x0 C:/Program Files/Microchip/xc32/v5.00/bin/bin/../../lib/gcc/pic32c/13.2.1/../../../../pic32c/lib/thumb/v7e-m+dp/hard\libg-musl.a(__pop_ptr.o)
 .note.GNU-stack
                0x00000000        0x0 C:/Program Files/Microchip/xc32/v5.00/bin/bin/../../lib/gcc/pic32c/13.2.1/../../../../pic32c/lib/thumb/v7e-m+dp/hard\libg-musl.a(__printf_core.o)
 .note.GNU-stack
                0x00000000        0x0 C:/Program Files/Microchip/xc32/v5.00/bin/bin/../../lib/gcc/pic32c/13.2.1/../../../../pic32c/lib/thumb/v7e-m+dp/hard\libg-musl.a(atoi.o)
 .note.GNU-stack
                0x00000000        0x0 C:/Program Files/Microchip/xc32/v5.00/bin/bin/../../lib/gcc/pic32c/13.2.1/../../../../pic32c/lib/thumb/v7e-m+dp/hard\libg-musl.a(tolower.o)
 .note.GNU-stack
                0x00000000        0x0 C:/Program Files/Microchip/xc32/v5.00/bin/bin/../../lib/gcc/pic32c/13.2.1/../../../../pic32c/lib/thumb/v7e-m+dp/hard\libg-musl.a(toupper.o)
 .note.GNU-stack
                0x00000000        0x0 C:/Program Files/Microchip/xc32/v5.00/bin/bin/../../lib/gcc/pic32c/13.2.1/../../../../pic32c/lib/thumb/v7e-m+dp/hard\libg-musl.a(__environ.o)
 .note.GNU-stack
                0x00000000        0x0 C:/Program Files/Microchip/xc32/v5.00/bin/bin/../../lib/gcc/pic32c/13.2.1/../../../../pic32c/lib/thumb/v7e-m+dp/hard\libg-musl.a(__errno_location.o)
 .note.GNU-stack
                0x00000000        0x0 C:/Program Files/Microchip/xc32/v5.00/bin/bin/../../lib/gcc/pic32c/13.2.1/../../../../pic32c/lib/thumb/v7e-m+dp/hard\libg-musl.a(__int_vsprintf.o)
 .note.GNU-stack
                0x00000000        0x0 C:/Program Files/Microchip/xc32/v5.00/bin/bin/../../lib/gcc/pic32c/13.2.1/../../../../pic32c/lib/thumb/v7e-m+dp/hard\libg-musl.a(__pop_float.o)
 .note.GNU-stack
                0x00000000        0x0 C:/Program Files/Microchip/xc32/v5.00/bin/bin/../../lib/gcc/pic32c/13.2.1/../../../../pic32c/lib/thumb/v7e-m+dp/hard\libg-musl.a(__int_vsnprintf.o)
 .note.GNU-stack
                0x00000000        0x0 C:/Program Files/Microchip/xc32/v5.00/bin/bin/../../lib/gcc/pic32c/13.2.1/../../../../pic32c/lib/thumb/v7e-m+dp/hard\libg-musl.a(__int_vfprintf.o)

.vfp11_veneer%z1

.v4_bx%z2

.iplt%z3

.rel.iplt%z4

.igot.plt%z5

.rodata.Bootloader_JumpToApp.str1.4%1

.rodata.Bootloader_Run.str1.4%2

.bss.uart3_tx_data%3
                0x20400020      0x400
 .bss.uart3_tx_data
                0x20400020      0x400 build/default/debug/_ext/216470852/uart_irq.o

.bss.uart3_rx_data%4
                0x20400420      0x400
 .bss.uart3_rx_data
                0x20400420      0x400 build/default/debug/_ext/216470852/uart_irq.o

.bss.memory%5   0x20400820      0x3f0
 .bss.memory    0x20400820      0x3f0 build/default/debug/_ext/1360937237/bl_flash.o
                0x20400820                memory

.bss%6          0x20400c10       0x50
 .bss           0x20400c10       0x50 C:/Program Files/Microchip/xc32/v5.00/bin/bin/../../lib/gcc/pic32c/13.2.1/../../../../pic32c/lib/thumb/v7e-m+dp/hard\libg-musl.a(libc.o)
                0x20400c10                __progname_full
                0x20400c10                program_invocation_name
                0x20400c14                program_invocation_short_name
                0x20400c14                __progname
                0x20400c18                __sysinfo
                0x20400c1c                __hwcap
                0x20400c20                __libc

.bss.uart3Obj%7
                0x20400c60       0x30
 .bss.uart3Obj  0x20400c60       0x30 build/default/debug/_ext/1865657120/plib_uart3.o

.bss.uart0Obj%8
                0x20400c90       0x30
 .bss.uart0Obj  0x20400c90       0x30 build/default/debug/_ext/1865657120/plib_uart0.o

.bss%9          0x20400cc0       0x1c
 .bss           0x20400cc0       0x1c C:/Program Files/Microchip/xc32/v5.00/bin/bin/../../lib/gcc/pic32c/13.2.1/thumb/v7e-m+dp/hard/crtbegin.o

.bss.efc_status%10
                0x20400cdc        0x4
 .bss.efc_status
                0x20400cdc        0x4 build/default/debug/_ext/60167248/plib_efc.o

.bss.cmd.1%11   0x20400ce0        0x4
 .bss.cmd.1     0x20400ce0        0x4 build/default/debug/_ext/1171490990/startup_xc32.o

.bss.test_count%12
                0x20400ce4        0x4
 .bss.test_count
                0x20400ce4        0x4 build/default/debug/_ext/1360937237/bl_command.o
                0x20400ce4                test_count

.bss%13         0x20400ce8        0x4
 .bss           0x20400ce8        0x4 C:/Program Files/Microchip/xc32/v5.00/bin/bin/../../lib/gcc/pic32c/13.2.1/../../../../pic32c/lib/thumb/v7e-m+dp/hard\libpic32c.a(data_init.o)

.bss%14         0x20400cec        0x4
 .bss           0x20400cec        0x4 C:/Program Files/Microchip/xc32/v5.00/bin/bin/../../lib/gcc/pic32c/13.2.1/../../../../pic32c/lib/thumb/v7e-m+dp/hard\libg-musl.a(__environ.o)
                0x20400cec                __environ
                0x20400cec                environ
                0x20400cec                ___environ
                0x20400cec                _environ

.bss%15         0x20400cf0        0x4
 .bss           0x20400cf0        0x4 C:/Program Files/Microchip/xc32/v5.00/bin/bin/../../lib/gcc/pic32c/13.2.1/../../../../pic32c/lib/thumb/v7e-m+dp/hard\libg-musl.a(__errno_location.o)
                0x20400cf0                __errno_val

.bss.flag%16    0x20400cf4        0x1
 .bss.flag      0x20400cf4        0x1 build/default/debug/_ext/1360937237/bl_command.o
                0x20400cf4                flag

.data.uart_drivers%17
                0x20400cf8       0x80
 .data.uart_drivers
                0x20400cf8       0x80 build/default/debug/_ext/216470852/uart_irq.o

.eh_frame%z6    0x00000000        0x0
 .eh_frame      0x00000000        0x0 C:/Program Files/Microchip/xc32/v5.00/bin/bin/../../lib/gcc/pic32c/13.2.1/thumb/v7e-m+dp/hard/crtbegin.o

.config_D0000000%18
                0xd0000000        0x4
 .config_D0000000
                0xd0000000        0x4 build/default/debug/_ext/1171490990/initialization.o
                0xd0000000                __config_D0000000

.rodata.CRC_TABLE%19
                0x00400188      0x400
 .rodata.CRC_TABLE
                0x00400188      0x400 build/default/debug/_ext/1360937237/bl_protocol.o

.text.__printf_core%20
                0x00400588      0x330
 .text.__printf_core
                0x00400588      0x330 C:/Program Files/Microchip/xc32/v5.00/bin/bin/../../lib/gcc/pic32c/13.2.1/../../../../pic32c/lib/thumb/v7e-m+dp/hard\libg-musl.a(__printf_core.o)
                0x00400588                __printf_core

.text.Reset_Handler%21
                0x004008b8      0x184
 .text.Reset_Handler
                0x004008b8      0x184 build/default/debug/_ext/1171490990/startup_xc32.o
                0x004008b8                Reset_Handler

.text.__fmt_x%22
                0x00400a3c      0x122
 .text.__fmt_x  0x00400a3c      0x122 C:/Program Files/Microchip/xc32/v5.00/bin/bin/../../lib/gcc/pic32c/13.2.1/../../../../pic32c/lib/thumb/v7e-m+dp/hard\libg-musl.a(__fmt_x.o)
                0x00400a3c                __fmt_x_needed
                0x00400a3c                __fmt_x

.dinit%23       0x00400b60      0x110
 .dinit         0x00400b60      0x110 data_init

.text.__pop_int%24
                0x00400c70       0xc4
 .text.__pop_int
                0x00400c70       0xc4 C:/Program Files/Microchip/xc32/v5.00/bin/bin/../../lib/gcc/pic32c/13.2.1/../../../../pic32c/lib/thumb/v7e-m+dp/hard\libg-musl.a(__pop_int.o)
                0x00400c70                __pop_int_needed
                0x00400c70                __pop_int

.text.BlProtocol_Process%25
                0x00400d34       0xc0
 .text.BlProtocol_Process
                0x00400d34       0xc0 build/default/debug/_ext/1360937237/bl_protocol.o
                0x00400d34                BlProtocol_Process

.text.PIO_Initialize%26
                0x00400df4       0xbc
 .text.PIO_Initialize
                0x00400df4       0xbc build/default/debug/_ext/60177924/plib_pio.o
                0x00400df4                PIO_Initialize

.text.BlCommand_Execute%27
                0x00400eb0       0xac
 .text.BlCommand_Execute
                0x00400eb0       0xac build/default/debug/_ext/1360937237/bl_command.o
                0x00400eb0                BlCommand_Execute

.text.Bootloader_Run%28
                0x00400f5c       0x94
 .text.Bootloader_Run
                0x00400f5c       0x94 build/default/debug/_ext/1360937237/bootloader.o
                0x00400f5c                Bootloader_Run

.text.Bootloader_JumpToApp%29
                0x00400ff0       0x7c
 .text.Bootloader_JumpToApp
                0x00400ff0       0x7c build/default/debug/_ext/1360937237/bootloader.o
                0x00400ff0                Bootloader_JumpToApp

.text.__pad%30  0x0040106c       0x7c
 .text.__pad    0x0040106c       0x7c C:/Program Files/Microchip/xc32/v5.00/bin/bin/../../lib/gcc/pic32c/13.2.1/../../../../pic32c/lib/thumb/v7e-m+dp/hard\libg-musl.a(__printf_core.o)
                0x0040106c                __pad

.text.EFC_QuadWordWrite%31
                0x004010e8       0x78
 .text.EFC_QuadWordWrite
                0x004010e8       0x78 build/default/debug/_ext/60167248/plib_efc.o
                0x004010e8                EFC_QuadWordWrite

.text.UART_RX_Callback%32
                0x00401160       0x78
 .text.UART_RX_Callback
                0x00401160       0x78 build/default/debug/_ext/216470852/uart_irq.o

.text.UART_Driver_Init%33
                0x004011d8       0x70
 .text.UART_Driver_Init
                0x004011d8       0x70 build/default/debug/_ext/216470852/uart_irq.o
                0x004011d8                UART_Driver_Init

.text.__pop_ptr%34
                0x00401248       0x70
 .text.__pop_ptr
                0x00401248       0x70 C:/Program Files/Microchip/xc32/v5.00/bin/bin/../../lib/gcc/pic32c/13.2.1/../../../../pic32c/lib/thumb/v7e-m+dp/hard\libg-musl.a(__pop_ptr.o)
                0x00401248                __pop_ptr
                0x00401248                __pop_ptr_needed

.text.CLOCK_Initialize%35
                0x004012b8       0x6c
 .text.CLOCK_Initialize
                0x004012b8       0x6c build/default/debug/_ext/60165520/plib_clk.o
                0x004012b8                CLOCK_Initialize

.text.UART3_ISR_TX_Handler%36
                0x00401324       0x68
 .text.UART3_ISR_TX_Handler
                0x00401324       0x68 build/default/debug/_ext/1865657120/plib_uart3.o

.text.UART0_ISR_TX_Handler%37
                0x0040138c       0x68
 .text.UART0_ISR_TX_Handler
                0x0040138c       0x68 build/default/debug/_ext/1865657120/plib_uart0.o

.text.BlFlash_Write%38
                0x004013f4       0x68
 .text.BlFlash_Write
                0x004013f4       0x68 build/default/debug/_ext/1360937237/bl_flash.o
                0x004013f4                BlFlash_Write

.text.EFC_SectorErase%39
                0x0040145c       0x64
 .text.EFC_SectorErase
                0x0040145c       0x64 build/default/debug/_ext/60167248/plib_efc.o
                0x0040145c                EFC_SectorErase

.text.UART3_ISR_RX_Handler%40
                0x004014c0       0x64
 .text.UART3_ISR_RX_Handler
                0x004014c0       0x64 build/default/debug/_ext/1865657120/plib_uart3.o

.text.UART0_ISR_RX_Handler%41
                0x00401524       0x64
 .text.UART0_ISR_RX_Handler
                0x00401524       0x64 build/default/debug/_ext/1865657120/plib_uart0.o

.text.BlProtocol_VerifyCrc%42
                0x00401588       0x64
 .text.BlProtocol_VerifyCrc
                0x00401588       0x64 build/default/debug/_ext/1360937237/bl_protocol.o
                0x00401588                BlProtocol_VerifyCrc

.text.UART3_InterruptHandler%43
                0x004015ec       0x60
 .text.UART3_InterruptHandler
                0x004015ec       0x60 build/default/debug/_ext/1865657120/plib_uart3.o
                0x004015ec                UART3_InterruptHandler

.text.NVIC_Initialize%44
                0x0040164c       0x5c
 .text.NVIC_Initialize
                0x0040164c       0x5c build/default/debug/_ext/1865468468/plib_nvic.o
                0x0040164c                NVIC_Initialize

.text.__libc_start_init%45
                0x004016a8       0x5c
 .text.__libc_start_init
                0x004016a8       0x5c C:/Program Files/Microchip/xc32/v5.00/bin/bin/../../lib/gcc/pic32c/13.2.1/../../../../pic32c/lib/thumb/v7e-m+dp/hard\libg-musl.a(__libc_start_main.o)
                0x004016a8                __libc_init_array

.text.UART0_InterruptHandler%46
                0x00401704       0x50
 .text.UART0_InterruptHandler
                0x00401704       0x50 build/default/debug/_ext/1865657120/plib_uart0.o
                0x00401704                UART0_InterruptHandler

.text.__vsnprintf%47
                0x00401754       0x50
 .text.__vsnprintf
                0x00401754       0x50 C:/Program Files/Microchip/xc32/v5.00/bin/bin/../../lib/gcc/pic32c/13.2.1/../../../../pic32c/lib/thumb/v7e-m+dp/hard\libg-musl.a(__int_vsnprintf.o)
                0x00401754                __vsnprintf

.rodata.UART_Driver_Init.str1.4%48
                0x004017a4       0x4a
 .rodata.UART_Driver_Init.str1.4
                0x004017a4       0x4a build/default/debug/_ext/216470852/uart_irq.o
                                 0x15 (size before relaxing)

.text.UART_Driver_Write%49
                0x004017ee       0x48
 .text.UART_Driver_Write
                0x004017ee       0x48 build/default/debug/_ext/216470852/uart_irq.o
                0x004017ee                UART_Driver_Write

.text.atoi%50   0x00401838       0x48
 .text.atoi     0x00401838       0x48 C:/Program Files/Microchip/xc32/v5.00/bin/bin/../../lib/gcc/pic32c/13.2.1/../../../../pic32c/lib/thumb/v7e-m+dp/hard\libg-musl.a(atoi.o)
                0x00401838                atoi

.text%51        0x00401880       0x40
 .text          0x00401880       0x40 C:/Program Files/Microchip/xc32/v5.00/bin/bin/../../lib/gcc/pic32c/13.2.1/thumb/v7e-m+dp/hard/crtbegin.o

.text.stpncpy%52
                0x004018c0       0x40
 .text.stpncpy  0x004018c0       0x40 C:/Program Files/Microchip/xc32/v5.00/bin/bin/../../lib/gcc/pic32c/13.2.1/../../../../pic32c/lib/thumb/v7e-m+dp/hard\libc-size-musl.a(stpncpy.o)
                0x004018c0                __stpncpy
                0x004018c0                stpncpy

.text.UART3_Initialize%53
                0x00401900       0x3c
 .text.UART3_Initialize
                0x00401900       0x3c build/default/debug/_ext/1865657120/plib_uart3.o
                0x00401900                UART3_Initialize

.text.UART0_Initialize%54
                0x0040193c       0x3c
 .text.UART0_Initialize
                0x0040193c       0x3c build/default/debug/_ext/1865657120/plib_uart0.o
                0x0040193c                UART0_Initialize

.text.__dinit_decompress%55
                0x00401978       0x3c
 .text.__dinit_decompress
                0x00401978       0x3c C:/Program Files/Microchip/xc32/v5.00/bin/bin/../../lib/gcc/pic32c/13.2.1/../../../../pic32c/lib/thumb/v7e-m+dp/hard\libpic32c.a(pic32_data_init_decompress.o)
                0x00401978                __dinit_decompress
                0x00401978                __dinit_decompress_needed

.text.UART_Driver_StartTx%56
                0x004019b4       0x3a
 .text.UART_Driver_StartTx
                0x004019b4       0x3a build/default/debug/_ext/216470852/uart_irq.o

.text.UART_TX_Callback%57
                0x004019ee       0x38
 .text.UART_TX_Callback
                0x004019ee       0x38 build/default/debug/_ext/216470852/uart_irq.o

.text.__fmt_state%58
                0x00401a28       0x38
 .text.__fmt_state