Archive member included to satisfy reference by file (symbol)

C:/Program Files/Microchip/xc32/v5.00/bin/bin/../../lib/gcc/pic32c/13.2.1/../../../../pic32c/lib/thumb/v7e-m+dp/hard\libpic32c.a(data_init.o)
                              build/default/debug/_ext/1171490990/startup_xc32.o (__pic32c_data_initialization)
C:/Program Files/Microchip/xc32/v5.00/bin/bin/../../lib/gcc/pic32c/13.2.1/../../../../pic32c/lib/thumb/v7e-m+dp/hard\libc-size-musl.a(memcpy.o)
                              build/default/debug/_ext/60167248/plib_efc.o (memcpy)
C:/Program Files/Microchip/xc32/v5.00/bin/bin/../../lib/gcc/pic32c/13.2.1/../../../../pic32c/lib/thumb/v7e-m+dp/hard\libc-size-musl.a(memset.o)
                              build/default/debug/_ext/216470852/uart_irq.o (memset)
C:/Program Files/Microchip/xc32/v5.00/bin/bin/../../lib/gcc/pic32c/13.2.1/../../../../pic32c/lib/thumb/v7e-m+dp/hard\libc-size-musl.a(strlen.o)
                              build/default/debug/_ext/216470852/uart_irq.o (strlen)
C:/Program Files/Microchip/xc32/v5.00/bin/bin/../../lib/gcc/pic32c/13.2.1/../../../../pic32c/lib/thumb/v7e-m+dp/hard\libc-size-musl.a(strncpy.o)
                              build/default/debug/_ext/1260377903/ring_buffer.o (strncpy)
C:/Program Files/Microchip/xc32/v5.00/bin/bin/../../lib/gcc/pic32c/13.2.1/../../../../pic32c/lib/thumb/v7e-m+dp/hard\libc-size-musl.a(stpncpy.o)
                              C:/Program Files/Microchip/xc32/v5.00/bin/bin/../../lib/gcc/pic32c/13.2.1/../../../../pic32c/lib/thumb/v7e-m+dp/hard\libc-size-musl.a(strncpy.o) (__stpncpy)
C:/Program Files/Microchip/xc32/v5.00/bin/bin/../../lib/gcc/pic32c/13.2.1/../../../../pic32c/lib/thumb/v7e-m+dp/hard\libg-musl.a(__libc_start_main.o)
                              build/default/debug/_ext/1171490990/startup_xc32.o (__libc_init_array)
C:/Program Files/Microchip/xc32/v5.00/bin/bin/../../lib/gcc/pic32c/13.2.1/../../../../pic32c/lib/thumb/v7e-m+dp/hard\libg-musl.a(libc.o)
                              C:/Program Files/Microchip/xc32/v5.00/bin/bin/../../lib/gcc/pic32c/13.2.1/../../../../pic32c/lib/thumb/v7e-m+dp/hard\libg-musl.a(__libc_start_main.o) (__progname_full)
C:/Program Files/Microchip/xc32/v5.00/bin/bin/../../lib/gcc/pic32c/13.2.1/../../../../pic32c/lib/thumb/v7e-m+dp/hard\libg-musl.a(__environ.o)
                              C:/Program Files/Microchip/xc32/v5.00/bin/bin/../../lib/gcc/pic32c/13.2.1/../../../../pic32c/lib/thumb/v7e-m+dp/hard\libg-musl.a(__libc_start_main.o) (__environ)
C:/Program Files/Microchip/xc32/v5.00/bin/bin/../../lib/gcc/pic32c/13.2.1/../../../../pic32c/lib/thumb/v7e-m+dp/hard\libpic32c.a(pic32_data_init_clear.o)
                              (__dinit_clear_needed)
C:/Program Files/Microchip/xc32/v5.00/bin/bin/../../lib/gcc/pic32c/13.2.1/../../../../pic32c/lib/thumb/v7e-m+dp/hard\libpic32c.a(pic32_data_init_copy.o)
                              (__dinit_copy_needed)
C:/Program Files/Microchip/xc32/v5.00/bin/bin/../../lib/gcc/pic32c/13.2.1/../../../../pic32c/lib/thumb/v7e-m+dp/hard\libpic32c.a(pic32_data_init_decompress.o)
                              (__dinit_decompress_needed)

Microchip PIC32 Memory-Usage Report

ROM Program-Memory Usage
section                    address  length [bytes]      (dec)  Description
-------                 ----------  -------------------------  -----------
.vectors                  0x400000          0x168         360   
.text                     0x400168           0x20          32  App's exec code 
.text.Reset_Handler       0x400188          0x184         388   
.dinit                    0x40030c          0x120         288   
.text.PIO_Initialize      0x40042c           0xbc         188   
.text.EFC_PageWrite       0x4004e8           0x90         144   
.text.UART_RX_Callback    0x400578           0x78         120   
.text.main                0x4005f0           0x74         116   
.text.UART_Driver_Init    0x400664           0x70         112   
.text.CLOCK_Initialize    0x4006d4           0x6c         108   
.text.UART3_ISR_TX_Hand   0x400740           0x68         104   
.text.UART0_ISR_TX_Hand   0x4007a8           0x68         104   
.text.EFC_SectorErase     0x400810           0x64         100   
.text.UART3_ISR_RX_Hand   0x400874           0x64         100   
.text.UART0_ISR_RX_Hand   0x4008d8           0x64         100   
.text.UART3_InterruptHa   0x40093c           0x60          96   
.text.NVIC_Initialize     0x40099c           0x5c          92   
.text.__libc_start_init   0x4009f8           0x5c          92   
.text.UART0_InterruptHa   0x400a54           0x50          80   
.text.UART_Driver_Write   0x400aa4           0x48          72   
.text                     0x400aec           0x40          64  App's exec code 
.text.stpncpy             0x400b2c           0x40          64   
.text.UART3_Initialize    0x400b6c           0x3c          60   
.text.UART0_Initialize    0x400ba8           0x3c          60   
.text.__dinit_decompres   0x400be4           0x3c          60   
[...]
Memory Configuration

Name             Origin             Length             Attributes
rom              0x00400000         0x0000bf00         xrl
ApplicationFooter 0x0040bf00         0x00000100         xr
JumpSignature    0x20400000         0x00000020         xrw
ram              0x20400020         0x0005ffe0         xrw
itcm             0x00000000         0x00000000         xw
dtcm             0x20000000         0x00000000         xw!r
*default*        0x00000000         0xffffffff

Linker script and memory map

LOAD C:/Program Files/Microchip/xc32/v5.00/bin/bin/../../lib/gcc/pic32c/13.2.1/thumb/v7e-m+dp/hard/crti.o
LOAD C:/Program Files/Microchip/xc32/v5.00/bin/bin/../../lib/gcc/pic32c/13.2.1/thumb/v7e-m+dp/hard/crtbegin.o
LOAD build/default/debug/_ext/60165520/plib_clk.o
LOAD build/default/debug/_ext/60167248/plib_efc.o
LOAD build/default/debug/_ext/1865468468/plib_nvic.o
LOAD build/default/debug/_ext/60177924/plib_pio.o
LOAD build/default/debug/_ext/1865657120/plib_uart3.o
LOAD build/default/debug/_ext/1865657120/plib_uart0.o
LOAD build/default/debug/_ext/163028504/xc32_monitor.o
LOAD build/default/debug/_ext/1171490990/initialization.o
LOAD build/default/debug/_ext/1171490990/interrupts.o
LOAD build/default/debug/_ext/1171490990/exceptions.o
LOAD build/default/debug/_ext/1171490990/startup_xc32.o
LOAD build/default/debug/_ext/1171490990/libc_syscalls.o
LOAD build/default/debug/_ext/216470852/uart_dma.o
LOAD build/default/debug/_ext/216470852/uart_irq.o
LOAD build/default/debug/_ext/1225992677/prnf.o
LOAD build/default/debug/_ext/1260377903/ring_buffer.o
LOAD build/default/debug/_ext/1360937237/bl_command.o
LOAD build/default/debug/_ext/1360937237/bl_flash.o
LOAD build/default/debug/_ext/1360937237/bl_protocol.o
LOAD build/default/debug/_ext/1360937237/bl_transport.o
LOAD build/default/debug/_ext/1360937237/bootloader.o
LOAD build/default/debug/_ext/1360937237/main.o
                0x00000001                        __MPLAB_BUILD = 0x1
                0x0040bf00                        __rom_end = (ORIGIN (rom) + LENGTH (rom))
                0x20460000                        __ram_end = (ORIGIN (ram) + LENGTH (ram))

.ApplicationFooter
                0x0040bf00      0x100
 *(.ApplicationFooterData .ApplicationFooterData.*)
 .ApplicationFooterData
                0x0040bf00      0x100 build/default/debug/_ext/1360937237/main.o
                0x0040bf00                sBootLoaderFooter

.vectors        0x00400000      0x168
                0x00400000                        . = ALIGN (0x4)
                0x00400000                        _sfixed = .
 *(.vectors .vectors.* .vectors_default .vectors_default.*)
 .vectors       0x00400000      0x168 build/default/debug/_ext/1171490990/interrupts.o
                0x00400000                exception_table
 *(.isr_vector)
 *(.reset*)
 *(.after_vectors)

.text           0x00400168       0x20
                0x00400168                        . = ALIGN (0x4)
 *(.glue_7t)
 .glue_7t       0x00400168        0x0 linker stubs
 *(.glue_7)
 .glue_7        0x00400168        0x0 linker stubs
 *(.gnu.linkonce.r.*)
 *(.ARM.extab* .gnu.linkonce.armextab.*)
                0x00400168                        . = ALIGN (0x4)
 *(.init)
 .init          0x00400168        0x4 C:/Program Files/Microchip/xc32/v5.00/bin/bin/../../lib/gcc/pic32c/13.2.1/thumb/v7e-m+dp/hard/crti.o
                0x00400168                _init
 .init          0x0040016c        0x8 C:/Program Files/Microchip/xc32/v5.00/bin/bin/../../lib/gcc/pic32c/13.2.1/thumb/v7e-m+dp/hard/crtn.o
                0x00400174                        . = ALIGN (0x4)
                0x00400174                        __preinit_array_start = .
 *(.preinit_array)
                0x00400174                        __preinit_array_end = .
                0x00400174                        . = ALIGN (0x4)
                0x00400174                        __init_array_start = .
 *(SORT_BY_NAME(.init_array.*))
 *(.init_array)
 .init_array    0x00400174        0x4 C:/Program Files/Microchip/xc32/v5.00/bin/bin/../../lib/gcc/pic32c/13.2.1/thumb/v7e-m+dp/hard/crtbegin.o
                0x00400178                        __init_array_end = .
                0x00400178                        . = ALIGN (0x4)
 *crtbegin.o(.ctors)
 *(EXCLUDE_FILE(*crtend.o) .ctors)
 *(SORT_BY_NAME(.ctors.*))
 *crtend.o(.ctors)
                0x00400178                        . = ALIGN (0x4)
 *(.fini)
 .fini          0x00400178        0x4 C:/Program Files/Microchip/xc32/v5.00/bin/bin/../../lib/gcc/pic32c/13.2.1/thumb/v7e-m+dp/hard/crti.o
                0x00400178                _fini
 .fini          0x0040017c        0x8 C:/Program Files/Microchip/xc32/v5.00/bin/bin/../../lib/gcc/pic32c/13.2.1/thumb/v7e-m+dp/hard/crtn.o
                0x00400184                        . = ALIGN (0x4)
                0x00400184                        __fini_array_start = .
 *(.fini_array)
 .fini_array    0x00400184        0x4 C:/Program Files/Microchip/xc32/v5.00/bin/bin/../../lib/gcc/pic32c/13.2.1/thumb/v7e-m+dp/hard/crtbegin.o
 *(SORT_BY_NAME(.fini_array.*))
                0x00400188                        __fini_array_end = .
 *crtbegin.o(.dtors)
 *(EXCLUDE_FILE(*crtend.o) .dtors)
 *(SORT_BY_NAME(.dtors.*))
 *crtend.o(.dtors)
                0x00400188                        . = ALIGN (0x4)
                0x00400188                        _efixed = .
                [!provide]                        PROVIDE (__exidx_start = .)

.ARM.exidx
 *(.ARM.exidx* .gnu.linkonce.armexidx.*)
                [!provide]                        PROVIDE (__exidx_end = .)
                0x00400188                        . = ALIGN (0x4)
                0x00400188                        _etext = .

.JumpSignature
 *(.JumpSignatureData)

.bss            0x20400020        0x0
                0x20400020                        . = ALIGN (0x4)
                0x20400020                        __bss_start__ = .
                0x20400020                        _sbss = .
                0x20400020                        _szero = .
 *(COMMON)
                0x20400020                        . = ALIGN (0x4)
                0x20400020                        __bss_end__ = .
                0x20400020                        _ebss = .
                0x20400020                        _ezero = .
                0x20400020                        . = ALIGN (0x4)
                0x20400020                        _end = .
                0x2045ffff                        _ram_end_ = ((ORIGIN (ram) + LENGTH (ram)) - 0x1)
                0x00000001                        __ICD2RAM = 0x1
                0x00000001                        __MPLAB_DEBUG = 0x1
                0x00000001                        __DEBUG = 0x1
                0x00000200                        _min_heap_size = 0x200
START GROUP
LOAD C:/Program Files/Microchip/xc32/v5.00/bin/bin/../../lib/gcc/pic32c/13.2.1/../../../../pic32c/lib/thumb/v7e-m+dp/hard\libpic32c.a
LOAD C:/Program Files/Microchip/xc32/v5.00/bin/bin/../../lib/gcc/pic32c/13.2.1/../../../../pic32c/lib/thumb/v7e-m+dp/hard\libc-size-musl.a
LOAD C:/Program Files/Microchip/xc32/v5.00/bin/bin/../../lib/gcc/pic32c/13.2.1/../../../../pic32c/lib/thumb/v7e-m+dp/hard\liblmalloc-musl.a
LOAD C:/Program Files/Microchip/xc32/v5.00/bin/bin/../../lib/gcc/pic32c/13.2.1/../../../../pic32c/lib/thumb/v7e-m+dp/hard\libg-musl.a
LOAD C:/Program Files/Microchip/xc32/v5.00/bin/bin/../../lib/gcc/pic32c/13.2.1/../../../../pic32c/lib/thumb/v7e-m+dp/hard\libc-musl.a
LOAD C:/Program Files/Microchip/xc32/v5.00/bin/bin/../../lib/gcc/pic32c/13.2.1/../../../../pic32c/lib/thumb/v7e-m+dp/hard\libm-fast-emfloat.a
LOAD C:/Program Files/Microchip/xc32/v5.00/bin/bin/../../lib/gcc/pic32c/13.2.1/../../../../pic32c/lib/thumb/v7e-m+dp/hard\libm-musl.a
END GROUP
LOAD C:/Program Files/Microchip/xc32/v5.00/bin/bin/../../lib/gcc/pic32c/13.2.1/thumb/v7e-m+dp/hard\libgcc.a
LOAD C:/Program Files/Microchip/xc32/v5.00/bin/bin/../../lib/gcc/pic32c/13.2.1/thumb/v7e-m+dp/hard/crtend.o
LOAD C:/Program Files/Microchip/xc32/v5.00/bin/bin/../../lib/gcc/pic32c/13.2.1/thumb/v7e-m+dp/hard/crtn.o
OUTPUT(dist/default/debug/Bootloader.X.debug.elf elf32-littlearm)
LOAD linker stubs
LOAD data_init

.note           0x00000000      0x3c0
 .note          0x00000000       0x18 C:/Program Files/Microchip/xc32/v5.00/bin/bin/../../lib/gcc/pic32c/13.2.1/thumb/v7e-m+dp/hard/crti.o
 .note          0x00000018       0x18 C:/Program Files/Microchip/xc32/v5.00/bin/bin/../../lib/gcc/pic32c/13.2.1/thumb/v7e-m+dp/hard/crtbegin.o
 .note          0x00000030       0x18 build/default/debug/_ext/60165520/plib_clk.o
 .note          0x00000048       0x18 build/default/debug/_ext/60167248/plib_efc.o
 .note          0x00000060       0x18 build/default/debug/_ext/1865468468/plib_nvic.o
 .note          0x00000078       0x18 build/default/debug/_ext/60177924/plib_pio.o
 .note          0x00000090       0x18 build/default/debug/_ext/1865657120/plib_uart3.o
 .note          0x000000a8       0x18 build/default/debug/_ext/1865657120/plib_uart0.o
 .note          0x000000c0       0x18 build/default/debug/_ext/163028504/xc32_monitor.o
 .note          0x000000d8       0x48 build/default/debug/_ext/1171490990/initialization.o
 .note          0x00000120       0x18 build/default/debug/_ext/1171490990/interrupts.o
 .note          0x00000138       0x18 build/default/debug/_ext/1171490990/exceptions.o
 .note          0x00000150       0x18 build/default/debug/_ext/1171490990/startup_xc32.o
 .note          0x00000168       0x18 build/default/debug/_ext/1171490990/libc_syscalls.o
 .note          0x00000180       0x18 build/default/debug/_ext/216470852/uart_dma.o
 .note          0x00000198       0x18 build/default/debug/_ext/216470852/uart_irq.o
 .note          0x000001b0       0x18 build/default/debug/_ext/1225992677/prnf.o
 .note          0x000001c8       0x18 build/default/debug/_ext/1260377903/ring_buffer.o
 .note          0x000001e0       0x18 build/default/debug/_ext/1360937237/bl_command.o
 .note          0x000001f8       0x18 build/default/debug/_ext/1360937237/bl_flash.o
 .note          0x00000210       0x18 build/default/debug/_ext/1360937237/bl_protocol.o
 .note          0x00000228       0x18 build/default/debug/_ext/1360937237/bl_transport.o
 .note          0x00000240       0x18 build/default/debug/_ext/1360937237/bootloader.o
 .note          0x00000258       0x18 build/default/debug/_ext/1360937237/main.o
 .note          0x00000270       0x18 C:/Program Files/Microchip/xc32/v5.00/bin/bin/../../lib/gcc/pic32c/13.2.1/../../../../pic32c/lib/thumb/v7e-m+dp/hard\libpic32c.a(data_init.o)
 .note          0x00000288       0x18 C:/Program Files/Microchip/xc32/v5.00/bin/bin/../../lib/gcc/pic32c/13.2.1/../../../../pic32c/lib/thumb/v7e-m+dp/hard\libc-size-musl.a(memcpy.o)
 .note          0x000002a0       0x18 C:/Program Files/Microchip/xc32/v5.00/bin/bin/../../lib/gcc/pic32c/13.2.1/../../../../pic32c/lib/thumb/v7e-m+dp/hard\libc-size-musl.a(memset.o)
 .note          0x000002b8       0x18 C:/Program Files/Microchip/xc32/v5.00/bin/bin/../../lib/gcc/pic32c/13.2.1/../../../../pic32c/lib/thumb/v7e-m+dp/hard\libc-size-musl.a(strlen.o)
 .note          0x000002d0       0x18 C:/Program Files/Microchip/xc32/v5.00/bin/bin/../../lib/gcc/pic32c/13.2.1/../../../../pic32c/lib/thumb/v7e-m+dp/hard\libc-size-musl.a(strncpy.o)
 .note          0x000002e8       0x18 C:/Program Files/Microchip/xc32/v5.00/bin/bin/../../lib/gcc/pic32c/13.2.1/../../../../pic32c/lib/thumb/v7e-m+dp/hard\libc-size-musl.a(stpncpy.o)
 .note          0x00000300       0x18 C:/Program Files/Microchip/xc32/v5.00/bin/bin/../../lib/gcc/pic32c/13.2.1/../../../../pic32c/lib/thumb/v7e-m+dp/hard\libg-musl.a(__libc_start_main.o)
 .note          0x00000318       0x18 C:/Program Files/Microchip/xc32/v5.00/bin/bin/../../lib/gcc/pic32c/13.2.1/../../../../pic32c/lib/thumb/v7e-m+dp/hard\libg-musl.a(libc.o)
 .note          0x00000330       0x18 C:/Program Files/Microchip/xc32/v5.00/bin/bin/../../lib/gcc/pic32c/13.2.1/../../../../pic32c/lib/thumb/v7e-m+dp/hard\libg-musl.a(__environ.o)
 .note          0x00000348       0x18 C:/Program Files/Microchip/xc32/v5.00/bin/bin/../../lib/gcc/pic32c/13.2.1/thumb/v7e-m+dp/hard/crtend.o
 .note          0x00000360       0x18 C:/Program Files/Microchip/xc32/v5.00/bin/bin/../../lib/gcc/pic32c/13.2.1/thumb/v7e-m+dp/hard/crtn.o
 .note          0x00000378       0x18 C:/Program Files/Microchip/xc32/v5.00/bin/bin/../../lib/gcc/pic32c/13.2.1/../../../../pic32c/lib/thumb/v7e-m+dp/hard\libpic32c.a(pic32_data_init_clear.o)
 .note          0x00000390       0x18 C:/Program Files/Microchip/xc32/v5.00/bin/bin/../../lib/gcc/pic32c/13.2.1/../../../../pic32c/lib/thumb/v7e-m+dp/hard\libpic32c.a(pic32_data_init_copy.o)
 .note          0x000003a8       0x18 C:/Program Files/Microchip/xc32/v5.00/bin/bin/../../lib/gcc/pic32c/13.2.1/../../../../pic32c/lib/thumb/v7e-m+dp/hard\libpic32c.a(pic32_data_init_decompress.o)

.ARM.attributes
                0x00000000       0x32
 .ARM.attributes
                0x00000000       0x20 C:/Program Files/Microchip/xc32/v5.00/bin/bin/../../lib/gcc/pic32c/13.2.1/thumb/v7e-m+dp/hard/crti.o
 .ARM.attributes
                0x00000020       0x32 C:/Program Files/Microchip/xc32/v5.00/bin/bin/../../lib/gcc/pic32c/13.2.1/thumb/v7e-m+dp/hard/crtbegin.o
 .ARM.attributes
                0x00000052       0x32 build/default/debug/_ext/60165520/plib_clk.o
 .ARM.attributes
                0x00000084       0x32 build/default/debug/_ext/60167248/plib_efc.o
 .ARM.attributes
                0x000000b6       0x32 build/default/debug/_ext/1865468468/plib_nvic.o
 .ARM.attributes
                0x000000e8       0x32 build/default/debug/_ext/60177924/plib_pio.o
 .ARM.attributes
                0x0000011a       0x32 build/default/debug/_ext/1865657120/plib_uart3.o
 .ARM.attributes
                0x0000014c       0x32 build/default/debug/_ext/1865657120/plib_uart0.o
 .ARM.attributes
                0x0000017e       0x32 build/default/debug/_ext/1171490990/initialization.o
 .ARM.attributes
                0x000001b0       0x32 build/default/debug/_ext/1171490990/interrupts.o
 .ARM.attributes
                0x000001e2       0x32 build/default/debug/_ext/1171490990/exceptions.o
 .ARM.attributes
                0x00000214       0x32 build/default/debug/_ext/1171490990/startup_xc32.o
 .ARM.attributes
                0x00000246       0x32 build/default/debug/_ext/216470852/uart_irq.o
 .ARM.attributes
                0x00000278       0x32 build/default/debug/_ext/1260377903/ring_buffer.o
 .ARM.attributes
                0x000002aa       0x32 build/default/debug/_ext/1360937237/bl_command.o
 .ARM.attributes
                0x000002dc       0x32 build/default/debug/_ext/1360937237/bl_protocol.o
 .ARM.attributes
                0x0000030e       0x32 build/default/debug/_ext/1360937237/bootloader.o
 .ARM.attributes
                0x00000340       0x32 build/default/debug/_ext/1360937237/main.o
 .ARM.attributes
                0x00000372       0x32 C:/Program Files/Microchip/xc32/v5.00/bin/bin/../../lib/gcc/pic32c/13.2.1/../../../../pic32c/lib/thumb/v7e-m+dp/hard\libpic32c.a(data_init.o)
 .ARM.attributes
                0x000003a4       0x34 C:/Program Files/Microchip/xc32/v5.00/bin/bin/../../lib/gcc/pic32c/13.2.1/../../../../pic32c/lib/thumb/v7e-m+dp/hard\libc-size-musl.a(memcpy.o)
 .ARM.attributes
                0x000003d8       0x34 C:/Program Files/Microchip/xc32/v5.00/bin/bin/../../lib/gcc/pic32c/13.2.1/../../../../pic32c/lib/thumb/v7e-m+dp/hard\libc-size-musl.a(memset.o)
 .ARM.attributes
                0x0000040c       0x34 C:/Program Files/Microchip/xc32/v5.00/bin/bin/../../lib/gcc/pic32c/13.2.1/../../../../pic32c/lib/thumb/v7e-m+dp/hard\libc-size-musl.a(strncpy.o)
 .ARM.attributes
                0x00000440       0x34 C:/Program Files/Microchip/xc32/v5.00/bin/bin/../../lib/gcc/pic32c/13.2.1/../../../../pic32c/lib/thumb/v7e-m+dp/hard\libc-size-musl.a(stpncpy.o)
 .ARM.attributes
                0x00000474       0x34 C:/Program Files/Microchip/xc32/v5.00/bin/bin/../../lib/gcc/pic32c/13.2.1/../../../../pic32c/lib/thumb/v7e-m+dp/hard\libg-musl.a(__libc_start_main.o)
 .ARM.attributes
                0x000004a8       0x34 C:/Program Files/Microchip/xc32/v5.00/bin/bin/../../lib/gcc/pic32c/13.2.1/../../../../pic32c/lib/thumb/v7e-m+dp/hard\libg-musl.a(libc.o)
 .ARM.attributes
                0x000004dc       0x34 C:/Program Files/Microchip/xc32/v5.00/bin/bin/../../lib/gcc/pic32c/13.2.1/../../../../pic32c/lib/thumb/v7e-m+dp/hard\libg-musl.a(__environ.o)
 .ARM.attributes
                0x00000510       0x20 C:/Program Files/Microchip/xc32/v5.00/bin/bin/../../lib/gcc/pic32c/13.2.1/thumb/v7e-m+dp/hard/crtn.o
 .ARM.attributes
                0x00000530       0x32 C:/Program Files/Microchip/xc32/v5.00/bin/bin/../../lib/gcc/pic32c/13.2.1/../../../../pic32c/lib/thumb/v7e-m+dp/hard\libpic32c.a(pic32_data_init_clear.o)
 .ARM.attributes
                0x00000562       0x32 C:/Program Files/Microchip/xc32/v5.00/bin/bin/../../lib/gcc/pic32c/13.2.1/../../../../pic32c/lib/thumb/v7e-m+dp/hard\libpic32c.a(pic32_data_init_copy.o)
 .ARM.attributes
                0x00000594       0x32 C:/Program Files/Microchip/xc32/v5.00/bin/bin/../../lib/gcc/pic32c/13.2.1/../../../../pic32c/lib/thumb/v7e-m+dp/hard\libpic32c.a(pic32_data_init_decompress.o)

.comment        0x00000000       0x35
 .comment       0x00000000       0x35 C:/Program Files/Microchip/xc32/v5.00/bin/bin/../../lib/gcc/pic32c/13.2.1/thumb/v7e-m+dp/hard/crtbegin.o
                                 0x36 (size before relaxing)
 .comment       0x00000035       0x36 build/default/debug/_ext/60165520/plib_clk.o
 .comment       0x00000035       0x36 build/default/debug/_ext/60167248/plib_efc.o
 .comment       0x00000035       0x36 build/default/debug/_ext/1865468468/plib_nvic.o
 .comment       0x00000035       0x36 build/default/debug/_ext/60177924/plib_pio.o
 .comment       0x00000035       0x36 build/default/debug/_ext/1865657120/plib_uart3.o
 .comment       0x00000035       0x36 build/default/debug/_ext/1865657120/plib_uart0.o
 .comment       0x00000035       0x36 build/default/debug/_ext/1171490990/initialization.o
 .comment       0x00000035       0x36 build/default/debug/_ext/1171490990/interrupts.o
 .comment       0x00000035       0x36 build/default/debug/_ext/1171490990/exceptions.o
 .comment       0x00000035       0x36 build/default/debug/_ext/1171490990/startup_xc32.o
 .comment       0x00000035       0x36 build/default/debug/_ext/216470852/uart_irq.o
 .comment       0x00000035       0x36 build/default/debug/_ext/1260377903/ring_buffer.o
 .comment       0x00000035       0x36 build/default/debug/_ext/1360937237/bl_command.o
 .comment       0x00000035       0x36 build/default/debug/_ext/1360937237/bl_protocol.o
 .comment       0x00000035       0x36 build/default/debug/_ext/1360937237/bootloader.o
 .comment       0x00000035       0x36 build/default/debug/_ext/1360937237/main.o
 .comment       0x00000035       0x36 C:/Program Files/Microchip/xc32/v5.00/bin/bin/../../lib/gcc/pic32c/13.2.1/../../../../pic32c/lib/thumb/v7e-m+dp/hard\libpic32c.a(data_init.o)
 .comment       0x00000035       0x36 C:/Program Files/Microchip/xc32/v5.00/bin/bin/../../lib/gcc/pic32c/13.2.1/../../../../pic32c/lib/thumb/v7e-m+dp/hard\libc-size-musl.a(memcpy.o)
 .comment       0x00000035       0x36 C:/Program Files/Microchip/xc32/v5.00/bin/bin/../../lib/gcc/pic32c/13.2.1/../../../../pic32c/lib/thumb/v7e-m+dp/hard\libc-size-musl.a(memset.o)
 .comment       0x00000035       0x36 C:/Program Files/Microchip/xc32/v5.00/bin/bin/../../lib/gcc/pic32c/13.2.1/../../../../pic32c/lib/thumb/v7e-m+dp/hard\libc-size-musl.a(strncpy.o)
 .comment       0x00000035       0x36 C:/Program Files/Microchip/xc32/v5.00/bin/bin/../../lib/gcc/pic32c/13.2.1/../../../../pic32c/lib/thumb/v7e-m+dp/hard\libc-size-musl.a(stpncpy.o)
 .comment       0x00000035       0x36 C:/Program Files/Microchip/xc32/v5.00/bin/bin/../../lib/gcc/pic32c/13.2.1/../../../../pic32c/lib/thumb/v7e-m+dp/hard\libg-musl.a(__libc_start_main.o)
 .comment       0x00000035       0x36 C:/Program Files/Microchip/xc32/v5.00/bin/bin/../../lib/gcc/pic32c/13.2.1/../../../../pic32c/lib/thumb/v7e-m+dp/hard\libg-musl.a(libc.o)
 .comment       0x00000035       0x36 C:/Program Files/Microchip/xc32/v5.00/bin/bin/../../lib/gcc/pic32c/13.2.1/../../../../pic32c/lib/thumb/v7e-m+dp/hard\libg-musl.a(__environ.o)
 .comment       0x00000035       0x36 C:/Program Files/Microchip/xc32/v5.00/bin/bin/../../lib/gcc/pic32c/13.2.1/../../../../pic32c/lib/thumb/v7e-m+dp/hard\libpic32c.a(pic32_data_init_clear.o)
 .comment       0x00000035       0x36 C:/Program Files/Microchip/xc32/v5.00/bin/bin/../../lib/gcc/pic32c/13.2.1/../../../../pic32c/lib/thumb/v7e-m+dp/hard\libpic32c.a(pic32_data_init_copy.o)
 .comment       0x00000035       0x36 C:/Program Files/Microchip/xc32/v5.00/bin/bin/../../lib/gcc/pic32c/13.2.1/../../../../pic32c/lib/thumb/v7e-m+dp/hard\libpic32c.a(pic32_data_init_decompress.o)

.debug_info     0x00000000     0x8a72
 .debug_info    0x00000000      0x483 build/default/debug/_ext/60165520/plib_clk.o
 .debug_info    0x00000483      0xcee build/default/debug/_ext/60167248/plib_efc.o
 .debug_info    0x00001171      0xcf1 build/default/debug/_ext/1865468468/plib_nvic.o
 .debug_info    0x00001e62      0x9e9 build/default/debug/_ext/60177924/plib_pio.o
 .debug_info    0x0000284b      0x7fa build/default/debug/_ext/1865657120/plib_uart3.o
 .debug_info    0x00003045      0x7ba build/default/debug/_ext/1865657120/plib_uart0.o
 .debug_info    0x000037ff      0x1cf build/default/debug/_ext/1171490990/initialization.o
 .debug_info    0x000039ce      0x6f6 build/default/debug/_ext/1171490990/interrupts.o
 .debug_info    0x000040c4      0x116 build/default/debug/_ext/1171490990/exceptions.o
 .debug_info    0x000041da      0x97c build/default/debug/_ext/1171490990/startup_xc32.o
 .debug_info    0x00004b56     0x1073 build/default/debug/_ext/216470852/uart_irq.o
 .debug_info    0x00005bc9      0xa19 build/default/debug/_ext/1260377903/ring_buffer.o
 .debug_info    0x000065e2      0x274 build/default/debug/_ext/1360937237/bl_command.o
 .debug_info    0x00006856      0x4d9 build/default/debug/_ext/1360937237/bl_protocol.o
 .debug_info    0x00006d2f      0x552 build/default/debug/_ext/1360937237/bootloader.o
 .debug_info    0x00007281      0x8c2 build/default/debug/_ext/1360937237/main.o
 .debug_info    0x00007b43      0x212 C:/Program Files/Microchip/xc32/v5.00/bin/bin/../../lib/gcc/pic32c/13.2.1/../../../../pic32c/lib/thumb/v7e-m+dp/hard\libpic32c.a(data_init.o)
 .debug_info    0x00007d55       0xff C:/Program Files/Microchip/xc32/v5.00/bin/bin/../../lib/gcc/pic32c/13.2.1/../../../../pic32c/lib/thumb/v7e-m+dp/hard\libc-size-musl.a(memcpy.o)
 .debug_info    0x00007e54       0xc2 C:/Program Files/Microchip/xc32/v5.00/bin/bin/../../lib/gcc/pic32c/13.2.1/../../../../pic32c/lib/thumb/v7e-m+dp/hard\libc-size-musl.a(memset.o)
 .debug_info    0x00007f16      0x109 C:/Program Files/Microchip/xc32/v5.00/bin/bin/../../lib/gcc/pic32c/13.2.1/../../../../pic32c/lib/thumb/v7e-m+dp/hard\libc-size-musl.a(strncpy.o)
 .debug_info    0x0000801f       0xe8 C:/Program Files/Microchip/xc32/v5.00/bin/bin/../../lib/gcc/pic32c/13.2.1/../../../../pic32c/lib/thumb/v7e-m+dp/hard\libc-size-musl.a(stpncpy.o)
 .debug_info    0x00008107      0x2fb C:/Program Files/Microchip/xc32/v5.00/bin/bin/../../lib/gcc/pic32c/13.2.1/../../../../pic32c/lib/thumb/v7e-m+dp/hard\libg-musl.a(__libc_start_main.o)
 .debug_info    0x00008402      0x276 C:/Program Files/Microchip/xc32/v5.00/bin/bin/../../lib/gcc/pic32c/13.2.1/../../../../pic32c/lib/thumb/v7e-m+dp/hard\libg-musl.a(libc.o)
 .debug_info    0x00008678       0x97 C:/Program Files/Microchip/xc32/v5.00/bin/bin/../../lib/gcc/pic32c/13.2.1/../../../../pic32c/lib/thumb/v7e-m+dp/hard\libg-musl.a(__environ.o)
 .debug_info    0x0000870f      0x110 C:/Program Files/Microchip/xc32/v5.00/bin/bin/../../lib/gcc/pic32c/13.2.1/../../../../pic32c/lib/thumb/v7e-m+dp/hard\libpic32c.a(pic32_data_init_clear.o)
 .debug_info    0x0000881f      0x126 C:/Program Files/Microchip/xc32/v5.00/bin/bin/../../lib/gcc/pic32c/13.2.1/../../../../pic32c/lib/thumb/v7e-m+dp/hard\libpic32c.a(pic32_data_init_copy.o)
 .debug_info    0x00008945      0x12d C:/Program Files/Microchip/xc32/v5.00/bin/bin/../../lib/gcc/pic32c/13.2.1/../../../../pic32c/lib/thumb/v7e-m+dp/hard\libpic32c.a(pic32_data_init_decompress.o)

.debug_abbrev   0x00000000     0x25e0
 .debug_abbrev  0x00000000       0xcd build/default/debug/_ext/60165520/plib_clk.o
 .debug_abbrev  0x000000cd      0x2cf build/default/debug/_ext/60167248/plib_efc.o
 .debug_abbrev  0x0000039c      0x24d build/default/debug/_ext/1865468468/plib_nvic.o
 .debug_abbrev  0x000005e9      0x13f build/default/debug/_ext/60177924/plib_pio.o
 .debug_abbrev  0x00000728      0x2c6 build/default/debug/_ext/1865657120/plib_uart3.o
 .debug_abbrev  0x000009ee      0x2c6 build/default/debug/_ext/1865657120/plib_uart0.o
 .debug_abbrev  0x00000cb4       0xcb build/default/debug/_ext/1171490990/initialization.o
 .debug_abbrev  0x00000d7f       0xd3 build/default/debug/_ext/1171490990/interrupts.o
 .debug_abbrev  0x00000e52       0x49 build/default/debug/_ext/1171490990/exceptions.o
 .debug_abbrev  0x00000e9b      0x21a build/default/debug/_ext/1171490990/startup_xc32.o
 .debug_abbrev  0x000010b5      0x302 build/default/debug/_ext/216470852/uart_irq.o
 .debug_abbrev  0x000013b7      0x1db build/default/debug/_ext/1260377903/ring_buffer.o
 .debug_abbrev  0x00001592      0x14d build/default/debug/_ext/1360937237/bl_command.o
 .debug_abbrev  0x000016df      0x26f build/default/debug/_ext/1360937237/bl_protocol.o
 .debug_abbrev  0x0000194e      0x17e build/default/debug/_ext/1360937237/bootloader.o
 .debug_abbrev  0x00001acc      0x2a3 build/default/debug/_ext/1360937237/main.o
 .debug_abbrev  0x00001d6f      0x156 C:/Program Files/Microchip/xc32/v5.00/bin/bin/../../lib/gcc/pic32c/13.2.1/../../../../pic32c/lib/thumb/v7e-m+dp/hard\libpic32c.a(data_init.o)
 .debug_abbrev  0x00001ec5       0xaa C:/Program Files/Microchip/xc32/v5.00/bin/bin/../../lib/gcc/pic32c/13.2.1/../../../../pic32c/lib/thumb/v7e-m+dp/hard\libc-size-musl.a(memcpy.o)
 .debug_abbrev  0x00001f6f       0xa2 C:/Program Files/Microchip/xc32/v5.00/bin/bin/../../lib/gcc/pic32c/13.2.1/../../../../pic32c/lib/thumb/v7e-m+dp/hard\libc-size-musl.a(memset.o)
 .debug_abbrev  0x00002011       0xb0 C:/Program Files/Microchip/xc32/v5.00/bin/bin/../../lib/gcc/pic32c/13.2.1/../../../../pic32c/lib/thumb/v7e-m+dp/hard\libc-size-musl.a(strncpy.o)
 .debug_abbrev  0x000020c1       0xa5 C:/Program Files/Microchip/xc32/v5.00/bin/bin/../../lib/gcc/pic32c/13.2.1/../../../../pic32c/lib/thumb/v7e-m+dp/hard\libc-size-musl.a(stpncpy.o)
 .debug_abbrev  0x00002166      0x133 C:/Program Files/Microchip/xc32/v5.00/bin/bin/../../lib/gcc/pic32c/13.2.1/../../../../pic32c/lib/thumb/v7e-m+dp/hard\libg-musl.a(__libc_start_main.o)
 .debug_abbrev  0x00002299       0xd4 C:/Program Files/Microchip/xc32/v5.00/bin/bin/../../lib/gcc/pic32c/13.2.1/../../../../pic32c/lib/thumb/v7e-m+dp/hard\libg-musl.a(libc.o)
 .debug_abbrev  0x0000236d       0x62 C:/Program Files/Microchip/xc32/v5.00/bin/bin/../../lib/gcc/pic32c/13.2.1/../../../../pic32c/lib/thumb/v7e-m+dp/hard\libg-musl.a(__environ.o)
 .debug_abbrev  0x000023cf       0xa2 C:/Program Files/Microchip/xc32/v5.00/bin/bin/../../lib/gcc/pic32c/13.2.1/../../../../pic32c/lib/thumb/v7e-m+dp/hard\libpic32c.a(pic32_data_init_clear.o)
 .debug_abbrev  0x00002471       0xca C:/Program Files/Microchip/xc32/v5.00/bin/bin/../../lib/gcc/pic32c/13.2.1/../../../../pic32c/lib/thumb/v7e-m+dp/hard\libpic32c.a(pic32_data_init_copy.o)
 .debug_abbrev  0x0000253b       0xa5 C:/Program Files/Microchip/xc32/v5.00/bin/bin/../../lib/gcc/pic32c/13.2.1/../../../../pic32c/lib/thumb/v7e-m+dp/hard\libpic32c.a(pic32_data_init_decompress.o)

.debug_aranges  0x00000000      0x698
 .debug_aranges
                0x00000000       0x20 build/default/debug/_ext/60165520/plib_clk.o
 .debug_aranges
                0x00000020       0x70 build/default/debug/_ext/60167248/plib_efc.o
 .debug_aranges
                0x00000090       0x48 build/default/debug/_ext/1865468468/plib_nvic.o
 .debug_aranges
                0x000000d8       0x60 build/default/debug/_ext/60177924/plib_pio.o
 .debug_aranges
                0x00000138       0x98 build/default/debug/_ext/1865657120/plib_uart3.o
 .debug_aranges
                0x000001d0       0x98 build/default/debug/_ext/1865657120/plib_uart0.o
 .debug_aranges
                0x00000268       0x20 build/default/debug/_ext/1171490990/initialization.o
 .debug_aranges
                0x00000288       0x20 build/default/debug/_ext/1171490990/interrupts.o
 .debug_aranges
                0x000002a8       0x48 build/default/debug/_ext/1171490990/exceptions.o
 .debug_aranges
                0x000002f0       0x28 build/default/debug/_ext/1171490990/startup_xc32.o
 .debug_aranges
                0x00000318       0xd8 build/default/debug/_ext/216470852/uart_irq.o
 .debug_aranges
                0x000003f0       0x68 build/default/debug/_ext/1260377903/ring_buffer.o
 .debug_aranges
                0x00000458       0x30 build/default/debug/_ext/1360937237/bl_command.o
 .debug_aranges
                0x00000488       0x40 build/default/debug/_ext/1360937237/bl_protocol.o
 .debug_aranges
                0x000004c8       0x30 build/default/debug/_ext/1360937237/bootloader.o
 .debug_aranges
                0x000004f8       0x38 build/default/debug/_ext/1360937237/main.o
 .debug_aranges
                0x00000530       0x30 C:/Program Files/Microchip/xc32/v5.00/bin/bin/../../lib/gcc/pic32c/13.2.1/../../../../pic32c/lib/thumb/v7e-m+dp/hard\libpic32c.a(data_init.o)
 .debug_aranges
                0x00000560       0x20 C:/Program Files/Microchip/xc32/v5.00/bin/bin/../../lib/gcc/pic32c/13.2.1/../../../../pic32c/lib/thumb/v7e-m+dp/hard\libc-size-musl.a(memcpy.o)
 .debug_aranges
                0x00000580       0x20 C:/Program Files/Microchip/xc32/v5.00/bin/bin/../../lib/gcc/pic32c/13.2.1/../../../../pic32c/lib/thumb/v7e-m+dp/hard\libc-size-musl.a(memset.o)
 .debug_aranges
                0x000005a0       0x20 C:/Program Files/Microchip/xc32/v5.00/bin/bin/../../lib/gcc/pic32c/13.2.1/../../../../pic32c/lib/thumb/v7e-m+dp/hard\libc-size-musl.a(strncpy.o)
 .debug_aranges
                0x000005c0       0x20 C:/Program Files/Microchip/xc32/v5.00/bin/bin/../../lib/gcc/pic32c/13.2.1/../../../../pic32c/lib/thumb/v7e-m+dp/hard\libc-size-musl.a(stpncpy.o)
 .debug_aranges
                0x000005e0       0x28 C:/Program Files/Microchip/xc32/v5.00/bin/bin/../../lib/gcc/pic32c/13.2.1/../../../../pic32c/lib/thumb/v7e-m+dp/hard\libg-musl.a(__libc_start_main.o)
 .debug_aranges
                0x00000608       0x18 C:/Program Files/Microchip/xc32/v5.00/bin/bin/../../lib/gcc/pic32c/13.2.1/../../../../pic32c/lib/thumb/v7e-m+dp/hard\libg-musl.a(libc.o)
 .debug_aranges
                0x00000620       0x18 C:/Program Files/Microchip/xc32/v5.00/bin/bin/../../lib/gcc/pic32c/13.2.1/../../../../pic32c/lib/thumb/v7e-m+dp/hard\libg-musl.a(__environ.o)
 .debug_aranges
                0x00000638       0x20 C:/Program Files/Microchip/xc32/v5.00/bin/bin/../../lib/gcc/pic32c/13.2.1/../../../../pic32c/lib/thumb/v7e-m+dp/hard\libpic32c.a(pic32_data_init_clear.o)
 .debug_aranges
                0x00000658       0x20 C:/Program Files/Microchip/xc32/v5.00/bin/bin/../../lib/gcc/pic32c/13.2.1/../../../../pic32c/lib/thumb/v7e-m+dp/hard\libpic32c.a(pic32_data_init_copy.o)
 .debug_aranges
                0x00000678       0x20 C:/Program Files/Microchip/xc32/v5.00/bin/bin/../../lib/gcc/pic32c/13.2.1/../../../../pic32c/lib/thumb/v7e-m+dp/hard\libpic32c.a(pic32_data_init_decompress.o)

.debug_ranges   0x00000000      0x628
 .debug_ranges  0x00000000       0x10 build/default/debug/_ext/60165520/plib_clk.o
 .debug_ranges  0x00000010       0x90 build/default/debug/_ext/60167248/plib_efc.o
 .debug_ranges  0x000000a0       0x50 build/default/debug/_ext/1865468468/plib_nvic.o
 .debug_ranges  0x000000f0       0x50 build/default/debug/_ext/60177924/plib_pio.o
 .debug_ranges  0x00000140       0x88 build/default/debug/_ext/1865657120/plib_uart3.o
 .debug_ranges  0x000001c8       0x88 build/default/debug/_ext/1865657120/plib_uart0.o
 .debug_ranges  0x00000250       0x10 build/default/debug/_ext/1171490990/initialization.o
 .debug_ranges  0x00000260       0x10 build/default/debug/_ext/1171490990/interrupts.o
 .debug_ranges  0x00000270       0x38 build/default/debug/_ext/1171490990/exceptions.o
 .debug_ranges  0x000002a8       0x18 build/default/debug/_ext/1171490990/startup_xc32.o
 .debug_ranges  0x000002c0      0x100 build/default/debug/_ext/216470852/uart_irq.o
 .debug_ranges  0x000003c0       0x58 build/default/debug/_ext/1260377903/ring_buffer.o
 .debug_ranges  0x00000418       0x20 build/default/debug/_ext/1360937237/bl_command.o
 .debug_ranges  0x00000438       0xc0 build/default/debug/_ext/1360937237/bl_protocol.o
 .debug_ranges  0x000004f8       0x20 build/default/debug/_ext/1360937237/bootloader.o
 .debug_ranges  0x00000518       0x40 build/default/debug/_ext/1360937237/main.o
 .debug_ranges  0x00000558       0x20 C:/Program Files/Microchip/xc32/v5.00/bin/bin/../../lib/gcc/pic32c/13.2.1/../../../../pic32c/lib/thumb/v7e-m+dp/hard\libpic32c.a(data_init.o)
 .debug_ranges  0x00000578       0x10 C:/Program Files/Microchip/xc32/v5.00/bin/bin/../../lib/gcc/pic32c/13.2.1/../../../../pic32c/lib/thumb/v7e-m+dp/hard\libc-size-musl.a(memcpy.o)
 .debug_ranges  0x00000588       0x10 C:/Program Files/Microchip/xc32/v5.00/bin/bin/../../lib/gcc/pic32c/13.2.1/../../../../pic32c/lib/thumb/v7e-m+dp/hard\libc-size-musl.a(memset.o)
 .debug_ranges  0x00000598       0x10 C:/Program Files/Microchip/xc32/v5.00/bin/bin/../../lib/gcc/pic32c/13.2.1/../../../../pic32c/lib/thumb/v7e-m+dp/hard\libc-size-musl.a(strncpy.o)
 .debug_ranges  0x000005a8       0x10 C:/Program Files/Microchip/xc32/v5.00/bin/bin/../../lib/gcc/pic32c/13.2.1/../../../../pic32c/lib/thumb/v7e-m+dp/hard\libc-size-musl.a(stpncpy.o)
 .debug_ranges  0x000005b8       0x40 C:/Program Files/Microchip/xc32/v5.00/bin/bin/../../lib/gcc/pic32c/13.2.1/../../../../pic32c/lib/thumb/v7e-m+dp/hard\libg-musl.a(__libc_start_main.o)
 .debug_ranges  0x000005f8       0x10 C:/Program Files/Microchip/xc32/v5.00/bin/bin/../../lib/gcc/pic32c/13.2.1/../../../../pic32c/lib/thumb/v7e-m+dp/hard\libpic32c.a(pic32_data_init_clear.o)
 .debug_ranges  0x00000608       0x10 C:/Program Files/Microchip/xc32/v5.00/bin/bin/../../lib/gcc/pic32c/13.2.1/../../../../pic32c/lib/thumb/v7e-m+dp/hard\libpic32c.a(pic32_data_init_copy.o)
 .debug_ranges  0x00000618       0x10 C:/Program Files/Microchip/xc32/v5.00/bin/bin/../../lib/gcc/pic32c/13.2.1/../../../../pic32c/lib/thumb/v7e-m+dp/hard\libpic32c.a(pic32_data_init_decompress.o)

.debug_line     0x00000000     0x49ca
 .debug_line    0x00000000      0x1b5 build/default/debug/_ext/60165520/plib_clk.o
 .debug_line    0x000001b5      0x6d4 build/default/debug/_ext/60167248/plib_efc.o
 .debug_line    0x00000889      0x41b build/default/debug/_ext/1865468468/plib_nvic.o
 .debug_line    0x00000ca4      0x365 build/default/debug/_ext/60177924/plib_pio.o
 .debug_line    0x00001009      0x692 build/default/debug/_ext/1865657120/plib_uart3.o
 .debug_line    0x0000169b      0x66d build/default/debug/_ext/1865657120/plib_uart0.o
 .debug_line    0x00001d08      0x217 build/default/debug/_ext/1171490990/initialization.o
 .debug_line    0x00001f1f       0xce build/default/debug/_ext/1171490990/interrupts.o
 .debug_line    0x00001fed       0xdf build/default/debug/_ext/1171490990/exceptions.o
 .debug_line    0x000020cc      0x4c6 build/default/debug/_ext/1171490990/startup_xc32.o
 .debug_line    0x00002592      0x90a build/default/debug/_ext/216470852/uart_irq.o
 .debug_line    0x00002e9c      0x49b build/default/debug/_ext/1260377903/ring_buffer.o
 .debug_line    0x00003337      0x19b build/default/debug/_ext/1360937237/bl_command.o
 .debug_line    0x000034d2      0x2d4 build/default/debug/_ext/1360937237/bl_protocol.o
 .debug_line    0x000037a6      0x198 build/default/debug/_ext/1360937237/bootloader.o
 .debug_line    0x0000393e      0x29d build/default/debug/_ext/1360937237/main.o
 .debug_line    0x00003bdb      0x163 C:/Program Files/Microchip/xc32/v5.00/bin/bin/../../lib/gcc/pic32c/13.2.1/../../../../pic32c/lib/thumb/v7e-m+dp/hard\libpic32c.a(data_init.o)
 .debug_line    0x00003d3e      0x165 C:/Program Files/Microchip/xc32/v5.00/bin/bin/../../lib/gcc/pic32c/13.2.1/../../../../pic32c/lib/thumb/v7e-m+dp/hard\libc-size-musl.a(memcpy.o)
 .debug_line    0x00003ea3      0x162 C:/Program Files/Microchip/xc32/v5.00/bin/bin/../../lib/gcc/pic32c/13.2.1/../../../../pic32c/lib/thumb/v7e-m+dp/hard\libc-size-musl.a(memset.o)
 .debug_line    0x00004005       0xcb C:/Program Files/Microchip/xc32/v5.00/bin/bin/../../lib/gcc/pic32c/13.2.1/../../../../pic32c/lib/thumb/v7e-m+dp/hard\libc-size-musl.a(strncpy.o)
 .debug_line    0x000040d0      0x1ab C:/Program Files/Microchip/xc32/v5.00/bin/bin/../../lib/gcc/pic32c/13.2.1/../../../../pic32c/lib/thumb/v7e-m+dp/hard\libc-size-musl.a(stpncpy.o)
 .debug_line    0x0000427b      0x1da C:/Program Files/Microchip/xc32/v5.00/bin/bin/../../lib/gcc/pic32c/13.2.1/../../../../pic32c/lib/thumb/v7e-m+dp/hard\libg-musl.a(__libc_start_main.o)
 .debug_line    0x00004455       0xb5 C:/Program Files/Microchip/xc32/v5.00/bin/bin/../../lib/gcc/pic32c/13.2.1/../../../../pic32c/lib/thumb/v7e-m+dp/hard\libg-musl.a(libc.o)
 .debug_line    0x0000450a       0xfb C:/Program Files/Microchip/xc32/v5.00/bin/bin/../../lib/gcc/pic32c/13.2.1/../../../../pic32c/lib/thumb/v7e-m+dp/hard\libg-musl.a(__environ.o)
 .debug_line    0x00004605      0x11c C:/Program Files/Microchip/xc32/v5.00/bin/bin/../../lib/gcc/pic32c/13.2.1/../../../../pic32c/lib/thumb/v7e-m+dp/hard\libpic32c.a(pic32_data_init_clear.o)
 .debug_line    0x00004721      0x126 C:/Program Files/Microchip/xc32/v5.00/bin/bin/../../lib/gcc/pic32c/13.2.1/../../../../pic32c/lib/thumb/v7e-m+dp/hard\libpic32c.a(pic32_data_init_copy.o)
 .debug_line    0x00004847      0x183 C:/Program Files/Microchip/xc32/v5.00/bin/bin/../../lib/gcc/pic32c/13.2.1/../../../../pic32c/lib/thumb/v7e-m+dp/hard\libpic32c.a(pic32_data_init_decompress.o)

.debug_str      0x00000000     0x338d
 .debug_str     0x00000000     0x338d build/default/debug/_ext/60165520/plib_clk.o
                                0x501 (size before relaxing)
 .debug_str     0x0000338d      0x60c build/default/debug/_ext/60167248/plib_efc.o
 .debug_str     0x0000338d      0x9cf build/default/debug/_ext/1865468468/plib_nvic.o
 .debug_str     0x0000338d      0x6f0 build/default/debug/_ext/60177924/plib_pio.o
 .debug_str     0x0000338d      0x624 build/default/debug/_ext/1865657120/plib_uart3.o
 .debug_str     0x0000338d      0x624 build/default/debug/_ext/1865657120/plib_uart0.o
 .debug_str     0x0000338d      0x3ab build/default/debug/_ext/1171490990/initialization.o
 .debug_str     0x0000338d      0x9fc build/default/debug/_ext/1171490990/interrupts.o
 .debug_str     0x0000338d      0x352 build/default/debug/_ext/1171490990/exceptions.o
 .debug_str     0x0000338d      0x5c2 build/default/debug/_ext/1171490990/startup_xc32.o
 .debug_str     0x0000338d      0x7cc build/default/debug/_ext/216470852/uart_irq.o
 .debug_str     0x0000338d      0x4ff build/default/debug/_ext/1260377903/ring_buffer.o
 .debug_str     0x0000338d      0x40f build/default/debug/_ext/1360937237/bl_command.o
 .debug_str     0x0000338d      0x49d build/default/debug/_ext/1360937237/bl_protocol.o
 .debug_str     0x0000338d      0x5aa build/default/debug/_ext/1360937237/bootloader.o
 .debug_str     0x0000338d      0x7f8 build/default/debug/_ext/1360937237/main.o
 .debug_str     0x0000338d      0x2f9 C:/Program Files/Microchip/xc32/v5.00/bin/bin/../../lib/gcc/pic32c/13.2.1/../../../../pic32c/lib/thumb/v7e-m+dp/hard\libpic32c.a(data_init.o)
 .debug_str     0x0000338d      0x259 C:/Program Files/Microchip/xc32/v5.00/bin/bin/../../lib/gcc/pic32c/13.2.1/../../../../pic32c/lib/thumb/v7e-m+dp/hard\libc-size-musl.a(memcpy.o)
 .debug_str     0x0000338d      0x245 C:/Program Files/Microchip/xc32/v5.00/bin/bin/../../lib/gcc/pic32c/13.2.1/../../../../pic32c/lib/thumb/v7e-m+dp/hard\libc-size-musl.a(memset.o)
 .debug_str     0x0000338d      0x246 C:/Program Files/Microchip/xc32/v5.00/bin/bin/../../lib/gcc/pic32c/13.2.1/../../../../pic32c/lib/thumb/v7e-m+dp/hard\libc-size-musl.a(strncpy.o)
 .debug_str     0x0000338d      0x264 C:/Program Files/Microchip/xc32/v5.00/bin/bin/../../lib/gcc/pic32c/13.2.1/../../../../pic32c/lib/thumb/v7e-m+dp/hard\libc-size-musl.a(stpncpy.o)
 .debug_str     0x0000338d      0x3e7 C:/Program Files/Microchip/xc32/v5.00/bin/bin/../../lib/gcc/pic32c/13.2.1/../../../../pic32c/lib/thumb/v7e-m+dp/hard\libg-musl.a(__libc_start_main.o)
 .debug_str     0x0000338d      0x352 C:/Program Files/Microchip/xc32/v5.00/bin/bin/../../lib/gcc/pic32c/13.2.1/../../../../pic32c/lib/thumb/v7e-m+dp/hard\libg-musl.a(libc.o)
 .debug_str     0x0000338d      0x252 C:/Program Files/Microchip/xc32/v5.00/bin/bin/../../lib/gcc/pic32c/13.2.1/../../../../pic32c/lib/thumb/v7e-m+dp/hard\libg-musl.a(__environ.o)
 .debug_str     0x0000338d      0x28a C:/Program Files/Microchip/xc32/v5.00/bin/bin/../../lib/gcc/pic32c/13.2.1/../../../../pic32c/lib/thumb/v7e-m+dp/hard\libpic32c.a(pic32_data_init_clear.o)
 .debug_str     0x0000338d      0x291 C:/Program Files/Microchip/xc32/v5.00/bin/bin/../../lib/gcc/pic32c/13.2.1/../../../../pic32c/lib/thumb/v7e-m+dp/hard\libpic32c.a(pic32_data_init_copy.o)
 .debug_str     0x0000338d      0x28d C:/Program Files/Microchip/xc32/v5.00/bin/bin/../../lib/gcc/pic32c/13.2.1/../../../../pic32c/lib/thumb/v7e-m+dp/hard\libpic32c.a(pic32_data_init_decompress.o)

.debug_frame    0x00000000      0xc7c
 .debug_frame   0x00000000       0x20 build/default/debug/_ext/60165520/plib_clk.o
 .debug_frame   0x00000020       0xec build/default/debug/_ext/60167248/plib_efc.o
 .debug_frame   0x0000010c       0x7c build/default/debug/_ext/1865468468/plib_nvic.o
 .debug_frame   0x00000188       0xa0 build/default/debug/_ext/60177924/plib_pio.o
 .debug_frame   0x00000228      0x15c build/default/debug/_ext/1865657120/plib_uart3.o
 .debug_frame   0x00000384      0x15c build/default/debug/_ext/1865657120/plib_uart0.o
 .debug_frame   0x000004e0       0x28 build/default/debug/_ext/1171490990/initialization.o
 .debug_frame   0x00000508       0x20 build/default/debug/_ext/1171490990/interrupts.o
 .debug_frame   0x00000528       0x70 build/default/debug/_ext/1171490990/exceptions.o
 .debug_frame   0x00000598       0x38 build/default/debug/_ext/1171490990/startup_xc32.o
 .debug_frame   0x000005d0      0x2b0 build/default/debug/_ext/216470852/uart_irq.o
 .debug_frame   0x00000880       0xd8 build/default/debug/_ext/1260377903/ring_buffer.o
 .debug_frame   0x00000958       0x40 build/default/debug/_ext/1360937237/bl_command.o
 .debug_frame   0x00000998       0x84 build/default/debug/_ext/1360937237/bl_protocol.o
 .debug_frame   0x00000a1c       0x5c build/default/debug/_ext/1360937237/bootloader.o
 .debug_frame   0x00000a78       0x64 build/default/debug/_ext/1360937237/main.o
 .debug_frame   0x00000adc       0x4c C:/Program Files/Microchip/xc32/v5.00/bin/bin/../../lib/gcc/pic32c/13.2.1/../../../../pic32c/lib/thumb/v7e-m+dp/hard\libpic32c.a(data_init.o)
 .debug_frame   0x00000b28       0x20 C:/Program Files/Microchip/xc32/v5.00/bin/bin/../../lib/gcc/pic32c/13.2.1/../../../../pic32c/lib/thumb/v7e-m+dp/hard\libc-size-musl.a(memcpy.o)
 .debug_frame   0x00000b48       0x20 C:/Program Files/Microchip/xc32/v5.00/bin/bin/../../lib/gcc/pic32c/13.2.1/../../../../pic32c/lib/thumb/v7e-m+dp/hard\libc-size-musl.a(memset.o)
 .debug_frame   0x00000b68       0x28 C:/Program Files/Microchip/xc32/v5.00/bin/bin/../../lib/gcc/pic32c/13.2.1/../../../../pic32c/lib/thumb/v7e-m+dp/hard\libc-size-musl.a(strncpy.o)
 .debug_frame   0x00000b90       0x38 C:/Program Files/Microchip/xc32/v5.00/bin/bin/../../lib/gcc/pic32c/13.2.1/../../../../pic32c/lib/thumb/v7e-m+dp/hard\libc-size-musl.a(stpncpy.o)
 .debug_frame   0x00000bc8       0x3c C:/Program Files/Microchip/xc32/v5.00/bin/bin/../../lib/gcc/pic32c/13.2.1/../../../../pic32c/lib/thumb/v7e-m+dp/hard\libg-musl.a(__libc_start_main.o)
 .debug_frame   0x00000c04       0x20 C:/Program Files/Microchip/xc32/v5.00/bin/bin/../../lib/gcc/pic32c/13.2.1/../../../../pic32c/lib/thumb/v7e-m+dp/hard\libpic32c.a(pic32_data_init_clear.o)
 .debug_frame   0x00000c24       0x28 C:/Program Files/Microchip/xc32/v5.00/bin/bin/../../lib/gcc/pic32c/13.2.1/../../../../pic32c/lib/thumb/v7e-m+dp/hard\libpic32c.a(pic32_data_init_copy.o)
 .debug_frame   0x00000c4c       0x30 C:/Program Files/Microchip/xc32/v5.00/bin/bin/../../lib/gcc/pic32c/13.2.1/../../../../pic32c/lib/thumb/v7e-m+dp/hard\libpic32c.a(pic32_data_init_decompress.o)

.debug_loc      0x00000000     0x3ed3
 .debug_loc     0x00000000      0x679 build/default/debug/_ext/60167248/plib_efc.o
 .debug_loc     0x00000679      0x256 build/default/debug/_ext/1865468468/plib_nvic.o
 .debug_loc     0x000008cf       0x81 build/default/debug/_ext/60177924/plib_pio.o
 .debug_loc     0x00000950      0x6b0 build/default/debug/_ext/1865657120/plib_uart3.o
 .debug_loc     0x00001000      0x686 build/default/debug/_ext/1865657120/plib_uart0.o
 .debug_loc     0x00001686       0x4b build/default/debug/_ext/1171490990/initialization.o
 .debug_loc     0x000016d1       0xa7 build/default/debug/_ext/1171490990/startup_xc32.o
 .debug_loc     0x00001778      0xda5 build/default/debug/_ext/216470852/uart_irq.o
 .debug_loc     0x0000251d      0xce1 build/default/debug/_ext/1260377903/ring_buffer.o
 .debug_loc     0x000031fe       0x74 build/default/debug/_ext/1360937237/bl_command.o
 .debug_loc     0x00003272      0x2b3 build/default/debug/_ext/1360937237/bl_protocol.o
 .debug_loc     0x00003525       0xd3 build/default/debug/_ext/1360937237/bootloader.o
 .debug_loc     0x000035f8       0x7b build/default/debug/_ext/1360937237/main.o
 .debug_loc     0x00003673      0x113 C:/Program Files/Microchip/xc32/v5.00/bin/bin/../../lib/gcc/pic32c/13.2.1/../../../../pic32c/lib/thumb/v7e-m+dp/hard\libpic32c.a(data_init.o)
 .debug_loc     0x00003786      0x10b C:/Program Files/Microchip/xc32/v5.00/bin/bin/../../lib/gcc/pic32c/13.2.1/../../../../pic32c/lib/thumb/v7e-m+dp/hard\libc-size-musl.a(memcpy.o)
 .debug_loc     0x00003891       0xa5 C:/Program Files/Microchip/xc32/v5.00/bin/bin/../../lib/gcc/pic32c/13.2.1/../../../../pic32c/lib/thumb/v7e-m+dp/hard\libc-size-musl.a(memset.o)
 .debug_loc     0x00003936       0x98 C:/Program Files/Microchip/xc32/v5.00/bin/bin/../../lib/gcc/pic32c/13.2.1/../../../../pic32c/lib/thumb/v7e-m+dp/hard\libc-size-musl.a(strncpy.o)
 .debug_loc     0x000039ce      0x1d7 C:/Program Files/Microchip/xc32/v5.00/bin/bin/../../lib/gcc/pic32c/13.2.1/../../../../pic32c/lib/thumb/v7e-m+dp/hard\libc-size-musl.a(stpncpy.o)
 .debug_loc     0x00003ba5       0x51 C:/Program Files/Microchip/xc32/v5.00/bin/bin/../../lib/gcc/pic32c/13.2.1/../../../../pic32c/lib/thumb/v7e-m+dp/hard\libg-musl.a(__libc_start_main.o)
 .debug_loc     0x00003bf6       0x94 C:/Program Files/Microchip/xc32/v5.00/bin/bin/../../lib/gcc/pic32c/13.2.1/../../../../pic32c/lib/thumb/v7e-m+dp/hard\libpic32c.a(pic32_data_init_clear.o)
 .debug_loc     0x00003c8a       0xf1 C:/Program Files/Microchip/xc32/v5.00/bin/bin/../../lib/gcc/pic32c/13.2.1/../../../../pic32c/lib/thumb/v7e-m+dp/hard\libpic32c.a(pic32_data_init_copy.o)
 .debug_loc     0x00003d7b      0x158 C:/Program Files/Microchip/xc32/v5.00/bin/bin/../../lib/gcc/pic32c/13.2.1/../../../../pic32c/lib/thumb/v7e-m+dp/hard\libpic32c.a(pic32_data_init_decompress.o)

.note.GNU-stack
                0x00000000        0x0
 .note.GNU-stack
                0x00000000        0x0 C:/Program Files/Microchip/xc32/v5.00/bin/bin/../../lib/gcc/pic32c/13.2.1/../../../../pic32c/lib/thumb/v7e-m+dp/hard\libc-size-musl.a(memcpy.o)
 .note.GNU-stack
                0x00000000        0x0 C:/Program Files/Microchip/xc32/v5.00/bin/bin/../../lib/gcc/pic32c/13.2.1/../../../../pic32c/lib/thumb/v7e-m+dp/hard\libc-size-musl.a(memset.o)
 .note.GNU-stack
                0x00000000        0x0 C:/Program Files/Microchip/xc32/v5.00/bin/bin/../../lib/gcc/pic32c/13.2.1/../../../../pic32c/lib/thumb/v7e-m+dp/hard\libc-size-musl.a(strncpy.o)
 .note.GNU-stack
                0x00000000        0x0 C:/Program Files/Microchip/xc32/v5.00/bin/bin/../../lib/gcc/pic32c/13.2.1/../../../../pic32c/lib/thumb/v7e-m+dp/hard\libc-size-musl.a(stpncpy.o)
 .note.GNU-stack
                0x00000000        0x0 C:/Program Files/Microchip/xc32/v5.00/bin/bin/../../lib/gcc/pic32c/13.2.1/../../../../pic32c/lib/thumb/v7e-m+dp/hard\libg-musl.a(__libc_start_main.o)
 .note.GNU-stack
                0x00000000        0x0 C:/Program Files/Microchip/xc32/v5.00/bin/bin/../../lib/gcc/pic32c/13.2.1/../../../../pic32c/lib/thumb/v7e-m+dp/hard\libg-musl.a(libc.o)
 .note.GNU-stack
                0x00000000        0x0 C:/Program Files/Microchip/xc32/v5.00/bin/bin/../../lib/gcc/pic32c/13.2.1/../../../../pic32c/lib/thumb/v7e-m+dp/hard\libg-musl.a(__environ.o)

.vfp11_veneer%z1

.v4_bx%z2

.iplt%z3

.rel.iplt%z4

.igot.plt%z5

.bss.uart3_tx_data%1
                0x20400020      0x400
 .bss.uart3_tx_data
                0x20400020      0x400 build/default/debug/_ext/216470852/uart_irq.o

.bss.uart3_rx_data%2
                0x20400420      0x400
 .bss.uart3_rx_data
                0x20400420      0x400 build/default/debug/_ext/216470852/uart_irq.o

.bss.str%3      0x20400820      0x100
 .bss.str       0x20400820      0x100 build/default/debug/_ext/1360937237/main.o
                0x20400820                str

.bss%4          0x20400920       0x50
 .bss           0x20400920       0x50 C:/Program Files/Microchip/xc32/v5.00/bin/bin/../../lib/gcc/pic32c/13.2.1/../../../../pic32c/lib/thumb/v7e-m+dp/hard\libg-musl.a(libc.o)
                0x20400920                __progname_full
                0x20400920                program_invocation_name
                0x20400924                program_invocation_short_name
                0x20400924                __progname
                0x20400928                __sysinfo
                0x2040092c                __hwcap
                0x20400930                __libc

.bss.uart3Obj%5
                0x20400970       0x30
 .bss.uart3Obj  0x20400970       0x30 build/default/debug/_ext/1865657120/plib_uart3.o

.bss.uart0Obj%6
                0x204009a0       0x30
 .bss.uart0Obj  0x204009a0       0x30 build/default/debug/_ext/1865657120/plib_uart0.o

.bss%7          0x204009d0       0x1c
 .bss           0x204009d0       0x1c C:/Program Files/Microchip/xc32/v5.00/bin/bin/../../lib/gcc/pic32c/13.2.1/thumb/v7e-m+dp/hard/crtbegin.o

.bss.efc_status%8
                0x204009ec        0x4
 .bss.efc_status
                0x204009ec        0x4 build/default/debug/_ext/60167248/plib_efc.o

.bss.cmd.1%9    0x204009f0        0x4
 .bss.cmd.1     0x204009f0        0x4 build/default/debug/_ext/1171490990/startup_xc32.o

.bss%10         0x204009f4        0x4
 .bss           0x204009f4        0x4 C:/Program Files/Microchip/xc32/v5.00/bin/bin/../../lib/gcc/pic32c/13.2.1/../../../../pic32c/lib/thumb/v7e-m+dp/hard\libpic32c.a(data_init.o)

.bss%11         0x204009f8        0x4
 .bss           0x204009f8        0x4 C:/Program Files/Microchip/xc32/v5.00/bin/bin/../../lib/gcc/pic32c/13.2.1/../../../../pic32c/lib/thumb/v7e-m+dp/hard\libg-musl.a(__environ.o)
                0x204009f8                __environ
                0x204009f8                environ
                0x204009f8                ___environ
                0x204009f8                _environ

.data.arr%12    0x204009fc      0x200
 .data.arr      0x204009fc      0x200 build/default/debug/_ext/1360937237/main.o
                0x204009fc                arr

.data.uart_drivers%13
                0x20400bfc       0x80
 .data.uart_drivers
                0x20400bfc       0x80 build/default/debug/_ext/216470852/uart_irq.o

.eh_frame%z6    0x00000000        0x0
 .eh_frame      0x00000000        0x0 C:/Program Files/Microchip/xc32/v5.00/bin/bin/../../lib/gcc/pic32c/13.2.1/thumb/v7e-m+dp/hard/crtbegin.o

.config_D0000000%14
                0xd0000000        0x4
 .config_D0000000
                0xd0000000        0x4 build/default/debug/_ext/1171490990/initialization.o
                0xd0000000                __config_D0000000

.text.Reset_Handler%15
                0x00400188      0x184
 .text.Reset_Handler
                0x00400188      0x184 build/default/debug/_ext/1171490990/startup_xc32.o
                0x00400188                Reset_Handler

.dinit%16       0x0040030c      0x120
 .dinit         0x0040030c      0x120 data_init

.text.PIO_Initialize%17
                0x0040042c       0xbc
 .text.PIO_Initialize
                0x0040042c       0xbc build/default/debug/_ext/60177924/plib_pio.o
                0x0040042c                PIO_Initialize

.text.EFC_PageWrite%18
                0x004004e8       0x90
 .text.EFC_PageWrite
                0x004004e8       0x90 build/default/debug/_ext/60167248/plib_efc.o
                0x004004e8                EFC_PageWrite

.text.UART_RX_Callback%19
                0x00400578       0x78
 .text.UART_RX_Callback
                0x00400578       0x78 build/default/debug/_ext/216470852/uart_irq.o

.text.main%20   0x004005f0       0x74
 .text.main     0x004005f0       0x74 build/default/debug/_ext/1360937237/main.o
                0x004005f0                main

.text.UART_Driver_Init%21
                0x00400664       0x70
 .text.UART_Driver_Init
                0x00400664       0x70 build/default/debug/_ext/216470852/uart_irq.o
                0x00400664                UART_Driver_Init

.text.CLOCK_Initialize%22
                0x004006d4       0x6c
 .text.CLOCK_Initialize
                0x004006d4       0x6c build/default/debug/_ext/60165520/plib_clk.o
                0x004006d4                CLOCK_Initialize

.text.UART3_ISR_TX_Handler%23
                0x00400740       0x68
 .text.UART3_ISR_TX_Handler
                0x00400740       0x68 build/default/debug/_ext/1865657120/plib_uart3.o

.text.UART0_ISR_TX_Handler%24
                0x004007a8       0x68
 .text.UART0_ISR_TX_Handler
                0x004007a8       0x68 build/default/debug/_ext/1865657120/plib_uart0.o

.text.EFC_SectorErase%25
                0x00400810       0x64
 .text.EFC_SectorErase
                0x00400810       0x64 build/default/debug/_ext/60167248/plib_efc.o
                0x00400810                EFC_SectorErase

.text.UART3_ISR_RX_Handler%26
                0x00400874       0x64
 .text.UART3_ISR_RX_Handler
                0x00400874       0x64 build/default/debug/_ext/1865657120/plib_uart3.o

.text.UART0_ISR_RX_Handler%27
                0x004008d8       0x64
 .text.UART0_ISR_RX_Handler
                0x004008d8       0x64 build/default/debug/_ext/1865657120/plib_uart0.o

.text.UART3_InterruptHandler%28
                0x0040093c       0x60
 .text.UART3_InterruptHandler
                0x0040093c       0x60 build/default/debug/_ext/1865657120/plib_uart3.o
                0x0040093c                UART3_InterruptHandler

.text.NVIC_Initialize%29
                0x0040099c       0x5c
 .text.NVIC_Initialize
                0x0040099c       0x5c build/default/debug/_ext/1865468468/plib_nvic.o
                0x0040099c                NVIC_Initialize

.text.__libc_start_init%30
                0x004009f8       0x5c
 .text.__libc_start_init
                0x004009f8       0x5c C:/Program Files/Microchip/xc32/v5.00/bin/bin/../../lib/gcc/pic32c/13.2.1/../../../../pic32c/lib/thumb/v7e-m+dp/hard\libg-musl.a(__libc_start_main.o)
                0x004009f8                __libc_init_array

.text.UART0_InterruptHandler%31
                0x00400a54       0x50
 .text.UART0_InterruptHandler
                0x00400a54       0x50 build/default/debug/_ext/1865657120/plib_uart0.o
                0x00400a54                UART0_InterruptHandler

.text.UART_Driver_Write%32
                0x00400aa4       0x48
 .text.UART_Driver_Write
                0x00400aa4       0x48 build/default/debug/_ext/216470852/uart_irq.o
                0x00400aa4                UART_Driver_Write

.text%33        0x00400aec       0x40
 .text          0x00400aec       0x40 C:/Program Files/Microchip/xc32/v5.00/bin/bin/../../lib/gcc/pic32c/13.2.1/thumb/v7e-m+dp/hard/crtbegin.o

.text.stpncpy%34
                0x00400b2c       0x40
 .text.stpncpy  0x00400b2c       0x40 C:/Program Files/Microchip/xc32/v5.00/bin/bin/../../lib/gcc/pic32c/13.2.1/../../../../pic32c/lib/thumb/v7e-m+dp/hard\libc-size-musl.a(stpncpy.o)
                0x00400b2c                __stpncpy
                0x00400b2c                stpncpy

.text.UART3_Initialize%35
                0x00400b6c       0x3c
 .text.UART3_Initialize
                0x00400b6c       0x3c build/default/debug/_ext/1865657120/plib_uart3.o
                0x00400b6c                UART3_Initialize

.text.UART0_Initialize%36
                0x00400ba8       0x3c
 .text.UART0_Initialize
                0x00400ba8       0x3c build/default/debug/_ext/1865657120/plib_uart0.o
                0x00400ba8                UART0_Initialize

.text.__dinit_decompress%37
                0x00400be4       0x3c
 .text.__dinit_decompress
                0x00400be4       0x3c C:/Program Files/Microchip/xc32/v5.00/bin/bin/../../lib/gcc/pic32c/13.2.1/../../../../pic32c/lib/thumb/v7e-m+dp/hard\libpic32c.a(pic32_data_init_decompress.o)
                0x00400be4                __dinit_decompress
                0x00400be4                __dinit_decompress_needed

.text.UART_Driver_StartTx%38
                0x00400c20       0x3a
 .text.UART_Driver_StartTx
                0x00400c20       0x3a build/default/debug/_ext/216470852/uart_irq.o

.text.UART_TX_Callback%39
                0x00400c5a       0x38
 .text.UART_TX_Callback
                0x00400c5a       0x38 build/default/debug/_ext/216470852/uart_irq.o

.text.RingBuffer_Put%40
                0x00400c92       0x36
 .text.RingBuffer_Put
                0x00400c92       0x36 build/default/debug/_ext/1260377903/ring_buffer.o
                0x00400c92                RingBuffer_Put

.text.__pic32c_data_initialization%41
                0x00400cc8       0x34
 .text.__pic32c_data_initialization
                0x00400cc8       0x34 C:/Program Files/Microchip/xc32/v5.00/bin/bin/../../lib/gcc/pic32c/13.2.1/../../../../pic32c/lib/thumb/v7e-m+dp/hard\libpic32c.a(data_init.o)
                0x00400cc8                __pic32c_data_initialization

.text.SYS_Initialize%42
                0x00400cfc       0x30
 .text.SYS_Initialize
                0x00400cfc       0x30 build/default/debug/_ext/1171490990/initialization.o
                0x00400cfc                SYS_Initialize

.text.RingBuffer_Create%43
                0x00400d2c       0x30
 .text.RingBuffer_Create
                0x00400d2c       0x30 build/default/debug/_ext/1260377903/ring_buffer.o
                0x00400d2c                RingBuffer_Create

.text.RingBuffer_Get%44
                0x00400d5c       0x30
 .text.RingBuffer_Get
                0x00400d5c       0x30 build/default/debug/_ext/1260377903/ring_buffer.o
                0x00400d5c                RingBuffer_Get

.text.EFC_RegionUnlock%45
                0x00400d8c       0x2c
 .text.EFC_RegionUnlock
                0x00400d8c       0x2c build/default/debug/_ext/60167248/plib_efc.o
                0x00400d8c                EFC_RegionUnlock

.text.Bootloader_Init%46
                0x00400db8       0x22
 .text.Bootloader_Init
                0x00400db8       0x22 build/default/debug/_ext/1360937237/bootloader.o
                0x00400db8                Bootloader_Init

.text.__dinit_copy%47
                0x00400dda       0x1e
 .text.__dinit_copy
                0x00400dda       0x1e C:/Program Files/Microchip/xc32/v5.00/bin/bin/../../lib/gcc/pic32c/13.2.1/../../../../pic32c/lib/thumb/v7e-m+dp/hard\libpic32c.a(pic32_data_init_copy.o)
                0x00400dda                __dinit_copy_needed
                0x00400dda                __dinit_copy

.text.delay%48  0x00400df8       0x18
 .text.delay    0x00400df8       0x18 build/default/debug/_ext/1360937237/main.o
                0x00400df8                delay

.text.memcpy%49
                0x00400e10       0x18
 .text.memcpy   0x00400e10       0x18 C:/Program Files/Microchip/xc32/v5.00/bin/bin/../../lib/gcc/pic32c/13.2.1/../../../../pic32c/lib/thumb/v7e-m+dp/hard\libc-size-musl.a(memcpy.o)
                0x00400e10                memcpy

.rodata.UART_Driver_Init.str1.4%50
                0x00400e28       0x15
 .rodata.UART_Driver_Init.str1.4
                0x00400e28       0x15 build/default/debug/_ext/216470852/uart_irq.o

.text.UART_Driver_Get%51
                0x00400e40       0x14
 .text.UART_Driver_Get
                0x00400e40       0x14 build/default/debug/_ext/216470852/uart_irq.o

.rodata%52      0x00400e54       0x14
 .rodata        0x00400e54       0x14 C:/Program Files/Microchip/xc32/v5.00/bin/bin/../../lib/gcc/pic32c/13.2.1/../../../../pic32c/lib/thumb/v7e-m+dp/hard\libpic32c.a(data_init.o)

.text.memset%53
                0x00400e68       0x14
 .text.memset   0x00400e68       0x14 C:/Program Files/Microchip/xc32/v5.00/bin/bin/../../lib/gcc/pic32c/13.2.1/../../../../pic32c/lib/thumb/v7e-m+dp/hard\libc-size-musl.a(memset.o)
                0x00400e68                memset

.text.__dinit_clear%54
                0x00400e7c       0x12
 .text.__dinit_clear
                0x00400e7c       0x12 C:/Program Files/Microchip/xc32/v5.00/bin/bin/../../lib/gcc/pic32c/13.2.1/../../../../pic32c/lib/thumb/v7e-m+dp/hard\libpic32c.a(pic32_data_init_clear.o)
                0x00400e7c                __dinit_clear
                0x00400e7c                __dinit_clear_needed

.text.EFC_Initialize%55
                0x00400e90       0x10
 .text.EFC_Initialize
                0x00400e90       0x10 build/default/debug/_ext/60167248/plib_efc.o
                0x00400e90                EFC_Initialize

.text.EFC_Read%56
                0x00400ea0       0x10
 .text.EFC_Read
                0x00400ea0       0x10 build/default/debug/_ext/60167248/plib_efc.o
                0x00400ea0                EFC_Read

.text.BlProtocol_Init%57
                0x00400eb0        0xe
 .text.BlProtocol_Init
                0x00400eb0        0xe build/default/debug/_ext/1360937237/bl_protocol.o
                0x00400eb0                BlProtocol_Init

.text.UART3_WriteCallbackRegister%58
                0x00400ec0        0xc
 .text.UART3_WriteCallbackRegister
                0x00400ec0        0xc build/default/debug/_ext/1865657120/plib_uart3.o
                0x00400ec0                UART3_WriteCallbackRegister

.text.UART3_ReadCallbackRegister%59
                0x00400ecc        0xc
 .text.UART3_ReadCallbackRegister
                0x00400ecc        0xc build/default/debug/_ext/1865657120/plib_uart3.o
                0x00400ecc                UART3_ReadCallbackRegister

.text.strncpy%60
                0x00400ed8        0xc
 .text.strncpy  0x00400ed8        0xc C:/Program Files/Microchip/xc32/v5.00/bin/bin/../../lib/gcc/pic32c/13.2.1/../../../../pic32c/lib/thumb/v7e-m+dp/hard\libc-size-musl.a(strncpy.o)
                0x00400ed8                strncpy

.text.BlCommand_Init%61
                0x00400ee4        0xa
 .text.BlCommand_Init
                0x00400ee4        0xa build/default/debug/_ext/1360937237/bl_command.o
                0x00400ee4                BlCommand_Init

.text.Dummy_Handler%62
                0x00400eee        0x4
 .text.Dummy_Handler
                0x00400eee        0x4 build/default/debug/_ext/1171490990/interrupts.o
                0x00400eee                DACC_Handler
                0x00400eee                SVCall_Handler
                0x00400eee                TC0_CH2_Handler
                0x00400eee                TC3_CH1_Handler
                0x00400eee                UART2_Handler
                0x00400eee                TRNG_Handler
                0x00400eee                SysTick_Handler
                0x00400eee                AFEC1_Handler
                0x00400eee                PendSV_Handler
                0x00400eee                TC0_CH1_Handler
                0x00400eee                QSPI_Handler
                0x00400eee                ISI_Handler
                0x00400eee                MCAN0_INT0_Handler
                0x00400eee                RSWDT_Handler
                0x00400eee                USART0_Handler
                0x00400eee                TC1_CH2_Handler
                0x00400eee                RTT_Handler
                0x00400eee                USBHS_Handler
                0x00400eee                IXC_Handler
                0x00400eee                CCF_Handler
                0x00400eee                PIOB_Handler
                0x00400eee                RTC_Handler
                0x00400eee                WDT_Handler
                0x00400eee                MCAN1_INT1_Handler
                0x00400eee                HSMCI_Handler
                0x00400eee                UART1_Handler
                0x00400eee                Dummy_Handler
                0x00400eee                TWIHS1_Handler
                0x00400eee                TC3_CH2_Handler
                0x00400eee                XDMAC_Handler
                0x00400eee                UART4_Handler
                0x00400eee                TC2_CH0_Handler
                0x00400eee                PWM1_Handler
                0x00400eee                USART1_Handler
                0x00400eee                PWM0_Handler
                0x00400eee                PIOA_Handler
                0x00400eee                AFEC0_Handler
                0x00400eee                CCW_Handler
                0x00400eee                TC3_CH0_Handler
                0x00400eee                SSC_Handler
                0x00400eee                TC1_CH0_Handler
                0x00400eee                ACC_Handler
                0x00400eee                PMC_Handler
                0x00400eee                GMAC_Handler
                0x00400eee                TC2_CH2_Handler
                0x00400eee                MCAN0_INT1_Handler
                0x00400eee                GMAC_Q5_Handler
                0x00400eee                SUPC_Handler
                0x00400eee                TC2_CH1_Handler
                0x00400eee                MCAN1_INT0_Handler
                0x00400eee                EFC_Handler
                0x00400eee                GMAC_Q1_Handler
                0x00400eee                USART2_Handler
                0x00400eee                GMAC_Q2_Handler
                0x00400eee                PIOE_Handler
                0x00400eee                SPI1_Handler
                0x00400eee                TC1_CH1_Handler
                0x00400eee                GMAC_Q3_Handler
                0x00400eee                PIOD_Handler
                0x00400eee                TWIHS2_Handler
                0x00400eee                MLB_Handler
                0x00400eee                I2SC0_Handler
                0x00400eee                I2SC1_Handler
                0x00400eee                TC0_CH0_Handler
                0x00400eee                PIOC_Handler
                0x00400eee                GMAC_Q4_Handler
                0x00400eee                FPU_Handler
                0x00400eee                RSTC_Handler
                0x00400eee                ICM_Handler
                0x00400eee                AES_Handler
                0x00400eee                TWIHS0_Handler
                0x00400eee                SPI0_Handler

.text.NonMaskableInt_Handler%63
                0x00400ef2        0x4
 .text.NonMaskableInt_Handler
                0x00400ef2        0x4 build/default/debug/_ext/1171490990/exceptions.o
                0x00400ef2                NonMaskableInt_Handler

.text.HardFault_Handler%64
                0x00400ef6        0x4
 .text.HardFault_Handler
                0x00400ef6        0x4 build/default/debug/_ext/1171490990/exceptions.o
                0x00400ef6                HardFault_Handler

.text.DebugMonitor_Handler%65
                0x00400efa        0x4
 .text.DebugMonitor_Handler
                0x00400efa        0x4 build/default/debug/_ext/1171490990/exceptions.o
                0x00400efa                DebugMonitor_Handler

.text.MemoryManagement_Handler%66
                0x00400efe        0x4
 .text.MemoryManagement_Handler
                0x00400efe        0x4 build/default/debug/_ext/1171490990/exceptions.o
                0x00400efe                MemoryManagement_Handler

.text.BusFault_Handler%67
                0x00400f02        0x4
 .text.BusFault_Handler
                0x00400f02        0x4 build/default/debug/_ext/1171490990/exceptions.o
                0x00400f02                BusFault_Handler

.text.UsageFault_Handler%68
                0x00400f06        0x4
 .text.UsageFault_Handler
                0x00400f06        0x4 build/default/debug/_ext/1171490990/exceptions.o
                0x00400f06                UsageFault_Handler

.text.__dummy_decompress%69
                0x00400f0a        0x4
 .text.__dummy_decompress
                0x00400f0a        0x4 C:/Program Files/Microchip/xc32/v5.00/bin/bin/../../lib/gcc/pic32c/13.2.1/../../../../pic32c/lib/thumb/v7e-m+dp/hard\libpic32c.a(data_init.o)
                0x00400f0a                __dinit_copy_val_data
                0x00400f0a                __dinit_copy_emb

.text.Dummy_App_Func%70
                0x00400e8e        0x2
 .text.Dummy_App_Func
                0x00400e8e        0x2 build/default/debug/_ext/1171490990/startup_xc32.o
                0x00400e8e                _on_reset
                0x00400e8e                _on_bootstrap
                0x00400e8e                __xc32_on_reset
                0x00400e8e                Dummy_App_Func
                0x00400e8e                __xc32_on_bootstrap

.text.BootloaderJumpHandler%71
                0x00400ebe        0x2
 .text.BootloaderJumpHandler
                0x00400ebe        0x2 build/default/debug/_ext/1360937237/main.o

.text.__dummy_init_tls%72
                0x00400e3e        0x2
 .text.__dummy_init_tls
                0x00400e3e        0x2 C:/Program Files/Microchip/xc32/v5.00/bin/bin/../../lib/gcc/pic32c/13.2.1/../../../../pic32c/lib/thumb/v7e-m+dp/hard\libpic32c.a(data_init.o)
                0x00400e3e                xc32_init_tls

.text.__dummy%73
                0x00400f0e        0x2
 .text.__dummy  0x00400f0e        0x2 C:/Program Files/Microchip/xc32/v5.00/bin/bin/../../lib/gcc/pic32c/13.2.1/../../../../pic32c/lib/thumb/v7e-m+dp/hard\libg-musl.a(__libc_start_main.o)
                0x00400f0e                __init_stdio
                0x00400f0e                __init_host
