Archive member included to satisfy reference by file (symbol)

C:/Program Files/Microchip/xc32/v5.00/bin/bin/../../lib/gcc/pic32c/13.2.1/../../../../pic32c/lib/thumb/v7e-m+dp/hard\libpic32c.a(data_init.o)
                              build/default/production/_ext/1171490990/startup_xc32.o (__pic32c_data_initialization)
C:/Program Files/Microchip/xc32/v5.00/bin/bin/../../lib/gcc/pic32c/13.2.1/../../../../pic32c/lib/thumb/v7e-m+dp/hard\libc-size-musl.a(memcpy.o)
                              build/default/production/_ext/60167248/plib_efc.o (memcpy)
C:/Program Files/Microchip/xc32/v5.00/bin/bin/../../lib/gcc/pic32c/13.2.1/../../../../pic32c/lib/thumb/v7e-m+dp/hard\libc-musl.a(__libc_start_main.o)
                              build/default/production/_ext/1171490990/startup_xc32.o (__libc_init_array)
C:/Program Files/Microchip/xc32/v5.00/bin/bin/../../lib/gcc/pic32c/13.2.1/../../../../pic32c/lib/thumb/v7e-m+dp/hard\libc-musl.a(libc.o)
                              C:/Program Files/Microchip/xc32/v5.00/bin/bin/../../lib/gcc/pic32c/13.2.1/../../../../pic32c/lib/thumb/v7e-m+dp/hard\libc-musl.a(__libc_start_main.o) (__progname_full)
C:/Program Files/Microchip/xc32/v5.00/bin/bin/../../lib/gcc/pic32c/13.2.1/../../../../pic32c/lib/thumb/v7e-m+dp/hard\libc-musl.a(__environ.o)
                              C:/Program Files/Microchip/xc32/v5.00/bin/bin/../../lib/gcc/pic32c/13.2.1/../../../../pic32c/lib/thumb/v7e-m+dp/hard\libc-musl.a(__libc_start_main.o) (__environ)
C:/Program Files/Microchip/xc32/v5.00/bin/bin/../../lib/gcc/pic32c/13.2.1/../../../../pic32c/lib/thumb/v7e-m+dp/hard\libpic32c.a(pic32_data_init_clear.o)
                              (__dinit_clear_needed)
C:/Program Files/Microchip/xc32/v5.00/bin/bin/../../lib/gcc/pic32c/13.2.1/../../../../pic32c/lib/thumb/v7e-m+dp/hard\libpic32c.a(pic32_data_init_copy.o)
                              (__dinit_copy_needed)

Microchip PIC32 Memory-Usage Report

ROM Program-Memory Usage
section                    address  length [bytes]      (dec)  Description
-------                 ----------  -------------------------  -----------
.vectors                  0x40c000          0x168         360   
.text                     0x40c168           0x20          32  App's exec code 
.text.Reset_Handler       0x40c188          0x180         384   
.text.PIO_Initialize      0x40c308           0xa8         168   
.text.CLOCK_Initialize    0x40c3b0           0x60          96   
.text.__libc_start_init   0x40c410           0x5c          92   
.text.NVIC_Initialize     0x40c46c           0x44          68   
.text                     0x40c4b0           0x40          64  App's exec code 
.dinit                    0x40c4f0           0x40          64   
.text.__pic32c_data_ini   0x40c530           0x34          52   
.text.HardFault_Handler   0x40c564           0x30          48   
.text.SYS_Initialize      0x40c594           0x28          40   
.text.__dinit_copy        0x40c5bc           0x1e          30   
.text.Dummy_Handler       0x40c5da            0x2           2   
.text.main                0x40c5dc           0x18          24   
.rodata                   0x40c5f4           0x14          20  Read-only const 
.text.__dinit_clear       0x40c608           0x12          18   
.text.NonMaskableInt_Ha   0x40c61a            0x2           2   
.text.EFC_Initialize      0x40c61c           0x10          16   
.text.__dummy_decompres   0x40c62c            0x4           4   
.text.DebugMonitor_Hand   0x40c630            0x2           2   
.text.MemoryManagement_   0x40c632            0x2           2   
.text.BusFault_Handler    0x40c634            0x2           2   
.text.UsageFault_Handle   0x40c636            0x2           2   
.text.Dummy_App_Func      0x40c638            0x2           2   
.text.__dummy_init_tls    0x40c63a            0x2           2   
.text.__dummy             0x40c63c            0x2           2   
      Total ROM used  :       0x63e        1598  0.1% of 0x1f3f00
        --------------------------------------------------------------------------
         Total Program Memory used  :       0x63e        1598  0.1% of 0x1f3f00
        --------------------------------------------------------------------------


RAM Data-Memory Usage
section                    address  length [bytes]      (dec)  Description
-------                 ----------  -------------------------  -----------
.bss                    0x20400020           0x50          80  Uninitialized data 
.bss                    0x20400070           0x1c          28  Uninitialized data 
.bss.cmd.1              0x2040008c            0x4           4   
.bss                    0x20400090            0x4           4  Uninitialized data 
.bss                    0x20400094            0x4           4  Uninitialized data 
         Total RAM used  :        0x78         120  0.0% of 0x5ffe0
        --------------------------------------------------------------------------
            Total Data Memory used  :        0x78         120  0.0% of 0x5ffe0
        --------------------------------------------------------------------------


Dynamic Data-Memory Reservation
section                    address  length [bytes]      (dec)  Description
-------                 ----------  -------------------------  -----------
heap                    0x204000a0          0x200         512  Reserved for heap 
stack                   0x204002b8        0x5fd40      392512  Reserved for stack 

        --------------------------------------------------------------------------

Microchip PIC32 Memory-Usage Report By Module

        text        data         bss         dec         hex    basename                   filename
--------------------------------------------------------------------------------
         386           0           4         390         186    startup_xc32.o         build/default/production/_ext/1171490990/startup_xc32.o
         362           0           0         362         16a    interrupts.o           build/default/production/_ext/1171490990/interrupts.o
         168           0           0         168          a8    plib_pio.o             build/default/production/_ext/60177924/plib_pio.o
         152           0           0         152          98    main.o                 build/default/production/_ext/1360937237/main.o
          64           8          28         100          64    crtbegin.o             C:/Program Files/Microchip/xc32/v5.00/bin/bin/../../lib/gcc/pic32c/13.2.1/thumb/v7e-m+dp/hard/crtbegin.o
          96           0           0          96          60    plib_clk.o             build/default/production/_ext/60165520/plib_clk.o
          94           0           0          94          5e    __libc_start_main.o    libc-musl.a
          78           0           4          82          52    data_init.o            libpic32c.a
           0           0          80          80          50    libc.o                 libc-musl.a
          68           0           0          68          44    plib_nvic.o            build/default/production/_ext/1865468468/plib_nvic.o
          64           0           0          64          40    data_init              data_init
          58           0           0          58          3a    exceptions.o           build/default/production/_ext/1171490990/exceptions.o
          44           0           0          44          2c    initialization.o       build/default/production/_ext/1171490990/initialization.o
          30           0           0          30          1e    pic32_data_init_copy.o libpic32c.a
          18           0           0          18          12    pic32_data_init_clear.olibpic32c.a
          16           0           0          16          10    crtn.o                 C:/Program Files/Microchip/xc32/v5.00/bin/bin/../../lib/gcc/pic32c/13.2.1/thumb/v7e-m+dp/hard/crtn.o
          16           0           0          16          10    plib_efc.o             build/default/production/_ext/60167248/plib_efc.o
           8           0           0           8           8    crti.o                 C:/Program Files/Microchip/xc32/v5.00/bin/bin/../../lib/gcc/pic32c/13.2.1/thumb/v7e-m+dp/hard/crti.o
           0           0           4           4           4    __environ.o            libc-musl.a
--------------------------------------------------------------------------------
        1722           8         120        1850         73a    dist/default/production/UserApp.X.production.elf


Discarded input sections

 .text          0x00000000        0x0 C:/Program Files/Microchip/xc32/v5.00/bin/bin/../../lib/gcc/pic32c/13.2.1/thumb/v7e-m+dp/hard/crti.o
 .data          0x00000000        0x0 C:/Program Files/Microchip/xc32/v5.00/bin/bin/../../lib/gcc/pic32c/13.2.1/thumb/v7e-m+dp/hard/crti.o
 .bss           0x00000000        0x0 C:/Program Files/Microchip/xc32/v5.00/bin/bin/../../lib/gcc/pic32c/13.2.1/thumb/v7e-m+dp/hard/crti.o
 .xc_stack_usage.hdr
                0x00000000        0xe C:/Program Files/Microchip/xc32/v5.00/bin/bin/../../lib/gcc/pic32c/13.2.1/thumb/v7e-m+dp/hard/crti.o
 .xc_stack_usage
                0x00000000       0x26 C:/Program Files/Microchip/xc32/v5.00/bin/bin/../../lib/gcc/pic32c/13.2.1/thumb/v7e-m+dp/hard/crti.o
 .data          0x00000000        0x4 C:/Program Files/Microchip/xc32/v5.00/bin/bin/../../lib/gcc/pic32c/13.2.1/thumb/v7e-m+dp/hard/crtbegin.o
 .rodata        0x00000000       0x24 C:/Program Files/Microchip/xc32/v5.00/bin/bin/../../lib/gcc/pic32c/13.2.1/thumb/v7e-m+dp/hard/crtbegin.o
 .xc_stack_usage
                0x00000000       0x3c C:/Program Files/Microchip/xc32/v5.00/bin/bin/../../lib/gcc/pic32c/13.2.1/thumb/v7e-m+dp/hard/crtbegin.o
 .xc_stack_usage.hdr
                0x00000000        0xe C:/Program Files/Microchip/xc32/v5.00/bin/bin/../../lib/gcc/pic32c/13.2.1/thumb/v7e-m+dp/hard/crtbegin.o
 .text          0x00000000        0x0 build/default/production/_ext/60165520/plib_clk.o
 .data          0x00000000        0x0 build/default/production/_ext/60165520/plib_clk.o
 .bss           0x00000000        0x0 build/default/production/_ext/60165520/plib_clk.o
 .text          0x00000000        0x0 build/default/production/_ext/60167248/plib_efc.o
 .data          0x00000000        0x0 build/default/production/_ext/60167248/plib_efc.o
 .bss           0x00000000        0x0 build/default/production/_ext/60167248/plib_efc.o
 .text.EFC_Read
                0x00000000       0x10 build/default/production/_ext/60167248/plib_efc.o
 .text.EFC_SectorErase
                0x00000000       0x64 build/default/production/_ext/60167248/plib_efc.o
 .text.EFC_PageBufferWrite
                0x00000000       0x6c build/default/production/_ext/60167248/plib_efc.o
 .text.EFC_PageBufferCommit
                0x00000000       0x34 build/default/production/_ext/60167248/plib_efc.o
 .text.EFC_PageWrite
                0x00000000       0x90 build/default/production/_ext/60167248/plib_efc.o
 .text.EFC_QuadWordWrite
                0x00000000       0x78 build/default/production/_ext/60167248/plib_efc.o
 .text.EFC_RegionLock
                0x00000000       0x2c build/default/production/_ext/60167248/plib_efc.o
 .text.EFC_RegionUnlock
                0x00000000       0x2c build/default/production/_ext/60167248/plib_efc.o
 .text.EFC_IsBusy
                0x00000000       0x20 build/default/production/_ext/60167248/plib_efc.o
 .text.EFC_ErrorGet
                0x00000000       0x18 build/default/production/_ext/60167248/plib_efc.o
 .bss.efc_status
                0x00000000        0x4 build/default/production/_ext/60167248/plib_efc.o
 .text          0x00000000        0x0 build/default/production/_ext/1865468468/plib_nvic.o
 .data          0x00000000        0x0 build/default/production/_ext/1865468468/plib_nvic.o
 .bss           0x00000000        0x0 build/default/production/_ext/1865468468/plib_nvic.o
 .text.NVIC_INT_Enable
                0x00000000        0x8 build/default/production/_ext/1865468468/plib_nvic.o
 .text.NVIC_INT_Disable
                0x00000000       0x12 build/default/production/_ext/1865468468/plib_nvic.o
 .text.NVIC_INT_Restore
                0x00000000       0x12 build/default/production/_ext/1865468468/plib_nvic.o
 .text.NVIC_INT_SourceDisable
                0x00000000       0x40 build/default/production/_ext/1865468468/plib_nvic.o
 .text.NVIC_INT_SourceRestore
                0x00000000       0x20 build/default/production/_ext/1865468468/plib_nvic.o
 .text          0x00000000        0x0 build/default/production/_ext/60177924/plib_pio.o
 .data          0x00000000        0x0 build/default/production/_ext/60177924/plib_pio.o
 .bss           0x00000000        0x0 build/default/production/_ext/60177924/plib_pio.o
 .text.PIO_PortRead
                0x00000000        0x4 build/default/production/_ext/60177924/plib_pio.o
 .text.PIO_PortWrite
                0x00000000        0xc build/default/production/_ext/60177924/plib_pio.o
 .text.PIO_PortLatchRead
                0x00000000        0x4 build/default/production/_ext/60177924/plib_pio.o
 .text.PIO_PortSet
                0x00000000        0x4 build/default/production/_ext/60177924/plib_pio.o
 .text.PIO_PortClear
                0x00000000        0x4 build/default/production/_ext/60177924/plib_pio.o
 .text.PIO_PortToggle
                0x00000000        0x8 build/default/production/_ext/60177924/plib_pio.o
 .text.PIO_PortInputEnable
                0x00000000        0x4 build/default/production/_ext/60177924/plib_pio.o
 .text.PIO_PortOutputEnable
                0x00000000        0x4 build/default/production/_ext/60177924/plib_pio.o
 .text          0x00000000        0x0 build/default/production/_ext/163028504/xc32_monitor.o
 .data          0x00000000        0x0 build/default/production/_ext/163028504/xc32_monitor.o
 .bss           0x00000000        0x0 build/default/production/_ext/163028504/xc32_monitor.o
 .text.read     0x00000000        0x6 build/default/production/_ext/163028504/xc32_monitor.o
 .text.write    0x00000000        0x6 build/default/production/_ext/163028504/xc32_monitor.o
 .debug_info    0x00000000       0xf5 build/default/production/_ext/163028504/xc32_monitor.o
 .debug_abbrev  0x00000000       0xb2 build/default/production/_ext/163028504/xc32_monitor.o
 .debug_loc     0x00000000       0x56 build/default/production/_ext/163028504/xc32_monitor.o
 .debug_aranges
                0x00000000       0x28 build/default/production/_ext/163028504/xc32_monitor.o
 .debug_ranges  0x00000000       0x18 build/default/production/_ext/163028504/xc32_monitor.o
 .debug_line    0x00000000       0xcd build/default/production/_ext/163028504/xc32_monitor.o
 .debug_str     0x00000000      0x293 build/default/production/_ext/163028504/xc32_monitor.o
 .comment       0x00000000       0x36 build/default/production/_ext/163028504/xc32_monitor.o
 .debug_frame   0x00000000       0x30 build/default/production/_ext/163028504/xc32_monitor.o
 .ARM.attributes
                0x00000000       0x32 build/default/production/_ext/163028504/xc32_monitor.o
 .text          0x00000000        0x0 build/default/production/_ext/1171490990/initialization.o
 .data          0x00000000        0x0 build/default/production/_ext/1171490990/initialization.o
 .bss           0x00000000        0x0 build/default/production/_ext/1171490990/initialization.o
 .text          0x00000000        0x0 build/default/production/_ext/1171490990/interrupts.o
 .data          0x00000000        0x0 build/default/production/_ext/1171490990/interrupts.o
 .bss           0x00000000        0x0 build/default/production/_ext/1171490990/interrupts.o
 .text          0x00000000        0x0 build/default/production/_ext/1171490990/exceptions.o
 .data          0x00000000        0x0 build/default/production/_ext/1171490990/exceptions.o
 .bss           0x00000000        0x0 build/default/production/_ext/1171490990/exceptions.o
 .text          0x00000000        0x0 build/default/production/_ext/1171490990/startup_xc32.o
 .data          0x00000000        0x0 build/default/production/_ext/1171490990/startup_xc32.o
 .bss           0x00000000        0x0 build/default/production/_ext/1171490990/startup_xc32.o
 .text          0x00000000        0x0 build/default/production/_ext/1171490990/libc_syscalls.o
 .data          0x00000000        0x0 build/default/production/_ext/1171490990/libc_syscalls.o
 .bss           0x00000000        0x0 build/default/production/_ext/1171490990/libc_syscalls.o
 .text._exit    0x00000000        0x2 build/default/production/_ext/1171490990/libc_syscalls.o
 .debug_info    0x00000000       0xaa build/default/production/_ext/1171490990/libc_syscalls.o
 .debug_abbrev  0x00000000       0x5d build/default/production/_ext/1171490990/libc_syscalls.o
 .debug_loc     0x00000000       0x15 build/default/production/_ext/1171490990/libc_syscalls.o
 .debug_aranges
                0x00000000       0x20 build/default/production/_ext/1171490990/libc_syscalls.o
 .debug_ranges  0x00000000       0x10 build/default/production/_ext/1171490990/libc_syscalls.o
 .debug_line    0x00000000       0x5e build/default/production/_ext/1171490990/libc_syscalls.o
 .debug_str     0x00000000      0x2c7 build/default/production/_ext/1171490990/libc_syscalls.o
 .comment       0x00000000       0x36 build/default/production/_ext/1171490990/libc_syscalls.o
 .debug_frame   0x00000000       0x20 build/default/production/_ext/1171490990/libc_syscalls.o
 .ARM.attributes
                0x00000000       0x32 build/default/production/_ext/1171490990/libc_syscalls.o
 .text          0x00000000        0x0 build/default/production/_ext/1360937237/main.o
 .data          0x00000000        0x0 build/default/production/_ext/1360937237/main.o
 .bss           0x00000000        0x0 build/default/production/_ext/1360937237/main.o
 .text          0x00000000        0x0 C:/Program Files/Microchip/xc32/v5.00/bin/bin/../../lib/gcc/pic32c/13.2.1/../../../../pic32c/lib/thumb/v7e-m+dp/hard\libpic32c.a(data_init.o)
 .data          0x00000000        0x0 C:/Program Files/Microchip/xc32/v5.00/bin/bin/../../lib/gcc/pic32c/13.2.1/../../../../pic32c/lib/thumb/v7e-m+dp/hard\libpic32c.a(data_init.o)
 .xc_stack_usage
                0x00000000       0x68 C:/Program Files/Microchip/xc32/v5.00/bin/bin/../../lib/gcc/pic32c/13.2.1/../../../../pic32c/lib/thumb/v7e-m+dp/hard\libpic32c.a(data_init.o)
 .xc_stack_usage.hdr
                0x00000000        0xe C:/Program Files/Microchip/xc32/v5.00/bin/bin/../../lib/gcc/pic32c/13.2.1/../../../../pic32c/lib/thumb/v7e-m+dp/hard\libpic32c.a(data_init.o)
 .text          0x00000000        0x0 C:/Program Files/Microchip/xc32/v5.00/bin/bin/../../lib/gcc/pic32c/13.2.1/../../../../pic32c/lib/thumb/v7e-m+dp/hard\libc-size-musl.a(memcpy.o)
 .data          0x00000000        0x0 C:/Program Files/Microchip/xc32/v5.00/bin/bin/../../lib/gcc/pic32c/13.2.1/../../../../pic32c/lib/thumb/v7e-m+dp/hard\libc-size-musl.a(memcpy.o)
 .bss           0x00000000        0x0 C:/Program Files/Microchip/xc32/v5.00/bin/bin/../../lib/gcc/pic32c/13.2.1/../../../../pic32c/lib/thumb/v7e-m+dp/hard\libc-size-musl.a(memcpy.o)
 .xc_stack_usage
                0x00000000       0x14 C:/Program Files/Microchip/xc32/v5.00/bin/bin/../../lib/gcc/pic32c/13.2.1/../../../../pic32c/lib/thumb/v7e-m+dp/hard\libc-size-musl.a(memcpy.o)
 .text.memcpy   0x00000000       0x18 C:/Program Files/Microchip/xc32/v5.00/bin/bin/../../lib/gcc/pic32c/13.2.1/../../../../pic32c/lib/thumb/v7e-m+dp/hard\libc-size-musl.a(memcpy.o)
 .xc_stack_usage.hdr
                0x00000000        0xe C:/Program Files/Microchip/xc32/v5.00/bin/bin/../../lib/gcc/pic32c/13.2.1/../../../../pic32c/lib/thumb/v7e-m+dp/hard\libc-size-musl.a(memcpy.o)
 .debug_info    0x00000000       0xff C:/Program Files/Microchip/xc32/v5.00/bin/bin/../../lib/gcc/pic32c/13.2.1/../../../../pic32c/lib/thumb/v7e-m+dp/hard\libc-size-musl.a(memcpy.o)
 .debug_abbrev  0x00000000       0xaa C:/Program Files/Microchip/xc32/v5.00/bin/bin/../../lib/gcc/pic32c/13.2.1/../../../../pic32c/lib/thumb/v7e-m+dp/hard\libc-size-musl.a(memcpy.o)
 .debug_loc     0x00000000      0x10b C:/Program Files/Microchip/xc32/v5.00/bin/bin/../../lib/gcc/pic32c/13.2.1/../../../../pic32c/lib/thumb/v7e-m+dp/hard\libc-size-musl.a(memcpy.o)
 .debug_aranges
                0x00000000       0x20 C:/Program Files/Microchip/xc32/v5.00/bin/bin/../../lib/gcc/pic32c/13.2.1/../../../../pic32c/lib/thumb/v7e-m+dp/hard\libc-size-musl.a(memcpy.o)
 .debug_ranges  0x00000000       0x10 C:/Program Files/Microchip/xc32/v5.00/bin/bin/../../lib/gcc/pic32c/13.2.1/../../../../pic32c/lib/thumb/v7e-m+dp/hard\libc-size-musl.a(memcpy.o)
 .debug_line    0x00000000      0x165 C:/Program Files/Microchip/xc32/v5.00/bin/bin/../../lib/gcc/pic32c/13.2.1/../../../../pic32c/lib/thumb/v7e-m+dp/hard\libc-size-musl.a(memcpy.o)
 .debug_str     0x00000000      0x259 C:/Program Files/Microchip/xc32/v5.00/bin/bin/../../lib/gcc/pic32c/13.2.1/../../../../pic32c/lib/thumb/v7e-m+dp/hard\libc-size-musl.a(memcpy.o)
 .comment       0x00000000       0x36 C:/Program Files/Microchip/xc32/v5.00/bin/bin/../../lib/gcc/pic32c/13.2.1/../../../../pic32c/lib/thumb/v7e-m+dp/hard\libc-size-musl.a(memcpy.o)
 .note.GNU-stack
                0x00000000        0x0 C:/Program Files/Microchip/xc32/v5.00/bin/bin/../../lib/gcc/pic32c/13.2.1/../../../../pic32c/lib/thumb/v7e-m+dp/hard\libc-size-musl.a(memcpy.o)
 .debug_frame   0x00000000       0x20 C:/Program Files/Microchip/xc32/v5.00/bin/bin/../../lib/gcc/pic32c/13.2.1/../../../../pic32c/lib/thumb/v7e-m+dp/hard\libc-size-musl.a(memcpy.o)
 .ARM.attributes
                0x00000000       0x34 C:/Program Files/Microchip/xc32/v5.00/bin/bin/../../lib/gcc/pic32c/13.2.1/../../../../pic32c/lib/thumb/v7e-m+dp/hard\libc-size-musl.a(memcpy.o)
 .text          0x00000000        0x0 C:/Program Files/Microchip/xc32/v5.00/bin/bin/../../lib/gcc/pic32c/13.2.1/../../../../pic32c/lib/thumb/v7e-m+dp/hard\libc-musl.a(__libc_start_main.o)
 .data          0x00000000        0x0 C:/Program Files/Microchip/xc32/v5.00/bin/bin/../../lib/gcc/pic32c/13.2.1/../../../../pic32c/lib/thumb/v7e-m+dp/hard\libc-musl.a(__libc_start_main.o)
 .bss           0x00000000        0x0 C:/Program Files/Microchip/xc32/v5.00/bin/bin/../../lib/gcc/pic32c/13.2.1/../../../../pic32c/lib/thumb/v7e-m+dp/hard\libc-musl.a(__libc_start_main.o)
 .xc_stack_usage
                0x00000000       0x34 C:/Program Files/Microchip/xc32/v5.00/bin/bin/../../lib/gcc/pic32c/13.2.1/../../../../pic32c/lib/thumb/v7e-m+dp/hard\libc-musl.a(__libc_start_main.o)
 .xc_stack_usage.hdr
                0x00000000        0xe C:/Program Files/Microchip/xc32/v5.00/bin/bin/../../lib/gcc/pic32c/13.2.1/../../../../pic32c/lib/thumb/v7e-m+dp/hard\libc-musl.a(__libc_start_main.o)
 .text          0x00000000        0x0 C:/Program Files/Microchip/xc32/v5.00/bin/bin/../../lib/gcc/pic32c/13.2.1/../../../../pic32c/lib/thumb/v7e-m+dp/hard\libc-musl.a(libc.o)
 .data          0x00000000        0x0 C:/Program Files/Microchip/xc32/v5.00/bin/bin/../../lib/gcc/pic32c/13.2.1/../../../../pic32c/lib/thumb/v7e-m+dp/hard\libc-musl.a(libc.o)
 .xc_stack_usage.hdr
                0x00000000        0xe C:/Program Files/Microchip/xc32/v5.00/bin/bin/../../lib/gcc/pic32c/13.2.1/../../../../pic32c/lib/thumb/v7e-m+dp/hard\libc-musl.a(libc.o)
 .text          0x00000000        0x0 C:/Program Files/Microchip/xc32/v5.00/bin/bin/../../lib/gcc/pic32c/13.2.1/../../../../pic32c/lib/thumb/v7e-m+dp/hard\libc-musl.a(__environ.o)
 .data          0x00000000        0x0 C:/Program Files/Microchip/xc32/v5.00/bin/bin/../../lib/gcc/pic32c/13.2.1/../../../../pic32c/lib/thumb/v7e-m+dp/hard\libc-musl.a(__environ.o)
 .xc_stack_usage.hdr
                0x00000000        0xe C:/Program Files/Microchip/xc32/v5.00/bin/bin/../../lib/gcc/pic32c/13.2.1/../../../../pic32c/lib/thumb/v7e-m+dp/hard\libc-musl.a(__environ.o)
 .text          0x00000000        0x0 C:/Program Files/Microchip/xc32/v5.00/bin/bin/../../lib/gcc/pic32c/13.2.1/thumb/v7e-m+dp/hard/crtend.o
 .data          0x00000000        0x0 C:/Program Files/Microchip/xc32/v5.00/bin/bin/../../lib/gcc/pic32c/13.2.1/thumb/v7e-m+dp/hard/crtend.o
 .bss           0x00000000        0x0 C:/Program Files/Microchip/xc32/v5.00/bin/bin/../../lib/gcc/pic32c/13.2.1/thumb/v7e-m+dp/hard/crtend.o
 .rodata        0x00000000       0x24 C:/Program Files/Microchip/xc32/v5.00/bin/bin/../../lib/gcc/pic32c/13.2.1/thumb/v7e-m+dp/hard/crtend.o
 .eh_frame      0x00000000        0x4 C:/Program Files/Microchip/xc32/v5.00/bin/bin/../../lib/gcc/pic32c/13.2.1/thumb/v7e-m+dp/hard/crtend.o
 .xc_stack_usage.hdr
                0x00000000        0xe C:/Program Files/Microchip/xc32/v5.00/bin/bin/../../lib/gcc/pic32c/13.2.1/thumb/v7e-m+dp/hard/crtend.o
 .comment       0x00000000       0x36 C:/Program Files/Microchip/xc32/v5.00/bin/bin/../../lib/gcc/pic32c/13.2.1/thumb/v7e-m+dp/hard/crtend.o
 .ARM.attributes
                0x00000000       0x32 C:/Program Files/Microchip/xc32/v5.00/bin/bin/../../lib/gcc/pic32c/13.2.1/thumb/v7e-m+dp/hard/crtend.o
 .text          0x00000000        0x0 C:/Program Files/Microchip/xc32/v5.00/bin/bin/../../lib/gcc/pic32c/13.2.1/thumb/v7e-m+dp/hard/crtn.o
 .data          0x00000000        0x0 C:/Program Files/Microchip/xc32/v5.00/bin/bin/../../lib/gcc/pic32c/13.2.1/thumb/v7e-m+dp/hard/crtn.o
 .bss           0x00000000        0x0 C:/Program Files/Microchip/xc32/v5.00/bin/bin/../../lib/gcc/pic32c/13.2.1/thumb/v7e-m+dp/hard/crtn.o
 .xc_stack_usage.hdr
                0x00000000        0xe C:/Program Files/Microchip/xc32/v5.00/bin/bin/../../lib/gcc/pic32c/13.2.1/thumb/v7e-m+dp/hard/crtn.o
 .text          0x00000000        0x0 C:/Program Files/Microchip/xc32/v5.00/bin/bin/../../lib/gcc/pic32c/13.2.1/../../../../pic32c/lib/thumb/v7e-m+dp/hard\libpic32c.a(pic32_data_init_clear.o)
 .data          0x00000000        0x0 C:/Program Files/Microchip/xc32/v5.00/bin/bin/../../lib/gcc/pic32c/13.2.1/../../../../pic32c/lib/thumb/v7e-m+dp/hard\libpic32c.a(pic32_data_init_clear.o)
 .bss           0x00000000        0x0 C:/Program Files/Microchip/xc32/v5.00/bin/bin/../../lib/gcc/pic32c/13.2.1/../../../../pic32c/lib/thumb/v7e-m+dp/hard\libpic32c.a(pic32_data_init_clear.o)
 .xc_stack_usage
                0x00000000       0x1b C:/Program Files/Microchip/xc32/v5.00/bin/bin/../../lib/gcc/pic32c/13.2.1/../../../../pic32c/lib/thumb/v7e-m+dp/hard\libpic32c.a(pic32_data_init_clear.o)
 .xc_stack_usage.hdr
                0x00000000        0xe C:/Program Files/Microchip/xc32/v5.00/bin/bin/../../lib/gcc/pic32c/13.2.1/../../../../pic32c/lib/thumb/v7e-m+dp/hard\libpic32c.a(pic32_data_init_clear.o)
 .text          0x00000000        0x0 C:/Program Files/Microchip/xc32/v5.00/bin/bin/../../lib/gcc/pic32c/13.2.1/../../../../pic32c/lib/thumb/v7e-m+dp/hard\libpic32c.a(pic32_data_init_copy.o)
 .data          0x00000000        0x0 C:/Program Files/Microchip/xc32/v5.00/bin/bin/../../lib/gcc/pic32c/13.2.1/../../../../pic32c/lib/thumb/v7e-m+dp/hard\libpic32c.a(pic32_data_init_copy.o)
 .bss           0x00000000        0x0 C:/Program Files/Microchip/xc32/v5.00/bin/bin/../../lib/gcc/pic32c/13.2.1/../../../../pic32c/lib/thumb/v7e-m+dp/hard\libpic32c.a(pic32_data_init_copy.o)
 .xc_stack_usage
                0x00000000       0x1a C:/Program Files/Microchip/xc32/v5.00/bin/bin/../../lib/gcc/pic32c/13.2.1/../../../../pic32c/lib/thumb/v7e-m+dp/hard\libpic32c.a(pic32_data_init_copy.o)
 .xc_stack_usage.hdr
                0x00000000        0xe C:/Program Files/Microchip/xc32/v5.00/bin/bin/../../lib/gcc/pic32c/13.2.1/../../../../pic32c/lib/thumb/v7e-m+dp/hard\libpic32c.a(pic32_data_init_copy.o)

Memory Configuration

Name             Origin             Length             Attributes
rom              0x0040c000         0x001f3f00         xr
ApplicationFooter 0x005fff00         0x00000100         xr
JumpSignature    0x20400000         0x00000020         xrw
ram              0x20400020         0x0005ffe0         xrw
itcm             0x00000000         0x00000000         xw
dtcm             0x20000000         0x00000000         xw!r
*default*        0x00000000         0xffffffff

Linker script and memory map

LOAD C:/Program Files/Microchip/xc32/v5.00/bin/bin/../../lib/gcc/pic32c/13.2.1/thumb/v7e-m+dp/hard/crti.o
LOAD C:/Program Files/Microchip/xc32/v5.00/bin/bin/../../lib/gcc/pic32c/13.2.1/thumb/v7e-m+dp/hard/crtbegin.o
LOAD build/default/production/_ext/60165520/plib_clk.o
LOAD build/default/production/_ext/60167248/plib_efc.o
LOAD build/default/production/_ext/1865468468/plib_nvic.o
LOAD build/default/production/_ext/60177924/plib_pio.o
LOAD build/default/production/_ext/163028504/xc32_monitor.o
LOAD build/default/production/_ext/1171490990/initialization.o
LOAD build/default/production/_ext/1171490990/interrupts.o
LOAD build/default/production/_ext/1171490990/exceptions.o
LOAD build/default/production/_ext/1171490990/startup_xc32.o
LOAD build/default/production/_ext/1171490990/libc_syscalls.o
LOAD build/default/production/_ext/1360937237/main.o
                0x00000001                        __MPLAB_BUILD = 0x1
                0x005fff00                        __rom_end = (ORIGIN (rom) + LENGTH (rom))
                0x20460000                        __ram_end = (ORIGIN (ram) + LENGTH (ram))

.ApplicationFooter
                0x005fff00       0x80
 *(.ApplicationFooterData .ApplicationFooterData.*)
 .ApplicationFooterData
                0x005fff00       0x80 build/default/production/_ext/1360937237/main.o
                0x005fff00                sUserApplicationFooter

.vectors        0x0040c000      0x168
                0x0040c000                        . = ALIGN (0x4)
                0x0040c000                        _sfixed = .
 *(.vectors .vectors.* .vectors_default .vectors_default.*)
 .vectors       0x0040c000      0x168 build/default/production/_ext/1171490990/interrupts.o
                0x0040c000                exception_table
 *(.isr_vector)
 *(.reset*)
 *(.after_vectors)

.text           0x0040c168       0x20
                0x0040c168                        . = ALIGN (0x4)
 *(.glue_7t)
 .glue_7t       0x0040c168        0x0 linker stubs
 *(.glue_7)
 .glue_7        0x0040c168        0x0 linker stubs
 *(.gnu.linkonce.r.*)
 *(.ARM.extab* .gnu.linkonce.armextab.*)
                0x0040c168                        . = ALIGN (0x4)
 *(.init)
 .init          0x0040c168        0x4 C:/Program Files/Microchip/xc32/v5.00/bin/bin/../../lib/gcc/pic32c/13.2.1/thumb/v7e-m+dp/hard/crti.o
                0x0040c168                _init
 .init          0x0040c16c        0x8 C:/Program Files/Microchip/xc32/v5.00/bin/bin/../../lib/gcc/pic32c/13.2.1/thumb/v7e-m+dp/hard/crtn.o
                0x0040c174                        . = ALIGN (0x4)
                0x0040c174                        __preinit_array_start = .
 *(.preinit_array)
                0x0040c174                        __preinit_array_end = .
                0x0040c174                        . = ALIGN (0x4)
                0x0040c174                        __init_array_start = .
 *(SORT_BY_NAME(.init_array.*))
 *(.init_array)
 .init_array    0x0040c174        0x4 C:/Program Files/Microchip/xc32/v5.00/bin/bin/../../lib/gcc/pic32c/13.2.1/thumb/v7e-m+dp/hard/crtbegin.o
                0x0040c178                        __init_array_end = .
                0x0040c178                        . = ALIGN (0x4)
 *crtbegin.o(.ctors)
 *(EXCLUDE_FILE(*crtend.o) .ctors)
 *(SORT_BY_NAME(.ctors.*))
 *crtend.o(.ctors)
                0x0040c178                        . = ALIGN (0x4)
 *(.fini)
 .fini          0x0040c178        0x4 C:/Program Files/Microchip/xc32/v5.00/bin/bin/../../lib/gcc/pic32c/13.2.1/thumb/v7e-m+dp/hard/crti.o
                0x0040c178                _fini
 .fini          0x0040c17c        0x8 C:/Program Files/Microchip/xc32/v5.00/bin/bin/../../lib/gcc/pic32c/13.2.1/thumb/v7e-m+dp/hard/crtn.o
                0x0040c184                        . = ALIGN (0x4)
                0x0040c184                        __fini_array_start = .
 *(.fini_array)
 .fini_array    0x0040c184        0x4 C:/Program Files/Microchip/xc32/v5.00/bin/bin/../../lib/gcc/pic32c/13.2.1/thumb/v7e-m+dp/hard/crtbegin.o
 *(SORT_BY_NAME(.fini_array.*))
                0x0040c188                        __fini_array_end = .
 *crtbegin.o(.dtors)
 *(EXCLUDE_FILE(*crtend.o) .dtors)
 *(SORT_BY_NAME(.dtors.*))
 *crtend.o(.dtors)
                0x0040c188                        . = ALIGN (0x4)
                0x0040c188                        _efixed = .
                [!provide]                        PROVIDE (__exidx_start = .)

.ARM.exidx
 *(.ARM.exidx* .gnu.linkonce.armexidx.*)
                [!provide]                        PROVIDE (__exidx_end = .)
                0x0040c188                        . = ALIGN (0x4)
                0x0040c188                        _etext = .

.JumpSignature
 *(.JumpSignatureData)

.bss            0x20400020        0x0
                0x20400020                        . = ALIGN (0x4)
                0x20400020                        __bss_start__ = .
                0x20400020                        _sbss = .
                0x20400020                        _szero = .
 *(COMMON)
                0x20400020                        . = ALIGN (0x4)
                0x20400020                        __bss_end__ = .
                0x20400020                        _ebss = .
                0x20400020                        _ezero = .
                0x20400020                        . = ALIGN (0x4)
                0x20400020                        _end = .
                0x2045ffff                        _ram_end_ = ((ORIGIN (ram) + LENGTH (ram)) - 0x1)
                0x00000200                        _min_heap_size = 0x200
START GROUP
LOAD C:/Program Files/Microchip/xc32/v5.00/bin/bin/../../lib/gcc/pic32c/13.2.1/../../../../pic32c/lib/thumb/v7e-m+dp/hard\libpic32c.a
LOAD C:/Program Files/Microchip/xc32/v5.00/bin/bin/../../lib/gcc/pic32c/13.2.1/../../../../pic32c/lib/thumb/v7e-m+dp/hard\libc-size-musl.a
LOAD C:/Program Files/Microchip/xc32/v5.00/bin/bin/../../lib/gcc/pic32c/13.2.1/../../../../pic32c/lib/thumb/v7e-m+dp/hard\liblmalloc-musl.a
LOAD C:/Program Files/Microchip/xc32/v5.00/bin/bin/../../lib/gcc/pic32c/13.2.1/../../../../pic32c/lib/thumb/v7e-m+dp/hard\libc-musl.a
LOAD C:/Program Files/Microchip/xc32/v5.00/bin/bin/../../lib/gcc/pic32c/13.2.1/../../../../pic32c/lib/thumb/v7e-m+dp/hard\libm-fast-emfloat.a
LOAD C:/Program Files/Microchip/xc32/v5.00/bin/bin/../../lib/gcc/pic32c/13.2.1/../../../../pic32c/lib/thumb/v7e-m+dp/hard\libm-musl.a
END GROUP
LOAD C:/Program Files/Microchip/xc32/v5.00/bin/bin/../../lib/gcc/pic32c/13.2.1/thumb/v7e-m+dp/hard\libgcc.a
LOAD C:/Program Files/Microchip/xc32/v5.00/bin/bin/../../lib/gcc/pic32c/13.2.1/thumb/v7e-m+dp/hard/crtend.o
LOAD C:/Program Files/Microchip/xc32/v5.00/bin/bin/../../lib/gcc/pic32c/13.2.1/thumb/v7e-m+dp/hard/crtn.o
OUTPUT(dist/default/production/UserApp.X.production.elf elf32-littlearm)
LOAD linker stubs
LOAD data_init

.note           0x00000000      0x240
 .note          0x00000000       0x18 C:/Program Files/Microchip/xc32/v5.00/bin/bin/../../lib/gcc/pic32c/13.2.1/thumb/v7e-m+dp/hard/crti.o
 .note          0x00000018       0x18 C:/Program Files/Microchip/xc32/v5.00/bin/bin/../../lib/gcc/pic32c/13.2.1/thumb/v7e-m+dp/hard/crtbegin.o
 .note          0x00000030       0x18 build/default/production/_ext/60165520/plib_clk.o
 .note          0x00000048       0x18 build/default/production/_ext/60167248/plib_efc.o
 .note          0x00000060       0x18 build/default/production/_ext/1865468468/plib_nvic.o
 .note          0x00000078       0x18 build/default/production/_ext/60177924/plib_pio.o
 .note          0x00000090       0x18 build/default/production/_ext/163028504/xc32_monitor.o
 .note          0x000000a8       0x48 build/default/production/_ext/1171490990/initialization.o
 .note          0x000000f0       0x18 build/default/production/_ext/1171490990/interrupts.o
 .note          0x00000108       0x18 build/default/production/_ext/1171490990/exceptions.o
 .note          0x00000120       0x18 build/default/production/_ext/1171490990/startup_xc32.o
 .note          0x00000138       0x18 build/default/production/_ext/1171490990/libc_syscalls.o
 .note          0x00000150       0x18 build/default/production/_ext/1360937237/main.o
 .note          0x00000168       0x18 C:/Program Files/Microchip/xc32/v5.00/bin/bin/../../lib/gcc/pic32c/13.2.1/../../../../pic32c/lib/thumb/v7e-m+dp/hard\libpic32c.a(data_init.o)
 .note          0x00000180       0x18 C:/Program Files/Microchip/xc32/v5.00/bin/bin/../../lib/gcc/pic32c/13.2.1/../../../../pic32c/lib/thumb/v7e-m+dp/hard\libc-size-musl.a(memcpy.o)
 .note          0x00000198       0x18 C:/Program Files/Microchip/xc32/v5.00/bin/bin/../../lib/gcc/pic32c/13.2.1/../../../../pic32c/lib/thumb/v7e-m+dp/hard\libc-musl.a(__libc_start_main.o)
 .note          0x000001b0       0x18 C:/Program Files/Microchip/xc32/v5.00/bin/bin/../../lib/gcc/pic32c/13.2.1/../../../../pic32c/lib/thumb/v7e-m+dp/hard\libc-musl.a(libc.o)
 .note          0x000001c8       0x18 C:/Program Files/Microchip/xc32/v5.00/bin/bin/../../lib/gcc/pic32c/13.2.1/../../../../pic32c/lib/thumb/v7e-m+dp/hard\libc-musl.a(__environ.o)
 .note          0x000001e0       0x18 C:/Program Files/Microchip/xc32/v5.00/bin/bin/../../lib/gcc/pic32c/13.2.1/thumb/v7e-m+dp/hard/crtend.o
 .note          0x000001f8       0x18 C:/Program Files/Microchip/xc32/v5.00/bin/bin/../../lib/gcc/pic32c/13.2.1/thumb/v7e-m+dp/hard/crtn.o
 .note          0x00000210       0x18 C:/Program Files/Microchip/xc32/v5.00/bin/bin/../../lib/gcc/pic32c/13.2.1/../../../../pic32c/lib/thumb/v7e-m+dp/hard\libpic32c.a(pic32_data_init_clear.o)
 .note          0x00000228       0x18 C:/Program Files/Microchip/xc32/v5.00/bin/bin/../../lib/gcc/pic32c/13.2.1/../../../../pic32c/lib/thumb/v7e-m+dp/hard\libpic32c.a(pic32_data_init_copy.o)

.ARM.attributes
                0x00000000       0x32
 .ARM.attributes
                0x00000000       0x20 C:/Program Files/Microchip/xc32/v5.00/bin/bin/../../lib/gcc/pic32c/13.2.1/thumb/v7e-m+dp/hard/crti.o
 .ARM.attributes
                0x00000020       0x32 C:/Program Files/Microchip/xc32/v5.00/bin/bin/../../lib/gcc/pic32c/13.2.1/thumb/v7e-m+dp/hard/crtbegin.o
 .ARM.attributes
                0x00000052       0x32 build/default/production/_ext/60165520/plib_clk.o
 .ARM.attributes
                0x00000084       0x32 build/default/production/_ext/60167248/plib_efc.o
 .ARM.attributes
                0x000000b6       0x32 build/default/production/_ext/1865468468/plib_nvic.o
 .ARM.attributes
                0x000000e8       0x32 build/default/production/_ext/60177924/plib_pio.o
 .ARM.attributes
                0x0000011a       0x32 build/default/production/_ext/1171490990/initialization.o
 .ARM.attributes
                0x0000014c       0x32 build/default/production/_ext/1171490990/interrupts.o
 .ARM.attributes
                0x0000017e       0x32 build/default/production/_ext/1171490990/exceptions.o
 .ARM.attributes
                0x000001b0       0x32 build/default/production/_ext/1171490990/startup_xc32.o
 .ARM.attributes
                0x000001e2       0x32 build/default/production/_ext/1360937237/main.o
 .ARM.attributes
                0x00000214       0x32 C:/Program Files/Microchip/xc32/v5.00/bin/bin/../../lib/gcc/pic32c/13.2.1/../../../../pic32c/lib/thumb/v7e-m+dp/hard\libpic32c.a(data_init.o)
 .ARM.attributes
                0x00000246       0x34 C:/Program Files/Microchip/xc32/v5.00/bin/bin/../../lib/gcc/pic32c/13.2.1/../../../../pic32c/lib/thumb/v7e-m+dp/hard\libc-musl.a(__libc_start_main.o)
 .ARM.attributes
                0x0000027a       0x34 C:/Program Files/Microchip/xc32/v5.00/bin/bin/../../lib/gcc/pic32c/13.2.1/../../../../pic32c/lib/thumb/v7e-m+dp/hard\libc-musl.a(libc.o)
 .ARM.attributes
                0x000002ae       0x34 C:/Program Files/Microchip/xc32/v5.00/bin/bin/../../lib/gcc/pic32c/13.2.1/../../../../pic32c/lib/thumb/v7e-m+dp/hard\libc-musl.a(__environ.o)
 .ARM.attributes
                0x000002e2       0x20 C:/Program Files/Microchip/xc32/v5.00/bin/bin/../../lib/gcc/pic32c/13.2.1/thumb/v7e-m+dp/hard/crtn.o
 .ARM.attributes
                0x00000302       0x32 C:/Program Files/Microchip/xc32/v5.00/bin/bin/../../lib/gcc/pic32c/13.2.1/../../../../pic32c/lib/thumb/v7e-m+dp/hard\libpic32c.a(pic32_data_init_clear.o)
 .ARM.attributes
                0x00000334       0x32 C:/Program Files/Microchip/xc32/v5.00/bin/bin/../../lib/gcc/pic32c/13.2.1/../../../../pic32c/lib/thumb/v7e-m+dp/hard\libpic32c.a(pic32_data_init_copy.o)

.comment        0x00000000       0x35
 .comment       0x00000000       0x35 C:/Program Files/Microchip/xc32/v5.00/bin/bin/../../lib/gcc/pic32c/13.2.1/thumb/v7e-m+dp/hard/crtbegin.o
                                 0x36 (size before relaxing)
 .comment       0x00000035       0x36 build/default/production/_ext/60165520/plib_clk.o
 .comment       0x00000035       0x36 build/default/production/_ext/60167248/plib_efc.o
 .comment       0x00000035       0x36 build/default/production/_ext/1865468468/plib_nvic.o
 .comment       0x00000035       0x36 build/default/production/_ext/60177924/plib_pio.o
 .comment       0x00000035       0x36 build/default/production/_ext/1171490990/initialization.o
 .comment       0x00000035       0x36 build/default/production/_ext/1171490990/interrupts.o
 .comment       0x00000035       0x36 build/default/production/_ext/1171490990/exceptions.o
 .comment       0x00000035       0x36 build/default/production/_ext/1171490990/startup_xc32.o
 .comment       0x00000035       0x36 build/default/production/_ext/1360937237/main.o
 .comment       0x00000035       0x36 C:/Program Files/Microchip/xc32/v5.00/bin/bin/../../lib/gcc/pic32c/13.2.1/../../../../pic32c/lib/thumb/v7e-m+dp/hard\libpic32c.a(data_init.o)
 .comment       0x00000035       0x36 C:/Program Files/Microchip/xc32/v5.00/bin/bin/../../lib/gcc/pic32c/13.2.1/../../../../pic32c/lib/thumb/v7e-m+dp/hard\libc-musl.a(__libc_start_main.o)
 .comment       0x00000035       0x36 C:/Program Files/Microchip/xc32/v5.00/bin/bin/../../lib/gcc/pic32c/13.2.1/../../../../pic32c/lib/thumb/v7e-m+dp/hard\libc-musl.a(libc.o)
 .comment       0x00000035       0x36 C:/Program Files/Microchip/xc32/v5.00/bin/bin/../../lib/gcc/pic32c/13.2.1/../../../../pic32c/lib/thumb/v7e-m+dp/hard\libc-musl.a(__environ.o)
 .comment       0x00000035       0x36 C:/Program Files/Microchip/xc32/v5.00/bin/bin/../../lib/gcc/pic32c/13.2.1/../../../../pic32c/lib/thumb/v7e-m+dp/hard\libpic32c.a(pic32_data_init_clear.o)
 .comment       0x00000035       0x36 C:/Program Files/Microchip/xc32/v5.00/bin/bin/../../lib/gcc/pic32c/13.2.1/../../../../pic32c/lib/thumb/v7e-m+dp/hard\libpic32c.a(pic32_data_init_copy.o)

.debug_info     0x00000000     0x5169
 .debug_info    0x00000000      0x483 build/default/production/_ext/60165520/plib_clk.o
 .debug_info    0x00000483      0xcee build/default/production/_ext/60167248/plib_efc.o
 .debug_info    0x00001171      0xc15 build/default/production/_ext/1865468468/plib_nvic.o
 .debug_info    0x00001d86      0x9e6 build/default/production/_ext/60177924/plib_pio.o
 .debug_info    0x0000276c      0x1a0 build/default/production/_ext/1171490990/initialization.o
 .debug_info    0x0000290c      0x6d9 build/default/production/_ext/1171490990/interrupts.o
 .debug_info    0x00002fe5      0x688 build/default/production/_ext/1171490990/exceptions.o
 .debug_info    0x0000366d      0x97c build/default/production/_ext/1171490990/startup_xc32.o
 .debug_info    0x00003fe9      0x730 build/default/production/_ext/1360937237/main.o
 .debug_info    0x00004719      0x212 C:/Program Files/Microchip/xc32/v5.00/bin/bin/../../lib/gcc/pic32c/13.2.1/../../../../pic32c/lib/thumb/v7e-m+dp/hard\libpic32c.a(data_init.o)
 .debug_info    0x0000492b      0x2fb C:/Program Files/Microchip/xc32/v5.00/bin/bin/../../lib/gcc/pic32c/13.2.1/../../../../pic32c/lib/thumb/v7e-m+dp/hard\libc-musl.a(__libc_start_main.o)
 .debug_info    0x00004c26      0x276 C:/Program Files/Microchip/xc32/v5.00/bin/bin/../../lib/gcc/pic32c/13.2.1/../../../../pic32c/lib/thumb/v7e-m+dp/hard\libc-musl.a(libc.o)
 .debug_info    0x00004e9c       0x97 C:/Program Files/Microchip/xc32/v5.00/bin/bin/../../lib/gcc/pic32c/13.2.1/../../../../pic32c/lib/thumb/v7e-m+dp/hard\libc-musl.a(__environ.o)
 .debug_info    0x00004f33      0x110 C:/Program Files/Microchip/xc32/v5.00/bin/bin/../../lib/gcc/pic32c/13.2.1/../../../../pic32c/lib/thumb/v7e-m+dp/hard\libpic32c.a(pic32_data_init_clear.o)
 .debug_info    0x00005043      0x126 C:/Program Files/Microchip/xc32/v5.00/bin/bin/../../lib/gcc/pic32c/13.2.1/../../../../pic32c/lib/thumb/v7e-m+dp/hard\libpic32c.a(pic32_data_init_copy.o)

.debug_abbrev   0x00000000     0x1214
 .debug_abbrev  0x00000000       0xcd build/default/production/_ext/60165520/plib_clk.o
 .debug_abbrev  0x000000cd      0x2cf build/default/production/_ext/60167248/plib_efc.o
 .debug_abbrev  0x0000039c      0x237 build/default/production/_ext/1865468468/plib_nvic.o
 .debug_abbrev  0x000005d3      0x13f build/default/production/_ext/60177924/plib_pio.o
 .debug_abbrev  0x00000712       0xcb build/default/production/_ext/1171490990/initialization.o
 .debug_abbrev  0x000007dd       0xd3 build/default/production/_ext/1171490990/interrupts.o
 .debug_abbrev  0x000008b0       0xde build/default/production/_ext/1171490990/exceptions.o
 .debug_abbrev  0x0000098e      0x21a build/default/production/_ext/1171490990/startup_xc32.o
 .debug_abbrev  0x00000ba8      0x141 build/default/production/_ext/1360937237/main.o
 .debug_abbrev  0x00000ce9      0x156 C:/Program Files/Microchip/xc32/v5.00/bin/bin/../../lib/gcc/pic32c/13.2.1/../../../../pic32c/lib/thumb/v7e-m+dp/hard\libpic32c.a(data_init.o)
 .debug_abbrev  0x00000e3f      0x133 C:/Program Files/Microchip/xc32/v5.00/bin/bin/../../lib/gcc/pic32c/13.2.1/../../../../pic32c/lib/thumb/v7e-m+dp/hard\libc-musl.a(__libc_start_main.o)
 .debug_abbrev  0x00000f72       0xd4 C:/Program Files/Microchip/xc32/v5.00/bin/bin/../../lib/gcc/pic32c/13.2.1/../../../../pic32c/lib/thumb/v7e-m+dp/hard\libc-musl.a(libc.o)
 .debug_abbrev  0x00001046       0x62 C:/Program Files/Microchip/xc32/v5.00/bin/bin/../../lib/gcc/pic32c/13.2.1/../../../../pic32c/lib/thumb/v7e-m+dp/hard\libc-musl.a(__environ.o)
 .debug_abbrev  0x000010a8       0xa2 C:/Program Files/Microchip/xc32/v5.00/bin/bin/../../lib/gcc/pic32c/13.2.1/../../../../pic32c/lib/thumb/v7e-m+dp/hard\libpic32c.a(pic32_data_init_clear.o)
 .debug_abbrev  0x0000114a       0xca C:/Program Files/Microchip/xc32/v5.00/bin/bin/../../lib/gcc/pic32c/13.2.1/../../../../pic32c/lib/thumb/v7e-m+dp/hard\libpic32c.a(pic32_data_init_copy.o)

.debug_aranges  0x00000000      0x2d0
 .debug_aranges
                0x00000000       0x20 build/default/production/_ext/60165520/plib_clk.o
 .debug_aranges
                0x00000020       0x70 build/default/production/_ext/60167248/plib_efc.o
 .debug_aranges
                0x00000090       0x48 build/default/production/_ext/1865468468/plib_nvic.o
 .debug_aranges
                0x000000d8       0x60 build/default/production/_ext/60177924/plib_pio.o
 .debug_aranges
                0x00000138       0x20 build/default/production/_ext/1171490990/initialization.o
 .debug_aranges
                0x00000158       0x20 build/default/production/_ext/1171490990/interrupts.o
 .debug_aranges
                0x00000178       0x48 build/default/production/_ext/1171490990/exceptions.o
 .debug_aranges
                0x000001c0       0x28 build/default/production/_ext/1171490990/startup_xc32.o
 .debug_aranges
                0x000001e8       0x20 build/default/production/_ext/1360937237/main.o
 .debug_aranges
                0x00000208       0x30 C:/Program Files/Microchip/xc32/v5.00/bin/bin/../../lib/gcc/pic32c/13.2.1/../../../../pic32c/lib/thumb/v7e-m+dp/hard\libpic32c.a(data_init.o)
 .debug_aranges
                0x00000238       0x28 C:/Program Files/Microchip/xc32/v5.00/bin/bin/../../lib/gcc/pic32c/13.2.1/../../../../pic32c/lib/thumb/v7e-m+dp/hard\libc-musl.a(__libc_start_main.o)
 .debug_aranges
                0x00000260       0x18 C:/Program Files/Microchip/xc32/v5.00/bin/bin/../../lib/gcc/pic32c/13.2.1/../../../../pic32c/lib/thumb/v7e-m+dp/hard\libc-musl.a(libc.o)
 .debug_aranges
                0x00000278       0x18 C:/Program Files/Microchip/xc32/v5.00/bin/bin/../../lib/gcc/pic32c/13.2.1/../../../../pic32c/lib/thumb/v7e-m+dp/hard\libc-musl.a(__environ.o)
 .debug_aranges
                0x00000290       0x20 C:/Program Files/Microchip/xc32/v5.00/bin/bin/../../lib/gcc/pic32c/13.2.1/../../../../pic32c/lib/thumb/v7e-m+dp/hard\libpic32c.a(pic32_data_init_clear.o)
 .debug_aranges
                0x000002b0       0x20 C:/Program Files/Microchip/xc32/v5.00/bin/bin/../../lib/gcc/pic32c/13.2.1/../../../../pic32c/lib/thumb/v7e-m+dp/hard\libpic32c.a(pic32_data_init_copy.o)

.debug_ranges   0x00000000      0x258
 .debug_ranges  0x00000000       0x10 build/default/production/_ext/60165520/plib_clk.o
 .debug_ranges  0x00000010       0x90 build/default/production/_ext/60167248/plib_efc.o
 .debug_ranges  0x000000a0       0x50 build/default/production/_ext/1865468468/plib_nvic.o
 .debug_ranges  0x000000f0       0x50 build/default/production/_ext/60177924/plib_pio.o
 .debug_ranges  0x00000140       0x10 build/default/production/_ext/1171490990/initialization.o
 .debug_ranges  0x00000150       0x10 build/default/production/_ext/1171490990/interrupts.o
 .debug_ranges  0x00000160       0x50 build/default/production/_ext/1171490990/exceptions.o
 .debug_ranges  0x000001b0       0x18 build/default/production/_ext/1171490990/startup_xc32.o
 .debug_ranges  0x000001c8       0x10 build/default/production/_ext/1360937237/main.o
 .debug_ranges  0x000001d8       0x20 C:/Program Files/Microchip/xc32/v5.00/bin/bin/../../lib/gcc/pic32c/13.2.1/../../../../pic32c/lib/thumb/v7e-m+dp/hard\libpic32c.a(data_init.o)
 .debug_ranges  0x000001f8       0x40 C:/Program Files/Microchip/xc32/v5.00/bin/bin/../../lib/gcc/pic32c/13.2.1/../../../../pic32c/lib/thumb/v7e-m+dp/hard\libc-musl.a(__libc_start_main.o)
 .debug_ranges  0x00000238       0x10 C:/Program Files/Microchip/xc32/v5.00/bin/bin/../../lib/gcc/pic32c/13.2.1/../../../../pic32c/lib/thumb/v7e-m+dp/hard\libpic32c.a(pic32_data_init_clear.o)
 .debug_ranges  0x00000248       0x10 C:/Program Files/Microchip/xc32/v5.00/bin/bin/../../lib/gcc/pic32c/13.2.1/../../../../pic32c/lib/thumb/v7e-m+dp/hard\libpic32c.a(pic32_data_init_copy.o)

.debug_line     0x00000000     0x2093
 .debug_line    0x00000000      0x1ad build/default/production/_ext/60165520/plib_clk.o
 .debug_line    0x000001ad      0x6d4 build/default/production/_ext/60167248/plib_efc.o
 .debug_line    0x00000881      0x3a3 build/default/production/_ext/1865468468/plib_nvic.o
 .debug_line    0x00000c24      0x355 build/default/production/_ext/60177924/plib_pio.o
 .debug_line    0x00000f79      0x1cf build/default/production/_ext/1171490990/initialization.o
 .debug_line    0x00001148       0xcd build/default/production/_ext/1171490990/interrupts.o
 .debug_line    0x00001215      0x18c build/default/production/_ext/1171490990/exceptions.o
 .debug_line    0x000013a1      0x4c5 build/default/production/_ext/1171490990/startup_xc32.o
 .debug_line    0x00001866       0xfe build/default/production/_ext/1360937237/main.o
 .debug_line    0x00001964      0x163 C:/Program Files/Microchip/xc32/v5.00/bin/bin/../../lib/gcc/pic32c/13.2.1/../../../../pic32c/lib/thumb/v7e-m+dp/hard\libpic32c.a(data_init.o)
 .debug_line    0x00001ac7      0x1da C:/Program Files/Microchip/xc32/v5.00/bin/bin/../../lib/gcc/pic32c/13.2.1/../../../../pic32c/lib/thumb/v7e-m+dp/hard\libc-musl.a(__libc_start_main.o)
 .debug_line    0x00001ca1       0xb5 C:/Program Files/Microchip/xc32/v5.00/bin/bin/../../lib/gcc/pic32c/13.2.1/../../../../pic32c/lib/thumb/v7e-m+dp/hard\libc-musl.a(libc.o)
 .debug_line    0x00001d56       0xfb C:/Program Files/Microchip/xc32/v5.00/bin/bin/../../lib/gcc/pic32c/13.2.1/../../../../pic32c/lib/thumb/v7e-m+dp/hard\libc-musl.a(__environ.o)
 .debug_line    0x00001e51      0x11c C:/Program Files/Microchip/xc32/v5.00/bin/bin/../../lib/gcc/pic32c/13.2.1/../../../../pic32c/lib/thumb/v7e-m+dp/hard\libpic32c.a(pic32_data_init_clear.o)
 .debug_line    0x00001f6d      0x126 C:/Program Files/Microchip/xc32/v5.00/bin/bin/../../lib/gcc/pic32c/13.2.1/../../../../pic32c/lib/thumb/v7e-m+dp/hard\libpic32c.a(pic32_data_init_copy.o)

.debug_str      0x00000000     0x21d5
 .debug_str     0x00000000     0x21d5 build/default/production/_ext/60165520/plib_clk.o
                                0x4f3 (size before relaxing)
 .debug_str     0x000021d5      0x5fe build/default/production/_ext/60167248/plib_efc.o
 .debug_str     0x000021d5      0x9a5 build/default/production/_ext/1865468468/plib_nvic.o
 .debug_str     0x000021d5      0x6e2 build/default/production/_ext/60177924/plib_pio.o
 .debug_str     0x000021d5      0x375 build/default/production/_ext/1171490990/initialization.o
 .debug_str     0x000021d5      0x9ba build/default/production/_ext/1171490990/interrupts.o
 .debug_str     0x000021d5      0x5ea build/default/production/_ext/1171490990/exceptions.o
 .debug_str     0x000021d5      0x5b4 build/default/production/_ext/1171490990/startup_xc32.o
 .debug_str     0x000021d5      0x6d5 build/default/production/_ext/1360937237/main.o
 .debug_str     0x000021d5      0x2f9 C:/Program Files/Microchip/xc32/v5.00/bin/bin/../../lib/gcc/pic32c/13.2.1/../../../../pic32c/lib/thumb/v7e-m+dp/hard\libpic32c.a(data_init.o)
 .debug_str     0x000021d5      0x3e7 C:/Program Files/Microchip/xc32/v5.00/bin/bin/../../lib/gcc/pic32c/13.2.1/../../../../pic32c/lib/thumb/v7e-m+dp/hard\libc-musl.a(__libc_start_main.o)
 .debug_str     0x000021d5      0x352 C:/Program Files/Microchip/xc32/v5.00/bin/bin/../../lib/gcc/pic32c/13.2.1/../../../../pic32c/lib/thumb/v7e-m+dp/hard\libc-musl.a(libc.o)
 .debug_str     0x000021d5      0x252 C:/Program Files/Microchip/xc32/v5.00/bin/bin/../../lib/gcc/pic32c/13.2.1/../../../../pic32c/lib/thumb/v7e-m+dp/hard\libc-musl.a(__environ.o)
 .debug_str     0x000021d5      0x28a C:/Program Files/Microchip/xc32/v5.00/bin/bin/../../lib/gcc/pic32c/13.2.1/../../../../pic32c/lib/thumb/v7e-m+dp/hard\libpic32c.a(pic32_data_init_clear.o)
 .debug_str     0x000021d5      0x291 C:/Program Files/Microchip/xc32/v5.00/bin/bin/../../lib/gcc/pic32c/13.2.1/../../../../pic32c/lib/thumb/v7e-m+dp/hard\libpic32c.a(pic32_data_init_copy.o)

.debug_frame    0x00000000      0x414
 .debug_frame   0x00000000       0x20 build/default/production/_ext/60165520/plib_clk.o
 .debug_frame   0x00000020       0xec build/default/production/_ext/60167248/plib_efc.o
 .debug_frame   0x0000010c       0x7c build/default/production/_ext/1865468468/plib_nvic.o
 .debug_frame   0x00000188       0xa0 build/default/production/_ext/60177924/plib_pio.o
 .debug_frame   0x00000228       0x28 build/default/production/_ext/1171490990/initialization.o
 .debug_frame   0x00000250       0x20 build/default/production/_ext/1171490990/interrupts.o
 .debug_frame   0x00000270       0x74 build/default/production/_ext/1171490990/exceptions.o
 .debug_frame   0x000002e4       0x38 build/default/production/_ext/1171490990/startup_xc32.o
 .debug_frame   0x0000031c       0x28 build/default/production/_ext/1360937237/main.o
 .debug_frame   0x00000344       0x4c C:/Program Files/Microchip/xc32/v5.00/bin/bin/../../lib/gcc/pic32c/13.2.1/../../../../pic32c/lib/thumb/v7e-m+dp/hard\libpic32c.a(data_init.o)
 .debug_frame   0x00000390       0x3c C:/Program Files/Microchip/xc32/v5.00/bin/bin/../../lib/gcc/pic32c/13.2.1/../../../../pic32c/lib/thumb/v7e-m+dp/hard\libc-musl.a(__libc_start_main.o)
 .debug_frame   0x000003cc       0x20 C:/Program Files/Microchip/xc32/v5.00/bin/bin/../../lib/gcc/pic32c/13.2.1/../../../../pic32c/lib/thumb/v7e-m+dp/hard\libpic32c.a(pic32_data_init_clear.o)
 .debug_frame   0x000003ec       0x28 C:/Program Files/Microchip/xc32/v5.00/bin/bin/../../lib/gcc/pic32c/13.2.1/../../../../pic32c/lib/thumb/v7e-m+dp/hard\libpic32c.a(pic32_data_init_copy.o)

.debug_loc      0x00000000      0xd0d
 .debug_loc     0x00000000      0x68b build/default/production/_ext/60167248/plib_efc.o
 .debug_loc     0x0000068b      0x1e6 build/default/production/_ext/1865468468/plib_nvic.o
 .debug_loc     0x00000871       0x81 build/default/production/_ext/60177924/plib_pio.o
 .debug_loc     0x000008f2       0x4b build/default/production/_ext/1171490990/initialization.o
 .debug_loc     0x0000093d       0x20 build/default/production/_ext/1171490990/exceptions.o
 .debug_loc     0x0000095d       0xa7 build/default/production/_ext/1171490990/startup_xc32.o
 .debug_loc     0x00000a04       0x20 build/default/production/_ext/1360937237/main.o
 .debug_loc     0x00000a24      0x113 C:/Program Files/Microchip/xc32/v5.00/bin/bin/../../lib/gcc/pic32c/13.2.1/../../../../pic32c/lib/thumb/v7e-m+dp/hard\libpic32c.a(data_init.o)
 .debug_loc     0x00000b37       0x51 C:/Program Files/Microchip/xc32/v5.00/bin/bin/../../lib/gcc/pic32c/13.2.1/../../../../pic32c/lib/thumb/v7e-m+dp/hard\libc-musl.a(__libc_start_main.o)
 .debug_loc     0x00000b88       0x94 C:/Program Files/Microchip/xc32/v5.00/bin/bin/../../lib/gcc/pic32c/13.2.1/../../../../pic32c/lib/thumb/v7e-m+dp/hard\libpic32c.a(pic32_data_init_clear.o)
 .debug_loc     0x00000c1c       0xf1 C:/Program Files/Microchip/xc32/v5.00/bin/bin/../../lib/gcc/pic32c/13.2.1/../../../../pic32c/lib/thumb/v7e-m+dp/hard\libpic32c.a(pic32_data_init_copy.o)

.note.GNU-stack
                0x00000000        0x0
 .note.GNU-stack
                0x00000000        0x0 C:/Program Files/Microchip/xc32/v5.00/bin/bin/../../lib/gcc/pic32c/13.2.1/../../../../pic32c/lib/thumb/v7e-m+dp/hard\libc-musl.a(__libc_start_main.o)
 .note.GNU-stack
                0x00000000        0x0 C:/Program Files/Microchip/xc32/v5.00/bin/bin/../../lib/gcc/pic32c/13.2.1/../../../../pic32c/lib/thumb/v7e-m+dp/hard\libc-musl.a(libc.o)
 .note.GNU-stack
                0x00000000        0x0 C:/Program Files/Microchip/xc32/v5.00/bin/bin/../../lib/gcc/pic32c/13.2.1/../../../../pic32c/lib/thumb/v7e-m+dp/hard\libc-musl.a(__environ.o)

.vfp11_veneer%z1

.v4_bx%z2

.iplt%z3

.rel.iplt%z4

.igot.plt%z5

.bss%1          0x20400020       0x50
 .bss           0x20400020       0x50 C:/Program Files/Microchip/xc32/v5.00/bin/bin/../../lib/gcc/pic32c/13.2.1/../../../../pic32c/lib/thumb/v7e-m+dp/hard\libc-musl.a(libc.o)
                0x20400020                __progname_full
                0x20400020                program_invocation_name
                0x20400024                program_invocation_short_name
                0x20400024                __progname
                0x20400028                __sysinfo
                0x2040002c                __hwcap
                0x20400030                __libc

.bss%2          0x20400070       0x1c
 .bss           0x20400070       0x1c C:/Program Files/Microchip/xc32/v5.00/bin/bin/../../lib/gcc/pic32c/13.2.1/thumb/v7e-m+dp/hard/crtbegin.o

.bss.cmd.1%3    0x2040008c        0x4
 .bss.cmd.1     0x2040008c        0x4 build/default/production/_ext/1171490990/startup_xc32.o

.bss%4          0x20400090        0x4
 .bss           0x20400090        0x4 C:/Program Files/Microchip/xc32/v5.00/bin/bin/../../lib/gcc/pic32c/13.2.1/../../../../pic32c/lib/thumb/v7e-m+dp/hard\libpic32c.a(data_init.o)

.bss%5          0x20400094        0x4
 .bss           0x20400094        0x4 C:/Program Files/Microchip/xc32/v5.00/bin/bin/../../lib/gcc/pic32c/13.2.1/../../../../pic32c/lib/thumb/v7e-m+dp/hard\libc-musl.a(__environ.o)
                0x20400094                __environ
                0x20400094                environ
                0x20400094                ___environ
                0x20400094                _environ

.eh_frame%z6    0x00000000        0x0
 .eh_frame      0x00000000        0x0 C:/Program Files/Microchip/xc32/v5.00/bin/bin/../../lib/gcc/pic32c/13.2.1/thumb/v7e-m+dp/hard/crtbegin.o

.config_D0000000%6
                0xd0000000        0x4
 .config_D0000000
                0xd0000000        0x4 build/default/production/_ext/1171490990/initialization.o
                0xd0000000                __config_D0000000

.text.Reset_Handler%7
                0x0040c188      0x180
 .text.Reset_Handler
                0x0040c188      0x180 build/default/production/_ext/1171490990/startup_xc32.o
                0x0040c188                Reset_Handler

.text.PIO_Initialize%8
                0x0040c308       0xa8
 .text.PIO_Initialize
                0x0040c308       0xa8 build/default/production/_ext/60177924/plib_pio.o
                0x0040c308                PIO_Initialize

.text.CLOCK_Initialize%9
                0x0040c3b0       0x60
 .text.CLOCK_Initialize
                0x0040c3b0       0x60 build/default/production/_ext/60165520/plib_clk.o
                0x0040c3b0                CLOCK_Initialize

.text.__libc_start_init%10
                0x0040c410       0x5c
 .text.__libc_start_init
                0x0040c410       0x5c C:/Program Files/Microchip/xc32/v5.00/bin/bin/../../lib/gcc/pic32c/13.2.1/../../../../pic32c/lib/thumb/v7e-m+dp/hard\libc-musl.a(__libc_start_main.o)
                0x0040c410                __libc_init_array

.text.NVIC_Initialize%11
                0x0040c46c       0x44
 .text.NVIC_Initialize
                0x0040c46c       0x44 build/default/production/_ext/1865468468/plib_nvic.o
                0x0040c46c                NVIC_Initialize

.text%12        0x0040c4b0       0x40
 .text          0x0040c4b0       0x40 C:/Program Files/Microchip/xc32/v5.00/bin/bin/../../lib/gcc/pic32c/13.2.1/thumb/v7e-m+dp/hard/crtbegin.o

.dinit%13       0x0040c4f0       0x40
 .dinit         0x0040c4f0       0x40 data_init

.text.__pic32c_data_initialization%14
                0x0040c530       0x34
 .text.__pic32c_data_initialization
                0x0040c530       0x34 C:/Program Files/Microchip/xc32/v5.00/bin/bin/../../lib/gcc/pic32c/13.2.1/../../../../pic32c/lib/thumb/v7e-m+dp/hard\libpic32c.a(data_init.o)
                0x0040c530                __pic32c_data_initialization

.text.HardFault_Handler%15
                0x0040c564       0x30
 .text.HardFault_Handler
                0x0040c564       0x30 build/default/production/_ext/1171490990/exceptions.o
                0x0040c564                HardFault_Handler

.text.SYS_Initialize%16
                0x0040c594       0x28
 .text.SYS_Initialize
                0x0040c594       0x28 build/default/production/_ext/1171490990/initialization.o
                0x0040c594                SYS_Initialize

.text.__dinit_copy%17
                0x0040c5bc       0x1e
 .text.__dinit_copy
                0x0040c5bc       0x1e C:/Program Files/Microchip/xc32/v5.00/bin/bin/../../lib/gcc/pic32c/13.2.1/../../../../pic32c/lib/thumb/v7e-m+dp/hard\libpic32c.a(pic32_data_init_copy.o)
                0x0040c5bc                __dinit_copy_needed
                0x0040c5bc                __dinit_copy

.text.main%18   0x0040c5dc       0x18
 .text.main     0x0040c5dc       0x18 build/default/production/_ext/1360937237/main.o
                0x0040c5dc                main

.rodata%19      0x0040c5f4       0x14
 .rodata        0x0040c5f4       0x14 C:/Program Files/Microchip/xc32/v5.00/bin/bin/../../lib/gcc/pic32c/13.2.1/../../../../pic32c/lib/thumb/v7e-m+dp/hard\libpic32c.a(data_init.o)

.text.__dinit_clear%20
                0x0040c608       0x12
 .text.__dinit_clear
                0x0040c608       0x12 C:/Program Files/Microchip/xc32/v5.00/bin/bin/../../lib/gcc/pic32c/13.2.1/../../../../pic32c/lib/thumb/v7e-m+dp/hard\libpic32c.a(pic32_data_init_clear.o)
                0x0040c608                __dinit_clear
                0x0040c608                __dinit_clear_needed

.text.EFC_Initialize%21
                0x0040c61c       0x10
 .text.EFC_Initialize
                0x0040c61c       0x10 build/default/production/_ext/60167248/plib_efc.o
                0x0040c61c                EFC_Initialize

.text.__dummy_decompress%22
                0x0040c62c        0x4
 .text.__dummy_decompress
                0x0040c62c        0x4 C:/Program Files/Microchip/xc32/v5.00/bin/bin/../../lib/gcc/pic32c/13.2.1/../../../../pic32c/lib/thumb/v7e-m+dp/hard\libpic32c.a(data_init.o)
                0x0040c62c                __dinit_decompress
                0x0040c62c                __dinit_copy_val_data
                0x0040c62c                __dinit_copy_emb

.text.Dummy_Handler%23
                0x0040c5da        0x2
 .text.Dummy_Handler
                0x0040c5da        0x2 build/default/production/_ext/1171490990/interrupts.o
                0x0040c5da                DACC_Handler
                0x0040c5da                SVCall_Handler
                0x0040c5da                TC0_CH2_Handler
                0x0040c5da                TC3_CH1_Handler
                0x0040c5da                UART3_Handler
                0x0040c5da                UART2_Handler
                0x0040c5da                TRNG_Handler
                0x0040c5da                SysTick_Handler
                0x0040c5da                AFEC1_Handler
                0x0040c5da                PendSV_Handler
                0x0040c5da                TC0_CH1_Handler
                0x0040c5da                QSPI_Handler
                0x0040c5da                ISI_Handler
                0x0040c5da                MCAN0_INT0_Handler
                0x0040c5da                RSWDT_Handler
                0x0040c5da                USART0_Handler
                0x0040c5da                TC1_CH2_Handler
                0x0040c5da                RTT_Handler
                0x0040c5da                USBHS_Handler
                0x0040c5da                IXC_Handler
                0x0040c5da                CCF_Handler
                0x0040c5da                PIOB_Handler
                0x0040c5da                RTC_Handler
                0x0040c5da                WDT_Handler
                0x0040c5da                MCAN1_INT1_Handler
                0x0040c5da                HSMCI_Handler
                0x0040c5da                UART1_Handler
                0x0040c5da                Dummy_Handler
                0x0040c5da                TWIHS1_Handler
                0x0040c5da                TC3_CH2_Handler
                0x0040c5da                XDMAC_Handler
                0x0040c5da                UART4_Handler
                0x0040c5da                TC2_CH0_Handler
                0x0040c5da                PWM1_Handler
                0x0040c5da                USART1_Handler
                0x0040c5da                PWM0_Handler
                0x0040c5da                PIOA_Handler
                0x0040c5da                AFEC0_Handler
                0x0040c5da                CCW_Handler
                0x0040c5da                TC3_CH0_Handler
                0x0040c5da                SSC_Handler
                0x0040c5da                TC1_CH0_Handler
                0x0040c5da                ACC_Handler
                0x0040c5da                PMC_Handler
                0x0040c5da                GMAC_Handler
                0x0040c5da                TC2_CH2_Handler
                0x0040c5da                MCAN0_INT1_Handler
                0x0040c5da                GMAC_Q5_Handler
                0x0040c5da                SUPC_Handler
                0x0040c5da                TC2_CH1_Handler
                0x0040c5da                MCAN1_INT0_Handler
                0x0040c5da                EFC_Handler
                0x0040c5da                GMAC_Q1_Handler
                0x0040c5da                USART2_Handler
                0x0040c5da                GMAC_Q2_Handler
                0x0040c5da                PIOE_Handler
                0x0040c5da                SPI1_Handler
                0x0040c5da                TC1_CH1_Handler
                0x0040c5da                GMAC_Q3_Handler
                0x0040c5da                PIOD_Handler
                0x0040c5da                TWIHS2_Handler
                0x0040c5da                MLB_Handler
                0x0040c5da                I2SC0_Handler
                0x0040c5da                UART0_Handler
                0x0040c5da                I2SC1_Handler
                0x0040c5da                TC0_CH0_Handler
                0x0040c5da                PIOC_Handler
                0x0040c5da                GMAC_Q4_Handler
                0x0040c5da                FPU_Handler
                0x0040c5da                RSTC_Handler
                0x0040c5da                ICM_Handler
                0x0040c5da                AES_Handler
                0x0040c5da                TWIHS0_Handler
                0x0040c5da                SPI0_Handler

.text.NonMaskableInt_Handler%24
                0x0040c61a        0x2
 .text.NonMaskableInt_Handler
                0x0040c61a        0x2 build/default/production/_ext/1171490990/exceptions.o
                0x0040c61a                NonMaskableInt_Handler

.text.DebugMonitor_Handler%25
                0x0040c630        0x2
 .text.DebugMonitor_Handler
                0x0040c630        0x2 build/default/production/_ext/1171490990/exceptions.o
                0x0040c630                DebugMonitor_Handler

.text.MemoryManagement_Handler%26
                0x0040c632        0x2
 .text.MemoryManagement_Handler
                0x0040c632        0x2 build/default/production/_ext/1171490990/exceptions.o
                0x0040c632                MemoryManagement_Handler

.text.BusFault_Handler%27
                0x0040c634        0x2
 .text.BusFault_Handler
                0x0040c634        0x2 build/default/production/_ext/1171490990/exceptions.o
                0x0040c634                BusFault_Handler

.text.UsageFault_Handler%28
                0x0040c636        0x2
 .text.UsageFault_Handler
                0x0040c636        0x2 build/default/production/_ext/1171490990/exceptions.o
                0x0040c636                UsageFault_Handler

.text.Dummy_App_Func%29
                0x0040c638        0x2
 .text.Dummy_App_Func
                0x0040c638        0x2 build/default/production/_ext/1171490990/startup_xc32.o
                0x0040c638                _on_reset
                0x0040c638                _on_bootstrap
                0x0040c638                __xc32_on_reset
                0x0040c638                Dummy_App_Func
                0x0040c638                __xc32_on_bootstrap

.text.__dummy_init_tls%30
                0x0040c63a        0x2
 .text.__dummy_init_tls
                0x0040c63a        0x2 C:/Program Files/Microchip/xc32/v5.00/bin/bin/../../lib/gcc/pic32c/13.2.1/../../../../pic32c/lib/thumb/v7e-m+dp/hard\libpic32c.a(data_init.o)
                0x0040c63a                xc32_init_tls

.text.__dummy%31
                0x0040c63c        0x2
 .text.__dummy  0x0040c63c        0x2 C:/Program Files/Microchip/xc32/v5.00/bin/bin/../../lib/gcc/pic32c/13.2.1/../../../../pic32c/lib/thumb/v7e-m+dp/hard\libc-musl.a(__libc_start_main.o)
                0x0040c63c                __init_stdio
                0x0040c63c                __init_host
