Archive member included to satisfy reference by file (symbol)

C:/Program Files/Microchip/xc32/v5.00/bin/bin/../../lib/gcc/pic32c/13.2.1/../../../../pic32c/lib/thumb/v7e-m+dp/hard\libpic32c.a(data_init.o)
                              build/default/production/_ext/1171490990/startup_xc32.o (__pic32c_data_initialization)
C:/Program Files/Microchip/xc32/v5.00/bin/bin/../../lib/gcc/pic32c/13.2.1/../../../../pic32c/lib/thumb/v7e-m+dp/hard\libc-size-musl.a(memcpy.o)
                              build/default/production/_ext/60167248/plib_efc.o (memcpy)
C:/Program Files/Microchip/xc32/v5.00/bin/bin/../../lib/gcc/pic32c/13.2.1/../../../../pic32c/lib/thumb/v7e-m+dp/hard\libc-musl.a(__libc_start_main.o)
                              build/default/production/_ext/1171490990/startup_xc32.o (__libc_init_array)
C:/Program Files/Microchip/xc32/v5.00/bin/bin/../../lib/gcc/pic32c/13.2.1/../../../../pic32c/lib/thumb/v7e-m+dp/hard\libc-musl.a(libc.o)
                              C:/Program Files/Microchip/xc32/v5.00/bin/bin/../../lib/gcc/pic32c/13.2.1/../../../../pic32c/lib/thumb/v7e-m+dp/hard\libc-musl.a(__libc_start_main.o) (__progname_full)
C:/Program Files/Microchip/xc32/v5.00/bin/bin/../../lib/gcc/pic32c/13.2.1/../../../../pic32c/lib/thumb/v7e-m+dp/hard\libc-musl.a(__environ.o)
                              C:/Program Files/Microchip/xc32/v5.00/bin/bin/../../lib/gcc/pic32c/13.2.1/../../../../pic32c/lib/thumb/v7e-m+dp/hard\libc-musl.a(__libc_start_main.o) (__environ)
C:/Program Files/Microchip/xc32/v5.00/bin/bin/../../lib/gcc/pic32c/13.2.1/../../../../pic32c/lib/thumb/v7e-m+dp/hard\libpic32c.a(pic32_data_init_clear.o)
                              (__dinit_clear_needed)
C:/Program Files/Microchip/xc32/v5.00/bin/bin/../../lib/gcc/pic32c/13.2.1/../../../../pic32c/lib/thumb/v7e-m+dp/hard\libpic32c.a(pic32_data_init_copy.o)
                              (__dinit_copy_needed)

Microchip PIC32 Memory-Usage Report

ROM Program-Memory Usage
section                    address  length [bytes]      (dec)  Description
-------                 ----------  -------------------------  -----------
.vectors                  0x40c000          0x168         360   
.text                     0x40c168           0x20          32  App's exec code 
.text.Reset_Handler       0x40c188          0x180         384   
.text.PIO_Initialize      0x40c308           0xbc         188   
.dinit                    0x40c3c4           0x70         112   
.text.CLOCK_Initialize    0x40c434           0x68         104   
.text.UART3_ISR_TX_Hand   0x40c49c           0x68         104   
.text.UART2_ISR_TX_Hand   0x40c504           0x68         104   
.text.UART3_ISR_RX_Hand   0x40c56c           0x64         100   
.text.UART2_ISR_RX_Hand   0x40c5d0           0x64         100   
.text.NVIC_Initialize     0x40c634           0x60          96   
.text.__libc_start_init   0x40c694           0x5c          92   
.text.UART3_InterruptHa   0x40c6f0           0x50          80   
.text.UART2_InterruptHa   0x40c740           0x50          80   
.text.UART2_Write         0x40c790           0x4c          76   
.text                     0x40c7dc           0x40          64  App's exec code 
.text.main                0x40c81c           0x40          64   
.text.UART3_Initialize    0x40c85c           0x3c          60   
.text.UART2_Initialize    0x40c898           0x3c          60   
.text.UART2_Read          0x40c8d4           0x3c          60   
.text.__pic32c_data_ini   0x40c910           0x34          52   
.text.SYS_Initialize      0x40c944           0x30          48   
.text.HardFault_Handler   0x40c974           0x30          48   
.text.UART2_ErrorGet      0x40c9a4           0x2c          44   
.text.__dinit_copy        0x40c9d0           0x1e          30   
.text.Dummy_Handler       0x40c9ee            0x2           2   
.rodata                   0x40c9f0           0x14          20  Read-only const 
.text.__dinit_clear       0x40ca04           0x12          18   
.text.NonMaskableInt_Ha   0x40ca16            0x2           2   
.text.EFC_Initialize      0x40ca18           0x10          16   
.text.__dummy_decompres   0x40ca28            0x4           4   
.text.DebugMonitor_Hand   0x40ca2c            0x2           2   
.text.MemoryManagement_   0x40ca2e            0x2           2   
.text.BusFault_Handler    0x40ca30            0x2           2   
.text.UsageFault_Handle   0x40ca32            0x2           2   
.text.Dummy_App_Func      0x40ca34            0x2           2   
.text.__dummy_init_tls    0x40ca36            0x2           2   
.text.__dummy             0x40ca38            0x2           2   
      Total ROM used  :       0xa3a        2618  0.1% of 0x1f3f00
        --------------------------------------------------------------------------
         Total Program Memory used  :       0xa3a        2618  0.1% of 0x1f3f00
        --------------------------------------------------------------------------


RAM Data-Memory Usage
section                    address  length [bytes]      (dec)  Description
-------                 ----------  -------------------------  -----------
.bss                    0x20400020           0x50          80  Uninitialized data 
.bss.uart3Obj           0x20400070           0x30          48   
.bss.uart2Obj           0x204000a0           0x30          48   
.bss.buf                0x204000d0           0x20          32   
.bss                    0x204000f0           0x1c          28  Uninitialized data 
.bss.cmd.1              0x2040010c            0x4           4   
.bss                    0x20400110            0x4           4  Uninitialized data 
.bss                    0x20400114            0x4           4  Uninitialized data 
         Total RAM used  :        0xf8         248  0.1% of 0x5ffe0
        --------------------------------------------------------------------------
            Total Data Memory used  :        0xf8         248  0.1% of 0x5ffe0
        --------------------------------------------------------------------------


Dynamic Data-Memory Reservation
section                    address  length [bytes]      (dec)  Description
-------                 ----------  -------------------------  -----------
heap                    0x20400120          0x200         512  Reserved for heap 
stack                   0x20400338        0x5fcc0      392384  Reserved for stack 

        --------------------------------------------------------------------------

Microchip PIC32 Memory-Usage Report By Module

        text        data         bss         dec         hex    basename                   filename
--------------------------------------------------------------------------------
         524           0          48         572         23c    plib_uart2.o           build/default/production/_ext/1865657120/plib_uart2.o
         344           0          48         392         188    plib_uart3.o           build/default/production/_ext/1865657120/plib_uart3.o
         386           0           4         390         186    startup_xc32.o         build/default/production/_ext/1171490990/startup_xc32.o
         362           0           0         362         16a    interrupts.o           build/default/production/_ext/1171490990/interrupts.o
         320           0          32         352         160    main.o                 build/default/production/_ext/1360937237/main.o
         188           0           0         188          bc    plib_pio.o             build/default/production/_ext/60177924/plib_pio.o
         112           0           0         112          70    data_init              data_init
         104           0           0         104          68    plib_clk.o             build/default/production/_ext/60165520/plib_clk.o
          64           8          28         100          64    crtbegin.o             C:/Program Files/Microchip/xc32/v5.00/bin/bin/../../lib/gcc/pic32c/13.2.1/thumb/v7e-m+dp/hard/crtbegin.o
          96           0           0          96          60    plib_nvic.o            build/default/production/_ext/1865468468/plib_nvic.o
          94           0           0          94          5e    __libc_start_main.o    libc-musl.a
          78           0           4          82          52    data_init.o            libpic32c.a
           0           0          80          80          50    libc.o                 libc-musl.a
          58           0           0          58          3a    exceptions.o           build/default/production/_ext/1171490990/exceptions.o
          52           0           0          52          34    initialization.o       build/default/production/_ext/1171490990/initialization.o
          30           0           0          30          1e    pic32_data_init_copy.o libpic32c.a
          18           0           0          18          12    pic32_data_init_clear.olibpic32c.a
          16           0           0          16          10    crtn.o                 C:/Program Files/Microchip/xc32/v5.00/bin/bin/../../lib/gcc/pic32c/13.2.1/thumb/v7e-m+dp/hard/crtn.o
          16           0           0          16          10    plib_efc.o             build/default/production/_ext/60167248/plib_efc.o
           8           0           0           8           8    crti.o                 C:/Program Files/Microchip/xc32/v5.00/bin/bin/../../lib/gcc/pic32c/13.2.1/thumb/v7e-m+dp/hard/crti.o
           0           0           4           4           4    __environ.o            libc-musl.a
--------------------------------------------------------------------------------
        2870           8         248        3126         c36    dist/default/production/UserApp.X.production.elf


Discarded input sections

 .text          0x00000000        0x0 C:/Program Files/Microchip/xc32/v5.00/bin/bin/../../lib/gcc/pic32c/13.2.1/thumb/v7e-m+dp/hard/crti.o
 .data          0x00000000        0x0 C:/Program Files/Microchip/xc32/v5.00/bin/bin/../../lib/gcc/pic32c/13.2.1/thumb/v7e-m+dp/hard/crti.o
 .bss           0x00000000        0x0 C:/Program Files/Microchip/xc32/v5.00/bin/bin/../../lib/gcc/pic32c/13.2.1/thumb/v7e-m+dp/hard/crti.o
 .xc_stack_usage.hdr
                0x00000000        0xe C:/Program Files/Microchip/xc32/v5.00/bin/bin/../../lib/gcc/pic32c/13.2.1/thumb/v7e-m+dp/hard/crti.o
 .xc_stack_usage
                0x00000000       0x26 C:/Program Files/Microchip/xc32/v5.00/bin/bin/../../lib/gcc/pic32c/13.2.1/thumb/v7e-m+dp/hard/crti.o
 .data          0x00000000        0x4 C:/Program Files/Microchip/xc32/v5.00/bin/bin/../../lib/gcc/pic32c/13.2.1/thumb/v7e-m+dp/hard/crtbegin.o
 .rodata        0x00000000       0x24 C:/Program Files/Microchip/xc32/v5.00/bin/bin/../../lib/gcc/pic32c/13.2.1/thumb/v7e-m+dp/hard/crtbegin.o
 .xc_stack_usage
                0x00000000       0x3c C:/Program Files/Microchip/xc32/v5.00/bin/bin/../../lib/gcc/pic32c/13.2.1/thumb/v7e-m+dp/hard/crtbegin.o
 .xc_stack_usage.hdr
                0x00000000        0xe C:/Program Files/Microchip/xc32/v5.00/bin/bin/../../lib/gcc/pic32c/13.2.1/thumb/v7e-m+dp/hard/crtbegin.o
 .text          0x00000000        0x0 build/default/production/_ext/60165520/plib_clk.o
 .data          0x00000000        0x0 build/default/production/_ext/60165520/plib_clk.o
 .bss           0x00000000        0x0 build/default/production/_ext/60165520/plib_clk.o
 .text          0x00000000        0x0 build/default/production/_ext/60167248/plib_efc.o
 .data          0x00000000        0x0 build/default/production/_ext/60167248/plib_efc.o
 .bss           0x00000000        0x0 build/default/production/_ext/60167248/plib_efc.o
 .text.EFC_Read
                0x00000000       0x10 build/default/production/_ext/60167248/plib_efc.o
 .text.EFC_SectorErase
                0x00000000       0x64 build/default/production/_ext/60167248/plib_efc.o
 .text.EFC_PageBufferWrite
                0x00000000       0x6c build/default/production/_ext/60167248/plib_efc.o
 .text.EFC_PageBufferCommit
                0x00000000       0x34 build/default/production/_ext/60167248/plib_efc.o
 .text.EFC_PageWrite
                0x00000000       0x90 build/default/production/_ext/60167248/plib_efc.o
 .text.EFC_QuadWordWrite
                0x00000000       0x78 build/default/production/_ext/60167248/plib_efc.o
 .text.EFC_RegionLock
                0x00000000       0x2c build/default/production/_ext/60167248/plib_efc.o
 .text.EFC_RegionUnlock
                0x00000000       0x2c build/default/production/_ext/60167248/plib_efc.o
 .text.EFC_IsBusy
                0x00000000       0x20 build/default/production/_ext/60167248/plib_efc.o
 .text.EFC_ErrorGet
                0x00000000       0x18 build/default/production/_ext/60167248/plib_efc.o
 .bss.efc_status
                0x00000000        0x4 build/default/production/_ext/60167248/plib_efc.o
 .text          0x00000000        0x0 build/default/production/_ext/1865468468/plib_nvic.o
 .data          0x00000000        0x0 build/default/production/_ext/1865468468/plib_nvic.o
 .bss           0x00000000        0x0 build/default/production/_ext/1865468468/plib_nvic.o
 .text.NVIC_INT_Enable
                0x00000000        0x8 build/default/production/_ext/1865468468/plib_nvic.o
 .text.NVIC_INT_Disable
                0x00000000       0x12 build/default/production/_ext/1865468468/plib_nvic.o
 .text.NVIC_INT_Restore
                0x00000000       0x12 build/default/production/_ext/1865468468/plib_nvic.o
 .text.NVIC_INT_SourceDisable
                0x00000000       0x40 build/default/production/_ext/1865468468/plib_nvic.o
 .text.NVIC_INT_SourceRestore
                0x00000000       0x20 build/default/production/_ext/1865468468/plib_nvic.o
 .text          0x00000000        0x0 build/default/production/_ext/60177924/plib_pio.o
 .data          0x00000000        0x0 build/default/production/_ext/60177924/plib_pio.o
 .bss           0x00000000        0x0 build/default/production/_ext/60177924/plib_pio.o
 .text.PIO_PortRead
                0x00000000        0x4 build/default/production/_ext/60177924/plib_pio.o
 .text.PIO_PortWrite
                0x00000000        0xc build/default/production/_ext/60177924/plib_pio.o
 .text.PIO_PortLatchRead
                0x00000000        0x4 build/default/production/_ext/60177924/plib_pio.o
 .text.PIO_PortSet
                0x00000000        0x4 build/default/production/_ext/60177924/plib_pio.o
 .text.PIO_PortClear
                0x00000000        0x4 build/default/production/_ext/60177924/plib_pio.o
 .text.PIO_PortToggle
                0x00000000        0x8 build/default/production/_ext/60177924/plib_pio.o
 .text.PIO_PortInputEnable
                0x00000000        0x4 build/default/production/_ext/60177924/plib_pio.o
 .text.PIO_PortOutputEnable
                0x00000000        0x4 build/default/production/_ext/60177924/plib_pio.o
 .text          0x00000000        0x0 build/default/production/_ext/1865657120/plib_uart3.o
 .data          0x00000000        0x0 build/default/production/_ext/1865657120/plib_uart3.o
 .bss           0x00000000        0x0 build/default/production/_ext/1865657120/plib_uart3.o
 .text.UART3_ErrorGet
                0x00000000       0x2c build/default/production/_ext/1865657120/plib_uart3.o
 .text.UART3_SerialSetup
                0x00000000       0x64 build/default/production/_ext/1865657120/plib_uart3.o
 .text.UART3_Read
                0x00000000       0x3c build/default/production/_ext/1865657120/plib_uart3.o
 .text.UART3_Write
                0x00000000       0x4c build/default/production/_ext/1865657120/plib_uart3.o
 .text.UART3_WriteCallbackRegister
                0x00000000        0xc build/default/production/_ext/1865657120/plib_uart3.o
 .text.UART3_ReadCallbackRegister
                0x00000000        0xc build/default/production/_ext/1865657120/plib_uart3.o
 .text.UART3_WriteIsBusy
                0x00000000        0xc build/default/production/_ext/1865657120/plib_uart3.o
 .text.UART3_ReadIsBusy
                0x00000000        0xc build/default/production/_ext/1865657120/plib_uart3.o
 .text.UART3_WriteCountGet
                0x00000000        0xc build/default/production/_ext/1865657120/plib_uart3.o
 .text.UART3_ReadCountGet
                0x00000000        0xc build/default/production/_ext/1865657120/plib_uart3.o
 .text.UART3_ReadAbort
                0x00000000       0x28 build/default/production/_ext/1865657120/plib_uart3.o
 .text.UART3_TransmitComplete
                0x00000000       0x10 build/default/production/_ext/1865657120/plib_uart3.o
 .text          0x00000000        0x0 build/default/production/_ext/163028504/xc32_monitor.o
 .data          0x00000000        0x0 build/default/production/_ext/163028504/xc32_monitor.o
 .bss           0x00000000        0x0 build/default/production/_ext/163028504/xc32_monitor.o
 .text.read     0x00000000        0x6 build/default/production/_ext/163028504/xc32_monitor.o
 .text.write    0x00000000        0x6 build/default/production/_ext/163028504/xc32_monitor.o
 .debug_info    0x00000000       0xf5 build/default/production/_ext/163028504/xc32_monitor.o
 .debug_abbrev  0x00000000       0xb2 build/default/production/_ext/163028504/xc32_monitor.o
 .debug_loc     0x00000000       0x56 build/default/production/_ext/163028504/xc32_monitor.o
 .debug_aranges
                0x00000000       0x28 build/default/production/_ext/163028504/xc32_monitor.o
 .debug_ranges  0x00000000       0x18 build/default/production/_ext/163028504/xc32_monitor.o
 .debug_line    0x00000000       0xcd build/default/production/_ext/163028504/xc32_monitor.o
 .debug_str     0x00000000      0x290 build/default/production/_ext/163028504/xc32_monitor.o
 .comment       0x00000000       0x36 build/default/production/_ext/163028504/xc32_monitor.o
 .debug_frame   0x00000000       0x30 build/default/production/_ext/163028504/xc32_monitor.o
 .ARM.attributes
                0x00000000       0x32 build/default/production/_ext/163028504/xc32_monitor.o
 .text          0x00000000        0x0 build/default/production/_ext/1171490990/initialization.o
 .data          0x00000000        0x0 build/default/production/_ext/1171490990/initialization.o
 .bss           0x00000000        0x0 build/default/production/_ext/1171490990/initialization.o
 .text          0x00000000        0x0 build/default/production/_ext/1171490990/interrupts.o
 .data          0x00000000        0x0 build/default/production/_ext/1171490990/interrupts.o
 .bss           0x00000000        0x0 build/default/production/_ext/1171490990/interrupts.o
 .text          0x00000000        0x0 build/default/production/_ext/1171490990/exceptions.o
 .data          0x00000000        0x0 build/default/production/_ext/1171490990/exceptions.o
 .bss           0x00000000        0x0 build/default/production/_ext/1171490990/exceptions.o
 .text          0x00000000        0x0 build/default/production/_ext/1171490990/startup_xc32.o
 .data          0x00000000        0x0 build/default/production/_ext/1171490990/startup_xc32.o
 .bss           0x00000000        0x0 build/default/production/_ext/1171490990/startup_xc32.o
 .text          0x00000000        0x0 build/default/production/_ext/1171490990/libc_syscalls.o
 .data          0x00000000        0x0 build/default/production/_ext/1171490990/libc_syscalls.o
 .bss           0x00000000        0x0 build/default/production/_ext/1171490990/libc_syscalls.o
 .text._exit    0x00000000        0x2 build/default/production/_ext/1171490990/libc_syscalls.o
 .debug_info    0x00000000       0xaa build/default/production/_ext/1171490990/libc_syscalls.o
 .debug_abbrev  0x00000000       0x5d build/default/production/_ext/1171490990/libc_syscalls.o
 .debug_loc     0x00000000       0x15 build/default/production/_ext/1171490990/libc_syscalls.o
 .debug_aranges
                0x00000000       0x20 build/default/production/_ext/1171490990/libc_syscalls.o
 .debug_ranges  0x00000000       0x10 build/default/production/_ext/1171490990/libc_syscalls.o
 .debug_line    0x00000000       0x5e build/default/production/_ext/1171490990/libc_syscalls.o
 .debug_str     0x00000000      0x2c4 build/default/production/_ext/1171490990/libc_syscalls.o
 .comment       0x00000000       0x36 build/default/production/_ext/1171490990/libc_syscalls.o
 .debug_frame   0x00000000       0x20 build/default/production/_ext/1171490990/libc_syscalls.o
 .ARM.attributes
                0x00000000       0x32 build/default/production/_ext/1171490990/libc_syscalls.o
 .text          0x00000000        0x0 build/default/production/_ext/1360937237/main.o
 .data          0x00000000        0x0 build/default/production/_ext/1360937237/main.o
 .bss           0x00000000        0x0 build/default/production/_ext/1360937237/main.o
 .text          0x00000000        0x0 build/default/production/_ext/1865657120/plib_uart2.o
 .data          0x00000000        0x0 build/default/production/_ext/1865657120/plib_uart2.o
 .bss           0x00000000        0x0 build/default/production/_ext/1865657120/plib_uart2.o
 .text.UART2_SerialSetup
                0x00000000       0x64 build/default/production/_ext/1865657120/plib_uart2.o
 .text.UART2_WriteCallbackRegister
                0x00000000        0xc build/default/production/_ext/1865657120/plib_uart2.o
 .text.UART2_ReadCallbackRegister
                0x00000000        0xc build/default/production/_ext/1865657120/plib_uart2.o
 .text.UART2_WriteIsBusy
                0x00000000        0xc build/default/production/_ext/1865657120/plib_uart2.o
 .text.UART2_ReadIsBusy
                0x00000000        0xc build/default/production/_ext/1865657120/plib_uart2.o
 .text.UART2_WriteCountGet
                0x00000000        0xc build/default/production/_ext/1865657120/plib_uart2.o
 .text.UART2_ReadCountGet
                0x00000000        0xc build/default/production/_ext/1865657120/plib_uart2.o
 .text.UART2_ReadAbort
                0x00000000       0x28 build/default/production/_ext/1865657120/plib_uart2.o
 .text.UART2_TransmitComplete
                0x00000000       0x10 build/default/production/_ext/1865657120/plib_uart2.o
 .text          0x00000000        0x0 C:/Program Files/Microchip/xc32/v5.00/bin/bin/../../lib/gcc/pic32c/13.2.1/../../../../pic32c/lib/thumb/v7e-m+dp/hard\libpic32c.a(data_init.o)
 .data          0x00000000        0x0 C:/Program Files/Microchip/xc32/v5.00/bin/bin/../../lib/gcc/pic32c/13.2.1/../../../../pic32c/lib/thumb/v7e-m+dp/hard\libpic32c.a(data_init.o)
 .xc_stack_usage
                0x00000000       0x68 C:/Program Files/Microchip/xc32/v5.00/bin/bin/../../lib/gcc/pic32c/13.2.1/../../../../pic32c/lib/thumb/v7e-m+dp/hard\libpic32c.a(data_init.o)
 .xc_stack_usage.hdr
                0x00000000        0xe C:/Program Files/Microchip/xc32/v5.00/bin/bin/../../lib/gcc/pic32c/13.2.1/../../../../pic32c/lib/thumb/v7e-m+dp/hard\libpic32c.a(data_init.o)
 .text          0x00000000        0x0 C:/Program Files/Microchip/xc32/v5.00/bin/bin/../../lib/gcc/pic32c/13.2.1/../../../../pic32c/lib/thumb/v7e-m+dp/hard\libc-size-musl.a(memcpy.o)
 .data          0x00000000        0x0 C:/Program Files/Microchip/xc32/v5.00/bin/bin/../../lib/gcc/pic32c/13.2.1/../../../../pic32c/lib/thumb/v7e-m+dp/hard\libc-size-musl.a(memcpy.o)
 .bss           0x00000000        0x0 C:/Program Files/Microchip/xc32/v5.00/bin/bin/../../lib/gcc/pic32c/13.2.1/../../../../pic32c/lib/thumb/v7e-m+dp/hard\libc-size-musl.a(memcpy.o)
 .xc_stack_usage
                0x00000000       0x14 C:/Program Files/Microchip/xc32/v5.00/bin/bin/../../lib/gcc/pic32c/13.2.1/../../../../pic32c/lib/thumb/v7e-m+dp/hard\libc-size-musl.a(memcpy.o)
 .text.memcpy   0x00000000       0x18 C:/Program Files/Microchip/xc32/v5.00/bin/bin/../../lib/gcc/pic32c/13.2.1/../../../../pic32c/lib/thumb/v7e-m+dp/hard\libc-size-musl.a(memcpy.o)
 .xc_stack_usage.hdr
                0x00000000        0xe C:/Program Files/Microchip/xc32/v5.00/bin/bin/../../lib/gcc/pic32c/13.2.1/../../../../pic32c/lib/thumb/v7e-m+dp/hard\libc-size-musl.a(memcpy.o)
 .debug_info    0x00000000       0xff C:/Program Files/Microchip/xc32/v5.00/bin/bin/../../lib/gcc/pic32c/13.2.1/../../../../pic32c/lib/thumb/v7e-m+dp/hard\libc-size-musl.a(memcpy.o)
 .debug_abbrev  0x00000000       0xaa C:/Program Files/Microchip/xc32/v5.00/bin/bin/../../lib/gcc/pic32c/13.2.1/../../../../pic32c/lib/thumb/v7e-m+dp/hard\libc-size-musl.a(memcpy.o)
 .debug_loc     0x00000000      0x10b C:/Program Files/Microchip/xc32/v5.00/bin/bin/../../lib/gcc/pic32c/13.2.1/../../../../pic32c/lib/thumb/v7e-m+dp/hard\libc-size-musl.a(memcpy.o)
 .debug_aranges
                0x00000000       0x20 C:/Program Files/Microchip/xc32/v5.00/bin/bin/../../lib/gcc/pic32c/13.2.1/../../../../pic32c/lib/thumb/v7e-m+dp/hard\libc-size-musl.a(memcpy.o)
 .debug_ranges  0x00000000       0x10 C:/Program Files/Microchip/xc32/v5.00/bin/bin/../../lib/gcc/pic32c/13.2.1/../../../../pic32c/lib/thumb/v7e-m+dp/hard\libc-size-musl.a(memcpy.o)
 .debug_line    0x00000000      0x165 C:/Program Files/Microchip/xc32/v5.00/bin/bin/../../lib/gcc/pic32c/13.2.1/../../../../pic32c/lib/thumb/v7e-m+dp/hard\libc-size-musl.a(memcpy.o)
 .debug_str     0x00000000      0x259 C:/Program Files/Microchip/xc32/v5.00/bin/bin/../../lib/gcc/pic32c/13.2.1/../../../../pic32c/lib/thumb/v7e-m+dp/hard\libc-size-musl.a(memcpy.o)
 .comment       0x00000000       0x36 C:/Program Files/Microchip/xc32/v5.00/bin/bin/../../lib/gcc/pic32c/13.2.1/../../../../pic32c/lib/thumb/v7e-m+dp/hard\libc-size-musl.a(memcpy.o)
 .note.GNU-stack
                0x00000000        0x0 C:/Program Files/Microchip/xc32/v5.00/bin/bin/../../lib/gcc/pic32c/13.2.1/../../../../pic32c/lib/thumb/v7e-m+dp/hard\libc-size-musl.a(memcpy.o)
 .debug_frame   0x00000000       0x20 C:/Program Files/Microchip/xc32/v5.00/bin/bin/../../lib/gcc/pic32c/13.2.1/../../../../pic32c/lib/thumb/v7e-m+dp/hard\libc-size-musl.a(memcpy.o)
 .ARM.attributes
                0x00000000       0x34 C:/Program Files/Microchip/xc32/v5.00/bin/bin/../../lib/gcc/pic32c/13.2.1/../../../../pic32c/lib/thumb/v7e-m+dp/hard\libc-size-musl.a(memcpy.o)
 .text          0x00000000        0x0 C:/Program Files/Microchip/xc32/v5.00/bin/bin/../../lib/gcc/pic32c/13.2.1/../../../../pic32c/lib/thumb/v7e-m+dp/hard\libc-musl.a(__libc_start_main.o)
 .data          0x00000000        0x0 C:/Program Files/Microchip/xc32/v5.00/bin/bin/../../lib/gcc/pic32c/13.2.1/../../../../pic32c/lib/thumb/v7e-m+dp/hard\libc-musl.a(__libc_start_main.o)
 .bss           0x00000000        0x0 C:/Program Files/Microchip/xc32/v5.00/bin/bin/../../lib/gcc/pic32c/13.2.1/../../../../pic32c/lib/thumb/v7e-m+dp/hard\libc-musl.a(__libc_start_main.o)
 .xc_stack_usage
                0x00000000       0x34 C:/Program Files/Microchip/xc32/v5.00/bin/bin/../../lib/gcc/pic32c/13.2.1/../../../../pic32c/lib/thumb/v7e-m+dp/hard\libc-musl.a(__libc_start_main.o)
 .xc_stack_usage.hdr
                0x00000000        0xe C:/Program Files/Microchip/xc32/v5.00/bin/bin/../../lib/gcc/pic32c/13.2.1/../../../../pic32c/lib/thumb/v7e-m+dp/hard\libc-musl.a(__libc_start_main.o)
 .text          0x00000000        0x0 C:/Program Files/Microchip/xc32/v5.00/bin/bin/../../lib/gcc/pic32c/13.2.1/../../../../pic32c/lib/thumb/v7e-m+dp/hard\libc-musl.a(libc.o)
 .data          0x00000000        0x0 C:/Program Files/Microchip/xc32/v5.00/bin/bin/../../lib/gcc/pic32c/13.2.1/../../../../pic32c/lib/thumb/v7e-m+dp/hard\libc-musl.a(libc.o)
 .xc_stack_usage.hdr
                0x00000000        0xe C:/Program Files/Microchip/xc32/v5.00/bin/bin/../../lib/gcc/pic32c/13.2.1/../../../../pic32c/lib/thumb/v7e-m+dp/hard\libc-musl.a(libc.o)
 .text          0x00000000        0x0 C:/Program Files/Microchip/xc32/v5.00/bin/bin/../../lib/gcc/pic32c/13.2.1/../../../../pic32c/lib/thumb/v7e-m+dp/hard\libc-musl.a(__environ.o)
 .data          0x00000000        0x0 C:/Program Files/Microchip/xc32/v5.00/bin/bin/../../lib/gcc/pic32c/13.2.1/../../../../pic32c/lib/thumb/v7e-m+dp/hard\libc-musl.a(__environ.o)
 .xc_stack_usage.hdr
                0x00000000        0xe C:/Program Files/Microchip/xc32/v5.00/bin/bin/../../lib/gcc/pic32c/13.2.1/../../../../pic32c/lib/thumb/v7e-m+dp/hard\libc-musl.a(__environ.o)
 .text          0x00000000        0x0 C:/Program Files/Microchip/xc32/v5.00/bin/bin/../../lib/gcc/pic32c/13.2.1/thumb/v7e-m+dp/hard/crtend.o
 .data          0x00000000        0x0 C:/Program Files/Microchip/xc32/v5.00/bin/bin/../../lib/gcc/pic32c/13.2.1/thumb/v7e-m+dp/hard/crtend.o
 .bss           0x00000000        0x0 C:/Program Files/Microchip/xc32/v5.00/bin/bin/../../lib/gcc/pic32c/13.2.1/thumb/v7e-m+dp/hard/crtend.o
 .rodata        0x00000000       0x24 C:/Program Files/Microchip/xc32/v5.00/bin/bin/../../lib/gcc/pic32c/13.2.1/thumb/v7e-m+dp/hard/crtend.o
 .eh_frame      0x00000000        0x4 C:/Program Files/Microchip/xc32/v5.00/bin/bin/../../lib/gcc/pic32c/13.2.1/thumb/v7e-m+dp/hard/crtend.o
 .xc_stack_usage.hdr
                0x00000000        0xe C:/Program Files/Microchip/xc32/v5.00/bin/bin/../../lib/gcc/pic32c/13.2.1/thumb/v7e-m+dp/hard/crtend.o
 .comment       0x00000000       0x36 C:/Program Files/Microchip/xc32/v5.00/bin/bin/../../lib/gcc/pic32c/13.2.1/thumb/v7e-m+dp/hard/crtend.o
 .ARM.attributes
                0x00000000       0x32 C:/Program Files/Microchip/xc32/v5.00/bin/bin/../../lib/gcc/pic32c/13.2.1/thumb/v7e-m+dp/hard/crtend.o
 .text          0x00000000        0x0 C:/Program Files/Microchip/xc32/v5.00/bin/bin/../../lib/gcc/pic32c/13.2.1/thumb/v7e-m+dp/hard/crtn.o
 .data          0x00000000        0x0 C:/Program Files/Microchip/xc32/v5.00/bin/bin/../../lib/gcc/pic32c/13.2.1/thumb/v7e-m+dp/hard/crtn.o
 .bss           0x00000000        0x0 C:/Program Files/Microchip/xc32/v5.00/bin/bin/../../lib/gcc/pic32c/13.2.1/thumb/v7e-m+dp/hard/crtn.o
 .xc_stack_usage.hdr
                0x00000000        0xe C:/Program Files/Microchip/xc32/v5.00/bin/bin/../../lib/gcc/pic32c/13.2.1/thumb/v7e-m+dp/hard/crtn.o
 .text          0x00000000        0x0 C:/Program Files/Microchip/xc32/v5.00/bin/bin/../../lib/gcc/pic32c/13.2.1/../../../../pic32c/lib/thumb/v7e-m+dp/hard\libpic32c.a(pic32_data_init_clear.o)
 .data          0x00000000        0x0 C:/Program Files/Microchip/xc32/v5.00/bin/bin/../../lib/gcc/pic32c/13.2.1/../../../../pic32c/lib/thumb/v7e-m+dp/hard\libpic32c.a(pic32_data_init_clear.o)
 .bss           0x00000000        0x0 C:/Program Files/Microchip/xc32/v5.00/bin/bin/../../lib/gcc/pic32c/13.2.1/../../../../pic32c/lib/thumb/v7e-m+dp/hard\libpic32c.a(pic32_data_init_clear.o)
 .xc_stack_usage
                0x00000000       0x1b C:/Program Files/Microchip/xc32/v5.00/bin/bin/../../lib/gcc/pic32c/13.2.1/../../../../pic32c/lib/thumb/v7e-m+dp/hard\libpic32c.a(pic32_data_init_clear.o)
 .xc_stack_usage.hdr
                0x00000000        0xe C:/Program Files/Microchip/xc32/v5.00/bin/bin/../../lib/gcc/pic32c/13.2.1/../../../../pic32c/lib/thumb/v7e-m+dp/hard\libpic32c.a(pic32_data_init_clear.o)
 .text          0x00000000        0x0 C:/Program Files/Microchip/xc32/v5.00/bin/bin/../../lib/gcc/pic32c/13.2.1/../../../../pic32c/lib/thumb/v7e-m+dp/hard\libpic32c.a(pic32_data_init_copy.o)
 .data          0x00000000        0x0 C:/Program Files/Microchip/xc32/v5.00/bin/bin/../../lib/gcc/pic32c/13.2.1/../../../../pic32c/lib/thumb/v7e-m+dp/hard\libpic32c.a(pic32_data_init_copy.o)
 .bss           0x00000000        0x0 C:/Program Files/Microchip/xc32/v5.00/bin/bin/../../lib/gcc/pic32c/13.2.1/../../../../pic32c/lib/thumb/v7e-m+dp/hard\libpic32c.a(pic32_data_init_copy.o)
 .xc_stack_usage
                0x00000000       0x1a C:/Program Files/Microchip/xc32/v5.00/bin/bin/../../lib/gcc/pic32c/13.2.1/../../../../pic32c/lib/thumb/v7e-m+dp/hard\libpic32c.a(pic32_data_init_copy.o)
 .xc_stack_usage.hdr
                0x00000000        0xe C:/Program Files/Microchip/xc32/v5.00/bin/bin/../../lib/gcc/pic32c/13.2.1/../../../../pic32c/lib/thumb/v7e-m+dp/hard\libpic32c.a(pic32_data_init_copy.o)

Memory Configuration

Name             Origin             Length             Attributes
rom              0x0040c000         0x001f3f00         xr
ApplicationFooter 0x005fff00         0x00000100         xr
JumpSignature    0x20400000         0x00000020         xrw
ram              0x20400020         0x0005ffe0         xrw
itcm             0x00000000         0x00000000         xw
dtcm             0x20000000         0x00000000         xw!r
*default*        0x00000000         0xffffffff

Linker script and memory map

LOAD C:/Program Files/Microchip/xc32/v5.00/bin/bin/../../lib/gcc/pic32c/13.2.1/thumb/v7e-m+dp/hard/crti.o
LOAD C:/Program Files/Microchip/xc32/v5.00/bin/bin/../../lib/gcc/pic32c/13.2.1/thumb/v7e-m+dp/hard/crtbegin.o
LOAD build/default/production/_ext/60165520/plib_clk.o
LOAD build/default/production/_ext/60167248/plib_efc.o
LOAD build/default/production/_ext/1865468468/plib_nvic.o
LOAD build/default/production/_ext/60177924/plib_pio.o
LOAD build/default/production/_ext/1865657120/plib_uart3.o
LOAD build/default/production/_ext/163028504/xc32_monitor.o
LOAD build/default/production/_ext/1171490990/initialization.o
LOAD build/default/production/_ext/1171490990/interrupts.o
LOAD build/default/production/_ext/1171490990/exceptions.o
LOAD build/default/production/_ext/1171490990/startup_xc32.o
LOAD build/default/production/_ext/1171490990/libc_syscalls.o
LOAD build/default/production/_ext/1360937237/main.o
LOAD build/default/production/_ext/1865657120/plib_uart2.o
                0x00000001                        __MPLAB_BUILD = 0x1
                0x005fff00                        __rom_end = (ORIGIN (rom) + LENGTH (rom))
                0x20460000                        __ram_end = (ORIGIN (ram) + LENGTH (ram))

.ApplicationFooter
                0x005fff00      0x100
 *(.ApplicationFooterData .ApplicationFooterData.*)
 .ApplicationFooterData
                0x005fff00      0x100 build/default/production/_ext/1360937237/main.o
                0x005fff00                sUserApplicationFooter

.vectors        0x0040c000      0x168
                0x0040c000                        . = ALIGN (0x4)
                0x0040c000                        _sfixed = .
 *(.vectors .vectors.* .vectors_default .vectors_default.*)
 .vectors       0x0040c000      0x168 build/default/production/_ext/1171490990/interrupts.o
                0x0040c000                exception_table
 *(.isr_vector)
 *(.reset*)
 *(.after_vectors)

.text           0x0040c168       0x20
                0x0040c168                        . = ALIGN (0x4)
 *(.glue_7t)
 .glue_7t       0x0040c168        0x0 linker stubs
 *(.glue_7)
 .glue_7        0x0040c168        0x0 linker stubs
 *(.gnu.linkonce.r.*)
 *(.ARM.extab* .gnu.linkonce.armextab.*)
                0x0040c168                        . = ALIGN (0x4)
 *(.init)
 .init          0x0040c168        0x4 C:/Program Files/Microchip/xc32/v5.00/bin/bin/../../lib/gcc/pic32c/13.2.1/thumb/v7e-m+dp/hard/crti.o
                0x0040c168                _init
 .init          0x0040c16c        0x8 C:/Program Files/Microchip/xc32/v5.00/bin/bin/../../lib/gcc/pic32c/13.2.1/thumb/v7e-m+dp/hard/crtn.o
                0x0040c174                        . = ALIGN (0x4)
                0x0040c174                        __preinit_array_start = .
 *(.preinit_array)
                0x0040c174                        __preinit_array_end = .
                0x0040c174                        . = ALIGN (0x4)
                0x0040c174                        __init_array_start = .
 *(SORT_BY_NAME(.init_array.*))
 *(.init_array)
 .init_array    0x0040c174        0x4 C:/Program Files/Microchip/xc32/v5.00/bin/bin/../../lib/gcc/pic32c/13.2.1/thumb/v7e-m+dp/hard/crtbegin.o
                0x0040c178                        __init_array_end = .
                0x0040c178                        . = ALIGN (0x4)
 *crtbegin.o(.ctors)
 *(EXCLUDE_FILE(*crtend.o) .ctors)
 *(SORT_BY_NAME(.ctors.*))
 *crtend.o(.ctors)
                0x0040c178                        . = ALIGN (0x4)
 *(.fini)
 .fini          0x0040c178        0x4 C:/Program Files/Microchip/xc32/v5.00/bin/bin/../../lib/gcc/pic32c/13.2.1/thumb/v7e-m+dp/hard/crti.o
                0x0040c178                _fini
 .fini          0x0040c17c        0x8 C:/Program Files/Microchip/xc32/v5.00/bin/bin/../../lib/gcc/pic32c/13.2.1/thumb/v7e-m+dp/hard/crtn.o
                0x0040c184                        . = ALIGN (0x4)
                0x0040c184                        __fini_array_start = .
 *(.fini_array)
 .fini_array    0x0040c184        0x4 C:/Program Files/Microchip/xc32/v5.00/bin/bin/../../lib/gcc/pic32c/13.2.1/thumb/v7e-m+dp/hard/crtbegin.o
 *(SORT_BY_NAME(.fini_array.*))
                0x0040c188                        __fini_array_end = .
 *crtbegin.o(.dtors)
 *(EXCLUDE_FILE(*crtend.o) .dtors)
 *(SORT_BY_NAME(.dtors.*))
 *crtend.o(.dtors)
                0x0040c188                        . = ALIGN (0x4)
                0x0040c188                        _efixed = .
                [!provide]                        PROVIDE (__exidx_start = .)

.ARM.exidx
 *(.ARM.exidx* .gnu.linkonce.armexidx.*)
                [!provide]                        PROVIDE (__exidx_end = .)
                0x0040c188                        . = ALIGN (0x4)
                0x0040c188                        _etext = .

.JumpSignature
 *(.JumpSignatureData)

.bss            0x20400020        0x0
                0x20400020                        . = ALIGN (0x4)
                0x20400020                        __bss_start__ = .
                0x20400020                        _sbss = .
                0x20400020                        _szero = .
 *(COMMON)
                0x20400020                        . = ALIGN (0x4)
                0x20400020                        __bss_end__ = .
                0x20400020                        _ebss = .
                0x20400020                        _ezero = .
                0x20400020                        . = ALIGN (0x4)
                0x20400020                        _end = .
                0x2045ffff                        _ram_end_ = ((ORIGIN (ram) + LENGTH (ram)) - 0x1)
                0x00000200                        _min_heap_size = 0x200
START GROUP
LOAD C:/Program Files/Microchip/xc32/v5.00/bin/bin/../../lib/gcc/pic32c/13.2.1/../../../../pic32c/lib/thumb/v7e-m+dp/hard\libpic32c.a
LOAD C:/Program Files/Microchip/xc32/v5.00/bin/bin/../../lib/gcc/pic32c/13.2.1/../../../../pic32c/lib/thumb/v7e-m+dp/hard\libc-size-musl.a
LOAD C:/Program Files/Microchip/xc32/v5.00/bin/bin/../../lib/gcc/pic32c/13.2.1/../../../../pic32c/lib/thumb/v7e-m+dp/hard\liblmalloc-musl.a
LOAD C:/Program Files/Microchip/xc32/v5.00/bin/bin/../../lib/gcc/pic32c/13.2.1/../../../../pic32c/lib/thumb/v7e-m+dp/hard\libc-musl.a
LOAD C:/Program Files/Microchip/xc32/v5.00/bin/bin/../../lib/gcc/pic32c/13.2.1/../../../../pic32c/lib/thumb/v7e-m+dp/hard\libm-fast-emfloat.a
LOAD C:/Program Files/Microchip/xc32/v5.00/bin/bin/../../lib/gcc/pic32c/13.2.1/../../../../pic32c/lib/thumb/v7e-m+dp/hard\libm-musl.a
END GROUP
LOAD C:/Program Files/Microchip/xc32/v5.00/bin/bin/../../lib/gcc/pic32c/13.2.1/thumb/v7e-m+dp/hard\libgcc.a
LOAD C:/Program Files/Microchip/xc32/v5.00/bin/bin/../../lib/gcc/pic32c/13.2.1/thumb/v7e-m+dp/hard/crtend.o
LOAD C:/Program Files/Microchip/xc32/v5.00/bin/bin/../../lib/gcc/pic32c/13.2.1/thumb/v7e-m+dp/hard/crtn.o
OUTPUT(dist/default/production/UserApp.X.production.elf elf32-littlearm)
LOAD linker stubs
LOAD data_init

.note           0x00000000      0x270
 .note          0x00000000       0x18 C:/Program Files/Microchip/xc32/v5.00/bin/bin/../../lib/gcc/pic32c/13.2.1/thumb/v7e-m+dp/hard/crti.o
 .note          0x00000018       0x18 C:/Program Files/Microchip/xc32/v5.00/bin/bin/../../lib/gcc/pic32c/13.2.1/thumb/v7e-m+dp/hard/crtbegin.o
 .note          0x00000030       0x18 build/default/production/_ext/60165520/plib_clk.o
 .note          0x00000048       0x18 build/default/production/_ext/60167248/plib_efc.o
 .note          0x00000060       0x18 build/default/production/_ext/1865468468/plib_nvic.o
 .note          0x00000078       0x18 build/default/production/_ext/60177924/plib_pio.o
 .note          0x00000090       0x18 build/default/production/_ext/1865657120/plib_uart3.o
 .note          0x000000a8       0x18 build/default/production/_ext/163028504/xc32_monitor.o
 .note          0x000000c0       0x48 build/default/production/_ext/1171490990/initialization.o
 .note          0x00000108       0x18 build/default/production/_ext/1171490990/interrupts.o
 .note          0x00000120       0x18 build/default/production/_ext/1171490990/exceptions.o
 .note          0x00000138       0x18 build/default/production/_ext/1171490990/startup_xc32.o
 .note          0x00000150       0x18 build/default/production/_ext/1171490990/libc_syscalls.o
 .note          0x00000168       0x18 build/default/production/_ext/1360937237/main.o
 .note          0x00000180       0x18 build/default/production/_ext/1865657120/plib_uart2.o
 .note          0x00000198       0x18 C:/Program Files/Microchip/xc32/v5.00/bin/bin/../../lib/gcc/pic32c/13.2.1/../../../../pic32c/lib/thumb/v7e-m+dp/hard\libpic32c.a(data_init.o)
 .note          0x000001b0       0x18 C:/Program Files/Microchip/xc32/v5.00/bin/bin/../../lib/gcc/pic32c/13.2.1/../../../../pic32c/lib/thumb/v7e-m+dp/hard\libc-size-musl.a(memcpy.o)
 .note          0x000001c8       0x18 C:/Program Files/Microchip/xc32/v5.00/bin/bin/../../lib/gcc/pic32c/13.2.1/../../../../pic32c/lib/thumb/v7e-m+dp/hard\libc-musl.a(__libc_start_main.o)
 .note          0x000001e0       0x18 C:/Program Files/Microchip/xc32/v5.00/bin/bin/../../lib/gcc/pic32c/13.2.1/../../../../pic32c/lib/thumb/v7e-m+dp/hard\libc-musl.a(libc.o)
 .note          0x000001f8       0x18 C:/Program Files/Microchip/xc32/v5.00/bin/bin/../../lib/gcc/pic32c/13.2.1/../../../../pic32c/lib/thumb/v7e-m+dp/hard\libc-musl.a(__environ.o)
 .note          0x00000210       0x18 C:/Program Files/Microchip/xc32/v5.00/bin/bin/../../lib/gcc/pic32c/13.2.1/thumb/v7e-m+dp/hard/crtend.o
 .note          0x00000228       0x18 C:/Program Files/Microchip/xc32/v5.00/bin/bin/../../lib/gcc/pic32c/13.2.1/thumb/v7e-m+dp/hard/crtn.o
 .note          0x00000240       0x18 C:/Program Files/Microchip/xc32/v5.00/bin/bin/../../lib/gcc/pic32c/13.2.1/../../../../pic32c/lib/thumb/v7e-m+dp/hard\libpic32c.a(pic32_data_init_clear.o)
 .note          0x00000258       0x18 C:/Program Files/Microchip/xc32/v5.00/bin/bin/../../lib/gcc/pic32c/13.2.1/../../../../pic32c/lib/thumb/v7e-m+dp/hard\libpic32c.a(pic32_data_init_copy.o)

.ARM.attributes
                0x00000000       0x32
 .ARM.attributes
                0x00000000       0x20 C:/Program Files/Microchip/xc32/v5.00/bin/bin/../../lib/gcc/pic32c/13.2.1/thumb/v7e-m+dp/hard/crti.o
 .ARM.attributes
                0x00000020       0x32 C:/Program Files/Microchip/xc32/v5.00/bin/bin/../../lib/gcc/pic32c/13.2.1/thumb/v7e-m+dp/hard/crtbegin.o
 .ARM.attributes
                0x00000052       0x32 build/default/production/_ext/60165520/plib_clk.o
 .ARM.attributes
                0x00000084       0x32 build/default/production/_ext/60167248/plib_efc.o
 .ARM.attributes
                0x000000b6       0x32 build/default/production/_ext/1865468468/plib_nvic.o
 .ARM.attributes
                0x000000e8       0x32 build/default/production/_ext/60177924/plib_pio.o
 .ARM.attributes
                0x0000011a       0x32 build/default/production/_ext/1865657120/plib_uart3.o
 .ARM.attributes
                0x0000014c       0x32 build/default/production/_ext/1171490990/initialization.o
 .ARM.attributes
                0x0000017e       0x32 build/default/production/_ext/1171490990/interrupts.o
 .ARM.attributes
                0x000001b0       0x32 build/default/production/_ext/1171490990/exceptions.o
 .ARM.attributes
                0x000001e2       0x32 build/default/production/_ext/1171490990/startup_xc32.o
 .ARM.attributes
                0x00000214       0x32 build/default/production/_ext/1360937237/main.o
 .ARM.attributes
                0x00000246       0x32 build/default/production/_ext/1865657120/plib_uart2.o
 .ARM.attributes
                0x00000278       0x32 C:/Program Files/Microchip/xc32/v5.00/bin/bin/../../lib/gcc/pic32c/13.2.1/../../../../pic32c/lib/thumb/v7e-m+dp/hard\libpic32c.a(data_init.o)
 .ARM.attributes
                0x000002aa       0x34 C:/Program Files/Microchip/xc32/v5.00/bin/bin/../../lib/gcc/pic32c/13.2.1/../../../../pic32c/lib/thumb/v7e-m+dp/hard\libc-musl.a(__libc_start_main.o)
 .ARM.attributes
                0x000002de       0x34 C:/Program Files/Microchip/xc32/v5.00/bin/bin/../../lib/gcc/pic32c/13.2.1/../../../../pic32c/lib/thumb/v7e-m+dp/hard\libc-musl.a(libc.o)
 .ARM.attributes
                0x00000312       0x34 C:/Program Files/Microchip/xc32/v5.00/bin/bin/../../lib/gcc/pic32c/13.2.1/../../../../pic32c/lib/thumb/v7e-m+dp/hard\libc-musl.a(__environ.o)
 .ARM.attributes
                0x00000346       0x20 C:/Program Files/Microchip/xc32/v5.00/bin/bin/../../lib/gcc/pic32c/13.2.1/thumb/v7e-m+dp/hard/crtn.o
 .ARM.attributes
                0x00000366       0x32 C:/Program Files/Microchip/xc32/v5.00/bin/bin/../../lib/gcc/pic32c/13.2.1/../../../../pic32c/lib/thumb/v7e-m+dp/hard\libpic32c.a(pic32_data_init_clear.o)
 .ARM.attributes
                0x00000398       0x32 C:/Program Files/Microchip/xc32/v5.00/bin/bin/../../lib/gcc/pic32c/13.2.1/../../../../pic32c/lib/thumb/v7e-m+dp/hard\libpic32c.a(pic32_data_init_copy.o)

.comment        0x00000000       0x35
 .comment       0x00000000       0x35 C:/Program Files/Microchip/xc32/v5.00/bin/bin/../../lib/gcc/pic32c/13.2.1/thumb/v7e-m+dp/hard/crtbegin.o
                                 0x36 (size before relaxing)
 .comment       0x00000035       0x36 build/default/production/_ext/60165520/plib_clk.o
 .comment       0x00000035       0x36 build/default/production/_ext/60167248/plib_efc.o
 .comment       0x00000035       0x36 build/default/production/_ext/1865468468/plib_nvic.o
 .comment       0x00000035       0x36 build/default/production/_ext/60177924/plib_pio.o
 .comment       0x00000035       0x36 build/default/production/_ext/1865657120/plib_uart3.o
 .comment       0x00000035       0x36 build/default/production/_ext/1171490990/initialization.o
 .comment       0x00000035       0x36 build/default/production/_ext/1171490990/interrupts.o
 .comment       0x00000035       0x36 build/default/production/_ext/1171490990/exceptions.o
 .comment       0x00000035       0x36 build/default/production/_ext/1171490990/startup_xc32.o
 .comment       0x00000035       0x36 build/default/production/_ext/1360937237/main.o
 .comment       0x00000035       0x36 build/default/production/_ext/1865657120/plib_uart2.o
 .comment       0x00000035       0x36 C:/Program Files/Microchip/xc32/v5.00/bin/bin/../../lib/gcc/pic32c/13.2.1/../../../../pic32c/lib/thumb/v7e-m+dp/hard\libpic32c.a(data_init.o)
 .comment       0x00000035       0x36 C:/Program Files/Microchip/xc32/v5.00/bin/bin/../../lib/gcc/pic32c/13.2.1/../../../../pic32c/lib/thumb/v7e-m+dp/hard\libc-musl.a(__libc_start_main.o)
 .comment       0x00000035       0x36 C:/Program Files/Microchip/xc32/v5.00/bin/bin/../../lib/gcc/pic32c/13.2.1/../../../../pic32c/lib/thumb/v7e-m+dp/hard\libc-musl.a(libc.o)
 .comment       0x00000035       0x36 C:/Program Files/Microchip/xc32/v5.00/bin/bin/../../lib/gcc/pic32c/13.2.1/../../../../pic32c/lib/thumb/v7e-m+dp/hard\libc-musl.a(__environ.o)
 .comment       0x00000035       0x36 C:/Program Files/Microchip/xc32/v5.00/bin/bin/../../lib/gcc/pic32c/13.2.1/../../../../pic32c/lib/thumb/v7e-m+dp/hard\libpic32c.a(pic32_data_init_clear.o)
 .comment       0x00000035       0x36 C:/Program Files/Microchip/xc32/v5.00/bin/bin/../../lib/gcc/pic32c/13.2.1/../../../../pic32c/lib/thumb/v7e-m+dp/hard\libpic32c.a(pic32_data_init_copy.o)

.debug_info     0x00000000     0x6351
 .debug_info    0x00000000      0x483 build/default/production/_ext/60165520/plib_clk.o
 .debug_info    0x00000483      0xcee build/default/production/_ext/60167248/plib_efc.o
 .debug_info    0x00001171      0xcf1 build/default/production/_ext/1865468468/plib_nvic.o
 .debug_info    0x00001e62      0x9e9 build/default/production/_ext/60177924/plib_pio.o
 .debug_info    0x0000284b      0x7ba build/default/production/_ext/1865657120/plib_uart3.o
 .debug_info    0x00003005      0x1cf build/default/production/_ext/1171490990/initialization.o
 .debug_info    0x000031d4      0x6f6 build/default/production/_ext/1171490990/interrupts.o
 .debug_info    0x000038ca      0x68f build/default/production/_ext/1171490990/exceptions.o
 .debug_info    0x00003f59      0x97c build/default/production/_ext/1171490990/startup_xc32.o
 .debug_info    0x000048d5      0x872 build/default/production/_ext/1360937237/main.o
 .debug_info    0x00005147      0x7ba build/default/production/_ext/1865657120/plib_uart2.o
 .debug_info    0x00005901      0x212 C:/Program Files/Microchip/xc32/v5.00/bin/bin/../../lib/gcc/pic32c/13.2.1/../../../../pic32c/lib/thumb/v7e-m+dp/hard\libpic32c.a(data_init.o)
 .debug_info    0x00005b13      0x2fb C:/Program Files/Microchip/xc32/v5.00/bin/bin/../../lib/gcc/pic32c/13.2.1/../../../../pic32c/lib/thumb/v7e-m+dp/hard\libc-musl.a(__libc_start_main.o)
 .debug_info    0x00005e0e      0x276 C:/Program Files/Microchip/xc32/v5.00/bin/bin/../../lib/gcc/pic32c/13.2.1/../../../../pic32c/lib/thumb/v7e-m+dp/hard\libc-musl.a(libc.o)
 .debug_info    0x00006084       0x97 C:/Program Files/Microchip/xc32/v5.00/bin/bin/../../lib/gcc/pic32c/13.2.1/../../../../pic32c/lib/thumb/v7e-m+dp/hard\libc-musl.a(__environ.o)
 .debug_info    0x0000611b      0x110 C:/Program Files/Microchip/xc32/v5.00/bin/bin/../../lib/gcc/pic32c/13.2.1/../../../../pic32c/lib/thumb/v7e-m+dp/hard\libpic32c.a(pic32_data_init_clear.o)
 .debug_info    0x0000622b      0x126 C:/Program Files/Microchip/xc32/v5.00/bin/bin/../../lib/gcc/pic32c/13.2.1/../../../../pic32c/lib/thumb/v7e-m+dp/hard\libpic32c.a(pic32_data_init_copy.o)

.debug_abbrev   0x00000000     0x1819
 .debug_abbrev  0x00000000       0xcd build/default/production/_ext/60165520/plib_clk.o
 .debug_abbrev  0x000000cd      0x2cf build/default/production/_ext/60167248/plib_efc.o
 .debug_abbrev  0x0000039c      0x24d build/default/production/_ext/1865468468/plib_nvic.o
 .debug_abbrev  0x000005e9      0x13f build/default/production/_ext/60177924/plib_pio.o
 .debug_abbrev  0x00000728      0x2c6 build/default/production/_ext/1865657120/plib_uart3.o
 .debug_abbrev  0x000009ee       0xcb build/default/production/_ext/1171490990/initialization.o
 .debug_abbrev  0x00000ab9       0xd3 build/default/production/_ext/1171490990/interrupts.o
 .debug_abbrev  0x00000b8c       0xde build/default/production/_ext/1171490990/exceptions.o
 .debug_abbrev  0x00000c6a      0x21a build/default/production/_ext/1171490990/startup_xc32.o
 .debug_abbrev  0x00000e84      0x1a4 build/default/production/_ext/1360937237/main.o
 .debug_abbrev  0x00001028      0x2c6 build/default/production/_ext/1865657120/plib_uart2.o
 .debug_abbrev  0x000012ee      0x156 C:/Program Files/Microchip/xc32/v5.00/bin/bin/../../lib/gcc/pic32c/13.2.1/../../../../pic32c/lib/thumb/v7e-m+dp/hard\libpic32c.a(data_init.o)
 .debug_abbrev  0x00001444      0x133 C:/Program Files/Microchip/xc32/v5.00/bin/bin/../../lib/gcc/pic32c/13.2.1/../../../../pic32c/lib/thumb/v7e-m+dp/hard\libc-musl.a(__libc_start_main.o)
 .debug_abbrev  0x00001577       0xd4 C:/Program Files/Microchip/xc32/v5.00/bin/bin/../../lib/gcc/pic32c/13.2.1/../../../../pic32c/lib/thumb/v7e-m+dp/hard\libc-musl.a(libc.o)
 .debug_abbrev  0x0000164b       0x62 C:/Program Files/Microchip/xc32/v5.00/bin/bin/../../lib/gcc/pic32c/13.2.1/../../../../pic32c/lib/thumb/v7e-m+dp/hard\libc-musl.a(__environ.o)
 .debug_abbrev  0x000016ad       0xa2 C:/Program Files/Microchip/xc32/v5.00/bin/bin/../../lib/gcc/pic32c/13.2.1/../../../../pic32c/lib/thumb/v7e-m+dp/hard\libpic32c.a(pic32_data_init_clear.o)
 .debug_abbrev  0x0000174f       0xca C:/Program Files/Microchip/xc32/v5.00/bin/bin/../../lib/gcc/pic32c/13.2.1/../../../../pic32c/lib/thumb/v7e-m+dp/hard\libpic32c.a(pic32_data_init_copy.o)

.debug_aranges  0x00000000      0x400
 .debug_aranges
                0x00000000       0x20 build/default/production/_ext/60165520/plib_clk.o
 .debug_aranges
                0x00000020       0x70 build/default/production/_ext/60167248/plib_efc.o
 .debug_aranges
                0x00000090       0x48 build/default/production/_ext/1865468468/plib_nvic.o
 .debug_aranges
                0x000000d8       0x60 build/default/production/_ext/60177924/plib_pio.o
 .debug_aranges
                0x00000138       0x98 build/default/production/_ext/1865657120/plib_uart3.o
 .debug_aranges
                0x000001d0       0x20 build/default/production/_ext/1171490990/initialization.o
 .debug_aranges
                0x000001f0       0x20 build/default/production/_ext/1171490990/interrupts.o
 .debug_aranges
                0x00000210       0x48 build/default/production/_ext/1171490990/exceptions.o
 .debug_aranges
                0x00000258       0x28 build/default/production/_ext/1171490990/startup_xc32.o
 .debug_aranges
                0x00000280       0x20 build/default/production/_ext/1360937237/main.o
 .debug_aranges
                0x000002a0       0x98 build/default/production/_ext/1865657120/plib_uart2.o
 .debug_aranges
                0x00000338       0x30 C:/Program Files/Microchip/xc32/v5.00/bin/bin/../../lib/gcc/pic32c/13.2.1/../../../../pic32c/lib/thumb/v7e-m+dp/hard\libpic32c.a(data_init.o)
 .debug_aranges
                0x00000368       0x28 C:/Program Files/Microchip/xc32/v5.00/bin/bin/../../lib/gcc/pic32c/13.2.1/../../../../pic32c/lib/thumb/v7e-m+dp/hard\libc-musl.a(__libc_start_main.o)
 .debug_aranges
                0x00000390       0x18 C:/Program Files/Microchip/xc32/v5.00/bin/bin/../../lib/gcc/pic32c/13.2.1/../../../../pic32c/lib/thumb/v7e-m+dp/hard\libc-musl.a(libc.o)
 .debug_aranges
                0x000003a8       0x18 C:/Program Files/Microchip/xc32/v5.00/bin/bin/../../lib/gcc/pic32c/13.2.1/../../../../pic32c/lib/thumb/v7e-m+dp/hard\libc-musl.a(__environ.o)
 .debug_aranges
                0x000003c0       0x20 C:/Program Files/Microchip/xc32/v5.00/bin/bin/../../lib/gcc/pic32c/13.2.1/../../../../pic32c/lib/thumb/v7e-m+dp/hard\libpic32c.a(pic32_data_init_clear.o)
 .debug_aranges
                0x000003e0       0x20 C:/Program Files/Microchip/xc32/v5.00/bin/bin/../../lib/gcc/pic32c/13.2.1/../../../../pic32c/lib/thumb/v7e-m+dp/hard\libpic32c.a(pic32_data_init_copy.o)

.debug_ranges   0x00000000      0x380
 .debug_ranges  0x00000000       0x10 build/default/production/_ext/60165520/plib_clk.o
 .debug_ranges  0x00000010       0x90 build/default/production/_ext/60167248/plib_efc.o
 .debug_ranges  0x000000a0       0x50 build/default/production/_ext/1865468468/plib_nvic.o
 .debug_ranges  0x000000f0       0x50 build/default/production/_ext/60177924/plib_pio.o
 .debug_ranges  0x00000140       0x88 build/default/production/_ext/1865657120/plib_uart3.o
 .debug_ranges  0x000001c8       0x10 build/default/production/_ext/1171490990/initialization.o
 .debug_ranges  0x000001d8       0x10 build/default/production/_ext/1171490990/interrupts.o
 .debug_ranges  0x000001e8       0x50 build/default/production/_ext/1171490990/exceptions.o
 .debug_ranges  0x00000238       0x18 build/default/production/_ext/1171490990/startup_xc32.o
 .debug_ranges  0x00000250       0x28 build/default/production/_ext/1360937237/main.o
 .debug_ranges  0x00000278       0x88 build/default/production/_ext/1865657120/plib_uart2.o
 .debug_ranges  0x00000300       0x20 C:/Program Files/Microchip/xc32/v5.00/bin/bin/../../lib/gcc/pic32c/13.2.1/../../../../pic32c/lib/thumb/v7e-m+dp/hard\libpic32c.a(data_init.o)
 .debug_ranges  0x00000320       0x40 C:/Program Files/Microchip/xc32/v5.00/bin/bin/../../lib/gcc/pic32c/13.2.1/../../../../pic32c/lib/thumb/v7e-m+dp/hard\libc-musl.a(__libc_start_main.o)
 .debug_ranges  0x00000360       0x10 C:/Program Files/Microchip/xc32/v5.00/bin/bin/../../lib/gcc/pic32c/13.2.1/../../../../pic32c/lib/thumb/v7e-m+dp/hard\libpic32c.a(pic32_data_init_clear.o)
 .debug_ranges  0x00000370       0x10 C:/Program Files/Microchip/xc32/v5.00/bin/bin/../../lib/gcc/pic32c/13.2.1/../../../../pic32c/lib/thumb/v7e-m+dp/hard\libpic32c.a(pic32_data_init_copy.o)

.debug_line     0x00000000     0x2ef7
 .debug_line    0x00000000      0x1b5 build/default/production/_ext/60165520/plib_clk.o
 .debug_line    0x000001b5      0x6d4 build/default/production/_ext/60167248/plib_efc.o
 .debug_line    0x00000889      0x41b build/default/production/_ext/1865468468/plib_nvic.o
 .debug_line    0x00000ca4      0x36d build/default/production/_ext/60177924/plib_pio.o
 .debug_line    0x00001011      0x66d build/default/production/_ext/1865657120/plib_uart3.o
 .debug_line    0x0000167e      0x217 build/default/production/_ext/1171490990/initialization.o
 .debug_line    0x00001895       0xcd build/default/production/_ext/1171490990/interrupts.o
 .debug_line    0x00001962      0x18c build/default/production/_ext/1171490990/exceptions.o
 .debug_line    0x00001aee      0x4c5 build/default/production/_ext/1171490990/startup_xc32.o
 .debug_line    0x00001fb3      0x1a8 build/default/production/_ext/1360937237/main.o
 .debug_line    0x0000215b      0x66d build/default/production/_ext/1865657120/plib_uart2.o
 .debug_line    0x000027c8      0x163 C:/Program Files/Microchip/xc32/v5.00/bin/bin/../../lib/gcc/pic32c/13.2.1/../../../../pic32c/lib/thumb/v7e-m+dp/hard\libpic32c.a(data_init.o)
 .debug_line    0x0000292b      0x1da C:/Program Files/Microchip/xc32/v5.00/bin/bin/../../lib/gcc/pic32c/13.2.1/../../../../pic32c/lib/thumb/v7e-m+dp/hard\libc-musl.a(__libc_start_main.o)
 .debug_line    0x00002b05       0xb5 C:/Program Files/Microchip/xc32/v5.00/bin/bin/../../lib/gcc/pic32c/13.2.1/../../../../pic32c/lib/thumb/v7e-m+dp/hard\libc-musl.a(libc.o)
 .debug_line    0x00002bba       0xfb C:/Program Files/Microchip/xc32/v5.00/bin/bin/../../lib/gcc/pic32c/13.2.1/../../../../pic32c/lib/thumb/v7e-m+dp/hard\libc-musl.a(__environ.o)
 .debug_line    0x00002cb5      0x11c C:/Program Files/Microchip/xc32/v5.00/bin/bin/../../lib/gcc/pic32c/13.2.1/../../../../pic32c/lib/thumb/v7e-m+dp/hard\libpic32c.a(pic32_data_init_clear.o)
 .debug_line    0x00002dd1      0x126 C:/Program Files/Microchip/xc32/v5.00/bin/bin/../../lib/gcc/pic32c/13.2.1/../../../../pic32c/lib/thumb/v7e-m+dp/hard\libpic32c.a(pic32_data_init_copy.o)

.debug_str      0x00000000     0x2707
 .debug_str     0x00000000     0x2707 build/default/production/_ext/60165520/plib_clk.o
                                0x4f0 (size before relaxing)
 .debug_str     0x00002707      0x5fb build/default/production/_ext/60167248/plib_efc.o
 .debug_str     0x00002707      0x9be build/default/production/_ext/1865468468/plib_nvic.o
 .debug_str     0x00002707      0x6df build/default/production/_ext/60177924/plib_pio.o
 .debug_str     0x00002707      0x613 build/default/production/_ext/1865657120/plib_uart3.o
 .debug_str     0x00002707      0x39a build/default/production/_ext/1171490990/initialization.o
 .debug_str     0x00002707      0x9eb build/default/production/_ext/1171490990/interrupts.o
 .debug_str     0x00002707      0x5ed build/default/production/_ext/1171490990/exceptions.o
 .debug_str     0x00002707      0x5b1 build/default/production/_ext/1171490990/startup_xc32.o
 .debug_str     0x00002707      0x758 build/default/production/_ext/1360937237/main.o
 .debug_str     0x00002707      0x613 build/default/production/_ext/1865657120/plib_uart2.o
 .debug_str     0x00002707      0x2f9 C:/Program Files/Microchip/xc32/v5.00/bin/bin/../../lib/gcc/pic32c/13.2.1/../../../../pic32c/lib/thumb/v7e-m+dp/hard\libpic32c.a(data_init.o)
 .debug_str     0x00002707      0x3e7 C:/Program Files/Microchip/xc32/v5.00/bin/bin/../../lib/gcc/pic32c/13.2.1/../../../../pic32c/lib/thumb/v7e-m+dp/hard\libc-musl.a(__libc_start_main.o)
 .debug_str     0x00002707      0x352 C:/Program Files/Microchip/xc32/v5.00/bin/bin/../../lib/gcc/pic32c/13.2.1/../../../../pic32c/lib/thumb/v7e-m+dp/hard\libc-musl.a(libc.o)
 .debug_str     0x00002707      0x252 C:/Program Files/Microchip/xc32/v5.00/bin/bin/../../lib/gcc/pic32c/13.2.1/../../../../pic32c/lib/thumb/v7e-m+dp/hard\libc-musl.a(__environ.o)
 .debug_str     0x00002707      0x28a C:/Program Files/Microchip/xc32/v5.00/bin/bin/../../lib/gcc/pic32c/13.2.1/../../../../pic32c/lib/thumb/v7e-m+dp/hard\libpic32c.a(pic32_data_init_clear.o)
 .debug_str     0x00002707      0x291 C:/Program Files/Microchip/xc32/v5.00/bin/bin/../../lib/gcc/pic32c/13.2.1/../../../../pic32c/lib/thumb/v7e-m+dp/hard\libpic32c.a(pic32_data_init_copy.o)

.debug_frame    0x00000000      0x6d0
 .debug_frame   0x00000000       0x20 build/default/production/_ext/60165520/plib_clk.o
 .debug_frame   0x00000020       0xec build/default/production/_ext/60167248/plib_efc.o
 .debug_frame   0x0000010c       0x7c build/default/production/_ext/1865468468/plib_nvic.o
 .debug_frame   0x00000188       0xa0 build/default/production/_ext/60177924/plib_pio.o
 .debug_frame   0x00000228      0x15c build/default/production/_ext/1865657120/plib_uart3.o
 .debug_frame   0x00000384       0x28 build/default/production/_ext/1171490990/initialization.o
 .debug_frame   0x000003ac       0x20 build/default/production/_ext/1171490990/interrupts.o
 .debug_frame   0x000003cc       0x74 build/default/production/_ext/1171490990/exceptions.o
 .debug_frame   0x00000440       0x38 build/default/production/_ext/1171490990/startup_xc32.o
 .debug_frame   0x00000478       0x2c build/default/production/_ext/1360937237/main.o
 .debug_frame   0x000004a4      0x15c build/default/production/_ext/1865657120/plib_uart2.o
 .debug_frame   0x00000600       0x4c C:/Program Files/Microchip/xc32/v5.00/bin/bin/../../lib/gcc/pic32c/13.2.1/../../../../pic32c/lib/thumb/v7e-m+dp/hard\libpic32c.a(data_init.o)
 .debug_frame   0x0000064c       0x3c C:/Program Files/Microchip/xc32/v5.00/bin/bin/../../lib/gcc/pic32c/13.2.1/../../../../pic32c/lib/thumb/v7e-m+dp/hard\libc-musl.a(__libc_start_main.o)
 .debug_frame   0x00000688       0x20 C:/Program Files/Microchip/xc32/v5.00/bin/bin/../../lib/gcc/pic32c/13.2.1/../../../../pic32c/lib/thumb/v7e-m+dp/hard\libpic32c.a(pic32_data_init_clear.o)
 .debug_frame   0x000006a8       0x28 C:/Program Files/Microchip/xc32/v5.00/bin/bin/../../lib/gcc/pic32c/13.2.1/../../../../pic32c/lib/thumb/v7e-m+dp/hard\libpic32c.a(pic32_data_init_copy.o)

.debug_loc      0x00000000     0x1af9
 .debug_loc     0x00000000      0x679 build/default/production/_ext/60167248/plib_efc.o
 .debug_loc     0x00000679      0x26e build/default/production/_ext/1865468468/plib_nvic.o
 .debug_loc     0x000008e7       0x81 build/default/production/_ext/60177924/plib_pio.o
 .debug_loc     0x00000968      0x686 build/default/production/_ext/1865657120/plib_uart3.o
 .debug_loc     0x00000fee       0x4b build/default/production/_ext/1171490990/initialization.o
 .debug_loc     0x00001039       0x20 build/default/production/_ext/1171490990/exceptions.o
 .debug_loc     0x00001059       0xa7 build/default/production/_ext/1171490990/startup_xc32.o
 .debug_loc     0x00001100       0x8a build/default/production/_ext/1360937237/main.o
 .debug_loc     0x0000118a      0x686 build/default/production/_ext/1865657120/plib_uart2.o
 .debug_loc     0x00001810      0x113 C:/Program Files/Microchip/xc32/v5.00/bin/bin/../../lib/gcc/pic32c/13.2.1/../../../../pic32c/lib/thumb/v7e-m+dp/hard\libpic32c.a(data_init.o)
 .debug_loc     0x00001923       0x51 C:/Program Files/Microchip/xc32/v5.00/bin/bin/../../lib/gcc/pic32c/13.2.1/../../../../pic32c/lib/thumb/v7e-m+dp/hard\libc-musl.a(__libc_start_main.o)
 .debug_loc     0x00001974       0x94 C:/Program Files/Microchip/xc32/v5.00/bin/bin/../../lib/gcc/pic32c/13.2.1/../../../../pic32c/lib/thumb/v7e-m+dp/hard\libpic32c.a(pic32_data_init_clear.o)
 .debug_loc     0x00001a08       0xf1 C:/Program Files/Microchip/xc32/v5.00/bin/bin/../../lib/gcc/pic32c/13.2.1/../../../../pic32c/lib/thumb/v7e-m+dp/hard\libpic32c.a(pic32_data_init_copy.o)

.note.GNU-stack
                0x00000000        0x0
 .note.GNU-stack
                0x00000000        0x0 C:/Program Files/Microchip/xc32/v5.00/bin/bin/../../lib/gcc/pic32c/13.2.1/../../../../pic32c/lib/thumb/v7e-m+dp/hard\libc-musl.a(__libc_start_main.o)
 .note.GNU-stack
                0x00000000        0x0 C:/Program Files/Microchip/xc32/v5.00/bin/bin/../../lib/gcc/pic32c/13.2.1/../../../../pic32c/lib/thumb/v7e-m+dp/hard\libc-musl.a(libc.o)
 .note.GNU-stack
                0x00000000        0x0 C:/Program Files/Microchip/xc32/v5.00/bin/bin/../../lib/gcc/pic32c/13.2.1/../../../../pic32c/lib/thumb/v7e-m+dp/hard\libc-musl.a(__environ.o)

.vfp11_veneer%z1

.v4_bx%z2

.iplt%z3

.rel.iplt%z4

.igot.plt%z5

.bss%1          0x20400020       0x50
 .bss           0x20400020       0x50 C:/Program Files/Microchip/xc32/v5.00/bin/bin/../../lib/gcc/pic32c/13.2.1/../../../../pic32c/lib/thumb/v7e-m+dp/hard\libc-musl.a(libc.o)
                0x20400020                __progname_full
                0x20400020                program_invocation_name
                0x20400024                program_invocation_short_name
                0x20400024                __progname
                0x20400028                __sysinfo
                0x2040002c                __hwcap
                0x20400030                __libc

.bss.uart3Obj%2
                0x20400070       0x30
 .bss.uart3Obj  0x20400070       0x30 build/default/production/_ext/1865657120/plib_uart3.o

.bss.uart2Obj%3
                0x204000a0       0x30
 .bss.uart2Obj  0x204000a0       0x30 build/default/production/_ext/1865657120/plib_uart2.o

.bss.buf%4      0x204000d0       0x20
 .bss.buf       0x204000d0       0x20 build/default/production/_ext/1360937237/main.o
                0x204000d0                buf

.bss%5          0x204000f0       0x1c
 .bss           0x204000f0       0x1c C:/Program Files/Microchip/xc32/v5.00/bin/bin/../../lib/gcc/pic32c/13.2.1/thumb/v7e-m+dp/hard/crtbegin.o

.bss.cmd.1%6    0x2040010c        0x4
 .bss.cmd.1     0x2040010c        0x4 build/default/production/_ext/1171490990/startup_xc32.o

.bss%7          0x20400110        0x4
 .bss           0x20400110        0x4 C:/Program Files/Microchip/xc32/v5.00/bin/bin/../../lib/gcc/pic32c/13.2.1/../../../../pic32c/lib/thumb/v7e-m+dp/hard\libpic32c.a(data_init.o)

.bss%8          0x20400114        0x4
 .bss           0x20400114        0x4 C:/Program Files/Microchip/xc32/v5.00/bin/bin/../../lib/gcc/pic32c/13.2.1/../../../../pic32c/lib/thumb/v7e-m+dp/hard\libc-musl.a(__environ.o)
                0x20400114                __environ
                0x20400114                environ
                0x20400114                ___environ
                0x20400114                _environ

.eh_frame%z6    0x00000000        0x0
 .eh_frame      0x00000000        0x0 C:/Program Files/Microchip/xc32/v5.00/bin/bin/../../lib/gcc/pic32c/13.2.1/thumb/v7e-m+dp/hard/crtbegin.o

.config_D0000000%9
                0xd0000000        0x4
 .config_D0000000
                0xd0000000        0x4 build/default/production/_ext/1171490990/initialization.o
                0xd0000000                __config_D0000000

.text.Reset_Handler%10
                0x0040c188      0x180
 .text.Reset_Handler
                0x0040c188      0x180 build/default/production/_ext/1171490990/startup_xc32.o
                0x0040c188                Reset_Handler

.text.PIO_Initialize%11
                0x0040c308       0xbc
 .text.PIO_Initialize
                0x0040c308       0xbc build/default/production/_ext/60177924/plib_pio.o
                0x0040c308                PIO_Initialize

.dinit%12       0x0040c3c4       0x70
 .dinit         0x0040c3c4       0x70 data_init

.text.CLOCK_Initialize%13
                0x0040c434       0x68
 .text.CLOCK_Initialize
                0x0040c434       0x68 build/default/production/_ext/60165520/plib_clk.o
                0x0040c434                CLOCK_Initialize

.text.UART3_ISR_TX_Handler%14
                0x0040c49c       0x68
 .text.UART3_ISR_TX_Handler
                0x0040c49c       0x68 build/default/production/_ext/1865657120/plib_uart3.o

.text.UART2_ISR_TX_Handler%15
                0x0040c504       0x68
 .text.UART2_ISR_TX_Handler
                0x0040c504       0x68 build/default/production/_ext/1865657120/plib_uart2.o

.text.UART3_ISR_RX_Handler%16
                0x0040c56c       0x64
 .text.UART3_ISR_RX_Handler
                0x0040c56c       0x64 build/default/production/_ext/1865657120/plib_uart3.o

.text.UART2_ISR_RX_Handler%17
                0x0040c5d0       0x64
 .text.UART2_ISR_RX_Handler
                0x0040c5d0       0x64 build/default/production/_ext/1865657120/plib_uart2.o

.text.NVIC_Initialize%18
                0x0040c634       0x60
 .text.NVIC_Initialize
                0x0040c634       0x60 build/default/production/_ext/1865468468/plib_nvic.o
                0x0040c634                NVIC_Initialize

.text.__libc_start_init%19
                0x0040c694       0x5c
 .text.__libc_start_init
                0x0040c694       0x5c C:/Program Files/Microchip/xc32/v5.00/bin/bin/../../lib/gcc/pic32c/13.2.1/../../../../pic32c/lib/thumb/v7e-m+dp/hard\libc-musl.a(__libc_start_main.o)
                0x0040c694                __libc_init_array

.text.UART3_InterruptHandler%20
                0x0040c6f0       0x50
 .text.UART3_InterruptHandler
                0x0040c6f0       0x50 build/default/production/_ext/1865657120/plib_uart3.o
                0x0040c6f0                UART3_InterruptHandler

.text.UART2_InterruptHandler%21
                0x0040c740       0x50
 .text.UART2_InterruptHandler
                0x0040c740       0x50 build/default/production/_ext/1865657120/plib_uart2.o
                0x0040c740                UART2_InterruptHandler

.text.UART2_Write%22
                0x0040c790       0x4c
 .text.UART2_Write
                0x0040c790       0x4c build/default/production/_ext/1865657120/plib_uart2.o
                0x0040c790                UART2_Write

.text%23        0x0040c7dc       0x40
 .text          0x0040c7dc       0x40 C:/Program Files/Microchip/xc32/v5.00/bin/bin/../../lib/gcc/pic32c/13.2.1/thumb/v7e-m+dp/hard/crtbegin.o

.text.main%24   0x0040c81c       0x40
 .text.main     0x0040c81c       0x40 build/default/production/_ext/1360937237/main.o
                0x0040c81c                main

.text.UART3_Initialize%25
                0x0040c85c       0x3c
 .text.UART3_Initialize
                0x0040c85c       0x3c build/default/production/_ext/1865657120/plib_uart3.o
                0x0040c85c                UART3_Initialize

.text.UART2_Initialize%26
                0x0040c898       0x3c
 .text.UART2_Initialize
                0x0040c898       0x3c build/default/production/_ext/1865657120/plib_uart2.o
                0x0040c898                UART2_Initialize

.text.UART2_Read%27
                0x0040c8d4       0x3c
 .text.UART2_Read
                0x0040c8d4       0x3c build/default/production/_ext/1865657120/plib_uart2.o
                0x0040c8d4                UART2_Read

.text.__pic32c_data_initialization%28
                0x0040c910       0x34
 .text.__pic32c_data_initialization
                0x0040c910       0x34 C:/Program Files/Microchip/xc32/v5.00/bin/bin/../../lib/gcc/pic32c/13.2.1/../../../../pic32c/lib/thumb/v7e-m+dp/hard\libpic32c.a(data_init.o)
                0x0040c910                __pic32c_data_initialization

.text.SYS_Initialize%29
                0x0040c944       0x30
 .text.SYS_Initialize
                0x0040c944       0x30 build/default/production/_ext/1171490990/initialization.o
                0x0040c944                SYS_Initialize

.text.HardFault_Handler%30
                0x0040c974       0x30
 .text.HardFault_Handler
                0x0040c974       0x30 build/default/production/_ext/1171490990/exceptions.o
                0x0040c974                HardFault_Handler

.text.UART2_ErrorGet%31
                0x0040c9a4       0x2c
 .text.UART2_ErrorGet
                0x0040c9a4       0x2c build/default/production/_ext/1865657120/plib_uart2.o
                0x0040c9a4                UART2_ErrorGet

.text.__dinit_copy%32
                0x0040c9d0       0x1e
 .text.__dinit_copy
                0x0040c9d0       0x1e C:/Program Files/Microchip/xc32/v5.00/bin/bin/../../lib/gcc/pic32c/13.2.1/../../../../pic32c/lib/thumb/v7e-m+dp/hard\libpic32c.a(pic32_data_init_copy.o)
                0x0040c9d0                __dinit_copy_needed
                0x0040c9d0                __dinit_copy

.rodata%33      0x0040c9f0       0x14
 .rodata        0x0040c9f0       0x14 C:/Program Files/Microchip/xc32/v5.00/bin/bin/../../lib/gcc/pic32c/13.2.1/../../../../pic32c/lib/thumb/v7e-m+dp/hard\libpic32c.a(data_init.o)

.text.__dinit_clear%34
                0x0040ca04       0x12
 .text.__dinit_clear
                0x0040ca04       0x12 C:/Program Files/Microchip/xc32/v5.00/bin/bin/../../lib/gcc/pic32c/13.2.1/../../../../pic32c/lib/thumb/v7e-m+dp/hard\libpic32c.a(pic32_data_init_clear.o)
                0x0040ca04                __dinit_clear
                0x0040ca04                __dinit_clear_needed

.text.EFC_Initialize%35
                0x0040ca18       0x10
 .text.EFC_Initialize
                0x0040ca18       0x10 build/default/production/_ext/60167248/plib_efc.o
                0x0040ca18                EFC_Initialize

.text.__dummy_decompress%36
                0x0040ca28        0x4
 .text.__dummy_decompress
                0x0040ca28        0x4 C:/Program Files/Microchip/xc32/v5.00/bin/bin/../../lib/gcc/pic32c/13.2.1/../../../../pic32c/lib/thumb/v7e-m+dp/hard\libpic32c.a(data_init.o)
                0x0040ca28                __dinit_decompress
                0x0040ca28                __dinit_copy_val_data
                0x0040ca28                __dinit_copy_emb

.text.Dummy_Handler%37
                0x0040c9ee        0x2
 .text.Dummy_Handler
                0x0040c9ee        0x2 build/default/production/_ext/1171490990/interrupts.o
                0x0040c9ee                DACC_Handler
                0x0040c9ee                SVCall_Handler
                0x0040c9ee                TC0_CH2_Handler
                0x0040c9ee                TC3_CH1_Handler
                0x0040c9ee                TRNG_Handler
                0x0040c9ee                SysTick_Handler
                0x0040c9ee                AFEC1_Handler
                0x0040c9ee                PendSV_Handler
                0x0040c9ee                TC0_CH1_Handler
                0x0040c9ee                QSPI_Handler
                0x0040c9ee                ISI_Handler
                0x0040c9ee                MCAN0_INT0_Handler
                0x0040c9ee                RSWDT_Handler
                0x0040c9ee                USART0_Handler
                0x0040c9ee                TC1_CH2_Handler
                0x0040c9ee                RTT_Handler
                0x0040c9ee                USBHS_Handler
                0x0040c9ee                IXC_Handler
                0x0040c9ee                CCF_Handler
                0x0040c9ee                PIOB_Handler
                0x0040c9ee                RTC_Handler
                0x0040c9ee                WDT_Handler
                0x0040c9ee                MCAN1_INT1_Handler
                0x0040c9ee                HSMCI_Handler
                0x0040c9ee                UART1_Handler
                0x0040c9ee                Dummy_Handler
                0x0040c9ee                TWIHS1_Handler
                0x0040c9ee                TC3_CH2_Handler
                0x0040c9ee                XDMAC_Handler
                0x0040c9ee                UART4_Handler
                0x0040c9ee                TC2_CH0_Handler
                0x0040c9ee                PWM1_Handler
                0x0040c9ee                USART1_Handler
                0x0040c9ee                PWM0_Handler
                0x0040c9ee                PIOA_Handler
                0x0040c9ee                AFEC0_Handler
                0x0040c9ee                CCW_Handler
                0x0040c9ee                TC3_CH0_Handler
                0x0040c9ee                SSC_Handler
                0x0040c9ee                TC1_CH0_Handler
                0x0040c9ee                ACC_Handler
                0x0040c9ee                PMC_Handler
                0x0040c9ee                GMAC_Handler
                0x0040c9ee                TC2_CH2_Handler
                0x0040c9ee                MCAN0_INT1_Handler
                0x0040c9ee                GMAC_Q5_Handler
                0x0040c9ee                SUPC_Handler
                0x0040c9ee                TC2_CH1_Handler
                0x0040c9ee                MCAN1_INT0_Handler
                0x0040c9ee                EFC_Handler
                0x0040c9ee                GMAC_Q1_Handler
                0x0040c9ee                USART2_Handler
                0x0040c9ee                GMAC_Q2_Handler
                0x0040c9ee                PIOE_Handler
                0x0040c9ee                SPI1_Handler
                0x0040c9ee                TC1_CH1_Handler
                0x0040c9ee                GMAC_Q3_Handler
                0x0040c9ee                PIOD_Handler
                0x0040c9ee                TWIHS2_Handler
                0x0040c9ee                MLB_Handler
                0x0040c9ee                I2SC0_Handler
                0x0040c9ee                UART0_Handler
                0x0040c9ee                I2SC1_Handler
                0x0040c9ee                TC0_CH0_Handler
                0x0040c9ee                PIOC_Handler
                0x0040c9ee                GMAC_Q4_Handler
                0x0040c9ee                FPU_Handler
                0x0040c9ee                RSTC_Handler
                0x0040c9ee                ICM_Handler
                0x0040c9ee                AES_Handler
                0x0040c9ee                TWIHS0_Handler
                0x0040c9ee                SPI0_Handler

.text.NonMaskableInt_Handler%38
                0x0040ca16        0x2
 .text.NonMaskableInt_Handler
                0x0040ca16        0x2 build/default/production/_ext/1171490990/exceptions.o
                0x0040ca16                NonMaskableInt_Handler

.text.DebugMonitor_Handler%39
                0x0040ca2c        0x2
 .text.DebugMonitor_Handler
                0x0040ca2c        0x2 build/default/production/_ext/1171490990/exceptions.o
                0x0040ca2c                DebugMonitor_Handler

.text.MemoryManagement_Handler%40
                0x0040ca2e        0x2
 .text.MemoryManagement_Handler
                0x0040ca2e        0x2 build/default/production/_ext/1171490990/exceptions.o
                0x0040ca2e                MemoryManagement_Handler

.text.BusFault_Handler%41
                0x0040ca30        0x2
 .text.BusFault_Handler
                0x0040ca30        0x2 build/default/production/_ext/1171490990/exceptions.o
                0x0040ca30                BusFault_Handler

.text.UsageFault_Handler%42
                0x0040ca32        0x2
 .text.UsageFault_Handler
                0x0040ca32        0x2 build/default/production/_ext/1171490990/exceptions.o
                0x0040ca32                UsageFault_Handler

.text.Dummy_App_Func%43
                0x0040ca34        0x2
 .text.Dummy_App_Func
                0x0040ca34        0x2 build/default/production/_ext/1171490990/startup_xc32.o
                0x0040ca34                _on_reset
                0x0040ca34                _on_bootstrap
                0x0040ca34                __xc32_on_reset
                0x0040ca34                Dummy_App_Func
                0x0040ca34                __xc32_on_bootstrap

.text.__dummy_init_tls%44
                0x0040ca36        0x2
 .text.__dummy_init_tls
                0x0040ca36        0x2 C:/Program Files/Microchip/xc32/v5.00/bin/bin/../../lib/gcc/pic32c/13.2.1/../../../../pic32c/lib/thumb/v7e-m+dp/hard\libpic32c.a(data_init.o)
                0x0040ca36                xc32_init_tls

.text.__dummy%45
                0x0040ca38        0x2
 .text.__dummy  0x0040ca38        0x2 C:/Program Files/Microchip/xc32/v5.00/bin/bin/../../lib/gcc/pic32c/13.2.1/../../../../pic32c/lib/thumb/v7e-m+dp/hard\libc-musl.a(__libc_start_main.o)
                0x0040ca38                __init_stdio
                0x0040ca38                __init_host
